Loading configuration from: configs/oriented_rcnn/dota_le90_3x.json
Training log file: /home/jeffaudi/oriented-det/runs/oriented_rcnn/20260621-092802/train.log
================================================================================
ORIENTED_RCNN Training
================================================================================
PyTorch Version: 2.3.0+cu121
CUDA Available: True
MPS (Apple Silicon) Available: False
CUDA Device: NVIDIA L4
Mixed Precision (AMP): False

Checking dataset directories...
Train tiles (2 root(s)):
  /path/to/data/DOTA-v1.0-tiled/train
    Images exist: True
    Labels exist: True
  /path/to/data/DOTA-v1.0-tiled/val
    Images exist: True
    Labels exist: True

Val tiles (1 root(s)):
  /path/to/data/DOTA-v1.0-tiled/val
    Images exist: True
    Labels exist: True


Loading datasets...
DOTA filter_empty_gt (MMRotate-style):
  train: filter_empty_gt dropped 19464 / 33155 tiles (13691 kept)
  val: filter_empty_gt dropped 4548 / 7669 tiles (3121 kept)

Found 15 classes:
  0: baseball-diamond
  1: basketball-court
  2: bridge
  3: ground-track-field
  4: harbor
  5: helicopter
  6: large-vehicle
  7: plane
  8: roundabout
  9: ship
  10: small-vehicle
  11: soccer-ball-field
  12: storage-tank
  13: swimming-pool
  14: tennis-court

Number of classes (foreground): 15
Class mapping: {'baseball-diamond': 1, 'basketball-court': 2, 'bridge': 3, 'ground-track-field': 4, 'harbor': 5, 'helicopter': 6, 'large-vehicle': 7, 'plane': 8, 'roundabout': 9, 'ship': 10, 'small-vehicle': 11, 'soccer-ball-field': 12, 'storage-tank': 13, 'swimming-pool': 14, 'tennis-court': 15}

Analyzing class distribution in training set...

================================================================================
Class Distribution Analysis - Training Set
================================================================================
Total objects: 264,176
Total classes: 15

Class Name           Count        Percentage  
--------------------------------------------------------------------------------
ship                     82,131       31.09%
small-vehicle            63,156       23.91%
large-vehicle            45,972       17.40%
plane                    20,023        7.58%
harbor                   17,028        6.45%
storage-tank             14,971        5.67%
tennis-court              6,149        2.33%
swimming-pool             4,273        1.62%
bridge                    4,122        1.56%
helicopter                1,286        0.49%
basketball-court          1,269        0.48%
baseball-diamond          1,120        0.42%
roundabout                1,017        0.38%
soccer-ball-field           874        0.33%
ground-track-field          785        0.30%
--------------------------------------------------------------------------------

Imbalance Ratio (max/min): 104.63x
Most frequent class: ship (82,131 instances)
Least frequent class: ground-track-field (785 instances)

Class weighting disabled (loss_type=cross_entropy)

Loss configuration: cross_entropy


Training configuration created:
  Model type: oriented_rcnn
  Experiment timestamp: 20260621-092802
  Number of classes: 15
  Batch size: 2
  Learning rate: 0.005
  Epochs: 36

Creating collate functions...
  - Training: no Albumentations augmentation (flips: horizontal, vertical, diagonal)
  - Validation: no augmentation

Creating data loaders...
Training samples: 13691
Validation samples: 3121
Batches per epoch: 6846

Creating model...
Using device: cuda

Complete ORIENTED_RCNN model created:
  Backbone: resnet50
  Number of classes: 15 (foreground)
  Pretrained backbone: True
  Trainable backbone layers: 3 (last 3 stages) (frozen_stages=1)
  RPN anchor reference angles (fixed horizontal priors, not configurable): ['0.0°']
  Anchor scales: [8]
  Anchor ratios: [0.5, 1.0, 2.0]
  FPN strides: [4, 8, 16, 32, 64]
  FPN levels: 5 (P2, P3, P4, P5, P6)
  ROI Loss Type: cross_entropy

  Total parameters: 41,311,978
  Trainable parameters: 41,089,578

Configuration saved to: /home/jeffaudi/oriented-det/runs/oriented_rcnn/20260621-092802/config.json

Learning rate warmup enabled: 500 optimizer steps
  Warmup: 0 → 0.005 over 500 steps
  After warmup: MultiStepLR at epochs [24, 33], gamma=0.1

Experiment directory: /home/jeffaudi/oriented-det/runs/oriented_rcnn/20260621-092802
TensorBoard logging enabled. Logs saved to: /home/jeffaudi/oriented-det/runs/oriented_rcnn/20260621-092802
View logs with: tensorboard --logdir /home/jeffaudi/oriented-det/runs/oriented_rcnn
View this experiment with: tensorboard --logdir /home/jeffaudi/oriented-det/runs/oriented_rcnn/20260621-092802

Training configuration:
  Epochs: 36
  Learning rate: 0.005000
  Batch size per GPU: 2
  Gradient accumulation: 1
  Best checkpoint metric: mAP (higher_is_better=True)
  Effective batch size: 2
  Mixed precision: False
  Eval (mAP / val matching): score_threshold=0.05, iou_threshold=0.5 (production.score_threshold overrides evaluation when set)
  Eval IoU backend (mAP / GT cover): exact CPU polygon
  Eval IoU backend (final mAP): exact CPU polygon

Starting training from scratch (no checkpoint loaded)

Starting epoch: 0

Profiling disabled

================================================================================
Starting training...
================================================================================
TensorBoard: tensorboard --logdir /home/jeffaudi/oriented-det/runs/oriented_rcnn
================================================================================

Training started at: 2026-06-21T09:28:35+00:00

Epoch 1/36
--------------------------------------------------
/home/jeffaudi/.pyenv/versions/3.12.12/envs/oriented-det/lib/python3.12/site-packages/torch/nn/modules/conv.py:456: UserWarning: Plan failed with a cudnnException: CUDNN_BACKEND_EXECUTION_PLAN_DESCRIPTOR: cudnnFinalize Descriptor Failed cudnn_status: CUDNN_STATUS_NOT_SUPPORTED (Triggered internally at ../aten/src/ATen/native/cudnn/Conv_v8.cpp:919.)
  return F.conv2d(input, weight, bias, self.stride,
Epoch 1/36 complete: 6846/6846 batches, loss: 1.5690
  Effective LR: ref=5.000e-03 (0=5.000e-03)
  ROI hints: pos=187.8, bg=1072.7, ignore=0.0, sampled_fg=78.4, sampled_bg=432.3, matched_gt=19.3, match_rate=100.00%
Validation complete: 1561 batches
Validation Metrics:
--------------------------------------------------
  Eval thresholds (mAP / matching): score≥0.0500, IoU≥0.50
  Avg Detections per Image (score≥0.0500): 28.56
  Avg Detections per Image (score≥0.5): 10.88
  Max detection score: 0.998
  Mean detection score: 0.406
  Time per Step: 0.8703
  Accuracy / GT cover: (skipped — computed on mAP epochs)
  Ground Truth objects: 57768
  mAP: (skipped)
  Ground Truth Classes: 15 classes
  Predicted Classes: 15 classes
  Timing: 4h 46m this epoch (avg 4h 46m) | ETA ~6d 22h 50m for 35 epoch(s) left, mAP every 4 epoch(s).

Epoch 2/36
--------------------------------------------------
Epoch 2/36 complete: 6846/6846 batches, loss: 1.4157
  Effective LR: ref=5.000e-03 (0=5.000e-03)
  ROI hints: pos=209.1, bg=1013.9, ignore=0.0, sampled_fg=83.7, sampled_bg=425.4, matched_gt=19.3, match_rate=100.00%
Validation complete: 1561 batches
Validation Metrics:
--------------------------------------------------
  Eval thresholds (mAP / matching): score≥0.0500, IoU≥0.50
  Avg Detections per Image (score≥0.0500): 28.96  ↑0.40
  Avg Detections per Image (score≥0.5): 11.88  ↑1.00
  Max detection score: 1.000
  Mean detection score: 0.462
  Time per Step: 0.8724  ↓0.0021
  Accuracy / GT cover: (skipped — computed on mAP epochs)
  Ground Truth objects: 57768
  mAP: (skipped)
  Ground Truth Classes: 15 classes
  Predicted Classes: 15 classes
  Timing: 4h 32m this epoch (avg 4h 39m) | ETA ~6d 14h 6m for 34 epoch(s) left, mAP every 4 epoch(s).

Epoch 3/36
--------------------------------------------------
Epoch 3/36 complete: 6846/6846 batches, loss: 1.3321
  Effective LR: ref=5.000e-03 (0=5.000e-03)
  ROI hints: pos=220.3, bg=980.0, ignore=0.0, sampled_fg=86.4, sampled_bg=420.7, matched_gt=19.3, match_rate=100.00%
Validation complete: 1561 batches
Validation Metrics:
--------------------------------------------------
  Eval thresholds (mAP / matching): score≥0.0500, IoU≥0.50
  Avg Detections per Image (score≥0.0500): 28.43  ↓0.53
  Avg Detections per Image (score≥0.5): 12.27  ↑0.39
  Max detection score: 1.000
  Mean detection score: 0.492
  Time per Step: 0.8612  ↑0.0112
  Accuracy / GT cover: (skipped — computed on mAP epochs)
  Ground Truth objects: 57768
  mAP: (skipped)
  Ground Truth Classes: 15 classes
  Predicted Classes: 15 classes
  Timing: 4h 25m this epoch (avg 4h 34m) | ETA ~6d 6h 59m for 33 epoch(s) left, mAP every 4 epoch(s).

Epoch 4/36
--------------------------------------------------
Epoch 4/36 complete: 6846/6846 batches, loss: 1.2740
  Effective LR: ref=5.000e-03 (0=5.000e-03)
  ROI hints: pos=226.9, bg=953.2, ignore=0.0, sampled_fg=88.1, sampled_bg=417.0, matched_gt=19.3, match_rate=100.00%

Computing mAP (periodic evaluation: every 4 epoch(s))...
Validation complete: 1561 batches

Computing mAP (this may take a while)...
  Eval filters: score≥0.0500, IoU≥0.50
  Images: 3,121
  Total detections (post score filter): 86,475 (27.7 per image)
  Total ground truths: 57,768 (18.5 per image)
  Warning: Large number of detections may slow down mAP computation
  Consider increasing evaluation.score_threshold (current: 0.05) for faster mAP matching
mAP: exact rotated IoU on CPU (backend='shapely'; GPU sampling IoU disabled)
  Computing AP for baseball-diamond: 1,967 dets, 364 GTs (715,988 IoU calculations)
  Computing AP for basketball-court: 778 dets, 278 GTs (216,284 IoU calculations)
  Computing AP for bridge: 5,873 dets, 666 GTs (3,911,418 IoU calculations)
  Computing AP for ground-track-field: 751 dets, 216 GTs (162,216 IoU calculations)
  WARNING: harbor has 32,398,324 IoU calculations (7,538 dets × 4,298 GTs). This will be slow!
  Computing AP for harbor: 7,538 dets, 4,298 GTs (32,398,324 IoU calculations)
    Using chunked batch IoU computation (CPU exact (shapely)) for harbor (32,398,324 calculations)
    Processing 7,538 detections in chunks of 1,163
  WARNING: large-vehicle has 161,955,734 IoU calculations (17,233 dets × 9,398 GTs). This will be slow!
  Computing AP for large-vehicle: 17,233 dets, 9,398 GTs (161,955,734 IoU calculations)
    Using chunked batch IoU computation (CPU exact (shapely)) for large-vehicle (161,955,734 calculations)
    Processing 17,233 detections in chunks of 532
  WARNING: plane has 27,586,461 IoU calculations (5,831 dets × 4,731 GTs). This will be slow!
  Computing AP for plane: 5,831 dets, 4,731 GTs (27,586,461 IoU calculations)
    Using chunked batch IoU computation (CPU exact (shapely)) for plane (27,586,461 calculations)
    Processing 5,831 detections in chunks of 1,056
  Computing AP for roundabout: 689 dets, 256 GTs (176,384 IoU calculations)
  WARNING: ship has 371,940,312 IoU calculations (20,068 dets × 18,534 GTs). This will be slow!
  Computing AP for ship: 20,068 dets, 18,534 GTs (371,940,312 IoU calculations)
    Using chunked batch IoU computation (CPU exact (shapely)) for ship (371,940,312 calculations)
    Processing 20,068 detections in chunks of 269
  WARNING: small-vehicle has 171,967,694 IoU calculations (15,142 dets × 11,357 GTs). This will be slow!
  Computing AP for small-vehicle: 15,142 dets, 11,357 GTs (171,967,694 IoU calculations)
    Using chunked batch IoU computation (CPU exact (shapely)) for small-vehicle (171,967,694 calculations)
    Processing 15,142 detections in chunks of 440
  Computing AP for soccer-ball-field: 760 dets, 260 GTs (197,600 IoU calculations)
  WARNING: storage-tank has 25,094,628 IoU calculations (4,988 dets × 5,031 GTs). This will be slow!
  Computing AP for storage-tank: 4,988 dets, 5,031 GTs (25,094,628 IoU calculations)
    Using chunked batch IoU computation (CPU exact (shapely)) for storage-tank (25,094,628 calculations)
    Processing 4,988 detections in chunks of 993
  Computing AP for swimming-pool: 1,467 dets, 693 GTs (1,016,631 IoU calculations)
  Computing AP for tennis-court: 3,262 dets, 1,529 GTs (4,987,598 IoU calculations)
  mAP computation completed in 22m 56s. mAP: 0.6478
Validation Metrics:
--------------------------------------------------
  Eval thresholds (mAP / matching): score≥0.0500, IoU≥0.50
  Avg Detections per Image (score≥0.0500): 28.25  ↓0.18
  Avg Detections per Image (score≥0.5): 12.49  ↑0.22
  Max detection score: 1.000
  Mean detection score: 0.489
  Time per Step: 0.8653  ↓0.0041
  Accuracy: 0.4609 (46.09%)
  Correct Predictions: 39855/86475 (matched detections)
  Ground Truth objects: 57768
  GT covered pre-eval-threshold: 39888/57768
  GT covered post-eval-threshold: 39888/57768
  GT lost by eval-threshold filtering: 0
  GT cover rate pre-eval-threshold: 69.05%
  GT cover rate post-eval-threshold: 69.05%
  GT IoU vs raw dets (eval IoU threshold=0.50; per-GT max IoU over all dets / over same-class dets):
    mean best IoU (any class): 0.5472, median: 0.7078
    mean best IoU (correct class): 0.5404, median: 0.7049
    GTs with IoU≥thresh but no same-class hit (wrong-class / misaligned): 407
    GTs with no detection above IoU thresh (missed / poor loc): 17473
    GTs with 0% best IoU vs any detection (no spatial overlap): 12155 (21.04% of GTs)
    histogram best IoU (any class) [0,0.25)/[0.25,0.5)/[0.5,0.75)/[0.75,1]: 14886/2587/17469/22826
    histogram best IoU (correct class) [0,0.25)/[0.25,0.5)/[0.5,0.75)/[0.75,1]: 15387/2493/17368/22520
  Class-agnostic duplicate rate (post score thresh; IoU≥0.50 vs a higher-score box): micro=4.81% (4163/86475 boxes), macro mean over images with detections=5.81% (3121 images)
  mAP: 0.6478 (64.78%)
  Per-Class AP:
    baseball-diamond: 0.7541 (75.41%)
    basketball-court: 0.7151 (71.51%)
    bridge: 0.4637 (46.37%)
    ground-track-field: 0.7720 (77.20%)
    harbor: 0.5154 (51.54%)
    helicopter: 0.4236 (42.36%)
    large-vehicle: 0.7156 (71.56%)
    plane: 0.8983 (89.83%)
    roundabout: 0.7301 (73.01%)
    ship: 0.6002 (60.02%)
    small-vehicle: 0.4611 (46.11%)
    soccer-ball-field: 0.5881 (58.81%)
    storage-tank: 0.6179 (61.79%)
    swimming-pool: 0.5605 (56.05%)
    tennis-court: 0.9019 (90.19%)
  Ground Truth Classes: 15 classes
  Predicted Classes: 15 classes
  Timing: 4h 43m this epoch (avg 4h 36m) | ETA ~6d 3h 32m for 32 epoch(s) left, mAP every 4 epoch(s).

Epoch 5/36
--------------------------------------------------
Epoch 5/36 complete: 6846/6846 batches, loss: 1.2306
  Effective LR: ref=5.000e-03 (0=5.000e-03)
  ROI hints: pos=231.2, bg=930.3, ignore=0.0, sampled_fg=89.4, sampled_bg=413.7, matched_gt=19.3, match_rate=100.00%
Validation complete: 1561 batches
Validation Metrics:
--------------------------------------------------
  Eval thresholds (mAP / matching): score≥0.0500, IoU≥0.50
  Avg Detections per Image (score≥0.0500): 27.70  ↓0.55
  Avg Detections per Image (score≥0.5): 12.63  ↑0.13
  Max detection score: 1.000
  Mean detection score: 0.532
  Time per Step: 0.8590  ↑0.0063
  Accuracy / GT cover: (skipped — computed on mAP epochs)
  Ground Truth objects: 57768
  mAP: (skipped)
  Ground Truth Classes: 15 classes
  Predicted Classes: 15 classes
  Timing: 4h 11m this epoch (avg 4h 31m) | ETA ~5d 20h 21m for 31 epoch(s) left, mAP every 4 epoch(s).

Epoch 6/36
--------------------------------------------------
Epoch 6/36 complete: 6846/6846 batches, loss: 1.1993
  Effective LR: ref=5.000e-03 (0=5.000e-03)
  ROI hints: pos=234.3, bg=910.7, ignore=0.0, sampled_fg=90.3, sampled_bg=411.0, matched_gt=19.3, match_rate=100.00%
Validation complete: 1561 batches
Validation Metrics:
--------------------------------------------------
  Eval thresholds (mAP / matching): score≥0.0500, IoU≥0.50
  Avg Detections per Image (score≥0.0500): 27.51  ↓0.19
  Avg Detections per Image (score≥0.5): 12.78  ↑0.16
  Max detection score: 1.000
  Mean detection score: 0.532
  Time per Step: 0.8633  ↓0.0043
  Accuracy / GT cover: (skipped — computed on mAP epochs)
  Ground Truth objects: 57768
  mAP: (skipped)
  Ground Truth Classes: 15 classes
  Predicted Classes: 15 classes
  Timing: 4h 10m this epoch (avg 4h 28m) | ETA ~5d 14h 3m for 30 epoch(s) left, mAP every 4 epoch(s).

Epoch 7/36
--------------------------------------------------
Epoch 7/36 complete: 6846/6846 batches, loss: 1.1699
  Effective LR: ref=5.000e-03 (0=5.000e-03)
  ROI hints: pos=236.7, bg=892.8, ignore=0.0, sampled_fg=91.0, sampled_bg=408.4, matched_gt=19.3, match_rate=100.00%
Validation complete: 1561 batches
Validation Metrics:
--------------------------------------------------
  Eval thresholds (mAP / matching): score≥0.0500, IoU≥0.50
  Avg Detections per Image (score≥0.0500): 28.52  ↑1.01
  Avg Detections per Image (score≥0.5): 13.00  ↑0.22
  Max detection score: 1.000
  Mean detection score: 0.456
  Time per Step: 0.8682  ↓0.0048
  Accuracy / GT cover: (skipped — computed on mAP epochs)
  Ground Truth objects: 57768
  mAP: (skipped)
  Ground Truth Classes: 15 classes
  Predicted Classes: 15 classes
  Timing: 4h 5m this epoch (avg 4h 24m) | ETA ~5d 8h 1m for 29 epoch(s) left, mAP every 4 epoch(s).

Epoch 8/36
--------------------------------------------------
Epoch 8/36 complete: 6846/6846 batches, loss: 1.1463
  Effective LR: ref=5.000e-03 (0=5.000e-03)
  ROI hints: pos=238.6, bg=877.2, ignore=0.0, sampled_fg=91.7, sampled_bg=406.2, matched_gt=19.3, match_rate=100.00%

Computing mAP (periodic evaluation: every 4 epoch(s))...
Validation complete: 1561 batches

Computing mAP (this may take a while)...
  Eval filters: score≥0.0500, IoU≥0.50
  Images: 3,121
  Total detections (post score filter): 84,556 (27.1 per image)
  Total ground truths: 57,768 (18.5 per image)
  Warning: Large number of detections may slow down mAP computation
  Consider increasing evaluation.score_threshold (current: 0.05) for faster mAP matching
mAP: exact rotated IoU on CPU (backend='shapely'; GPU sampling IoU disabled)
  Computing AP for baseball-diamond: 900 dets, 364 GTs (327,600 IoU calculations)
  Computing AP for basketball-court: 579 dets, 278 GTs (160,962 IoU calculations)
  Computing AP for bridge: 4,260 dets, 666 GTs (2,837,160 IoU calculations)
  Computing AP for ground-track-field: 1,196 dets, 216 GTs (258,336 IoU calculations)
  WARNING: harbor has 29,226,400 IoU calculations (6,800 dets × 4,298 GTs). This will be slow!
  Computing AP for harbor: 6,800 dets, 4,298 GTs (29,226,400 IoU calculations)
    Using chunked batch IoU computation (CPU exact (shapely)) for harbor (29,226,400 calculations)
    Processing 6,800 detections in chunks of 1,163
  WARNING: large-vehicle has 170,987,212 IoU calculations (18,194 dets × 9,398 GTs). This will be slow!
  Computing AP for large-vehicle: 18,194 dets, 9,398 GTs (170,987,212 IoU calculations)
    Using chunked batch IoU computation (CPU exact (shapely)) for large-vehicle (170,987,212 calculations)
    Processing 18,194 detections in chunks of 532
  WARNING: plane has 26,479,407 IoU calculations (5,597 dets × 4,731 GTs). This will be slow!
  Computing AP for plane: 5,597 dets, 4,731 GTs (26,479,407 IoU calculations)
    Using chunked batch IoU computation (CPU exact (shapely)) for plane (26,479,407 calculations)
    Processing 5,597 detections in chunks of 1,056
  Computing AP for roundabout: 1,363 dets, 256 GTs (348,928 IoU calculations)
  WARNING: ship has 309,054,450 IoU calculations (16,675 dets × 18,534 GTs). This will be slow!
  Computing AP for ship: 16,675 dets, 18,534 GTs (309,054,450 IoU calculations)
    Using chunked batch IoU computation (CPU exact (shapely)) for ship (309,054,450 calculations)
    Processing 16,675 detections in chunks of 269
  WARNING: small-vehicle has 205,845,625 IoU calculations (18,125 dets × 11,357 GTs). This will be slow!
  Computing AP for small-vehicle: 18,125 dets, 11,357 GTs (205,845,625 IoU calculations)
    Using chunked batch IoU computation (CPU exact (shapely)) for small-vehicle (205,845,625 calculations)
    Processing 18,125 detections in chunks of 440
  Computing AP for soccer-ball-field: 594 dets, 260 GTs (154,440 IoU calculations)
  WARNING: storage-tank has 30,186,000 IoU calculations (6,000 dets × 5,031 GTs). This will be slow!
  Computing AP for storage-tank: 6,000 dets, 5,031 GTs (30,186,000 IoU calculations)
    Using chunked batch IoU computation (CPU exact (shapely)) for storage-tank (30,186,000 calculations)
    Processing 6,000 detections in chunks of 993
  Computing AP for swimming-pool: 2,030 dets, 693 GTs (1,406,790 IoU calculations)
  Computing AP for tennis-court: 1,876 dets, 1,529 GTs (2,868,404 IoU calculations)
  mAP computation completed in 24m 38s. mAP: 0.7116
Validation Metrics:
--------------------------------------------------
  Eval thresholds (mAP / matching): score≥0.0500, IoU≥0.50
  Avg Detections per Image (score≥0.0500): 28.34  ↓0.18
  Avg Detections per Image (score≥0.5): 13.11  ↑0.11
  Max detection score: 1.000
  Mean detection score: 0.528
  Time per Step: 0.8630  ↑0.0051
  Accuracy: 0.4922 (49.22%)
  Correct Predictions: 41617/84556 (matched detections)
  Ground Truth objects: 57768
  GT covered pre-eval-threshold: 41646/57768
  GT covered post-eval-threshold: 41646/57768
  GT lost by eval-threshold filtering: 0
  GT cover rate pre-eval-threshold: 72.09%
  GT cover rate post-eval-threshold: 72.09%
  GT IoU vs raw dets (eval IoU threshold=0.50; per-GT max IoU over all dets / over same-class dets):
    mean best IoU (any class): 0.5772, median: 0.7395
    mean best IoU (correct class): 0.5722, median: 0.7376
    GTs with IoU≥thresh but no same-class hit (wrong-class / misaligned): 324
    GTs with no detection above IoU thresh (missed / poor loc): 15798
    GTs with 0% best IoU vs any detection (no spatial overlap): 11957 (20.70% of GTs)
    histogram best IoU (any class) [0,0.25)/[0.25,0.5)/[0.5,0.75)/[0.75,1]: 14087/1711/14632/27338
    histogram best IoU (correct class) [0,0.25)/[0.25,0.5)/[0.5,0.75)/[0.75,1]: 14451/1671/14555/27091
  Class-agnostic duplicate rate (post score thresh; IoU≥0.50 vs a higher-score box): micro=4.30% (3636/84556 boxes), macro mean over images with detections=5.37% (3121 images)
  mAP: 0.7116  ↑0.0637 (71.16%)
  Per-Class AP:
    baseball-diamond: 0.8461  ↑0.0920 (84.61%)
    basketball-court: 0.8784  ↑0.1633 (87.84%)
    bridge: 0.5857  ↑0.1219 (58.57%)
    ground-track-field: 0.8290  ↑0.0569 (82.90%)
    harbor: 0.6347  ↑0.1192 (63.47%)
    helicopter: 0.5833  ↑0.1596 (58.33%)
    large-vehicle: 0.7260  ↑0.0105 (72.60%)
    plane: 0.9021  ↑0.0038 (90.21%)
    roundabout: 0.7053  ↓0.0248 (70.53%)
    ship: 0.6224  ↑0.0222 (62.24%)
    small-vehicle: 0.4711  ↑0.0100 (47.11%)
    soccer-ball-field: 0.7205  ↑0.1325 (72.05%)
    storage-tank: 0.6751  ↑0.0572 (67.51%)
    swimming-pool: 0.5853  ↑0.0248 (58.53%)
    tennis-court: 0.9088  ↑0.0069 (90.88%)
  Ground Truth Classes: 15 classes
  Predicted Classes: 15 classes
  Timing: 4h 24m this epoch (avg 4h 24m) | ETA ~5d 3h 36m for 28 epoch(s) left, mAP every 4 epoch(s).

Epoch 9/36
--------------------------------------------------
Epoch 9/36 complete: 6846/6846 batches, loss: 1.1262
  Effective LR: ref=5.000e-03 (0=5.000e-03)
  ROI hints: pos=240.1, bg=863.5, ignore=0.0, sampled_fg=92.2, sampled_bg=404.1, matched_gt=19.3, match_rate=100.00%
Validation complete: 1561 batches
Validation Metrics:
--------------------------------------------------
  Eval thresholds (mAP / matching): score≥0.0500, IoU≥0.50
  Avg Detections per Image (score≥0.0500): 28.09  ↓0.25
  Avg Detections per Image (score≥0.5): 13.30  ↑0.19
  Max detection score: 1.000
  Mean detection score: 0.591
  Time per Step: 0.8595  ↑0.0035
  Accuracy / GT cover: (skipped — computed on mAP epochs)
  Ground Truth objects: 57768
  mAP: (skipped)
  Ground Truth Classes: 15 classes
  Predicted Classes: 15 classes
  Timing: 3h 56m this epoch (avg 4h 21m) | ETA ~4d 21h 46m for 27 epoch(s) left, mAP every 4 epoch(s).

Epoch 10/36
--------------------------------------------------
Epoch 10/36 complete: 6846/6846 batches, loss: 1.1089
  Effective LR: ref=5.000e-03 (0=5.000e-03)
  ROI hints: pos=241.3, bg=851.9, ignore=0.0, sampled_fg=92.6, sampled_bg=402.3, matched_gt=19.3, match_rate=100.00%
Validation complete: 1561 batches
Validation Metrics:
--------------------------------------------------
  Eval thresholds (mAP / matching): score≥0.0500, IoU≥0.50
  Avg Detections per Image (score≥0.0500): 28.48  ↑0.39
  Avg Detections per Image (score≥0.5): 13.48  ↑0.18
  Max detection score: 1.000
  Mean detection score: 0.501
  Time per Step: 0.8536  ↑0.0059
  Accuracy / GT cover: (skipped — computed on mAP epochs)
  Ground Truth objects: 57768
  mAP: (skipped)
  Ground Truth Classes: 15 classes
  Predicted Classes: 15 classes
  Timing: 3h 54m this epoch (avg 4h 19m) | ETA ~4d 16h 13m for 26 epoch(s) left, mAP every 4 epoch(s).

Epoch 11/36
--------------------------------------------------
Epoch 11/36 complete: 6846/6846 batches, loss: 1.0923
  Effective LR: ref=5.000e-03 (0=5.000e-03)
  ROI hints: pos=242.0, bg=841.2, ignore=0.0, sampled_fg=92.9, sampled_bg=400.7, matched_gt=19.3, match_rate=100.00%
Validation complete: 1561 batches
Validation Metrics:
--------------------------------------------------
  Eval thresholds (mAP / matching): score≥0.0500, IoU≥0.50
  Avg Detections per Image (score≥0.0500): 28.24  ↓0.24
  Avg Detections per Image (score≥0.5): 13.49  ↑0.01
  Max detection score: 1.000
  Mean detection score: 0.544
  Time per Step: 0.8484  ↑0.0052
  Accuracy / GT cover: (skipped — computed on mAP epochs)
  Ground Truth objects: 57768
  mAP: (skipped)
  Ground Truth Classes: 15 classes
  Predicted Classes: 15 classes
  Timing: 3h 51m this epoch (avg 4h 16m) | ETA ~4d 10h 51m for 25 epoch(s) left, mAP every 4 epoch(s).

Epoch 12/36
--------------------------------------------------
Epoch 12/36 complete: 6846/6846 batches, loss: 1.0781
  Effective LR: ref=5.000e-03 (0=5.000e-03)
  ROI hints: pos=242.8, bg=831.0, ignore=0.0, sampled_fg=93.2, sampled_bg=399.0, matched_gt=19.3, match_rate=100.00%

Computing mAP (periodic evaluation: every 4 epoch(s))...
Validation complete: 1561 batches

Computing mAP (this may take a while)...
  Eval filters: score≥0.0500, IoU≥0.50
  Images: 3,121
  Total detections (post score filter): 61,979 (19.9 per image)
  Total ground truths: 57,768 (18.5 per image)
  Warning: Large number of detections may slow down mAP computation
  Consider increasing evaluation.score_threshold (current: 0.05) for faster mAP matching
mAP: exact rotated IoU on CPU (backend='shapely'; GPU sampling IoU disabled)
  Computing AP for baseball-diamond: 527 dets, 364 GTs (191,828 IoU calculations)
  Computing AP for basketball-court: 386 dets, 278 GTs (107,308 IoU calculations)
  Computing AP for bridge: 2,109 dets, 666 GTs (1,404,594 IoU calculations)
  Computing AP for ground-track-field: 465 dets, 216 GTs (100,440 IoU calculations)
  WARNING: harbor has 26,015,794 IoU calculations (6,053 dets × 4,298 GTs). This will be slow!
  Computing AP for harbor: 6,053 dets, 4,298 GTs (26,015,794 IoU calculations)
    Using chunked batch IoU computation (CPU exact (shapely)) for harbor (26,015,794 calculations)
    Processing 6,053 detections in chunks of 1,163
  WARNING: large-vehicle has 98,265,488 IoU calculations (10,456 dets × 9,398 GTs). This will be slow!
  Computing AP for large-vehicle: 10,456 dets, 9,398 GTs (98,265,488 IoU calculations)
    Using chunked batch IoU computation (CPU exact (shapely)) for large-vehicle (98,265,488 calculations)
    Processing 10,456 detections in chunks of 532
  WARNING: plane has 27,841,935 IoU calculations (5,885 dets × 4,731 GTs). This will be slow!
  Computing AP for plane: 5,885 dets, 4,731 GTs (27,841,935 IoU calculations)
    Using chunked batch IoU computation (CPU exact (shapely)) for plane (27,841,935 calculations)
    Processing 5,885 detections in chunks of 1,056
  Computing AP for roundabout: 398 dets, 256 GTs (101,888 IoU calculations)
  WARNING: ship has 276,323,406 IoU calculations (14,909 dets × 18,534 GTs). This will be slow!
  Computing AP for ship: 14,909 dets, 18,534 GTs (276,323,406 IoU calculations)
    Using chunked batch IoU computation (CPU exact (shapely)) for ship (276,323,406 calculations)
    Processing 14,909 detections in chunks of 269
  WARNING: small-vehicle has 127,084,830 IoU calculations (11,190 dets × 11,357 GTs). This will be slow!
  Computing AP for small-vehicle: 11,190 dets, 11,357 GTs (127,084,830 IoU calculations)
    Using chunked batch IoU computation (CPU exact (shapely)) for small-vehicle (127,084,830 calculations)
    Processing 11,190 detections in chunks of 440
  Computing AP for soccer-ball-field: 567 dets, 260 GTs (147,420 IoU calculations)
  WARNING: storage-tank has 20,461,077 IoU calculations (4,067 dets × 5,031 GTs). This will be slow!
  Computing AP for storage-tank: 4,067 dets, 5,031 GTs (20,461,077 IoU calculations)
    Using chunked batch IoU computation (CPU exact (shapely)) for storage-tank (20,461,077 calculations)
    Processing 4,067 detections in chunks of 993
  Computing AP for swimming-pool: 2,815 dets, 693 GTs (1,950,795 IoU calculations)
  Computing AP for tennis-court: 2,009 dets, 1,529 GTs (3,071,761 IoU calculations)
  mAP computation completed in 20m 8s. mAP: 0.7352
Validation Metrics:
--------------------------------------------------
  Eval thresholds (mAP / matching): score≥0.0500, IoU≥0.50
  Avg Detections per Image (score≥0.0500): 27.54  ↓0.70
  Avg Detections per Image (score≥0.5): 13.54  ↑0.05
  Max detection score: 1.000
  Mean detection score: 0.709
  Time per Step: 0.8442  ↑0.0042
  Accuracy: 0.6632 (66.32%)
  Correct Predictions: 41103/61979 (matched detections)
  Ground Truth objects: 57768
  GT covered pre-eval-threshold: 41130/57768
  GT covered post-eval-threshold: 41130/57768
  GT lost by eval-threshold filtering: 0
  GT cover rate pre-eval-threshold: 71.20%
  GT cover rate post-eval-threshold: 71.20%
  GT IoU vs raw dets (eval IoU threshold=0.50; per-GT max IoU over all dets / over same-class dets):
    mean best IoU (any class): 0.5709, median: 0.7453
    mean best IoU (correct class): 0.5665, median: 0.7437
    GTs with IoU≥thresh but no same-class hit (wrong-class / misaligned): 270
    GTs with no detection above IoU thresh (missed / poor loc): 16357
    GTs with 0% best IoU vs any detection (no spatial overlap): 13002 (22.51% of GTs)
    histogram best IoU (any class) [0,0.25)/[0.25,0.5)/[0.5,0.75)/[0.75,1]: 14981/1376/13182/28218
    histogram best IoU (correct class) [0,0.25)/[0.25,0.5)/[0.5,0.75)/[0.75,1]: 15296/1331/13129/28001
  Class-agnostic duplicate rate (post score thresh; IoU≥0.50 vs a higher-score box): micro=2.68% (1660/61979 boxes), macro mean over images with detections=3.59% (3115 images)
  mAP: 0.7352  ↑0.0237 (73.52%)
  Per-Class AP:
    baseball-diamond: 0.8525  ↑0.0063 (85.25%)
    basketball-court: 0.8856  ↑0.0072 (88.56%)
    bridge: 0.5763  ↓0.0094 (57.63%)
    ground-track-field: 0.8740  ↑0.0450 (87.40%)
    harbor: 0.6808  ↑0.0462 (68.08%)
    helicopter: 0.6971  ↑0.1138 (69.71%)
    large-vehicle: 0.7758  ↑0.0498 (77.58%)
    plane: 0.9056  ↑0.0034 (90.56%)
    roundabout: 0.7674  ↑0.0621 (76.74%)
    ship: 0.6292  ↑0.0068 (62.92%)
    small-vehicle: 0.4914  ↑0.0203 (49.14%)
    soccer-ball-field: 0.7670  ↑0.0465 (76.70%)
    storage-tank: 0.6254  ↓0.0497 (62.54%)
    swimming-pool: 0.5920  ↑0.0068 (59.20%)
    tennis-court: 0.9085  ↓0.0003 (90.85%)
  Ground Truth Classes: 15 classes
  Predicted Classes: 15 classes
  Timing: 4h 10m this epoch (avg 4h 15m) | ETA ~4d 6h 22m for 24 epoch(s) left, mAP every 4 epoch(s).

Epoch 13/36
--------------------------------------------------
Epoch 13/36 complete: 6846/6846 batches, loss: 1.0650
  Effective LR: ref=5.000e-03 (0=5.000e-03)
  ROI hints: pos=243.4, bg=822.0, ignore=0.0, sampled_fg=93.5, sampled_bg=397.5, matched_gt=19.3, match_rate=100.00%
Validation complete: 1561 batches
Validation Metrics:
--------------------------------------------------
  Eval thresholds (mAP / matching): score≥0.0500, IoU≥0.50
  Avg Detections per Image (score≥0.0500): 27.46  ↓0.08
  Avg Detections per Image (score≥0.5): 13.64  ↑0.10
  Max detection score: 1.000
  Mean detection score: 0.577
  Time per Step: 0.8453  ↓0.0012
  Accuracy / GT cover: (skipped — computed on mAP epochs)
  Ground Truth objects: 57768
  mAP: (skipped)
  Ground Truth Classes: 15 classes
  Predicted Classes: 15 classes
  Timing: 3h 49m this epoch (avg 4h 13m) | ETA ~4d 1h 19m for 23 epoch(s) left, mAP every 4 epoch(s).

Epoch 14/36
--------------------------------------------------
Epoch 14/36 complete: 6846/6846 batches, loss: 1.0537
  Effective LR: ref=5.000e-03 (0=5.000e-03)
  ROI hints: pos=243.9, bg=813.3, ignore=0.0, sampled_fg=93.8, sampled_bg=396.0, matched_gt=19.3, match_rate=100.00%
Validation complete: 1561 batches
Validation Metrics:
--------------------------------------------------
  Eval thresholds (mAP / matching): score≥0.0500, IoU≥0.50
  Avg Detections per Image (score≥0.0500): 27.17  ↓0.29
  Avg Detections per Image (score≥0.5): 13.63  ↓0.01
  Max detection score: 1.000
  Mean detection score: 0.586
  Time per Step: 0.8414  ↑0.0039
  Accuracy / GT cover: (skipped — computed on mAP epochs)
  Ground Truth objects: 57768
  mAP: (skipped)
  Ground Truth Classes: 15 classes
  Predicted Classes: 15 classes
  Timing: 3h 44m this epoch (avg 4h 11m) | ETA ~3d 20h 20m for 22 epoch(s) left, mAP every 4 epoch(s).

Epoch 15/36
--------------------------------------------------
Epoch 15/36 complete: 6846/6846 batches, loss: 1.0429
  Effective LR: ref=5.000e-03 (0=5.000e-03)
  ROI hints: pos=244.3, bg=806.0, ignore=0.0, sampled_fg=94.0, sampled_bg=394.7, matched_gt=19.3, match_rate=100.00%
Validation complete: 1561 batches
Validation Metrics:
--------------------------------------------------
  Eval thresholds (mAP / matching): score≥0.0500, IoU≥0.50
  Avg Detections per Image (score≥0.0500): 27.33  ↑0.16
  Avg Detections per Image (score≥0.5): 13.70  ↑0.07
  Max detection score: 1.000
  Mean detection score: 0.533
  Time per Step: 0.8372  ↑0.0042
  Accuracy / GT cover: (skipped — computed on mAP epochs)
  Ground Truth objects: 57768
  mAP: (skipped)
  Ground Truth Classes: 15 classes
  Predicted Classes: 15 classes
  Timing: 3h 45m this epoch (avg 4h 10m) | ETA ~3d 15h 31m for 21 epoch(s) left, mAP every 4 epoch(s).

Epoch 16/36
--------------------------------------------------
Epoch 16/36 complete: 6846/6846 batches, loss: 1.0329
  Effective LR: ref=5.000e-03 (0=5.000e-03)
  ROI hints: pos=244.7, bg=798.8, ignore=0.0, sampled_fg=94.2, sampled_bg=393.5, matched_gt=19.3, match_rate=100.00%

Computing mAP (periodic evaluation: every 4 epoch(s))...
Validation complete: 1561 batches

Computing mAP (this may take a while)...
  Eval filters: score≥0.0500, IoU≥0.50
  Images: 3,121
  Total detections (post score filter): 93,548 (30.0 per image)
  Total ground truths: 57,768 (18.5 per image)
  Warning: Large number of detections may slow down mAP computation
  Consider increasing evaluation.score_threshold (current: 0.05) for faster mAP matching
mAP: exact rotated IoU on CPU (backend='shapely'; GPU sampling IoU disabled)
  Computing AP for baseball-diamond: 889 dets, 364 GTs (323,596 IoU calculations)
  Computing AP for basketball-court: 578 dets, 278 GTs (160,684 IoU calculations)
  Computing AP for bridge: 7,199 dets, 666 GTs (4,794,534 IoU calculations)
  Computing AP for ground-track-field: 595 dets, 216 GTs (128,520 IoU calculations)
  WARNING: harbor has 44,282,294 IoU calculations (10,303 dets × 4,298 GTs). This will be slow!
  Computing AP for harbor: 10,303 dets, 4,298 GTs (44,282,294 IoU calculations)
    Using chunked batch IoU computation (CPU exact (shapely)) for harbor (44,282,294 calculations)
    Processing 10,303 detections in chunks of 1,163
  WARNING: large-vehicle has 133,103,874 IoU calculations (14,163 dets × 9,398 GTs). This will be slow!
  Computing AP for large-vehicle: 14,163 dets, 9,398 GTs (133,103,874 IoU calculations)
    Using chunked batch IoU computation (CPU exact (shapely)) for large-vehicle (133,103,874 calculations)
    Processing 14,163 detections in chunks of 532
  WARNING: plane has 29,701,218 IoU calculations (6,278 dets × 4,731 GTs). This will be slow!
  Computing AP for plane: 6,278 dets, 4,731 GTs (29,701,218 IoU calculations)
    Using chunked batch IoU computation (CPU exact (shapely)) for plane (29,701,218 calculations)
    Processing 6,278 detections in chunks of 1,056
  Computing AP for roundabout: 978 dets, 256 GTs (250,368 IoU calculations)
  WARNING: ship has 353,610,186 IoU calculations (19,079 dets × 18,534 GTs). This will be slow!
  Computing AP for ship: 19,079 dets, 18,534 GTs (353,610,186 IoU calculations)
    Using chunked batch IoU computation (CPU exact (shapely)) for ship (353,610,186 calculations)
    Processing 19,079 detections in chunks of 269
  WARNING: small-vehicle has 253,624,524 IoU calculations (22,332 dets × 11,357 GTs). This will be slow!
  Computing AP for small-vehicle: 22,332 dets, 11,357 GTs (253,624,524 IoU calculations)
    Using chunked batch IoU computation (CPU exact (shapely)) for small-vehicle (253,624,524 calculations)
    Processing 22,332 detections in chunks of 440
  Computing AP for soccer-ball-field: 945 dets, 260 GTs (245,700 IoU calculations)
  WARNING: storage-tank has 30,276,558 IoU calculations (6,018 dets × 5,031 GTs). This will be slow!
  Computing AP for storage-tank: 6,018 dets, 5,031 GTs (30,276,558 IoU calculations)
    Using chunked batch IoU computation (CPU exact (shapely)) for storage-tank (30,276,558 calculations)
    Processing 6,018 detections in chunks of 993
  Computing AP for swimming-pool: 1,742 dets, 693 GTs (1,207,206 IoU calculations)
  Computing AP for tennis-court: 1,944 dets, 1,529 GTs (2,972,376 IoU calculations)
  mAP computation completed in 25m 23s. mAP: 0.7432
Validation Metrics:
--------------------------------------------------
  Eval thresholds (mAP / matching): score≥0.0500, IoU≥0.50
  Avg Detections per Image (score≥0.0500): 27.50  ↑0.16
  Avg Detections per Image (score≥0.5): 13.83  ↑0.13
  Max detection score: 1.000
  Mean detection score: 0.557
  Time per Step: 0.8383  ↓0.0010
  Accuracy: 0.4533 (45.33%)
  Correct Predictions: 42408/93548 (matched detections)
  Ground Truth objects: 57768
  GT covered pre-eval-threshold: 42430/57768
  GT covered post-eval-threshold: 42430/57768
  GT lost by eval-threshold filtering: 0
  GT cover rate pre-eval-threshold: 73.45%
  GT cover rate post-eval-threshold: 73.45%
  GT IoU vs raw dets (eval IoU threshold=0.50; per-GT max IoU over all dets / over same-class dets):
    mean best IoU (any class): 0.5886, median: 0.7460
    mean best IoU (correct class): 0.5840, median: 0.7446
    GTs with IoU≥thresh but no same-class hit (wrong-class / misaligned): 284
    GTs with no detection above IoU thresh (missed / poor loc): 15054
    GTs with 0% best IoU vs any detection (no spatial overlap): 11081 (19.18% of GTs)
    histogram best IoU (any class) [0,0.25)/[0.25,0.5)/[0.5,0.75)/[0.75,1]: 13378/1676/14451/28263
    histogram best IoU (correct class) [0,0.25)/[0.25,0.5)/[0.5,0.75)/[0.75,1]: 13712/1626/14385/28045
  Class-agnostic duplicate rate (post score thresh; IoU≥0.50 vs a higher-score box): micro=4.28% (4006/93548 boxes), macro mean over images with detections=5.22% (3121 images)
  mAP: 0.7432  ↑0.0079 (74.32%)
  Per-Class AP:
    baseball-diamond: 0.8778  ↑0.0253 (87.78%)
    basketball-court: 0.9000  ↑0.0145 (90.00%)
    bridge: 0.5720  ↓0.0042 (57.20%)
    ground-track-field: 0.8801  ↑0.0061 (88.01%)
    harbor: 0.6493  ↓0.0315 (64.93%)
    helicopter: 0.8023  ↑0.1052 (80.23%)
    large-vehicle: 0.7699  ↓0.0059 (76.99%)
    plane: 0.9008  ↓0.0048 (90.08%)
    roundabout: 0.7484  ↓0.0191 (74.84%)
    ship: 0.6266  ↓0.0027 (62.66%)
    small-vehicle: 0.4925  ↑0.0010 (49.25%)
    soccer-ball-field: 0.7673  ↑0.0003 (76.73%)
    storage-tank: 0.6291  ↑0.0036 (62.91%)
    swimming-pool: 0.6229  ↑0.0308 (62.29%)
    tennis-court: 0.9090  ↑0.0005 (90.90%)
  Ground Truth Classes: 15 classes
  Predicted Classes: 15 classes
  Timing: 4h 11m this epoch (avg 4h 10m) | ETA ~3d 11h 23m for 20 epoch(s) left, mAP every 4 epoch(s).

Epoch 17/36
--------------------------------------------------
Epoch 17/36 complete: 6846/6846 batches, loss: 1.0244
  Effective LR: ref=5.000e-03 (0=5.000e-03)
  ROI hints: pos=245.0, bg=792.8, ignore=0.0, sampled_fg=94.3, sampled_bg=392.5, matched_gt=19.3, match_rate=100.00%
Validation complete: 1561 batches
Validation Metrics:
--------------------------------------------------
  Eval thresholds (mAP / matching): score≥0.0500, IoU≥0.50
  Avg Detections per Image (score≥0.0500): 27.43  ↓0.07
  Avg Detections per Image (score≥0.5): 13.87  ↑0.04
  Max detection score: 1.000
  Mean detection score: 0.579
  Time per Step: 0.8362  ↑0.0020
  Accuracy / GT cover: (skipped — computed on mAP epochs)
  Ground Truth objects: 57768
  mAP: (skipped)
  Ground Truth Classes: 15 classes
  Predicted Classes: 15 classes
  Timing: 3h 44m this epoch (avg 4h 8m) | ETA ~3d 6h 44m for 19 epoch(s) left, mAP every 4 epoch(s).

Epoch 18/36
--------------------------------------------------
Epoch 18/36 complete: 6846/6846 batches, loss: 1.0166
  Effective LR: ref=5.000e-03 (0=5.000e-03)
  ROI hints: pos=245.3, bg=786.9, ignore=0.0, sampled_fg=94.5, sampled_bg=391.5, matched_gt=19.3, match_rate=100.00%
Validation complete: 1561 batches
Validation Metrics:
--------------------------------------------------
  Eval thresholds (mAP / matching): score≥0.0500, IoU≥0.50
  Avg Detections per Image (score≥0.0500): 26.97  ↓0.46
  Avg Detections per Image (score≥0.5): 13.81  ↓0.06
  Max detection score: 1.000
  Mean detection score: 0.660
  Time per Step: 0.8337  ↑0.0025
  Accuracy / GT cover: (skipped — computed on mAP epochs)
  Ground Truth objects: 57768
  mAP: (skipped)
  Ground Truth Classes: 15 classes
  Predicted Classes: 15 classes
  Timing: 3h 42m this epoch (avg 4h 7m) | ETA ~3d 2h 9m for 18 epoch(s) left, mAP every 4 epoch(s).

Epoch 19/36
--------------------------------------------------
Epoch 19/36 complete: 6846/6846 batches, loss: 1.0089
  Effective LR: ref=5.000e-03 (0=5.000e-03)
  ROI hints: pos=245.6, bg=781.2, ignore=0.0, sampled_fg=94.6, sampled_bg=390.4, matched_gt=19.3, match_rate=100.00%
Validation complete: 1561 batches
Validation Metrics:
--------------------------------------------------
  Eval thresholds (mAP / matching): score≥0.0500, IoU≥0.50
  Avg Detections per Image (score≥0.0500): 26.67  ↓0.29
  Avg Detections per Image (score≥0.5): 13.81  ↓0.00
  Max detection score: 1.000
  Mean detection score: 0.645
  Time per Step: 0.8314  ↑0.0023
  Accuracy / GT cover: (skipped — computed on mAP epochs)
  Ground Truth objects: 57768
  mAP: (skipped)
  Ground Truth Classes: 15 classes
  Predicted Classes: 15 classes
  Timing: 3h 40m this epoch (avg 4h 5m) | ETA ~2d 21h 38m for 17 epoch(s) left, mAP every 4 epoch(s).

Epoch 20/36
--------------------------------------------------
Epoch 20/36 complete: 6846/6846 batches, loss: 1.0016
  Effective LR: ref=5.000e-03 (0=5.000e-03)
  ROI hints: pos=245.8, bg=776.1, ignore=0.0, sampled_fg=94.7, sampled_bg=389.5, matched_gt=19.3, match_rate=100.00%

Computing mAP (periodic evaluation: every 4 epoch(s))...
Validation complete: 1561 batches

Computing mAP (this may take a while)...
  Eval filters: score≥0.0500, IoU≥0.50
  Images: 3,121
  Total detections (post score filter): 70,451 (22.6 per image)
  Total ground truths: 57,768 (18.5 per image)
  Warning: Large number of detections may slow down mAP computation
  Consider increasing evaluation.score_threshold (current: 0.05) for faster mAP matching
mAP: exact rotated IoU on CPU (backend='shapely'; GPU sampling IoU disabled)
  Computing AP for baseball-diamond: 574 dets, 364 GTs (208,936 IoU calculations)
  Computing AP for basketball-court: 521 dets, 278 GTs (144,838 IoU calculations)
  Computing AP for bridge: 2,728 dets, 666 GTs (1,816,848 IoU calculations)
  WARNING: harbor has 22,341,004 IoU calculations (5,198 dets × 4,298 GTs). This will be slow!
  Computing AP for harbor: 5,198 dets, 4,298 GTs (22,341,004 IoU calculations)
    Using chunked batch IoU computation (CPU exact (shapely)) for harbor (22,341,004 calculations)
    Processing 5,198 detections in chunks of 1,163
  WARNING: large-vehicle has 111,817,404 IoU calculations (11,898 dets × 9,398 GTs). This will be slow!
  Computing AP for large-vehicle: 11,898 dets, 9,398 GTs (111,817,404 IoU calculations)
    Using chunked batch IoU computation (CPU exact (shapely)) for large-vehicle (111,817,404 calculations)
    Processing 11,898 detections in chunks of 532
  WARNING: plane has 25,173,651 IoU calculations (5,321 dets × 4,731 GTs). This will be slow!
  Computing AP for plane: 5,321 dets, 4,731 GTs (25,173,651 IoU calculations)
    Using chunked batch IoU computation (CPU exact (shapely)) for plane (25,173,651 calculations)
    Processing 5,321 detections in chunks of 1,056
  Computing AP for roundabout: 555 dets, 256 GTs (142,080 IoU calculations)
  WARNING: ship has 278,491,884 IoU calculations (15,026 dets × 18,534 GTs). This will be slow!
  Computing AP for ship: 15,026 dets, 18,534 GTs (278,491,884 IoU calculations)
    Using chunked batch IoU computation (CPU exact (shapely)) for ship (278,491,884 calculations)
    Processing 15,026 detections in chunks of 269
  WARNING: small-vehicle has 179,009,034 IoU calculations (15,762 dets × 11,357 GTs). This will be slow!
  Computing AP for small-vehicle: 15,762 dets, 11,357 GTs (179,009,034 IoU calculations)
    Using chunked batch IoU computation (CPU exact (shapely)) for small-vehicle (179,009,034 calculations)
    Processing 15,762 detections in chunks of 440
  Computing AP for soccer-ball-field: 609 dets, 260 GTs (158,340 IoU calculations)
  WARNING: storage-tank has 46,506,564 IoU calculations (9,244 dets × 5,031 GTs). This will be slow!
  Computing AP for storage-tank: 9,244 dets, 5,031 GTs (46,506,564 IoU calculations)
    Using chunked batch IoU computation (CPU exact (shapely)) for storage-tank (46,506,564 calculations)
    Processing 9,244 detections in chunks of 993
  Computing AP for swimming-pool: 913 dets, 693 GTs (632,709 IoU calculations)
  Computing AP for tennis-court: 1,561 dets, 1,529 GTs (2,386,769 IoU calculations)
  mAP computation completed in 19m 38s. mAP: 0.7432
Validation Metrics:
--------------------------------------------------
  Eval thresholds (mAP / matching): score≥0.0500, IoU≥0.50
  Avg Detections per Image (score≥0.0500): 26.47  ↓0.21
  Avg Detections per Image (score≥0.5): 13.81  ↓0.00
  Max detection score: 1.000
  Mean detection score: 0.615
  Time per Step: 0.8316  ↓0.0002
  Accuracy: 0.6036 (60.36%)
  Correct Predictions: 42522/70451 (matched detections)
  Ground Truth objects: 57768
  GT covered pre-eval-threshold: 42544/57768
  GT covered post-eval-threshold: 42544/57768
  GT lost by eval-threshold filtering: 0
  GT cover rate pre-eval-threshold: 73.65%
  GT cover rate post-eval-threshold: 73.65%
  GT IoU vs raw dets (eval IoU threshold=0.50; per-GT max IoU over all dets / over same-class dets):
    mean best IoU (any class): 0.5923, median: 0.7523
    mean best IoU (correct class): 0.5880, median: 0.7507
    GTs with IoU≥thresh but no same-class hit (wrong-class / misaligned): 278
    GTs with no detection above IoU thresh (missed / poor loc): 14945
    GTs with 0% best IoU vs any detection (no spatial overlap): 11188 (19.37% of GTs)
    histogram best IoU (any class) [0,0.25)/[0.25,0.5)/[0.5,0.75)/[0.75,1]: 13466/1479/13608/29214
    histogram best IoU (correct class) [0,0.25)/[0.25,0.5)/[0.5,0.75)/[0.75,1]: 13761/1462/13571/28973
  Class-agnostic duplicate rate (post score thresh; IoU≥0.50 vs a higher-score box): micro=2.52% (1772/70451 boxes), macro mean over images with detections=3.59% (3120 images)
  mAP: 0.7432  ↑0.0001 (74.32%)
  Per-Class AP:
    baseball-diamond: 0.8654  ↓0.0124 (86.54%)
    basketball-court: 0.8843  ↓0.0157 (88.43%)
    bridge: 0.6237  ↑0.0517 (62.37%)
    ground-track-field: 0.8785  ↓0.0016 (87.85%)
    harbor: 0.6764  ↑0.0271 (67.64%)
    helicopter: 0.6263  ↓0.1760 (62.63%)
    large-vehicle: 0.7724  ↑0.0024 (77.24%)
    plane: 0.9046  ↑0.0038 (90.46%)
    roundabout: 0.7880  ↑0.0396 (78.80%)
    ship: 0.6270  ↑0.0004 (62.70%)
    small-vehicle: 0.4981  ↑0.0057 (49.81%)
    soccer-ball-field: 0.7713  ↑0.0040 (77.13%)
    storage-tank: 0.6975  ↑0.0684 (69.75%)
    swimming-pool: 0.6267  ↑0.0038 (62.67%)
    tennis-court: 0.9087  ↓0.0003 (90.87%)
  Ground Truth Classes: 15 classes
  Predicted Classes: 15 classes
  Timing: 4h 2m this epoch (avg 4h 5m) | ETA ~2d 17h 29m for 16 epoch(s) left, mAP every 4 epoch(s).

Epoch 21/36
--------------------------------------------------
Epoch 21/36 complete: 6846/6846 batches, loss: 0.9945
  Effective LR: ref=5.000e-03 (0=5.000e-03)
  ROI hints: pos=246.1, bg=770.9, ignore=0.0, sampled_fg=94.9, sampled_bg=388.6, matched_gt=19.3, match_rate=100.00%
Validation complete: 1561 batches
Validation Metrics:
--------------------------------------------------
  Eval thresholds (mAP / matching): score≥0.0500, IoU≥0.50
  Avg Detections per Image (score≥0.0500): 26.29  ↓0.17
  Avg Detections per Image (score≥0.5): 13.79  ↓0.02
  Max detection score: 1.000
  Mean detection score: 0.602
  Time per Step: 0.8289  ↑0.0027
  Accuracy / GT cover: (skipped — computed on mAP epochs)
  Ground Truth objects: 57768
  mAP: (skipped)
  Ground Truth Classes: 15 classes
  Predicted Classes: 15 classes
  Timing: 3h 37m this epoch (avg 4h 4m) | ETA ~2d 13h 3m for 15 epoch(s) left, mAP every 4 epoch(s).

Epoch 22/36
--------------------------------------------------
Epoch 22/36 complete: 6846/6846 batches, loss: 0.9879
  Effective LR: ref=5.000e-03 (0=5.000e-03)
  ROI hints: pos=246.3, bg=766.7, ignore=0.0, sampled_fg=95.0, sampled_bg=387.8, matched_gt=19.3, match_rate=100.00%
Validation complete: 1561 batches
Validation Metrics:
--------------------------------------------------
  Eval thresholds (mAP / matching): score≥0.0500, IoU≥0.50
  Avg Detections per Image (score≥0.0500): 26.25  ↓0.04
  Avg Detections per Image (score≥0.5): 13.80  ↑0.02
  Max detection score: 1.000
  Mean detection score: 0.566
  Time per Step: 0.8277  ↑0.0011
  Accuracy / GT cover: (skipped — computed on mAP epochs)
  Ground Truth objects: 57768
  mAP: (skipped)
  Ground Truth Classes: 15 classes
  Predicted Classes: 15 classes
  Timing: 3h 40m this epoch (avg 4h 3m) | ETA ~2d 8h 44m for 14 epoch(s) left, mAP every 4 epoch(s).

Epoch 23/36
--------------------------------------------------
Epoch 23/36 complete: 6846/6846 batches, loss: 0.9811
  Effective LR: ref=5.000e-03 (0=5.000e-03)
  ROI hints: pos=246.6, bg=762.7, ignore=0.0, sampled_fg=95.1, sampled_bg=387.1, matched_gt=19.3, match_rate=100.00%
Validation complete: 1561 batches
Validation Metrics:
--------------------------------------------------
  Eval thresholds (mAP / matching): score≥0.0500, IoU≥0.50
  Avg Detections per Image (score≥0.0500): 25.94  ↓0.31
  Avg Detections per Image (score≥0.5): 13.77  ↓0.03
  Max detection score: 1.000
  Mean detection score: 0.674
  Time per Step: 0.8263  ↑0.0014
  Accuracy / GT cover: (skipped — computed on mAP epochs)
  Ground Truth objects: 57768
  mAP: (skipped)
  Ground Truth Classes: 15 classes
  Predicted Classes: 15 classes
  Timing: 3h 39m this epoch (avg 4h 2m) | ETA ~2d 4h 27m for 13 epoch(s) left, mAP every 4 epoch(s).

Epoch 24/36
--------------------------------------------------
Epoch 24/36 complete: 6846/6846 batches, loss: 0.9748
  Effective LR: ref=5.000e-03 (0=5.000e-03)
  ROI hints: pos=246.8, bg=759.0, ignore=0.0, sampled_fg=95.2, sampled_bg=386.4, matched_gt=19.3, match_rate=100.00%

Computing mAP (periodic evaluation: every 4 epoch(s))...
Validation complete: 1561 batches

Computing mAP (this may take a while)...
  Eval filters: score≥0.0500, IoU≥0.50
  Images: 3,121
  Total detections (post score filter): 61,086 (19.6 per image)
  Total ground truths: 57,768 (18.5 per image)
  Warning: Large number of detections may slow down mAP computation
  Consider increasing evaluation.score_threshold (current: 0.05) for faster mAP matching
mAP: exact rotated IoU on CPU (backend='shapely'; GPU sampling IoU disabled)
  Computing AP for baseball-diamond: 546 dets, 364 GTs (198,744 IoU calculations)
  Computing AP for basketball-court: 507 dets, 278 GTs (140,946 IoU calculations)
  Computing AP for bridge: 1,600 dets, 666 GTs (1,065,600 IoU calculations)
  WARNING: harbor has 23,643,298 IoU calculations (5,501 dets × 4,298 GTs). This will be slow!
  Computing AP for harbor: 5,501 dets, 4,298 GTs (23,643,298 IoU calculations)
    Using chunked batch IoU computation (CPU exact (shapely)) for harbor (23,643,298 calculations)
    Processing 5,501 detections in chunks of 1,163
  WARNING: large-vehicle has 114,383,058 IoU calculations (12,171 dets × 9,398 GTs). This will be slow!
  Computing AP for large-vehicle: 12,171 dets, 9,398 GTs (114,383,058 IoU calculations)
    Using chunked batch IoU computation (CPU exact (shapely)) for large-vehicle (114,383,058 calculations)
    Processing 12,171 detections in chunks of 532
  WARNING: plane has 25,154,727 IoU calculations (5,317 dets × 4,731 GTs). This will be slow!
  Computing AP for plane: 5,317 dets, 4,731 GTs (25,154,727 IoU calculations)
    Using chunked batch IoU computation (CPU exact (shapely)) for plane (25,154,727 calculations)
    Processing 5,317 detections in chunks of 1,056
  WARNING: ship has 260,069,088 IoU calculations (14,032 dets × 18,534 GTs). This will be slow!
  Computing AP for ship: 14,032 dets, 18,534 GTs (260,069,088 IoU calculations)
    Using chunked batch IoU computation (CPU exact (shapely)) for ship (260,069,088 calculations)
    Processing 14,032 detections in chunks of 269
  WARNING: small-vehicle has 142,200,997 IoU calculations (12,521 dets × 11,357 GTs). This will be slow!
  Computing AP for small-vehicle: 12,521 dets, 11,357 GTs (142,200,997 IoU calculations)
    Using chunked batch IoU computation (CPU exact (shapely)) for small-vehicle (142,200,997 calculations)
    Processing 12,521 detections in chunks of 440
  Computing AP for soccer-ball-field: 612 dets, 260 GTs (159,120 IoU calculations)
  WARNING: storage-tank has 20,873,619 IoU calculations (4,149 dets × 5,031 GTs). This will be slow!
  Computing AP for storage-tank: 4,149 dets, 5,031 GTs (20,873,619 IoU calculations)
    Using chunked batch IoU computation (CPU exact (shapely)) for storage-tank (20,873,619 calculations)
    Processing 4,149 detections in chunks of 993
  Computing AP for swimming-pool: 1,050 dets, 693 GTs (727,650 IoU calculations)
  Computing AP for tennis-court: 2,047 dets, 1,529 GTs (3,129,863 IoU calculations)
  mAP computation completed in 19m 35s. mAP: 0.7528
Validation Metrics:
--------------------------------------------------
  Eval thresholds (mAP / matching): score≥0.0500, IoU≥0.50
  Avg Detections per Image (score≥0.0500): 25.68  ↓0.27
  Avg Detections per Image (score≥0.5): 13.74  ↓0.03
  Max detection score: 1.000
  Mean detection score: 0.661
  Time per Step: 0.8243  ↑0.0021
  Accuracy: 0.6816 (68.16%)
  Correct Predictions: 41635/61086 (matched detections)
  Ground Truth objects: 57768
  GT covered pre-eval-threshold: 41656/57768
  GT covered post-eval-threshold: 41656/57768
  GT lost by eval-threshold filtering: 0
  GT cover rate pre-eval-threshold: 72.11%
  GT cover rate post-eval-threshold: 72.11%
  GT IoU vs raw dets (eval IoU threshold=0.50; per-GT max IoU over all dets / over same-class dets):
    mean best IoU (any class): 0.5812, median: 0.7532
    mean best IoU (correct class): 0.5773, median: 0.7517
    GTs with IoU≥thresh but no same-class hit (wrong-class / misaligned): 261
    GTs with no detection above IoU thresh (missed / poor loc): 15843
    GTs with 0% best IoU vs any detection (no spatial overlap): 12678 (21.95% of GTs)
    histogram best IoU (any class) [0,0.25)/[0.25,0.5)/[0.5,0.75)/[0.75,1]: 14639/1204/12539/29378
    histogram best IoU (correct class) [0,0.25)/[0.25,0.5)/[0.5,0.75)/[0.75,1]: 14899/1205/12495/29161
  Class-agnostic duplicate rate (post score thresh; IoU≥0.50 vs a higher-score box): micro=2.74% (1674/61086 boxes), macro mean over images with detections=3.67% (3116 images)
  mAP: 0.7528  ↑0.0095 (75.28%)
  Per-Class AP:
    baseball-diamond: 0.8702  ↑0.0048 (87.02%)
    basketball-court: 0.9046  ↑0.0203 (90.46%)
    bridge: 0.6381  ↑0.0144 (63.81%)
    ground-track-field: 0.8625  ↓0.0159 (86.25%)
    harbor: 0.6757  ↓0.0007 (67.57%)
    helicopter: 0.7353  ↑0.1090 (73.53%)
    large-vehicle: 0.7745  ↑0.0021 (77.45%)
    plane: 0.9059  ↑0.0013 (90.59%)
    roundabout: 0.7990  ↑0.0111 (79.90%)
    ship: 0.6286  ↑0.0016 (62.86%)
    small-vehicle: 0.4892  ↓0.0089 (48.92%)
    soccer-ball-field: 0.8314  ↑0.0601 (83.14%)
    storage-tank: 0.6284  ↓0.0690 (62.84%)
    swimming-pool: 0.6393  ↑0.0127 (63.93%)
    tennis-court: 0.9090  ↑0.0003 (90.90%)
  Ground Truth Classes: 15 classes
  Predicted Classes: 15 classes
  Timing: 3h 59m this epoch (avg 4h 2m) | ETA ~2d 0h 24m for 12 epoch(s) left, mAP every 4 epoch(s).

Epoch 25/36
--------------------------------------------------
Epoch 25/36 complete: 6846/6846 batches, loss: 0.9641
  Effective LR: ref=5.000e-04 (0=5.000e-04)
  ROI hints: pos=246.9, bg=748.6, ignore=0.0, sampled_fg=95.4, sampled_bg=384.3, matched_gt=19.3, match_rate=100.00%
Validation complete: 1561 batches
Validation Metrics:
--------------------------------------------------
  Eval thresholds (mAP / matching): score≥0.0500, IoU≥0.50
  Avg Detections per Image (score≥0.0500): 25.48  ↓0.20
  Avg Detections per Image (score≥0.5): 13.75  ↑0.01
  Max detection score: 1.000
  Mean detection score: 0.686
  Time per Step: 0.8211  ↑0.0031
  Accuracy / GT cover: (skipped — computed on mAP epochs)
  Ground Truth objects: 57768
  mAP: (skipped)
  Ground Truth Classes: 15 classes
  Predicted Classes: 15 classes
  Timing: 3h 4m this epoch (avg 3h 59m) | ETA ~1d 19h 57m for 11 epoch(s) left, mAP every 4 epoch(s).

Epoch 26/36
--------------------------------------------------
Epoch 26/36 complete: 6846/6846 batches, loss: 0.9525
  Effective LR: ref=5.000e-04 (0=5.000e-04)
  ROI hints: pos=246.8, bg=737.1, ignore=0.0, sampled_fg=95.5, sampled_bg=381.7, matched_gt=19.3, match_rate=100.00%
Validation complete: 1561 batches
Validation Metrics:
--------------------------------------------------
  Eval thresholds (mAP / matching): score≥0.0500, IoU≥0.50
  Avg Detections per Image (score≥0.0500): 25.30  ↓0.18
  Avg Detections per Image (score≥0.5): 13.77  ↑0.02
  Max detection score: 1.000
  Mean detection score: 0.692
  Time per Step: 0.8180  ↑0.0031
  Accuracy / GT cover: (skipped — computed on mAP epochs)
  Ground Truth objects: 57768
  mAP: (skipped)
  Ground Truth Classes: 15 classes
  Predicted Classes: 15 classes
  Timing: 2h 55m this epoch (avg 3h 57m) | ETA ~1d 15h 32m for 10 epoch(s) left, mAP every 4 epoch(s).

Epoch 27/36
--------------------------------------------------
Epoch 27/36 complete: 6846/6846 batches, loss: 0.9411
  Effective LR: ref=5.000e-04 (0=5.000e-04)
  ROI hints: pos=246.6, bg=725.6, ignore=0.0, sampled_fg=95.6, sampled_bg=378.9, matched_gt=19.3, match_rate=100.00%
Validation complete: 1561 batches
Validation Metrics:
--------------------------------------------------
  Eval thresholds (mAP / matching): score≥0.0500, IoU≥0.50
  Avg Detections per Image (score≥0.0500): 25.11  ↓0.20
  Avg Detections per Image (score≥0.5): 13.79  ↑0.01
  Max detection score: 1.000
  Mean detection score: 0.715
  Time per Step: 0.8150  ↑0.0030
  Accuracy / GT cover: (skipped — computed on mAP epochs)
  Ground Truth objects: 57768
  mAP: (skipped)
  Ground Truth Classes: 15 classes
  Predicted Classes: 15 classes
  Timing: 2h 50m this epoch (avg 3h 54m) | ETA ~1d 11h 13m for 9 epoch(s) left, mAP every 4 epoch(s).

Epoch 28/36
--------------------------------------------------
Epoch 28/36 complete: 6846/6846 batches, loss: 0.9300
  Effective LR: ref=5.000e-04 (0=5.000e-04)
  ROI hints: pos=246.4, bg=714.4, ignore=0.0, sampled_fg=95.8, sampled_bg=376.1, matched_gt=19.3, match_rate=100.00%

Computing mAP (periodic evaluation: every 4 epoch(s))...
Validation complete: 1561 batches

Computing mAP (this may take a while)...
  Eval filters: score≥0.0500, IoU≥0.50
  Images: 3,121
  Total detections (post score filter): 64,070 (20.5 per image)
  Total ground truths: 57,768 (18.5 per image)
  Warning: Large number of detections may slow down mAP computation
  Consider increasing evaluation.score_threshold (current: 0.05) for faster mAP matching
mAP: exact rotated IoU on CPU (backend='shapely'; GPU sampling IoU disabled)
  Computing AP for baseball-diamond: 507 dets, 364 GTs (184,548 IoU calculations)
  Computing AP for basketball-court: 368 dets, 278 GTs (102,304 IoU calculations)
  Computing AP for bridge: 1,855 dets, 666 GTs (1,235,430 IoU calculations)
  WARNING: harbor has 21,373,954 IoU calculations (4,973 dets × 4,298 GTs). This will be slow!
  Computing AP for harbor: 4,973 dets, 4,298 GTs (21,373,954 IoU calculations)
    Using chunked batch IoU computation (CPU exact (shapely)) for harbor (21,373,954 calculations)
    Processing 4,973 detections in chunks of 1,163
  WARNING: large-vehicle has 111,601,250 IoU calculations (11,875 dets × 9,398 GTs). This will be slow!
  Computing AP for large-vehicle: 11,875 dets, 9,398 GTs (111,601,250 IoU calculations)
    Using chunked batch IoU computation (CPU exact (shapely)) for large-vehicle (111,601,250 calculations)
    Processing 11,875 detections in chunks of 532
  WARNING: plane has 23,683,386 IoU calculations (5,006 dets × 4,731 GTs). This will be slow!
  Computing AP for plane: 5,006 dets, 4,731 GTs (23,683,386 IoU calculations)
    Using chunked batch IoU computation (CPU exact (shapely)) for plane (23,683,386 calculations)
    Processing 5,006 detections in chunks of 1,056
  Computing AP for roundabout: 398 dets, 256 GTs (101,888 IoU calculations)
  WARNING: ship has 278,788,428 IoU calculations (15,042 dets × 18,534 GTs). This will be slow!
  Computing AP for ship: 15,042 dets, 18,534 GTs (278,788,428 IoU calculations)
    Using chunked batch IoU computation (CPU exact (shapely)) for ship (278,788,428 calculations)
    Processing 15,042 detections in chunks of 269
  WARNING: small-vehicle has 171,388,487 IoU calculations (15,091 dets × 11,357 GTs). This will be slow!
  Computing AP for small-vehicle: 15,091 dets, 11,357 GTs (171,388,487 IoU calculations)
    Using chunked batch IoU computation (CPU exact (shapely)) for small-vehicle (171,388,487 calculations)
    Processing 15,091 detections in chunks of 440
  Computing AP for soccer-ball-field: 467 dets, 260 GTs (121,420 IoU calculations)
  WARNING: storage-tank has 25,612,821 IoU calculations (5,091 dets × 5,031 GTs). This will be slow!
  Computing AP for storage-tank: 5,091 dets, 5,031 GTs (25,612,821 IoU calculations)
    Using chunked batch IoU computation (CPU exact (shapely)) for storage-tank (25,612,821 calculations)
    Processing 5,091 detections in chunks of 993
  Computing AP for swimming-pool: 1,185 dets, 693 GTs (821,205 IoU calculations)
  Computing AP for tennis-court: 1,632 dets, 1,529 GTs (2,495,328 IoU calculations)
  mAP computation completed in 18m 33s. mAP: 0.8101
Validation Metrics:
--------------------------------------------------
  Eval thresholds (mAP / matching): score≥0.0500, IoU≥0.50
  Avg Detections per Image (score≥0.0500): 24.94  ↓0.16
  Avg Detections per Image (score≥0.5): 13.80  ↑0.02
  Max detection score: 1.000
  Mean detection score: 0.704
  Time per Step: 0.8122  ↑0.0029
  Accuracy: 0.6713 (67.13%)
  Correct Predictions: 43011/64070 (matched detections)
  Ground Truth objects: 57768
  GT covered pre-eval-threshold: 43036/57768
  GT covered post-eval-threshold: 43036/57768
  GT lost by eval-threshold filtering: 0
  GT cover rate pre-eval-threshold: 74.50%
  GT cover rate post-eval-threshold: 74.50%
  GT IoU vs raw dets (eval IoU threshold=0.50; per-GT max IoU over all dets / over same-class dets):
    mean best IoU (any class): 0.6167, median: 0.7874
    mean best IoU (correct class): 0.6140, median: 0.7867
    GTs with IoU≥thresh but no same-class hit (wrong-class / misaligned): 169
    GTs with no detection above IoU thresh (missed / poor loc): 14556
    GTs with 0% best IoU vs any detection (no spatial overlap): 11087 (19.19% of GTs)
    histogram best IoU (any class) [0,0.25)/[0.25,0.5)/[0.5,0.75)/[0.75,1]: 13316/1240/9235/33970
    histogram best IoU (correct class) [0,0.25)/[0.25,0.5)/[0.5,0.75)/[0.75,1]: 13498/1227/9193/33843
  Class-agnostic duplicate rate (post score thresh; IoU≥0.50 vs a higher-score box): micro=1.34% (857/64070 boxes), macro mean over images with detections=1.65% (3119 images)
  mAP: 0.8101  ↑0.0574 (81.01%)
  Per-Class AP:
    baseball-diamond: 0.8998  ↑0.0297 (89.98%)
    basketball-court: 0.9070  ↑0.0024 (90.70%)
    bridge: 0.7765  ↑0.1384 (77.65%)
    ground-track-field: 0.8979  ↑0.0354 (89.79%)
    harbor: 0.7939  ↑0.1182 (79.39%)
    helicopter: 0.8939  ↑0.1586 (89.39%)
    large-vehicle: 0.7713  ↓0.0033 (77.13%)
    plane: 0.9082  ↑0.0023 (90.82%)
    roundabout: 0.8741  ↑0.0751 (87.41%)
    ship: 0.6303  ↑0.0017 (63.03%)
    small-vehicle: 0.5542  ↑0.0651 (55.42%)
    soccer-ball-field: 0.8780  ↑0.0466 (87.80%)
    storage-tank: 0.7088  ↑0.0803 (70.88%)
    swimming-pool: 0.7492  ↑0.1098 (74.92%)
    tennis-court: 0.9090  ↑0.0000 (90.90%)
  Ground Truth Classes: 15 classes
  Predicted Classes: 15 classes
  Timing: 3h 7m this epoch (avg 3h 53m) | ETA ~1d 7h 4m for 8 epoch(s) left, mAP every 4 epoch(s).

Epoch 29/36
--------------------------------------------------
Epoch 29/36 complete: 6846/6846 batches, loss: 0.9195
  Effective LR: ref=5.000e-04 (0=5.000e-04)
  ROI hints: pos=246.2, bg=703.8, ignore=0.0, sampled_fg=95.9, sampled_bg=373.5, matched_gt=19.3, match_rate=100.00%
Validation complete: 1561 batches
Validation Metrics:
--------------------------------------------------
  Eval thresholds (mAP / matching): score≥0.0500, IoU≥0.50
  Avg Detections per Image (score≥0.0500): 24.74  ↓0.20
  Avg Detections per Image (score≥0.5): 13.81  ↑0.01
  Max detection score: 1.000
  Mean detection score: 0.738
  Time per Step: 0.8093  ↑0.0029
  Accuracy / GT cover: (skipped — computed on mAP epochs)
  Ground Truth objects: 57768
  mAP: (skipped)
  Ground Truth Classes: 15 classes
  Predicted Classes: 15 classes
  Timing: 2h 46m this epoch (avg 3h 50m) | ETA ~1d 2h 55m for 7 epoch(s) left, mAP every 4 epoch(s).

Epoch 30/36
--------------------------------------------------
Epoch 30/36 complete: 6846/6846 batches, loss: 0.9091
  Effective LR: ref=5.000e-04 (0=5.000e-04)
  ROI hints: pos=245.9, bg=693.5, ignore=0.0, sampled_fg=96.0, sampled_bg=370.8, matched_gt=19.3, match_rate=100.00%
Validation complete: 1561 batches
Validation Metrics:
--------------------------------------------------
  Eval thresholds (mAP / matching): score≥0.0500, IoU≥0.50
  Avg Detections per Image (score≥0.0500): 24.57  ↓0.17
  Avg Detections per Image (score≥0.5): 13.82  ↑0.01
  Max detection score: 1.000
  Mean detection score: 0.726
  Time per Step: 0.8067  ↑0.0026
  Accuracy / GT cover: (skipped — computed on mAP epochs)
  Ground Truth objects: 57768
  mAP: (skipped)
  Ground Truth Classes: 15 classes
  Predicted Classes: 15 classes
  Timing: 2h 43m this epoch (avg 3h 48m) | ETA ~22h 51m for 6 epoch(s) left, mAP every 4 epoch(s).

Epoch 31/36
--------------------------------------------------
Epoch 31/36 complete: 6846/6846 batches, loss: 0.8993
  Effective LR: ref=5.000e-04 (0=5.000e-04)
  ROI hints: pos=245.7, bg=683.6, ignore=0.0, sampled_fg=96.1, sampled_bg=368.1, matched_gt=19.3, match_rate=100.00%
Validation complete: 1561 batches
Validation Metrics:
--------------------------------------------------
  Eval thresholds (mAP / matching): score≥0.0500, IoU≥0.50
  Avg Detections per Image (score≥0.0500): 24.43  ↓0.14
  Avg Detections per Image (score≥0.5): 13.84  ↑0.02
  Max detection score: 1.000
  Mean detection score: 0.723
  Time per Step: 0.8044  ↑0.0023
  Accuracy / GT cover: (skipped — computed on mAP epochs)
  Ground Truth objects: 57768
  mAP: (skipped)
  Ground Truth Classes: 15 classes
  Predicted Classes: 15 classes
  Timing: 2h 42m this epoch (avg 3h 46m) | ETA ~18h 52m for 5 epoch(s) left, mAP every 4 epoch(s).

Epoch 32/36
--------------------------------------------------
Epoch 32/36 complete: 6846/6846 batches, loss: 0.8898
  Effective LR: ref=5.000e-04 (0=5.000e-04)
  ROI hints: pos=245.5, bg=674.2, ignore=0.0, sampled_fg=96.2, sampled_bg=365.6, matched_gt=19.3, match_rate=100.00%

Computing mAP (periodic evaluation: every 4 epoch(s))...
Validation complete: 1561 batches

Computing mAP (this may take a while)...
  Eval filters: score≥0.0500, IoU≥0.50
  Images: 3,121
  Total detections (post score filter): 64,474 (20.7 per image)
  Total ground truths: 57,768 (18.5 per image)
  Warning: Large number of detections may slow down mAP computation
  Consider increasing evaluation.score_threshold (current: 0.05) for faster mAP matching
mAP: exact rotated IoU on CPU (backend='shapely'; GPU sampling IoU disabled)
  Computing AP for baseball-diamond: 470 dets, 364 GTs (171,080 IoU calculations)
  Computing AP for basketball-court: 390 dets, 278 GTs (108,420 IoU calculations)
  Computing AP for bridge: 2,019 dets, 666 GTs (1,344,654 IoU calculations)
  WARNING: harbor has 22,452,752 IoU calculations (5,224 dets × 4,298 GTs). This will be slow!
  Computing AP for harbor: 5,224 dets, 4,298 GTs (22,452,752 IoU calculations)
    Using chunked batch IoU computation (CPU exact (shapely)) for harbor (22,452,752 calculations)
    Processing 5,224 detections in chunks of 1,163
  WARNING: large-vehicle has 101,761,544 IoU calculations (10,828 dets × 9,398 GTs). This will be slow!
  Computing AP for large-vehicle: 10,828 dets, 9,398 GTs (101,761,544 IoU calculations)
    Using chunked batch IoU computation (CPU exact (shapely)) for large-vehicle (101,761,544 calculations)
    Processing 10,828 detections in chunks of 532
  WARNING: plane has 23,560,380 IoU calculations (4,980 dets × 4,731 GTs). This will be slow!
  Computing AP for plane: 4,980 dets, 4,731 GTs (23,560,380 IoU calculations)
    Using chunked batch IoU computation (CPU exact (shapely)) for plane (23,560,380 calculations)
    Processing 4,980 detections in chunks of 1,056
  Computing AP for roundabout: 495 dets, 256 GTs (126,720 IoU calculations)
  WARNING: ship has 279,752,196 IoU calculations (15,094 dets × 18,534 GTs). This will be slow!
  Computing AP for ship: 15,094 dets, 18,534 GTs (279,752,196 IoU calculations)
    Using chunked batch IoU computation (CPU exact (shapely)) for ship (279,752,196 calculations)
    Processing 15,094 detections in chunks of 269
  WARNING: small-vehicle has 180,814,797 IoU calculations (15,921 dets × 11,357 GTs). This will be slow!
  Computing AP for small-vehicle: 15,921 dets, 11,357 GTs (180,814,797 IoU calculations)
    Using chunked batch IoU computation (CPU exact (shapely)) for small-vehicle (180,814,797 calculations)
    Processing 15,921 detections in chunks of 440
  Computing AP for soccer-ball-field: 477 dets, 260 GTs (124,020 IoU calculations)
  WARNING: storage-tank has 25,939,836 IoU calculations (5,156 dets × 5,031 GTs). This will be slow!
  Computing AP for storage-tank: 5,156 dets, 5,031 GTs (25,939,836 IoU calculations)
    Using chunked batch IoU computation (CPU exact (shapely)) for storage-tank (25,939,836 calculations)
    Processing 5,156 detections in chunks of 993
  Computing AP for swimming-pool: 1,189 dets, 693 GTs (823,977 IoU calculations)
  Computing AP for tennis-court: 1,658 dets, 1,529 GTs (2,535,082 IoU calculations)
  mAP computation completed in 18m 55s. mAP: 0.8176
Validation Metrics:
--------------------------------------------------
  Eval thresholds (mAP / matching): score≥0.0500, IoU≥0.50
  Avg Detections per Image (score≥0.0500): 24.31  ↓0.12
  Avg Detections per Image (score≥0.5): 13.86  ↑0.02
  Max detection score: 1.000
  Mean detection score: 0.713
  Time per Step: 0.8023  ↑0.0021
  Accuracy: 0.6782 (67.82%)
  Correct Predictions: 43726/64474 (matched detections)
  Ground Truth objects: 57768
  GT covered pre-eval-threshold: 43746/57768
  GT covered post-eval-threshold: 43746/57768
  GT lost by eval-threshold filtering: 0
  GT cover rate pre-eval-threshold: 75.73%
  GT cover rate post-eval-threshold: 75.73%
  GT IoU vs raw dets (eval IoU threshold=0.50; per-GT max IoU over all dets / over same-class dets):
    mean best IoU (any class): 0.6278, median: 0.7956
    mean best IoU (correct class): 0.6253, median: 0.7950
    GTs with IoU≥thresh but no same-class hit (wrong-class / misaligned): 152
    GTs with no detection above IoU thresh (missed / poor loc): 13863
    GTs with 0% best IoU vs any detection (no spatial overlap): 10923 (18.91% of GTs)
    histogram best IoU (any class) [0,0.25)/[0.25,0.5)/[0.5,0.75)/[0.75,1]: 12951/912/8452/35446
    histogram best IoU (correct class) [0,0.25)/[0.25,0.5)/[0.5,0.75)/[0.75,1]: 13115/900/8425/35321
  Class-agnostic duplicate rate (post score thresh; IoU≥0.50 vs a higher-score box): micro=1.28% (827/64474 boxes), macro mean over images with detections=1.54% (3119 images)
  mAP: 0.8176  ↑0.0074 (81.76%)
  Per-Class AP:
    baseball-diamond: 0.9034  ↑0.0036 (90.34%)
    basketball-court: 0.9080  ↑0.0010 (90.80%)
    bridge: 0.7905  ↑0.0140 (79.05%)
    ground-track-field: 0.9024  ↑0.0045 (90.24%)
    harbor: 0.7966  ↑0.0027 (79.66%)
    helicopter: 0.9041  ↑0.0103 (90.41%)
    large-vehicle: 0.7938  ↑0.0225 (79.38%)
    plane: 0.9083  ↑0.0001 (90.83%)
    roundabout: 0.8875  ↑0.0134 (88.75%)
    ship: 0.6338  ↑0.0035 (63.38%)
    small-vehicle: 0.5692  ↑0.0150 (56.92%)
    soccer-ball-field: 0.8885  ↑0.0105 (88.85%)
    storage-tank: 0.7086  ↓0.0002 (70.86%)
    swimming-pool: 0.7596  ↑0.0104 (75.96%)
    tennis-court: 0.9091  ↑0.0001 (90.91%)
  Ground Truth Classes: 15 classes
  Predicted Classes: 15 classes
  Timing: 3h 2m this epoch (avg 3h 45m) | ETA ~15h 0m for 4 epoch(s) left, mAP every 4 epoch(s).

Epoch 33/36
--------------------------------------------------
Epoch 33/36 complete: 6846/6846 batches, loss: 0.8807
  Effective LR: ref=5.000e-04 (0=5.000e-04)
  ROI hints: pos=245.3, bg=665.3, ignore=0.0, sampled_fg=96.2, sampled_bg=363.2, matched_gt=19.3, match_rate=100.00%
Validation complete: 1561 batches
Validation Metrics:
--------------------------------------------------
  Eval thresholds (mAP / matching): score≥0.0500, IoU≥0.50
  Avg Detections per Image (score≥0.0500): 24.14  ↓0.17
  Avg Detections per Image (score≥0.5): 13.86  ↓0.00
  Max detection score: 1.000
  Mean detection score: 0.741
  Time per Step: 0.8000  ↑0.0023
  Accuracy / GT cover: (skipped — computed on mAP epochs)
  Ground Truth objects: 57768
  mAP: (skipped)
  Ground Truth Classes: 15 classes
  Predicted Classes: 15 classes
  Timing: 2h 41m this epoch (avg 3h 43m) | ETA ~11h 9m for 3 epoch(s) left, mAP every 4 epoch(s).

Epoch 34/36
--------------------------------------------------
Epoch 34/36 complete: 6846/6846 batches, loss: 0.8714
  Effective LR: ref=5.000e-05 (0=5.000e-05)
  ROI hints: pos=245.1, bg=656.6, ignore=0.0, sampled_fg=96.3, sampled_bg=360.9, matched_gt=19.3, match_rate=100.00%
Validation complete: 1561 batches
Validation Metrics:
--------------------------------------------------
  Eval thresholds (mAP / matching): score≥0.0500, IoU≥0.50
  Avg Detections per Image (score≥0.0500): 23.99  ↓0.15
  Avg Detections per Image (score≥0.5): 13.87  ↑0.01
  Max detection score: 1.000
  Mean detection score: 0.743
  Time per Step: 0.7977  ↑0.0023
  Accuracy / GT cover: (skipped — computed on mAP epochs)
  Ground Truth objects: 57768
  mAP: (skipped)
  Ground Truth Classes: 15 classes
  Predicted Classes: 15 classes
  Timing: 2h 39m this epoch (avg 3h 41m) | ETA ~7h 22m for 2 epoch(s) left, mAP every 4 epoch(s).

Epoch 35/36
--------------------------------------------------
Epoch 35/36 complete: 6846/6846 batches, loss: 0.8626
  Effective LR: ref=5.000e-05 (0=5.000e-05)
  ROI hints: pos=244.9, bg=648.2, ignore=0.0, sampled_fg=96.4, sampled_bg=358.5, matched_gt=19.3, match_rate=100.00%
Validation complete: 1561 batches
Validation Metrics:
--------------------------------------------------
  Eval thresholds (mAP / matching): score≥0.0500, IoU≥0.50
  Avg Detections per Image (score≥0.0500): 23.85  ↓0.14
  Avg Detections per Image (score≥0.5): 13.88  ↑0.01
  Max detection score: 1.000
  Mean detection score: 0.745
  Time per Step: 0.7954  ↑0.0023
  Accuracy / GT cover: (skipped — computed on mAP epochs)
  Ground Truth objects: 57768
  mAP: (skipped)
  Ground Truth Classes: 15 classes
  Predicted Classes: 15 classes
  Timing: 2h 37m this epoch (avg 3h 39m) | ETA ~3h 39m for 1 epoch(s) left, mAP every 4 epoch(s).

Epoch 36/36
--------------------------------------------------
Epoch 36/36 complete: 6846/6846 batches, loss: 0.8542
  Effective LR: ref=5.000e-05 (0=5.000e-05)
  ROI hints: pos=244.7, bg=640.3, ignore=0.0, sampled_fg=96.5, sampled_bg=356.2, matched_gt=19.3, match_rate=100.00%

Computing mAP (periodic evaluation: every 4 epoch(s))...
Validation complete: 1561 batches

Computing mAP (this may take a while)...
  Eval filters: score≥0.0500, IoU≥0.50
  Images: 3,121
  Total detections (post score filter): 60,044 (19.2 per image)
  Total ground truths: 57,768 (18.5 per image)
  Warning: Large number of detections may slow down mAP computation
  Consider increasing evaluation.score_threshold (current: 0.05) for faster mAP matching
mAP: exact rotated IoU on CPU (backend='shapely'; GPU sampling IoU disabled)
  Computing AP for baseball-diamond: 447 dets, 364 GTs (162,708 IoU calculations)
  Computing AP for bridge: 1,636 dets, 666 GTs (1,089,576 IoU calculations)
  WARNING: harbor has 21,167,650 IoU calculations (4,925 dets × 4,298 GTs). This will be slow!
  Computing AP for harbor: 4,925 dets, 4,298 GTs (21,167,650 IoU calculations)
    Using chunked batch IoU computation (CPU exact (shapely)) for harbor (21,167,650 calculations)
    Processing 4,925 detections in chunks of 1,163
  WARNING: large-vehicle has 102,776,528 IoU calculations (10,936 dets × 9,398 GTs). This will be slow!
  Computing AP for large-vehicle: 10,936 dets, 9,398 GTs (102,776,528 IoU calculations)
    Using chunked batch IoU computation (CPU exact (shapely)) for large-vehicle (102,776,528 calculations)
    Processing 10,936 detections in chunks of 532
  WARNING: plane has 23,196,093 IoU calculations (4,903 dets × 4,731 GTs). This will be slow!
  Computing AP for plane: 4,903 dets, 4,731 GTs (23,196,093 IoU calculations)
    Using chunked batch IoU computation (CPU exact (shapely)) for plane (23,196,093 calculations)
    Processing 4,903 detections in chunks of 1,056
  WARNING: ship has 272,801,946 IoU calculations (14,719 dets × 18,534 GTs). This will be slow!
  Computing AP for ship: 14,719 dets, 18,534 GTs (272,801,946 IoU calculations)
    Using chunked batch IoU computation (CPU exact (shapely)) for ship (272,801,946 calculations)
    Processing 14,719 detections in chunks of 269
  WARNING: small-vehicle has 153,626,139 IoU calculations (13,527 dets × 11,357 GTs). This will be slow!
  Computing AP for small-vehicle: 13,527 dets, 11,357 GTs (153,626,139 IoU calculations)
    Using chunked batch IoU computation (CPU exact (shapely)) for small-vehicle (153,626,139 calculations)
    Processing 13,527 detections in chunks of 440
  Computing AP for soccer-ball-field: 404 dets, 260 GTs (105,040 IoU calculations)
  WARNING: storage-tank has 23,781,537 IoU calculations (4,727 dets × 5,031 GTs). This will be slow!
  Computing AP for storage-tank: 4,727 dets, 5,031 GTs (23,781,537 IoU calculations)
    Using chunked batch IoU computation (CPU exact (shapely)) for storage-tank (23,781,537 calculations)
    Processing 4,727 detections in chunks of 993
  Computing AP for swimming-pool: 1,054 dets, 693 GTs (730,422 IoU calculations)
  Computing AP for tennis-court: 1,571 dets, 1,529 GTs (2,402,059 IoU calculations)
  mAP computation completed in 17m 52s. mAP: 0.8199
Validation Metrics:
--------------------------------------------------
  Eval thresholds (mAP / matching): score≥0.0500, IoU≥0.50
  Avg Detections per Image (score≥0.0500): 23.73  ↓0.13
  Avg Detections per Image (score≥0.5): 13.89  ↑0.01
  Max detection score: 1.000
  Mean detection score: 0.744
  Time per Step: 0.7933  ↑0.0021
  Accuracy: 0.7257 (72.57%)
  Correct Predictions: 43575/60044 (matched detections)
  Ground Truth objects: 57768
  GT covered pre-eval-threshold: 43594/57768
  GT covered post-eval-threshold: 43594/57768
  GT lost by eval-threshold filtering: 0
  GT cover rate pre-eval-threshold: 75.46%
  GT cover rate post-eval-threshold: 75.46%
  GT IoU vs raw dets (eval IoU threshold=0.50; per-GT max IoU over all dets / over same-class dets):
    mean best IoU (any class): 0.6267, median: 0.7964
    mean best IoU (correct class): 0.6242, median: 0.7957
    GTs with IoU≥thresh but no same-class hit (wrong-class / misaligned): 158
    GTs with no detection above IoU thresh (missed / poor loc): 14005
    GTs with 0% best IoU vs any detection (no spatial overlap): 11071 (19.17% of GTs)
    histogram best IoU (any class) [0,0.25)/[0.25,0.5)/[0.5,0.75)/[0.75,1]: 13107/898/8298/35454
    histogram best IoU (correct class) [0,0.25)/[0.25,0.5)/[0.5,0.75)/[0.75,1]: 13272/891/8263/35331
  Class-agnostic duplicate rate (post score thresh; IoU≥0.50 vs a higher-score box): micro=1.15% (689/60044 boxes), macro mean over images with detections=1.38% (3116 images)
  mAP: 0.8199  ↑0.0023 (81.99%)
  Per-Class AP:
    baseball-diamond: 0.9052  ↑0.0017 (90.52%)
    basketball-court: 0.9084  ↑0.0004 (90.84%)
    bridge: 0.7937  ↑0.0031 (79.37%)
    ground-track-field: 0.9037  ↑0.0013 (90.37%)
    harbor: 0.8005  ↑0.0039 (80.05%)
    helicopter: 0.9072  ↑0.0031 (90.72%)
    large-vehicle: 0.7915  ↓0.0022 (79.15%)
    plane: 0.9083  ↓0.0001 (90.83%)
    roundabout: 0.8891  ↑0.0016 (88.91%)
    ship: 0.6336  ↓0.0001 (63.36%)
    small-vehicle: 0.5703  ↑0.0011 (57.03%)
    soccer-ball-field: 0.8952  ↑0.0067 (89.52%)
    storage-tank: 0.7123  ↑0.0038 (71.23%)
    swimming-pool: 0.7701  ↑0.0105 (77.01%)
    tennis-court: 0.9090  ↓0.0001 (90.90%)
  Ground Truth Classes: 15 classes
  Predicted Classes: 15 classes
  Timing: 2h 56m this epoch (avg 3h 38m) | Training loop finished (no final mAP).

================================================================================
Training timing summary
================================================================================
  Started:   2026-06-21T09:28:35+00:00
  Finished:  2026-06-26T20:24:58+00:00
  Total wall: 5d 10h 56m (471382.4 s)
  Epochs:    36 completed (mean 3h 38m, min 2h 37m, max 4h 46m)
================================================================================

================================================================================
Training completed successfully!
================================================================================
Experiment directory: /home/jeffaudi/oriented-det/runs/oriented_rcnn/20260621-092802
  Checkpoints saved to: /home/jeffaudi/oriented-det/runs/oriented_rcnn/20260621-092802/checkpoints
  TensorBoard logs saved to: /home/jeffaudi/oriented-det/runs/oriented_rcnn/20260621-092802
  Config saved to: /home/jeffaudi/oriented-det/runs/oriented_rcnn/20260621-092802/config.json

View TensorBoard with:
  tensorboard --logdir /home/jeffaudi/oriented-det/runs/oriented_rcnn
  tensorboard --logdir /home/jeffaudi/oriented-det/runs/oriented_rcnn/20260621-092802
