Loading configuration from: configs/oriented_rcnn/hrsc2016_le90_3x.json
Training log file: /home/jeffaudi/oriented-det/runs/oriented_rcnn/20260830-163857/train.log
================================================================================
ORIENTED_RCNN Training
================================================================================
Source git: v0.2.0-dirty (dirty working tree)
Source branch: main
Source commit date: 2026-08-25T05:26:03+00:00
Package: oriented-det 0.1.0
PyTorch Version: 2.3.0+cu121
CUDA Available: True
MPS (Apple Silicon) Available: False
CUDA Device: NVIDIA L4
Mixed Precision (AMP): False

Loading datasets...

Using HRSC2016 dataset: /path/to/data/HRSC2016 (train ImageSets=trainval, val ImageSets=test)
HRSC2016 filter_empty_gt:
  train: filter_empty_gt dropped 0 / 617 images (617 kept)
  val: filter_empty_gt dropped 15 / 453 images (438 kept)

Found 1 classes:
  0: ship

Number of classes (foreground): 1
Class mapping: {'ship': 1}

Analyzing class distribution in training set...

================================================================================
Class Distribution Analysis - Training Set
================================================================================
Total objects: 1,748
Total classes: 1

Class Name           Count        Percentage  
--------------------------------------------------------------------------------
ship                      1,748      100.00%
--------------------------------------------------------------------------------

Imbalance Ratio (max/min): 1.00x
Most frequent class: ship (1,748 instances)
Least frequent class: ship (1,748 instances)

Class weighting disabled (loss_type=cross_entropy)

Loss configuration: cross_entropy


Training configuration created:
  Model type: oriented_rcnn
  Experiment timestamp: 20260830-163857
  Number of classes: 1
  Batch size: 2
  Learning rate: 0.005
  Epochs: 36

Creating collate functions...
  - Training: no Albumentations augmentation (flips: horizontal, vertical, diagonal; rotate p=0.5 ±20°)
  - Validation: no augmentation

Creating data loaders...
Training samples: 617
Validation samples: 438
Batches per epoch: 309

Creating model...
Using device: cuda

Complete ORIENTED_RCNN model created:
  Backbone: resnet50
  Number of classes: 1 (foreground)
  Pretrained backbone: True
  Trainable backbone layers: 3 (last 3 stages) (frozen_stages=1)
  RPN anchor reference angles (fixed horizontal priors, not configurable): ['0.0°']
  Anchor scales: [8]
  Anchor ratios: [0.5, 1.0, 2.0]
  FPN strides: [4, 8, 16, 32, 64]
  FPN levels: 5 (P2, P3, P4, P5, P6)
  ROI Loss Type: cross_entropy

  Total parameters: 41,297,628
  Trainable parameters: 41,075,228

Configuration saved to: /home/jeffaudi/oriented-det/runs/oriented_rcnn/20260830-163857/config.json

Learning rate warmup enabled: 500 optimizer steps
  Warmup: 0 → 0.005 over 500 steps
  After warmup: MultiStepLR at epochs [24, 33], gamma=0.1

Experiment directory: /home/jeffaudi/oriented-det/runs/oriented_rcnn/20260830-163857
TensorBoard logging enabled. Logs saved to: /home/jeffaudi/oriented-det/runs/oriented_rcnn/20260830-163857
View logs with: tensorboard --logdir /home/jeffaudi/oriented-det/runs/oriented_rcnn
View this experiment with: tensorboard --logdir /home/jeffaudi/oriented-det/runs/oriented_rcnn/20260830-163857

Training configuration:
  Epochs: 36
  Learning rate: 0.005000
  Batch size per GPU: 2
  Gradient accumulation: 1
  Best checkpoint metric: mAP (higher_is_better=True)
  Effective batch size: 2
  Mixed precision: False
  Eval (mAP / val matching): score_threshold=0.05, iou_threshold=0.5 (production.score_threshold overrides evaluation when set)
  Eval IoU backend (mAP / GT cover): exact CPU polygon
  Eval IoU backend (final mAP): exact CPU polygon

Starting training from scratch (no checkpoint loaded)

Starting epoch: 0

Profiling disabled

================================================================================
Starting training...
================================================================================
TensorBoard: tensorboard --logdir /home/jeffaudi/oriented-det/runs/oriented_rcnn
================================================================================

Training started at: 2026-08-30T16:38:58+00:00

Epoch 1/36
--------------------------------------------------
/home/jeffaudi/.pyenv/versions/3.12.12/envs/oriented-det/lib/python3.12/site-packages/torch/nn/modules/conv.py:456: UserWarning: Plan failed with a cudnnException: CUDNN_BACKEND_EXECUTION_PLAN_DESCRIPTOR: cudnnFinalize Descriptor Failed cudnn_status: CUDNN_STATUS_NOT_SUPPORTED (Triggered internally at ../aten/src/ATen/native/cudnn/Conv_v8.cpp:919.)
  return F.conv2d(input, weight, bias, self.stride,
/home/jeffaudi/.pyenv/versions/3.12.12/envs/oriented-det/lib/python3.12/site-packages/torch/autograd/graph.py:744: UserWarning: Plan failed with a cudnnException: CUDNN_BACKEND_EXECUTION_PLAN_DESCRIPTOR: cudnnFinalize Descriptor Failed cudnn_status: CUDNN_STATUS_NOT_SUPPORTED (Triggered internally at ../aten/src/ATen/native/cudnn/Conv_v8.cpp:919.)
  return Variable._execution_engine.run_backward(  # Calls into the C++ engine to run the backward pass
Epoch 1/36 complete: 309/309 batches, loss: 0.2845
  Effective LR: ref=3.090e-03 (0=3.090e-03)
  ROI hints: pos=2.8, bg=1055.5, ignore=0.0, sampled_fg=2.8, sampled_bg=509.2, matched_gt=2.8, match_rate=100.00%
Validation complete: 219 batches
Validation Metrics:
--------------------------------------------------
  Eval thresholds (mAP / matching): score≥0.0500, IoU≥0.50
  Avg Detections per Image (score≥0.0500): 0.48
  Avg Detections per Image (score≥0.5): 0.00
  Max detection score: 0.193
  Mean detection score: 0.086
  Time per Step: 0.1054
  Accuracy / GT cover: (skipped — computed on mAP epochs)
  Ground Truth objects: 1228
  mAP: (skipped)
  Ground Truth Classes: 1 classes
    ship
  Predicted Classes: 1 classes
    ship
  Timing: 3m 2s this epoch (avg 3m 2s) | ETA ~1h 46m for 35 epoch(s) left, mAP every 4 epoch(s).

Epoch 2/36
--------------------------------------------------
Epoch 2/36 complete: 309/309 batches, loss: 0.2059
  Effective LR: ref=5.000e-03 (0=5.000e-03)
  ROI hints: pos=3.6, bg=1117.8, ignore=0.0, sampled_fg=3.6, sampled_bg=508.4, matched_gt=2.8, match_rate=100.00%
Validation complete: 219 batches
Validation Metrics:
--------------------------------------------------
  Eval thresholds (mAP / matching): score≥0.0500, IoU≥0.50
  Avg Detections per Image (score≥0.0500): 1.70  ↑1.22
  Avg Detections per Image (score≥0.5): 0.05  ↑0.05
  Max detection score: 0.868
  Mean detection score: 0.145
  Time per Step: 0.1102  ↓0.0048
  Accuracy / GT cover: (skipped — computed on mAP epochs)
  Ground Truth objects: 1228
  mAP: (skipped)
  Ground Truth Classes: 1 classes
    ship
  Predicted Classes: 1 classes
    ship
  Timing: 3m 41s this epoch (avg 3m 21s) | ETA ~1h 54m for 34 epoch(s) left, mAP every 4 epoch(s).

Epoch 3/36
--------------------------------------------------
Epoch 3/36 complete: 309/309 batches, loss: 0.1834
  Effective LR: ref=5.000e-03 (0=5.000e-03)
  ROI hints: pos=5.4, bg=1168.9, ignore=0.0, sampled_fg=5.4, sampled_bg=506.6, matched_gt=2.8, match_rate=100.00%
Validation complete: 219 batches
Validation Metrics:
--------------------------------------------------
  Eval thresholds (mAP / matching): score≥0.0500, IoU≥0.50
  Avg Detections per Image (score≥0.0500): 2.83  ↑1.12
  Avg Detections per Image (score≥0.5): 0.53  ↑0.48
  Max detection score: 0.958
  Mean detection score: 0.346
  Time per Step: 0.1178  ↓0.0076
  Accuracy / GT cover: (skipped — computed on mAP epochs)
  Ground Truth objects: 1228
  mAP: (skipped)
  Ground Truth Classes: 1 classes
    ship
  Predicted Classes: 1 classes
    ship
  Timing: 4m 23s this epoch (avg 3m 42s) | ETA ~2h 1m for 33 epoch(s) left, mAP every 4 epoch(s).

Epoch 4/36
--------------------------------------------------
Epoch 4/36 complete: 309/309 batches, loss: 0.1723
  Effective LR: ref=5.000e-03 (0=5.000e-03)
  ROI hints: pos=7.4, bg=1197.6, ignore=0.0, sampled_fg=7.4, sampled_bg=504.6, matched_gt=2.8, match_rate=100.00%

Computing mAP (periodic evaluation: every 4 epoch(s))...
Validation complete: 219 batches

Computing mAP (this may take a while)...
  Eval filters: score≥0.0500, IoU≥0.50
  Images: 438
  Total detections (post score filter): 2,998 (6.8 per image)
  Total ground truths: 1,228 (2.8 per image)
mAP: exact rotated IoU on CPU (backend='shapely'; GPU sampling IoU disabled)
  mAP computation completed in 0.7s. mAP: 0.6213
Validation Metrics:
--------------------------------------------------
  Eval thresholds (mAP / matching): score≥0.0500, IoU≥0.50
  Avg Detections per Image (score≥0.0500): 3.83  ↑1.00
  Avg Detections per Image (score≥0.5): 0.97  ↑0.44
  Max detection score: 0.989
  Mean detection score: 0.380
  Time per Step: 0.1214  ↓0.0036
  Accuracy: 0.3072 (30.72%)
  Correct Predictions: 921/2998 (matched detections)
  Ground Truth objects: 1228
  GT covered pre-eval-threshold: 921/1228
  GT covered post-eval-threshold: 921/1228
  GT lost by eval-threshold filtering: 0
  GT cover rate pre-eval-threshold: 75.00%
  GT cover rate post-eval-threshold: 75.00%
  GT IoU vs raw dets (eval IoU threshold=0.50; per-GT max IoU over all dets / over same-class dets):
    mean best IoU (any class): 0.5995, median: 0.6475
    mean best IoU (correct class): 0.5995, median: 0.6475
    per-class mean best IoU (raw detections):
      | class | gts | mean_any | mean_same | med_same |
      |-------|-----:|----------:|-----------:|----------:|
      | ship  | 1227 |   0.5995 |    0.5995 |   0.6475 |
      | global | 1227 |   0.5995 |    0.5995 |   0.6475 |
    GTs with IoU≥thresh but no same-class hit (wrong-class / misaligned): 0
    GTs with no detection above IoU thresh (missed / poor loc): 306
    GTs with 0% best IoU vs any detection (no spatial overlap): 29 (2.36% of GTs)
    histogram best IoU (any class) [0,0.25)/[0.25,0.5)/[0.5,0.75)/[0.75,1]: 92/214/621/300
    histogram best IoU (correct class) [0,0.25)/[0.25,0.5)/[0.5,0.75)/[0.75,1]: 92/214/621/300
  Class-agnostic duplicate rate (post score thresh; IoU≥0.50 vs a higher-score box): micro=0.00% (0/2998 boxes), macro mean over images with detections=0.00% (437 images)
  mAP: 0.6213 (62.13%)
  Per-Class AP:
    ship: 0.6213 (62.13%)
  Ground Truth Classes: 1 classes
    ship
  Predicted Classes: 1 classes
    ship
  Timing: 4m 40s this epoch (avg 3m 56s) | ETA ~2h 6m for 32 epoch(s) left, mAP every 4 epoch(s).

Epoch 5/36
--------------------------------------------------
Epoch 5/36 complete: 309/309 batches, loss: 0.1633
  Effective LR: ref=5.000e-03 (0=5.000e-03)
  ROI hints: pos=9.1, bg=1210.0, ignore=0.0, sampled_fg=9.1, sampled_bg=502.9, matched_gt=2.8, match_rate=100.00%
Validation complete: 219 batches
Validation Metrics:
--------------------------------------------------
  Eval thresholds (mAP / matching): score≥0.0500, IoU≥0.50
  Avg Detections per Image (score≥0.0500): 4.34  ↑0.51
  Avg Detections per Image (score≥0.5): 1.41  ↑0.44
  Max detection score: 0.994
  Mean detection score: 0.505
  Time per Step: 0.1251  ↓0.0037
  Accuracy / GT cover: (skipped — computed on mAP epochs)
  Ground Truth objects: 1228
  mAP: (skipped)
  Ground Truth Classes: 1 classes
    ship
  Predicted Classes: 1 classes
    ship
  Timing: 4m 36s this epoch (avg 4m 4s) | ETA ~2h 6m for 31 epoch(s) left, mAP every 4 epoch(s).

Epoch 6/36
--------------------------------------------------
Epoch 6/36 complete: 309/309 batches, loss: 0.1564
  Effective LR: ref=5.000e-03 (0=5.000e-03)
  ROI hints: pos=10.8, bg=1208.6, ignore=0.0, sampled_fg=10.8, sampled_bg=501.2, matched_gt=2.8, match_rate=100.00%
Validation complete: 219 batches
Validation Metrics:
--------------------------------------------------
  Eval thresholds (mAP / matching): score≥0.0500, IoU≥0.50
  Avg Detections per Image (score≥0.0500): 4.44  ↑0.10
  Avg Detections per Image (score≥0.5): 1.66  ↑0.25
  Max detection score: 0.996
  Mean detection score: 0.584
  Time per Step: 0.1266  ↓0.0015
  Accuracy / GT cover: (skipped — computed on mAP epochs)
  Ground Truth objects: 1228
  mAP: (skipped)
  Ground Truth Classes: 1 classes
    ship
  Predicted Classes: 1 classes
    ship
  Timing: 4m 28s this epoch (avg 4m 8s) | ETA ~2h 4m for 30 epoch(s) left, mAP every 4 epoch(s).

Epoch 7/36
--------------------------------------------------
Epoch 7/36 complete: 309/309 batches, loss: 0.1506
  Effective LR: ref=5.000e-03 (0=5.000e-03)
  ROI hints: pos=12.4, bg=1207.4, ignore=0.0, sampled_fg=12.4, sampled_bg=499.6, matched_gt=2.8, match_rate=100.00%
Validation complete: 219 batches
Validation Metrics:
--------------------------------------------------
  Eval thresholds (mAP / matching): score≥0.0500, IoU≥0.50
  Avg Detections per Image (score≥0.0500): 4.39  ↓0.05
  Avg Detections per Image (score≥0.5): 1.80  ↑0.15
  Max detection score: 0.997
  Mean detection score: 0.643
  Time per Step: 0.1267  ↓0.0001
  Accuracy / GT cover: (skipped — computed on mAP epochs)
  Ground Truth objects: 1228
  mAP: (skipped)
  Ground Truth Classes: 1 classes
    ship
  Predicted Classes: 1 classes
    ship
  Timing: 4m 24s this epoch (avg 4m 10s) | ETA ~2h 1m for 29 epoch(s) left, mAP every 4 epoch(s).

Epoch 8/36
--------------------------------------------------
Epoch 8/36 complete: 309/309 batches, loss: 0.1461
  Effective LR: ref=5.000e-03 (0=5.000e-03)
  ROI hints: pos=13.9, bg=1204.1, ignore=0.0, sampled_fg=13.9, sampled_bg=498.1, matched_gt=2.8, match_rate=100.00%

Computing mAP (periodic evaluation: every 4 epoch(s))...
Validation complete: 219 batches

Computing mAP (this may take a while)...
  Eval filters: score≥0.0500, IoU≥0.50
  Images: 438
  Total detections (post score filter): 1,749 (4.0 per image)
  Total ground truths: 1,228 (2.8 per image)
mAP: exact rotated IoU on CPU (backend='shapely'; GPU sampling IoU disabled)
  mAP computation completed in 0.4s. mAP: 0.7958
Validation Metrics:
--------------------------------------------------
  Eval thresholds (mAP / matching): score≥0.0500, IoU≥0.50
  Avg Detections per Image (score≥0.0500): 4.34  ↓0.05
  Avg Detections per Image (score≥0.5): 1.90  ↑0.10
  Max detection score: 0.998
  Mean detection score: 0.636
  Time per Step: 0.1269  ↓0.0002
  Accuracy: 0.6312 (63.12%)
  Correct Predictions: 1104/1749 (matched detections)
  Ground Truth objects: 1228
  GT covered pre-eval-threshold: 1104/1228
  GT covered post-eval-threshold: 1104/1228
  GT lost by eval-threshold filtering: 0
  GT cover rate pre-eval-threshold: 89.90%
  GT cover rate post-eval-threshold: 89.90%
  GT IoU vs raw dets (eval IoU threshold=0.50; per-GT max IoU over all dets / over same-class dets):
    mean best IoU (any class): 0.7358, median: 0.7940
    mean best IoU (correct class): 0.7358, median: 0.7940
    per-class mean best IoU (raw detections):
      | class | gts | mean_any | mean_same | med_same |
      |-------|-----:|----------:|-----------:|----------:|
      | ship  | 1227 |   0.7358 |    0.7358 |   0.7940 |
      | global | 1227 |   0.7358 |    0.7358 |   0.7940 |
    GTs with IoU≥thresh but no same-class hit (wrong-class / misaligned): 0
    GTs with no detection above IoU thresh (missed / poor loc): 123
    GTs with 0% best IoU vs any detection (no spatial overlap): 35 (2.85% of GTs)
    histogram best IoU (any class) [0,0.25)/[0.25,0.5)/[0.5,0.75)/[0.75,1]: 56/67/285/819
    histogram best IoU (correct class) [0,0.25)/[0.25,0.5)/[0.5,0.75)/[0.75,1]: 56/67/285/819
  Class-agnostic duplicate rate (post score thresh; IoU≥0.50 vs a higher-score box): micro=0.00% (0/1749 boxes), macro mean over images with detections=0.00% (437 images)
  mAP: 0.7958  ↑0.1745 (79.58%)
  Per-Class AP:
    ship: 0.7958  ↑0.1745 (79.58%)
  Ground Truth Classes: 1 classes
    ship
  Predicted Classes: 1 classes
    ship
  Timing: 4m 22s this epoch (avg 4m 12s) | ETA ~1h 57m for 28 epoch(s) left, mAP every 4 epoch(s).

Epoch 9/36
--------------------------------------------------
Epoch 9/36 complete: 309/309 batches, loss: 0.1422
  Effective LR: ref=5.000e-03 (0=5.000e-03)
  ROI hints: pos=15.3, bg=1199.4, ignore=0.0, sampled_fg=15.3, sampled_bg=496.7, matched_gt=2.8, match_rate=100.00%
Validation complete: 219 batches
Validation Metrics:
--------------------------------------------------
  Eval thresholds (mAP / matching): score≥0.0500, IoU≥0.50
  Avg Detections per Image (score≥0.0500): 4.46  ↑0.12
  Avg Detections per Image (score≥0.5): 2.09  ↑0.19
  Max detection score: 1.000
  Mean detection score: 0.665
  Time per Step: 0.1285  ↓0.0016
  Accuracy / GT cover: (skipped — computed on mAP epochs)
  Ground Truth objects: 1228
  mAP: (skipped)
  Ground Truth Classes: 1 classes
    ship
  Predicted Classes: 1 classes
    ship
  Timing: 4m 25s this epoch (avg 4m 13s) | ETA ~1h 53m for 27 epoch(s) left, mAP every 4 epoch(s).

Epoch 10/36
--------------------------------------------------
Epoch 10/36 complete: 309/309 batches, loss: 0.1393
  Effective LR: ref=5.000e-03 (0=5.000e-03)
  ROI hints: pos=16.7, bg=1196.1, ignore=0.0, sampled_fg=16.7, sampled_bg=495.3, matched_gt=2.8, match_rate=100.00%
Validation complete: 219 batches
Validation Metrics:
--------------------------------------------------
  Eval thresholds (mAP / matching): score≥0.0500, IoU≥0.50
  Avg Detections per Image (score≥0.0500): 4.44  ↓0.03
  Avg Detections per Image (score≥0.5): 2.19  ↑0.10
  Max detection score: 1.000
  Mean detection score: 0.747
  Time per Step: 0.1299  ↓0.0014
  Accuracy / GT cover: (skipped — computed on mAP epochs)
  Ground Truth objects: 1228
  mAP: (skipped)
  Ground Truth Classes: 1 classes
    ship
  Predicted Classes: 1 classes
    ship
  Timing: 4m 24s this epoch (avg 4m 14s) | ETA ~1h 50m for 26 epoch(s) left, mAP every 4 epoch(s).

Epoch 11/36
--------------------------------------------------
Epoch 11/36 complete: 309/309 batches, loss: 0.1366
  Effective LR: ref=5.000e-03 (0=5.000e-03)
  ROI hints: pos=17.9, bg=1191.1, ignore=0.0, sampled_fg=17.9, sampled_bg=494.1, matched_gt=2.8, match_rate=100.00%
Validation complete: 219 batches
Validation Metrics:
--------------------------------------------------
  Eval thresholds (mAP / matching): score≥0.0500, IoU≥0.50
  Avg Detections per Image (score≥0.0500): 4.36  ↓0.08
  Avg Detections per Image (score≥0.5): 2.26  ↑0.07
  Max detection score: 1.000
  Mean detection score: 0.801
  Time per Step: 0.1300  ↓0.0002
  Accuracy / GT cover: (skipped — computed on mAP epochs)
  Ground Truth objects: 1228
  mAP: (skipped)
  Ground Truth Classes: 1 classes
    ship
  Predicted Classes: 1 classes
    ship
  Timing: 4m 16s this epoch (avg 4m 15s) | ETA ~1h 46m for 25 epoch(s) left, mAP every 4 epoch(s).

Epoch 12/36
--------------------------------------------------
Epoch 12/36 complete: 309/309 batches, loss: 0.1341
  Effective LR: ref=5.000e-03 (0=5.000e-03)
  ROI hints: pos=19.1, bg=1185.0, ignore=0.0, sampled_fg=19.1, sampled_bg=492.9, matched_gt=2.8, match_rate=100.00%

Computing mAP (periodic evaluation: every 4 epoch(s))...
Validation complete: 219 batches

Computing mAP (this may take a while)...
  Eval filters: score≥0.0500, IoU≥0.50
  Images: 438
  Total detections (post score filter): 1,664 (3.8 per image)
  Total ground truths: 1,228 (2.8 per image)
mAP: exact rotated IoU on CPU (backend='shapely'; GPU sampling IoU disabled)
  mAP computation completed in 0.4s. mAP: 0.8901
Validation Metrics:
--------------------------------------------------
  Eval thresholds (mAP / matching): score≥0.0500, IoU≥0.50
  Avg Detections per Image (score≥0.0500): 4.31  ↓0.05
  Avg Detections per Image (score≥0.5): 2.32  ↑0.06
  Max detection score: 1.000
  Mean detection score: 0.786
  Time per Step: 0.1302  ↓0.0001
  Accuracy: 0.7091 (70.91%)
  Correct Predictions: 1180/1664 (matched detections)
  Ground Truth objects: 1228
  GT covered pre-eval-threshold: 1180/1228
  GT covered post-eval-threshold: 1180/1228
  GT lost by eval-threshold filtering: 0
  GT cover rate pre-eval-threshold: 96.09%
  GT cover rate post-eval-threshold: 96.09%
  GT IoU vs raw dets (eval IoU threshold=0.50; per-GT max IoU over all dets / over same-class dets):
    mean best IoU (any class): 0.8069, median: 0.8423
    mean best IoU (correct class): 0.8069, median: 0.8423
    per-class mean best IoU (raw detections):
      | class | gts | mean_any | mean_same | med_same |
      |-------|-----:|----------:|-----------:|----------:|
      | ship  | 1228 |   0.8069 |    0.8069 |   0.8423 |
      | global | 1228 |   0.8069 |    0.8069 |   0.8423 |
    GTs with IoU≥thresh but no same-class hit (wrong-class / misaligned): 0
    GTs with no detection above IoU thresh (missed / poor loc): 48
    GTs with 0% best IoU vs any detection (no spatial overlap): 11 (0.90% of GTs)
    histogram best IoU (any class) [0,0.25)/[0.25,0.5)/[0.5,0.75)/[0.75,1]: 17/31/167/1013
    histogram best IoU (correct class) [0,0.25)/[0.25,0.5)/[0.5,0.75)/[0.75,1]: 17/31/167/1013
  Class-agnostic duplicate rate (post score thresh; IoU≥0.50 vs a higher-score box): micro=0.00% (0/1664 boxes), macro mean over images with detections=0.00% (438 images)
  mAP: 0.8901  ↑0.0942 (89.01%)
  Per-Class AP:
    ship: 0.8901  ↑0.0942 (89.01%)
  Ground Truth Classes: 1 classes
    ship
  Predicted Classes: 1 classes
    ship
  Timing: 4m 16s this epoch (avg 4m 15s) | ETA ~1h 41m for 24 epoch(s) left, mAP every 4 epoch(s).

Epoch 13/36
--------------------------------------------------
Epoch 13/36 complete: 309/309 batches, loss: 0.1320
  Effective LR: ref=5.000e-03 (0=5.000e-03)
  ROI hints: pos=20.1, bg=1181.6, ignore=0.0, sampled_fg=20.1, sampled_bg=491.9, matched_gt=2.8, match_rate=100.00%
Validation complete: 219 batches
Validation Metrics:
--------------------------------------------------
  Eval thresholds (mAP / matching): score≥0.0500, IoU≥0.50
  Avg Detections per Image (score≥0.0500): 4.25  ↓0.06
  Avg Detections per Image (score≥0.5): 2.35  ↑0.03
  Max detection score: 0.997
  Mean detection score: 0.724
  Time per Step: 0.1299  ↑0.0002
  Accuracy / GT cover: (skipped — computed on mAP epochs)
  Ground Truth objects: 1228
  mAP: (skipped)
  Ground Truth Classes: 1 classes
    ship
  Predicted Classes: 1 classes
    ship
  Timing: 4m 11s this epoch (avg 4m 14s) | ETA ~1h 37m for 23 epoch(s) left, mAP every 4 epoch(s).

Epoch 14/36
--------------------------------------------------
Epoch 14/36 complete: 309/309 batches, loss: 0.1300
  Effective LR: ref=5.000e-03 (0=5.000e-03)
  ROI hints: pos=21.1, bg=1180.1, ignore=0.0, sampled_fg=21.1, sampled_bg=490.9, matched_gt=2.8, match_rate=100.00%
Validation complete: 219 batches
Validation Metrics:
--------------------------------------------------
  Eval thresholds (mAP / matching): score≥0.0500, IoU≥0.50
  Avg Detections per Image (score≥0.0500): 4.21  ↓0.04
  Avg Detections per Image (score≥0.5): 2.40  ↑0.04
  Max detection score: 1.000
  Mean detection score: 0.781
  Time per Step: 0.1299  ↓0.0000
  Accuracy / GT cover: (skipped — computed on mAP epochs)
  Ground Truth objects: 1228
  mAP: (skipped)
  Ground Truth Classes: 1 classes
    ship
  Predicted Classes: 1 classes
    ship
  Timing: 4m 22s this epoch (avg 4m 15s) | ETA ~1h 33m for 22 epoch(s) left, mAP every 4 epoch(s).

Epoch 15/36
--------------------------------------------------
Epoch 15/36 complete: 309/309 batches, loss: 0.1280
  Effective LR: ref=5.000e-03 (0=5.000e-03)
  ROI hints: pos=22.0, bg=1178.6, ignore=0.0, sampled_fg=22.0, sampled_bg=490.0, matched_gt=2.8, match_rate=100.00%
Validation complete: 219 batches
Validation Metrics:
--------------------------------------------------
  Eval thresholds (mAP / matching): score≥0.0500, IoU≥0.50
  Avg Detections per Image (score≥0.0500): 4.19  ↓0.02
  Avg Detections per Image (score≥0.5): 2.44  ↑0.04
  Max detection score: 1.000
  Mean detection score: 0.770
  Time per Step: 0.1303  ↓0.0003
  Accuracy / GT cover: (skipped — computed on mAP epochs)
  Ground Truth objects: 1228
  mAP: (skipped)
  Ground Truth Classes: 1 classes
    ship
  Predicted Classes: 1 classes
    ship
  Timing: 4m 19s this epoch (avg 4m 15s) | ETA ~1h 29m for 21 epoch(s) left, mAP every 4 epoch(s).

Epoch 16/36
--------------------------------------------------
Epoch 16/36 complete: 309/309 batches, loss: 0.1263
  Effective LR: ref=5.000e-03 (0=5.000e-03)
  ROI hints: pos=22.9, bg=1177.0, ignore=0.0, sampled_fg=22.9, sampled_bg=489.1, matched_gt=2.8, match_rate=100.00%

Computing mAP (periodic evaluation: every 4 epoch(s))...
Validation complete: 219 batches

Computing mAP (this may take a while)...
  Eval filters: score≥0.0500, IoU≥0.50
  Images: 438
  Total detections (post score filter): 2,126 (4.9 per image)
  Total ground truths: 1,228 (2.8 per image)
mAP: exact rotated IoU on CPU (backend='shapely'; GPU sampling IoU disabled)
  mAP computation completed in 0.5s. mAP: 0.8908
Validation Metrics:
--------------------------------------------------
  Eval thresholds (mAP / matching): score≥0.0500, IoU≥0.50
  Avg Detections per Image (score≥0.0500): 4.24  ↑0.04
  Avg Detections per Image (score≥0.5): 2.50  ↑0.06
  Max detection score: 1.000
  Mean detection score: 0.697
  Time per Step: 0.1307  ↓0.0004
  Accuracy: 0.5607 (56.07%)
  Correct Predictions: 1192/2126 (matched detections)
  Ground Truth objects: 1228
  GT covered pre-eval-threshold: 1192/1228
  GT covered post-eval-threshold: 1192/1228
  GT lost by eval-threshold filtering: 0
  GT cover rate pre-eval-threshold: 97.07%
  GT cover rate post-eval-threshold: 97.07%
  GT IoU vs raw dets (eval IoU threshold=0.50; per-GT max IoU over all dets / over same-class dets):
    mean best IoU (any class): 0.8165, median: 0.8474
    mean best IoU (correct class): 0.8165, median: 0.8474
    per-class mean best IoU (raw detections):
      | class | gts | mean_any | mean_same | med_same |
      |-------|-----:|----------:|-----------:|----------:|
      | ship  | 1228 |   0.8165 |    0.8165 |   0.8474 |
      | global | 1228 |   0.8165 |    0.8165 |   0.8474 |
    GTs with IoU≥thresh but no same-class hit (wrong-class / misaligned): 0
    GTs with no detection above IoU thresh (missed / poor loc): 36
    GTs with 0% best IoU vs any detection (no spatial overlap): 4 (0.33% of GTs)
    histogram best IoU (any class) [0,0.25)/[0.25,0.5)/[0.5,0.75)/[0.75,1]: 14/22/163/1029
    histogram best IoU (correct class) [0,0.25)/[0.25,0.5)/[0.5,0.75)/[0.75,1]: 14/22/163/1029
  Class-agnostic duplicate rate (post score thresh; IoU≥0.50 vs a higher-score box): micro=0.00% (0/2126 boxes), macro mean over images with detections=0.00% (438 images)
  mAP: 0.8908  ↑0.0007 (89.08%)
  Per-Class AP:
    ship: 0.8908  ↑0.0007 (89.08%)
  Ground Truth Classes: 1 classes
    ship
  Predicted Classes: 1 classes
    ship
  Timing: 4m 28s this epoch (avg 4m 16s) | ETA ~1h 25m for 20 epoch(s) left, mAP every 4 epoch(s).

Epoch 17/36
--------------------------------------------------
Epoch 17/36 complete: 309/309 batches, loss: 0.1246
  Effective LR: ref=5.000e-03 (0=5.000e-03)
  ROI hints: pos=23.8, bg=1173.8, ignore=0.0, sampled_fg=23.7, sampled_bg=488.3, matched_gt=2.8, match_rate=100.00%
Validation complete: 219 batches
Validation Metrics:
--------------------------------------------------
  Eval thresholds (mAP / matching): score≥0.0500, IoU≥0.50
  Avg Detections per Image (score≥0.0500): 4.22  ↓0.02
  Avg Detections per Image (score≥0.5): 2.53  ↑0.04
  Max detection score: 1.000
  Mean detection score: 0.790
  Time per Step: 0.1308  ↓0.0001
  Accuracy / GT cover: (skipped — computed on mAP epochs)
  Ground Truth objects: 1228
  mAP: (skipped)
  Ground Truth Classes: 1 classes
    ship
  Predicted Classes: 1 classes
    ship
  Timing: 4m 18s this epoch (avg 4m 16s) | ETA ~1h 21m for 19 epoch(s) left, mAP every 4 epoch(s).

Epoch 18/36
--------------------------------------------------
Epoch 18/36 complete: 309/309 batches, loss: 0.1232
  Effective LR: ref=5.000e-03 (0=5.000e-03)
  ROI hints: pos=24.5, bg=1172.2, ignore=0.0, sampled_fg=24.4, sampled_bg=487.6, matched_gt=2.8, match_rate=100.00%
Validation complete: 219 batches
Validation Metrics:
--------------------------------------------------
  Eval thresholds (mAP / matching): score≥0.0500, IoU≥0.50
  Avg Detections per Image (score≥0.0500): 4.21  ↓0.01
  Avg Detections per Image (score≥0.5): 2.57  ↑0.04
  Max detection score: 1.000
  Mean detection score: 0.791
  Time per Step: 0.1311  ↓0.0002
  Accuracy / GT cover: (skipped — computed on mAP epochs)
  Ground Truth objects: 1228
  mAP: (skipped)
  Ground Truth Classes: 1 classes
    ship
  Predicted Classes: 1 classes
    ship
  Timing: 4m 19s this epoch (avg 4m 16s) | ETA ~1h 16m for 18 epoch(s) left, mAP every 4 epoch(s).

Epoch 19/36
--------------------------------------------------
Epoch 19/36 complete: 309/309 batches, loss: 0.1217
  Effective LR: ref=5.000e-03 (0=5.000e-03)
  ROI hints: pos=25.2, bg=1169.9, ignore=0.0, sampled_fg=25.1, sampled_bg=486.9, matched_gt=2.8, match_rate=100.00%
Validation complete: 219 batches
Validation Metrics:
--------------------------------------------------
  Eval thresholds (mAP / matching): score≥0.0500, IoU≥0.50
  Avg Detections per Image (score≥0.0500): 4.20  ↓0.01
  Avg Detections per Image (score≥0.5): 2.60  ↑0.03
  Max detection score: 1.000
  Mean detection score: 0.798
  Time per Step: 0.1313  ↓0.0002
  Accuracy / GT cover: (skipped — computed on mAP epochs)
  Ground Truth objects: 1228
  mAP: (skipped)
  Ground Truth Classes: 1 classes
    ship
  Predicted Classes: 1 classes
    ship
  Timing: 4m 11s this epoch (avg 4m 16s) | ETA ~1h 12m for 17 epoch(s) left, mAP every 4 epoch(s).

Epoch 20/36
--------------------------------------------------
Epoch 20/36 complete: 309/309 batches, loss: 0.1202
  Effective LR: ref=5.000e-03 (0=5.000e-03)
  ROI hints: pos=25.9, bg=1168.6, ignore=0.0, sampled_fg=25.8, sampled_bg=486.2, matched_gt=2.8, match_rate=100.00%

Computing mAP (periodic evaluation: every 4 epoch(s))...
Validation complete: 219 batches

Computing mAP (this may take a while)...
  Eval filters: score≥0.0500, IoU≥0.50
  Images: 438
  Total detections (post score filter): 1,692 (3.9 per image)
  Total ground truths: 1,228 (2.8 per image)
mAP: exact rotated IoU on CPU (backend='shapely'; GPU sampling IoU disabled)
  mAP computation completed in 0.4s. mAP: 0.9000
Validation Metrics:
--------------------------------------------------
  Eval thresholds (mAP / matching): score≥0.0500, IoU≥0.50
  Avg Detections per Image (score≥0.0500): 4.18  ↓0.02
  Avg Detections per Image (score≥0.5): 2.63  ↑0.02
  Max detection score: 1.000
  Mean detection score: 0.798
  Time per Step: 0.1314  ↓0.0001
  Accuracy: 0.7045 (70.45%)
  Correct Predictions: 1192/1692 (matched detections)
  Ground Truth objects: 1228
  GT covered pre-eval-threshold: 1192/1228
  GT covered post-eval-threshold: 1192/1228
  GT lost by eval-threshold filtering: 0
  GT cover rate pre-eval-threshold: 97.07%
  GT cover rate post-eval-threshold: 97.07%
  GT IoU vs raw dets (eval IoU threshold=0.50; per-GT max IoU over all dets / over same-class dets):
    mean best IoU (any class): 0.8321, median: 0.8647
    mean best IoU (correct class): 0.8321, median: 0.8647
    per-class mean best IoU (raw detections):
      | class | gts | mean_any | mean_same | med_same |
      |-------|-----:|----------:|-----------:|----------:|
      | ship  | 1227 |   0.8321 |    0.8321 |   0.8647 |
      | global | 1227 |   0.8321 |    0.8321 |   0.8647 |
    GTs with IoU≥thresh but no same-class hit (wrong-class / misaligned): 0
    GTs with no detection above IoU thresh (missed / poor loc): 35
    GTs with 0% best IoU vs any detection (no spatial overlap): 6 (0.49% of GTs)
    histogram best IoU (any class) [0,0.25)/[0.25,0.5)/[0.5,0.75)/[0.75,1]: 13/22/128/1064
    histogram best IoU (correct class) [0,0.25)/[0.25,0.5)/[0.5,0.75)/[0.75,1]: 13/22/128/1064
  Class-agnostic duplicate rate (post score thresh; IoU≥0.50 vs a higher-score box): micro=0.00% (0/1692 boxes), macro mean over images with detections=0.00% (437 images)
  mAP: 0.9000  ↑0.0092 (90.00%)
  Per-Class AP:
    ship: 0.9000  ↑0.0092 (90.00%)
  Ground Truth Classes: 1 classes
    ship
  Predicted Classes: 1 classes
    ship
  Timing: 4m 16s this epoch (avg 4m 16s) | ETA ~1h 8m for 16 epoch(s) left, mAP every 4 epoch(s).

Epoch 21/36
--------------------------------------------------
Epoch 21/36 complete: 309/309 batches, loss: 0.1188
  Effective LR: ref=5.000e-03 (0=5.000e-03)
  ROI hints: pos=26.5, bg=1167.1, ignore=0.0, sampled_fg=26.4, sampled_bg=485.6, matched_gt=2.8, match_rate=100.00%
Validation complete: 219 batches
Validation Metrics:
--------------------------------------------------
  Eval thresholds (mAP / matching): score≥0.0500, IoU≥0.50
  Avg Detections per Image (score≥0.0500): 4.17  ↓0.01
  Avg Detections per Image (score≥0.5): 2.65  ↑0.02
  Max detection score: 1.000
  Mean detection score: 0.793
  Time per Step: 0.1315  ↓0.0001
  Accuracy / GT cover: (skipped — computed on mAP epochs)
  Ground Truth objects: 1228
  mAP: (skipped)
  Ground Truth Classes: 1 classes
    ship
  Predicted Classes: 1 classes
    ship
  Timing: 4m 16s this epoch (avg 4m 16s) | ETA ~1h 3m for 15 epoch(s) left, mAP every 4 epoch(s).

Epoch 22/36
--------------------------------------------------
Epoch 22/36 complete: 309/309 batches, loss: 0.1174
  Effective LR: ref=5.000e-03 (0=5.000e-03)
  ROI hints: pos=27.1, bg=1165.0, ignore=0.0, sampled_fg=27.0, sampled_bg=485.0, matched_gt=2.8, match_rate=100.00%
Validation complete: 219 batches
Validation Metrics:
--------------------------------------------------
  Eval thresholds (mAP / matching): score≥0.0500, IoU≥0.50
  Avg Detections per Image (score≥0.0500): 4.11  ↓0.05
  Avg Detections per Image (score≥0.5): 2.65  ↑0.00
  Max detection score: 1.000
  Mean detection score: 0.876
  Time per Step: 0.1314  ↑0.0001
  Accuracy / GT cover: (skipped — computed on mAP epochs)
  Ground Truth objects: 1228
  mAP: (skipped)
  Ground Truth Classes: 1 classes
    ship
  Predicted Classes: 1 classes
    ship
  Timing: 4m 13s this epoch (avg 4m 16s) | ETA ~59m 41s for 14 epoch(s) left, mAP every 4 epoch(s).

Epoch 23/36
--------------------------------------------------
Epoch 23/36 complete: 309/309 batches, loss: 0.1163
  Effective LR: ref=5.000e-03 (0=5.000e-03)
  ROI hints: pos=27.6, bg=1163.2, ignore=0.0, sampled_fg=27.5, sampled_bg=484.5, matched_gt=2.8, match_rate=100.00%
Validation complete: 219 batches
Validation Metrics:
--------------------------------------------------
  Eval thresholds (mAP / matching): score≥0.0500, IoU≥0.50
  Avg Detections per Image (score≥0.0500): 4.09  ↓0.03
  Avg Detections per Image (score≥0.5): 2.66  ↑0.01
  Max detection score: 1.000
  Mean detection score: 0.815
  Time per Step: 0.1314  ↑0.0000
  Accuracy / GT cover: (skipped — computed on mAP epochs)
  Ground Truth objects: 1228
  mAP: (skipped)
  Ground Truth Classes: 1 classes
    ship
  Predicted Classes: 1 classes
    ship
  Timing: 4m 9s this epoch (avg 4m 15s) | ETA ~55m 21s for 13 epoch(s) left, mAP every 4 epoch(s).

Epoch 24/36
--------------------------------------------------
Epoch 24/36 complete: 309/309 batches, loss: 0.1150
  Effective LR: ref=5.000e-03 (0=5.000e-03)
  ROI hints: pos=28.1, bg=1161.8, ignore=0.0, sampled_fg=28.0, sampled_bg=484.0, matched_gt=2.8, match_rate=100.00%

Computing mAP (periodic evaluation: every 4 epoch(s))...
Validation complete: 219 batches

Computing mAP (this may take a while)...
  Eval filters: score≥0.0500, IoU≥0.50
  Images: 438
  Total detections (post score filter): 1,464 (3.3 per image)
  Total ground truths: 1,228 (2.8 per image)
mAP: exact rotated IoU on CPU (backend='shapely'; GPU sampling IoU disabled)
  mAP computation completed in 0.4s. mAP: 0.9034
Validation Metrics:
--------------------------------------------------
  Eval thresholds (mAP / matching): score≥0.0500, IoU≥0.50
  Avg Detections per Image (score≥0.0500): 4.05  ↓0.03
  Avg Detections per Image (score≥0.5): 2.67  ↑0.01
  Max detection score: 1.000
  Mean detection score: 0.859
  Time per Step: 0.1314  ↓0.0000
  Accuracy: 0.8081 (80.81%)
  Correct Predictions: 1183/1464 (matched detections)
  Ground Truth objects: 1228
  GT covered pre-eval-threshold: 1183/1228
  GT covered post-eval-threshold: 1183/1228
  GT lost by eval-threshold filtering: 0
  GT cover rate pre-eval-threshold: 96.34%
  GT cover rate post-eval-threshold: 96.34%
  GT IoU vs raw dets (eval IoU threshold=0.50; per-GT max IoU over all dets / over same-class dets):
    mean best IoU (any class): 0.8253, median: 0.8642
    mean best IoU (correct class): 0.8253, median: 0.8642
    per-class mean best IoU (raw detections):
      | class | gts | mean_any | mean_same | med_same |
      |-------|-----:|----------:|-----------:|----------:|
      | ship  | 1226 |   0.8253 |    0.8253 |   0.8642 |
      | global | 1226 |   0.8253 |    0.8253 |   0.8642 |
    GTs with IoU≥thresh but no same-class hit (wrong-class / misaligned): 0
    GTs with no detection above IoU thresh (missed / poor loc): 43
    GTs with 0% best IoU vs any detection (no spatial overlap): 19 (1.55% of GTs)
    histogram best IoU (any class) [0,0.25)/[0.25,0.5)/[0.5,0.75)/[0.75,1]: 27/16/125/1058
    histogram best IoU (correct class) [0,0.25)/[0.25,0.5)/[0.5,0.75)/[0.75,1]: 27/16/125/1058
  Class-agnostic duplicate rate (post score thresh; IoU≥0.50 vs a higher-score box): micro=0.00% (0/1464 boxes), macro mean over images with detections=0.00% (436 images)
  mAP: 0.9034  ↑0.0035 (90.34%)
  Per-Class AP:
    ship: 0.9034  ↑0.0035 (90.34%)
  Ground Truth Classes: 1 classes
    ship
  Predicted Classes: 1 classes
    ship
  Timing: 4m 14s this epoch (avg 4m 15s) | ETA ~51m 5s for 12 epoch(s) left, mAP every 4 epoch(s).

Epoch 25/36
--------------------------------------------------
Epoch 25/36 complete: 309/309 batches, loss: 0.1138
  Effective LR: ref=5.000e-03 (0=5.000e-03)
  ROI hints: pos=28.6, bg=1162.0, ignore=0.0, sampled_fg=28.5, sampled_bg=483.5, matched_gt=2.8, match_rate=100.00%
Validation complete: 219 batches
Validation Metrics:
--------------------------------------------------
  Eval thresholds (mAP / matching): score≥0.0500, IoU≥0.50
  Avg Detections per Image (score≥0.0500): 4.03  ↓0.03
  Avg Detections per Image (score≥0.5): 2.68  ↑0.01
  Max detection score: 1.000
  Mean detection score: 0.861
  Time per Step: 0.1315  ↓0.0001
  Accuracy / GT cover: (skipped — computed on mAP epochs)
  Ground Truth objects: 1228
  mAP: (skipped)
  Ground Truth Classes: 1 classes
    ship
  Predicted Classes: 1 classes
    ship
  Timing: 4m 27s this epoch (avg 4m 16s) | ETA ~46m 55s for 11 epoch(s) left, mAP every 4 epoch(s).

Epoch 26/36
--------------------------------------------------
Epoch 26/36 complete: 309/309 batches, loss: 0.1125
  Effective LR: ref=5.000e-04 (0=5.000e-04)
  ROI hints: pos=29.2, bg=1160.2, ignore=0.0, sampled_fg=29.1, sampled_bg=482.9, matched_gt=2.8, match_rate=100.00%
Validation complete: 219 batches
Validation Metrics:
--------------------------------------------------
  Eval thresholds (mAP / matching): score≥0.0500, IoU≥0.50
  Avg Detections per Image (score≥0.0500): 4.00  ↓0.02
  Avg Detections per Image (score≥0.5): 2.69  ↑0.01
  Max detection score: 1.000
  Mean detection score: 0.888
  Time per Step: 0.1315  ↓0.0000
  Accuracy / GT cover: (skipped — computed on mAP epochs)
  Ground Truth objects: 1228
  mAP: (skipped)
  Ground Truth Classes: 1 classes
    ship
  Predicted Classes: 1 classes
    ship
  Timing: 4m 18s this epoch (avg 4m 16s) | ETA ~42m 40s for 10 epoch(s) left, mAP every 4 epoch(s).

Epoch 27/36
--------------------------------------------------
Epoch 27/36 complete: 309/309 batches, loss: 0.1111
  Effective LR: ref=5.000e-04 (0=5.000e-04)
  ROI hints: pos=29.8, bg=1158.3, ignore=0.0, sampled_fg=29.7, sampled_bg=482.3, matched_gt=2.8, match_rate=100.00%
Validation complete: 219 batches
Validation Metrics:
--------------------------------------------------
  Eval thresholds (mAP / matching): score≥0.0500, IoU≥0.50
  Avg Detections per Image (score≥0.0500): 3.98  ↓0.02
  Avg Detections per Image (score≥0.5): 2.71  ↑0.01
  Max detection score: 1.000
  Mean detection score: 0.883
  Time per Step: 0.1316  ↓0.0001
  Accuracy / GT cover: (skipped — computed on mAP epochs)
  Ground Truth objects: 1228
  mAP: (skipped)
  Ground Truth Classes: 1 classes
    ship
  Predicted Classes: 1 classes
    ship
  Timing: 4m 17s this epoch (avg 4m 16s) | ETA ~38m 24s for 9 epoch(s) left, mAP every 4 epoch(s).

Epoch 28/36
--------------------------------------------------
Epoch 28/36 complete: 309/309 batches, loss: 0.1098
  Effective LR: ref=5.000e-04 (0=5.000e-04)
  ROI hints: pos=30.4, bg=1156.7, ignore=0.0, sampled_fg=30.2, sampled_bg=481.8, matched_gt=2.8, match_rate=100.00%

Computing mAP (periodic evaluation: every 4 epoch(s))...
Validation complete: 219 batches

Computing mAP (this may take a while)...
  Eval filters: score≥0.0500, IoU≥0.50
  Images: 438
  Total detections (post score filter): 1,475 (3.4 per image)
  Total ground truths: 1,228 (2.8 per image)
mAP: exact rotated IoU on CPU (backend='shapely'; GPU sampling IoU disabled)
  mAP computation completed in 0.4s. mAP: 0.9036
Validation Metrics:
--------------------------------------------------
  Eval thresholds (mAP / matching): score≥0.0500, IoU≥0.50
  Avg Detections per Image (score≥0.0500): 3.96  ↓0.02
  Avg Detections per Image (score≥0.5): 2.72  ↑0.01
  Max detection score: 1.000
  Mean detection score: 0.896
  Time per Step: 0.1316  ↓0.0000
  Accuracy: 0.8142 (81.42%)
  Correct Predictions: 1201/1475 (matched detections)
  Ground Truth objects: 1228
  GT covered pre-eval-threshold: 1201/1228
  GT covered post-eval-threshold: 1201/1228
  GT lost by eval-threshold filtering: 0
  GT cover rate pre-eval-threshold: 97.80%
  GT cover rate post-eval-threshold: 97.80%
  GT IoU vs raw dets (eval IoU threshold=0.50; per-GT max IoU over all dets / over same-class dets):
    mean best IoU (any class): 0.8500, median: 0.8769
    mean best IoU (correct class): 0.8500, median: 0.8769
    per-class mean best IoU (raw detections):
      | class | gts | mean_any | mean_same | med_same |
      |-------|-----:|----------:|-----------:|----------:|
      | ship  | 1226 |   0.8500 |    0.8500 |   0.8769 |
      | global | 1226 |   0.8500 |    0.8500 |   0.8769 |
    GTs with IoU≥thresh but no same-class hit (wrong-class / misaligned): 0
    GTs with no detection above IoU thresh (missed / poor loc): 25
    GTs with 0% best IoU vs any detection (no spatial overlap): 5 (0.41% of GTs)
    histogram best IoU (any class) [0,0.25)/[0.25,0.5)/[0.5,0.75)/[0.75,1]: 8/17/96/1105
    histogram best IoU (correct class) [0,0.25)/[0.25,0.5)/[0.5,0.75)/[0.75,1]: 8/17/96/1105
  Class-agnostic duplicate rate (post score thresh; IoU≥0.50 vs a higher-score box): micro=0.00% (0/1475 boxes), macro mean over images with detections=0.00% (436 images)
  mAP: 0.9036  ↑0.0002 (90.36%)
  Per-Class AP:
    ship: 0.9036  ↑0.0002 (90.36%)
  Ground Truth Classes: 1 classes
    ship
  Predicted Classes: 1 classes
    ship
  Timing: 4m 20s this epoch (avg 4m 16s) | ETA ~34m 9s for 8 epoch(s) left, mAP every 4 epoch(s).

Epoch 29/36
--------------------------------------------------
Epoch 29/36 complete: 309/309 batches, loss: 0.1086
  Effective LR: ref=5.000e-04 (0=5.000e-04)
  ROI hints: pos=30.9, bg=1155.1, ignore=0.0, sampled_fg=30.7, sampled_bg=481.3, matched_gt=2.8, match_rate=100.00%
Validation complete: 219 batches
Validation Metrics:
--------------------------------------------------
  Eval thresholds (mAP / matching): score≥0.0500, IoU≥0.50
  Avg Detections per Image (score≥0.0500): 3.94  ↓0.02
  Avg Detections per Image (score≥0.5): 2.73  ↑0.01
  Max detection score: 1.000
  Mean detection score: 0.898
  Time per Step: 0.1316  ↓0.0000
  Accuracy / GT cover: (skipped — computed on mAP epochs)
  Ground Truth objects: 1228
  mAP: (skipped)
  Ground Truth Classes: 1 classes
    ship
  Predicted Classes: 1 classes
    ship
  Timing: 4m 18s this epoch (avg 4m 16s) | ETA ~29m 53s for 7 epoch(s) left, mAP every 4 epoch(s).

Epoch 30/36
--------------------------------------------------
Epoch 30/36 complete: 309/309 batches, loss: 0.1074
  Effective LR: ref=5.000e-04 (0=5.000e-04)
  ROI hints: pos=31.4, bg=1153.9, ignore=0.0, sampled_fg=31.2, sampled_bg=480.8, matched_gt=2.8, match_rate=100.00%
Validation complete: 219 batches
Validation Metrics:
--------------------------------------------------
  Eval thresholds (mAP / matching): score≥0.0500, IoU≥0.50
  Avg Detections per Image (score≥0.0500): 3.92  ↓0.02
  Avg Detections per Image (score≥0.5): 2.74  ↑0.01
  Max detection score: 1.000
  Mean detection score: 0.898
  Time per Step: 0.1317  ↓0.0000
  Accuracy / GT cover: (skipped — computed on mAP epochs)
  Ground Truth objects: 1228
  mAP: (skipped)
  Ground Truth Classes: 1 classes
    ship
  Predicted Classes: 1 classes
    ship
  Timing: 4m 19s this epoch (avg 4m 16s) | ETA ~25m 38s for 6 epoch(s) left, mAP every 4 epoch(s).

Epoch 31/36
--------------------------------------------------
Epoch 31/36 complete: 309/309 batches, loss: 0.1063
  Effective LR: ref=5.000e-04 (0=5.000e-04)
  ROI hints: pos=31.9, bg=1152.6, ignore=0.0, sampled_fg=31.7, sampled_bg=480.3, matched_gt=2.8, match_rate=100.00%
Validation complete: 219 batches
Validation Metrics:
--------------------------------------------------
  Eval thresholds (mAP / matching): score≥0.0500, IoU≥0.50
  Avg Detections per Image (score≥0.0500): 3.90  ↓0.02
  Avg Detections per Image (score≥0.5): 2.75  ↑0.01
  Max detection score: 1.000
  Mean detection score: 0.892
  Time per Step: 0.1317  ↓0.0000
  Accuracy / GT cover: (skipped — computed on mAP epochs)
  Ground Truth objects: 1228
  mAP: (skipped)
  Ground Truth Classes: 1 classes
    ship
  Predicted Classes: 1 classes
    ship
  Timing: 4m 18s this epoch (avg 4m 16s) | ETA ~21m 22s for 5 epoch(s) left, mAP every 4 epoch(s).

Epoch 32/36
--------------------------------------------------
Epoch 32/36 complete: 309/309 batches, loss: 0.1052
  Effective LR: ref=5.000e-04 (0=5.000e-04)
  ROI hints: pos=32.4, bg=1151.6, ignore=0.0, sampled_fg=32.1, sampled_bg=479.9, matched_gt=2.8, match_rate=100.00%

Computing mAP (periodic evaluation: every 4 epoch(s))...
Validation complete: 219 batches

Computing mAP (this may take a while)...
  Eval filters: score≥0.0500, IoU≥0.50
  Images: 438
  Total detections (post score filter): 1,437 (3.3 per image)
  Total ground truths: 1,228 (2.8 per image)
mAP: exact rotated IoU on CPU (backend='shapely'; GPU sampling IoU disabled)
  mAP computation completed in 0.4s. mAP: 0.9041
Validation Metrics:
--------------------------------------------------
  Eval thresholds (mAP / matching): score≥0.0500, IoU≥0.50
  Avg Detections per Image (score≥0.0500): 3.88  ↓0.02
  Avg Detections per Image (score≥0.5): 2.76  ↑0.01
  Max detection score: 1.000
  Mean detection score: 0.903
  Time per Step: 0.1317  ↑0.0000
  Accuracy: 0.8351 (83.51%)
  Correct Predictions: 1200/1437 (matched detections)
  Ground Truth objects: 1228
  GT covered pre-eval-threshold: 1200/1228
  GT covered post-eval-threshold: 1200/1228
  GT lost by eval-threshold filtering: 0
  GT cover rate pre-eval-threshold: 97.72%
  GT cover rate post-eval-threshold: 97.72%
  GT IoU vs raw dets (eval IoU threshold=0.50; per-GT max IoU over all dets / over same-class dets):
    mean best IoU (any class): 0.8492, median: 0.8777
    mean best IoU (correct class): 0.8492, median: 0.8777
    per-class mean best IoU (raw detections):
      | class | gts | mean_any | mean_same | med_same |
      |-------|-----:|----------:|-----------:|----------:|
      | ship  | 1226 |   0.8492 |    0.8492 |   0.8777 |
      | global | 1226 |   0.8492 |    0.8492 |   0.8777 |
    GTs with IoU≥thresh but no same-class hit (wrong-class / misaligned): 0
    GTs with no detection above IoU thresh (missed / poor loc): 26
    GTs with 0% best IoU vs any detection (no spatial overlap): 8 (0.65% of GTs)
    histogram best IoU (any class) [0,0.25)/[0.25,0.5)/[0.5,0.75)/[0.75,1]: 12/14/92/1108
    histogram best IoU (correct class) [0,0.25)/[0.25,0.5)/[0.5,0.75)/[0.75,1]: 12/14/92/1108
  Class-agnostic duplicate rate (post score thresh; IoU≥0.50 vs a higher-score box): micro=0.00% (0/1437 boxes), macro mean over images with detections=0.00% (436 images)
  mAP: 0.9041  ↑0.0005 (90.41%)
  Per-Class AP:
    ship: 0.9041  ↑0.0005 (90.41%)
  Ground Truth Classes: 1 classes
    ship
  Predicted Classes: 1 classes
    ship
  Timing: 4m 20s this epoch (avg 4m 16s) | ETA ~17m 6s for 4 epoch(s) left, mAP every 4 epoch(s).

Epoch 33/36
--------------------------------------------------
Epoch 33/36 complete: 309/309 batches, loss: 0.1041
  Effective LR: ref=5.000e-04 (0=5.000e-04)
  ROI hints: pos=32.8, bg=1150.5, ignore=0.0, sampled_fg=32.5, sampled_bg=479.5, matched_gt=2.8, match_rate=100.00%
Validation complete: 219 batches
Validation Metrics:
--------------------------------------------------
  Eval thresholds (mAP / matching): score≥0.0500, IoU≥0.50
  Avg Detections per Image (score≥0.0500): 3.87  ↓0.02
  Avg Detections per Image (score≥0.5): 2.76  ↑0.01
  Max detection score: 1.000
  Mean detection score: 0.901
  Time per Step: 0.1317  ↓0.0000
  Accuracy / GT cover: (skipped — computed on mAP epochs)
  Ground Truth objects: 1228
  mAP: (skipped)
  Ground Truth Classes: 1 classes
    ship
  Predicted Classes: 1 classes
    ship
  Timing: 4m 17s this epoch (avg 4m 16s) | ETA ~12m 49s for 3 epoch(s) left, mAP every 4 epoch(s).

Epoch 34/36
--------------------------------------------------
Epoch 34/36 complete: 309/309 batches, loss: 0.1031
  Effective LR: ref=5.000e-04 (0=5.000e-04)
  ROI hints: pos=33.2, bg=1150.0, ignore=0.0, sampled_fg=32.8, sampled_bg=479.2, matched_gt=2.8, match_rate=100.00%
Validation complete: 219 batches
Validation Metrics:
--------------------------------------------------
  Eval thresholds (mAP / matching): score≥0.0500, IoU≥0.50
  Avg Detections per Image (score≥0.0500): 3.85  ↓0.02
  Avg Detections per Image (score≥0.5): 2.77  ↑0.01
  Max detection score: 1.000
  Mean detection score: 0.898
  Time per Step: 0.1318  ↓0.0001
  Accuracy / GT cover: (skipped — computed on mAP epochs)
  Ground Truth objects: 1228
  mAP: (skipped)
  Ground Truth Classes: 1 classes
    ship
  Predicted Classes: 1 classes
    ship
  Timing: 4m 20s this epoch (avg 4m 17s) | ETA ~8m 33s for 2 epoch(s) left, mAP every 4 epoch(s).

Epoch 35/36
--------------------------------------------------
Epoch 35/36 complete: 309/309 batches, loss: 0.1021
  Effective LR: ref=5.000e-05 (0=5.000e-05)
  ROI hints: pos=33.5, bg=1150.0, ignore=0.0, sampled_fg=33.2, sampled_bg=478.8, matched_gt=2.8, match_rate=100.00%
Validation complete: 219 batches
Validation Metrics:
--------------------------------------------------
  Eval thresholds (mAP / matching): score≥0.0500, IoU≥0.50
  Avg Detections per Image (score≥0.0500): 3.84  ↓0.01
  Avg Detections per Image (score≥0.5): 2.78  ↑0.01
  Max detection score: 1.000
  Mean detection score: 0.899
  Time per Step: 0.1318  ↓0.0000
  Accuracy / GT cover: (skipped — computed on mAP epochs)
  Ground Truth objects: 1228
  mAP: (skipped)
  Ground Truth Classes: 1 classes
    ship
  Predicted Classes: 1 classes
    ship
  Timing: 4m 25s this epoch (avg 4m 17s) | ETA ~4m 17s for 1 epoch(s) left, mAP every 4 epoch(s).

Epoch 36/36
--------------------------------------------------
Epoch 36/36 complete: 309/309 batches, loss: 0.1012
  Effective LR: ref=5.000e-05 (0=5.000e-05)
  ROI hints: pos=33.9, bg=1149.9, ignore=0.0, sampled_fg=33.5, sampled_bg=478.5, matched_gt=2.8, match_rate=100.00%

Computing mAP (periodic evaluation: every 4 epoch(s))...
Validation complete: 219 batches

Computing mAP (this may take a while)...
  Eval filters: score≥0.0500, IoU≥0.50
  Images: 438
  Total detections (post score filter): 1,464 (3.3 per image)
  Total ground truths: 1,228 (2.8 per image)
mAP: exact rotated IoU on CPU (backend='shapely'; GPU sampling IoU disabled)
  mAP computation completed in 0.4s. mAP: 0.9039
Validation Metrics:
--------------------------------------------------
  Eval thresholds (mAP / matching): score≥0.0500, IoU≥0.50
  Avg Detections per Image (score≥0.0500): 3.82  ↓0.01
  Avg Detections per Image (score≥0.5): 2.78  ↑0.01
  Max detection score: 1.000
  Mean detection score: 0.901
  Time per Step: 0.1319  ↓0.0001
  Accuracy: 0.8231 (82.31%)
  Correct Predictions: 1205/1464 (matched detections)
  Ground Truth objects: 1228
  GT covered pre-eval-threshold: 1206/1228
  GT covered post-eval-threshold: 1206/1228
  GT lost by eval-threshold filtering: 0
  GT cover rate pre-eval-threshold: 98.21%
  GT cover rate post-eval-threshold: 98.21%
  GT IoU vs raw dets (eval IoU threshold=0.50; per-GT max IoU over all dets / over same-class dets):
    mean best IoU (any class): 0.8523, median: 0.8782
    mean best IoU (correct class): 0.8523, median: 0.8782
    per-class mean best IoU (raw detections):
      | class | gts | mean_any | mean_same | med_same |
      |-------|-----:|----------:|-----------:|----------:|
      | ship  | 1226 |   0.8523 |    0.8523 |   0.8782 |
      | global | 1226 |   0.8523 |    0.8523 |   0.8782 |
    GTs with IoU≥thresh but no same-class hit (wrong-class / misaligned): 0
    GTs with no detection above IoU thresh (missed / poor loc): 20
    GTs with 0% best IoU vs any detection (no spatial overlap): 5 (0.41% of GTs)
    histogram best IoU (any class) [0,0.25)/[0.25,0.5)/[0.5,0.75)/[0.75,1]: 8/12/87/1119
    histogram best IoU (correct class) [0,0.25)/[0.25,0.5)/[0.5,0.75)/[0.75,1]: 8/12/87/1119
  Class-agnostic duplicate rate (post score thresh; IoU≥0.50 vs a higher-score box): micro=0.00% (0/1464 boxes), macro mean over images with detections=0.00% (436 images)
  mAP: 0.9039  ↓0.0003 (90.39%)
  Per-Class AP:
    ship: 0.9039  ↓0.0003 (90.39%)
  Ground Truth Classes: 1 classes
    ship
  Predicted Classes: 1 classes
    ship
  Timing: 4m 25s this epoch (avg 4m 17s) | Training loop finished (no final mAP).

================================================================================
Training timing summary
================================================================================
  Started:   2026-08-30T16:38:58+00:00
  Finished:  2026-08-30T19:13:16+00:00
  Total wall: 2h 34m (9258.0 s)
  Epochs:    36 completed (mean 4m 17s, min 3m 2s, max 4m 40s)
================================================================================

================================================================================
Training completed successfully!
================================================================================
Experiment directory: /home/jeffaudi/oriented-det/runs/oriented_rcnn/20260830-163857
  Checkpoints saved to: /home/jeffaudi/oriented-det/runs/oriented_rcnn/20260830-163857/checkpoints
  TensorBoard logs saved to: /home/jeffaudi/oriented-det/runs/oriented_rcnn/20260830-163857
  Config saved to: /home/jeffaudi/oriented-det/runs/oriented_rcnn/20260830-163857/config.json

View TensorBoard with:
  tensorboard --logdir /home/jeffaudi/oriented-det/runs/oriented_rcnn
  tensorboard --logdir /home/jeffaudi/oriented-det/runs/oriented_rcnn/20260830-163857
