Loading configuration from: configs/rotated_faster_rcnn/dota_le90.json
Training log file: /home/jeffaudi/oriented-det/runs/rotated_faster_rcnn/20260604-083242/train.log
================================================================================
ROTATED_FASTER_RCNN Training
================================================================================
PyTorch Version: 2.3.0+cu121
CUDA Available: True
MPS (Apple Silicon) Available: False
CUDA Device: NVIDIA L4
Mixed Precision (AMP): False

Checking dataset directories...
Train tiles (2 root(s)):
  /home/jeffaudi/data/DOTA-v1.0-tiled/train
    Images exist: True
    Labels exist: True
  /home/jeffaudi/data/DOTA-v1.0-tiled/val
    Images exist: True
    Labels exist: True

Val tiles (1 root(s)):
  /home/jeffaudi/data/DOTA-v1.0-tiled/val
    Images exist: True
    Labels exist: True


Loading datasets...
DOTA filter_empty_gt (MMRotate-style):
  train: filter_empty_gt dropped 19464 / 33155 tiles (13691 kept)
  val: filter_empty_gt dropped 4548 / 7669 tiles (3121 kept)

Found 15 classes:
  0: baseball-diamond
  1: basketball-court
  2: bridge
  3: ground-track-field
  4: harbor
  5: helicopter
  6: large-vehicle
  7: plane
  8: roundabout
  9: ship
  10: small-vehicle
  11: soccer-ball-field
  12: storage-tank
  13: swimming-pool
  14: tennis-court

Number of classes (foreground): 15
Class mapping: {'baseball-diamond': 1, 'basketball-court': 2, 'bridge': 3, 'ground-track-field': 4, 'harbor': 5, 'helicopter': 6, 'large-vehicle': 7, 'plane': 8, 'roundabout': 9, 'ship': 10, 'small-vehicle': 11, 'soccer-ball-field': 12, 'storage-tank': 13, 'swimming-pool': 14, 'tennis-court': 15}

Analyzing class distribution in training set...

================================================================================
Class Distribution Analysis - Training Set
================================================================================
Total objects: 264,176
Total classes: 15

Class Name           Count        Percentage
--------------------------------------------------------------------------------
ship                     82,131       31.09%
small-vehicle            63,156       23.91%
large-vehicle            45,972       17.40%
plane                    20,023        7.58%
harbor                   17,028        6.45%
storage-tank             14,971        5.67%
tennis-court              6,149        2.33%
swimming-pool             4,273        1.62%
bridge                    4,122        1.56%
helicopter                1,286        0.49%
basketball-court          1,269        0.48%
baseball-diamond          1,120        0.42%
roundabout                1,017        0.38%
soccer-ball-field           874        0.33%
ground-track-field          785        0.30%
--------------------------------------------------------------------------------

Imbalance Ratio (max/min): 104.63x
Most frequent class: ship (82,131 instances)
Least frequent class: ground-track-field (785 instances)

Class weighting disabled (loss_type=cross_entropy)

Loss configuration: cross_entropy


Training configuration created:
  Model type: rotated_faster_rcnn
  Experiment timestamp: 20260604-083242
  Number of classes: 15
  Batch size: 2
  Learning rate: 0.005
  Epochs: 36

Creating collate functions...
  - Training: no Albumentations augmentation (flips: horizontal, vertical, diagonal)
  - Validation: no augmentation

Creating data loaders...
Training samples: 13691
Validation samples: 3121
Batches per epoch: 6846

Creating model...
Using device: cuda

Complete ROTATED_FASTER_RCNN model created:
  Backbone: resnet50
  Number of classes: 15 (foreground)
  Pretrained backbone: True
  Trainable backbone layers: 3 (last 3 stages) (frozen_stages=1)
  RPN anchor reference angles (fixed horizontal priors, not configurable): ['0.0°']
  Anchor scales: [8]
  Anchor ratios: [0.5, 1.0, 2.0]
  FPN strides: [4, 8, 16, 32, 64]
  FPN levels: 5 (P2, P3, P4, P5, P6)
  ROI Loss Type: cross_entropy

  Total parameters: 41,363,556
  Trainable parameters: 41,138,212

Configuration saved to: /home/jeffaudi/oriented-det/runs/rotated_faster_rcnn/20260604-083242/config.json

Learning rate warmup enabled: 500 optimizer steps
  Warmup: 0 → 0.005 over 500 steps
  After warmup: MultiStepLR at epochs [24, 33], gamma=0.1

Experiment directory: /home/jeffaudi/oriented-det/runs/rotated_faster_rcnn/20260604-083242
TensorBoard logging enabled. Logs saved to: /home/jeffaudi/oriented-det/runs/rotated_faster_rcnn/20260604-083242
View logs with: tensorboard --logdir /home/jeffaudi/oriented-det/runs/rotated_faster_rcnn
View this experiment with: tensorboard --logdir /home/jeffaudi/oriented-det/runs/rotated_faster_rcnn/20260604-083242

Training configuration:
  Epochs: 36
  Learning rate: 0.005000
  Batch size per GPU: 2
  Gradient accumulation: 1
  Best checkpoint metric: mAP (higher_is_better=True)
  Effective batch size: 2
  Mixed precision: False
  Eval (mAP / val matching): score_threshold=0.05, iou_threshold=0.5 (production.score_threshold overrides evaluation when set)

Starting training from scratch (no checkpoint loaded)

Starting epoch: 0

Profiling disabled

================================================================================
Starting training...
================================================================================
TensorBoard: tensorboard --logdir /home/jeffaudi/oriented-det/runs/rotated_faster_rcnn
================================================================================

Training started at: 2026-06-04T08:33:17+00:00

Epoch 1/36
--------------------------------------------------
/home/jeffaudi/.pyenv/versions/3.12.12/envs/oriented-det/lib/python3.12/site-packages/torch/nn/modules/conv.py:456: UserWarning: Plan failed with a cudnnException: CUDNN_BACKEND_EXECUTION_PLAN_DESCRIPTOR: cudnnFinalize Descriptor Failed cudnn_status: CUDNN_STATUS_NOT_SUPPORTED (Triggered internally at ../aten/src/ATen/native/cudnn/Conv_v8.cpp:919.)
  return F.conv2d(input, weight, bias, self.stride,
Epoch 1/36 complete: 6846/6846 batches, loss: 0.9400
  Effective LR: ref=5.000e-03 (0=5.000e-03)
  ROI hints: pos=92.3, bg=778.4, ignore=0.0, sampled_fg=58.3, sampled_bg=451.9, matched_gt=14.0, match_rate=79.80%
Validation complete: 1561 batches
Validation Metrics:
--------------------------------------------------
  Eval thresholds (mAP / matching): score≥0.0500, IoU≥0.50
  Avg Detections per Image (score≥0.0500): 47.46
  Avg Detections per Image (score≥0.5): 17.30
  Max detection score: 1.000
  Mean detection score: 0.410
  Time per Step: 0.5029
  Accuracy: 0.2357 (23.57%)
  Correct Predictions: 34911/148109 (matched detections)
  Ground Truth objects: 57768
  GT covered pre-eval-threshold: 34888/57768
  GT covered post-eval-threshold: 34888/57768
  GT lost by eval-threshold filtering: 0
  GT cover rate pre-eval-threshold: 60.39%
  GT cover rate post-eval-threshold: 60.39%
  mAP: (skipped)
  Ground Truth Classes: 15 classes
  Predicted Classes: 13 classes
  Timing: 1h 11m this epoch (avg 1h 11m) | ETA ~1d 17h 39m for 35 epoch(s) left, mAP every 4 epoch(s).

Epoch 2/36
--------------------------------------------------
Epoch 2/36 complete: 6846/6846 batches, loss: 0.8235
  Effective LR: ref=5.000e-03 (0=5.000e-03)
  ROI hints: pos=102.7, bg=723.4, ignore=0.0, sampled_fg=63.1, sampled_bg=443.7, matched_gt=15.0, match_rate=85.12%
Validation complete: 1561 batches
Validation Metrics:
--------------------------------------------------
  Eval thresholds (mAP / matching): score≥0.0500, IoU≥0.50
  Avg Detections per Image (score≥0.0500): 40.12  ↓7.33
  Avg Detections per Image (score≥0.5): 15.28  ↓2.02
  Max detection score: 1.000
  Mean detection score: 0.432
  Time per Step: 0.4613  ↑0.0416
  Accuracy: 0.4093  ↑0.1736 (40.93%)
  Correct Predictions: 41889/102345 (matched detections)
  Ground Truth objects: 57768
  GT covered pre-eval-threshold: 41882/57768
  GT covered post-eval-threshold: 41882/57768
  GT lost by eval-threshold filtering: 0
  GT cover rate pre-eval-threshold: 72.50%
  GT cover rate post-eval-threshold: 72.50%
  mAP: (skipped)
  Ground Truth Classes: 15 classes
  Predicted Classes: 15 classes
  Timing: 1h 5m this epoch (avg 1h 8m) | ETA ~1d 14h 54m for 34 epoch(s) left, mAP every 4 epoch(s).

Epoch 3/36
--------------------------------------------------
Epoch 3/36 complete: 6846/6846 batches, loss: 0.7596
  Effective LR: ref=5.000e-03 (0=5.000e-03)
  ROI hints: pos=107.4, bg=686.2, ignore=0.0, sampled_fg=65.4, sampled_bg=436.9, matched_gt=15.5, match_rate=87.50%
Validation complete: 1561 batches
Validation Metrics:
--------------------------------------------------
  Eval thresholds (mAP / matching): score≥0.0500, IoU≥0.50
  Avg Detections per Image (score≥0.0500): 38.09  ↓2.04
  Avg Detections per Image (score≥0.5): 15.09  ↓0.19
  Max detection score: 1.000
  Mean detection score: 0.454
  Time per Step: 0.4485  ↑0.0128
  Accuracy: 0.4006  ↓0.0087 (40.06%)
  Correct Predictions: 42523/106145 (matched detections)
  Ground Truth objects: 57768
  GT covered pre-eval-threshold: 42528/57768
  GT covered post-eval-threshold: 42528/57768
  GT lost by eval-threshold filtering: 0
  GT cover rate pre-eval-threshold: 73.62%
  GT cover rate post-eval-threshold: 73.62%
  mAP: (skipped)
  Ground Truth Classes: 15 classes
  Predicted Classes: 15 classes
  Timing: 1h 4m this epoch (avg 1h 7m) | ETA ~1d 12h 58m for 33 epoch(s) left, mAP every 4 epoch(s).

Epoch 4/36
--------------------------------------------------
Epoch 4/36 complete: 6846/6846 batches, loss: 0.7177
  Effective LR: ref=5.000e-03 (0=5.000e-03)
  ROI hints: pos=110.0, bg=659.3, ignore=0.0, sampled_fg=66.9, sampled_bg=431.1, matched_gt=15.7, match_rate=88.87%

Computing mAP (periodic evaluation: every 4 epoch(s))...
Validation complete: 1561 batches

Computing mAP (this may take a while)...
  Eval filters: score≥0.0500, IoU≥0.50
  Images: 3,121
  Total detections (post score filter): 87,236 (28.0 per image)
  Total ground truths: 57,768 (18.5 per image)
  Warning: Large number of detections may slow down mAP computation
  Consider increasing evaluation.score_threshold (current: 0.05) for faster mAP matching
mAP: exact rotated IoU on CPU (backend='shapely'; GPU sampling IoU disabled)
  Computing AP for baseball-diamond: 886 dets, 364 GTs (322,504 IoU calculations)
  Computing AP for basketball-court: 682 dets, 278 GTs (189,596 IoU calculations)
  Computing AP for bridge: 3,470 dets, 666 GTs (2,311,020 IoU calculations)
  Computing AP for ground-track-field: 953 dets, 216 GTs (205,848 IoU calculations)
  WARNING: harbor has 31,448,466 IoU calculations (7,317 dets × 4,298 GTs). This will be slow!
  Computing AP for harbor: 7,317 dets, 4,298 GTs (31,448,466 IoU calculations)
    Using chunked batch IoU computation (CPU exact (shapely)) for harbor (31,448,466 calculations)
    Processing 7,317 detections in chunks of 1,163
  WARNING: large-vehicle has 119,946,674 IoU calculations (12,763 dets × 9,398 GTs). This will be slow!
  Computing AP for large-vehicle: 12,763 dets, 9,398 GTs (119,946,674 IoU calculations)
    Using chunked batch IoU computation (CPU exact (shapely)) for large-vehicle (119,946,674 calculations)
    Processing 12,763 detections in chunks of 532
  WARNING: plane has 32,582,397 IoU calculations (6,887 dets × 4,731 GTs). This will be slow!
  Computing AP for plane: 6,887 dets, 4,731 GTs (32,582,397 IoU calculations)
    Using chunked batch IoU computation (CPU exact (shapely)) for plane (32,582,397 calculations)
    Processing 6,887 detections in chunks of 1,056
  Computing AP for roundabout: 437 dets, 256 GTs (111,872 IoU calculations)
  WARNING: ship has 439,515,276 IoU calculations (23,714 dets × 18,534 GTs). This will be slow!
  Computing AP for ship: 23,714 dets, 18,534 GTs (439,515,276 IoU calculations)
    Using chunked batch IoU computation (CPU exact (shapely)) for ship (439,515,276 calculations)
    Processing 23,714 detections in chunks of 269
  WARNING: small-vehicle has 227,946,347 IoU calculations (20,071 dets × 11,357 GTs). This will be slow!
  Computing AP for small-vehicle: 20,071 dets, 11,357 GTs (227,946,347 IoU calculations)
    Using chunked batch IoU computation (CPU exact (shapely)) for small-vehicle (227,946,347 calculations)
    Processing 20,071 detections in chunks of 440
  Computing AP for soccer-ball-field: 940 dets, 260 GTs (244,400 IoU calculations)
  WARNING: storage-tank has 26,312,130 IoU calculations (5,230 dets × 5,031 GTs). This will be slow!
  Computing AP for storage-tank: 5,230 dets, 5,031 GTs (26,312,130 IoU calculations)
    Using chunked batch IoU computation (CPU exact (shapely)) for storage-tank (26,312,130 calculations)
    Processing 5,230 detections in chunks of 993
  Computing AP for swimming-pool: 1,052 dets, 693 GTs (729,036 IoU calculations)
  Computing AP for tennis-court: 2,622 dets, 1,529 GTs (4,009,038 IoU calculations)
  mAP computation completed in 27m 40s. mAP: 0.6302
Validation Metrics:
--------------------------------------------------
  Eval thresholds (mAP / matching): score≥0.0500, IoU≥0.50
  Avg Detections per Image (score≥0.0500): 35.55  ↓2.53
  Avg Detections per Image (score≥0.5): 15.04  ↓0.05
  Max detection score: 1.000
  Mean detection score: 0.542
  Time per Step: 0.4340  ↑0.0145
  Accuracy: 0.5090  ↑0.1084 (50.90%)
  Correct Predictions: 44404/87236 (matched detections)
  Ground Truth objects: 57768
  GT covered pre-eval-threshold: 44410/57768
  GT covered post-eval-threshold: 44410/57768
  GT lost by eval-threshold filtering: 0
  GT cover rate pre-eval-threshold: 76.88%
  GT cover rate post-eval-threshold: 76.88%
  GT IoU vs raw dets (eval IoU threshold=0.50; per-GT max IoU over all dets / over same-class dets):
    mean best IoU (any class): 0.6052, median: 0.6925
    mean best IoU (correct class): 0.5975, median: 0.6901
    GTs with IoU≥thresh but no same-class hit (wrong-class / misaligned): 521
    GTs with no detection above IoU thresh (missed / poor loc): 12837
    GTs with 0% best IoU vs any detection (no spatial overlap): 5200 (9.00% of GTs)
    histogram best IoU (any class) [0,0.25)/[0.25,0.5)/[0.5,0.75)/[0.75,1]: 7686/5151/25346/19585
    histogram best IoU (correct class) [0,0.25)/[0.25,0.5)/[0.5,0.75)/[0.75,1]: 8297/5061/25133/19277
  Class-agnostic duplicate rate (post score thresh; IoU≥0.50 vs a higher-score box): micro=3.46% (3021/87236 boxes), macro mean over images with detections=4.50% (3112 images)
  mAP: 0.6302 (63.02%)
  Per-Class AP:
    baseball-diamond: 0.7361 (73.61%)
    basketball-court: 0.8461 (84.61%)
    bridge: 0.2773 (27.73%)
    ground-track-field: 0.6369 (63.69%)
    harbor: 0.4830 (48.30%)
    helicopter: 0.4765 (47.65%)
    large-vehicle: 0.4121 (41.21%)
    plane: 0.9024 (90.24%)
    roundabout: 0.6535 (65.35%)
    ship: 0.7742 (77.42%)
    small-vehicle: 0.6061 (60.61%)
    soccer-ball-field: 0.6508 (65.08%)
    storage-tank: 0.6192 (61.92%)
    swimming-pool: 0.4736 (47.36%)
    tennis-court: 0.9059 (90.59%)
  Ground Truth Classes: 15 classes
  Predicted Classes: 15 classes
  Timing: 1h 32m this epoch (avg 1h 13m) | ETA ~1d 15h 17m for 32 epoch(s) left, mAP every 4 epoch(s).

Epoch 5/36
--------------------------------------------------
Epoch 5/36 complete: 6846/6846 batches, loss: 0.6868
  Effective LR: ref=5.000e-03 (0=5.000e-03)
  ROI hints: pos=111.1, bg=637.0, ignore=0.0, sampled_fg=67.8, sampled_bg=425.5, matched_gt=15.9, match_rate=89.80%
Validation complete: 1561 batches
Validation Metrics:
--------------------------------------------------
  Eval thresholds (mAP / matching): score≥0.0500, IoU≥0.50
  Avg Detections per Image (score≥0.0500): 34.36  ↓1.19
  Avg Detections per Image (score≥0.5): 15.06  ↑0.01
  Max detection score: 1.000
  Mean detection score: 0.519
  Time per Step: 0.4278  ↑0.0062
  Accuracy: 0.5006  ↓0.0084 (50.06%)
  Correct Predictions: 46233/92358 (matched detections)
  Ground Truth objects: 57768
  GT covered pre-eval-threshold: 46232/57768
  GT covered post-eval-threshold: 46232/57768
  GT lost by eval-threshold filtering: 0
  GT cover rate pre-eval-threshold: 80.03%
  GT cover rate post-eval-threshold: 80.03%
  mAP: (skipped)
  Ground Truth Classes: 15 classes
  Predicted Classes: 15 classes
  Timing: 1h 2m this epoch (avg 1h 11m) | ETA ~1d 12h 51m for 31 epoch(s) left, mAP every 4 epoch(s).

Epoch 6/36
--------------------------------------------------
Epoch 6/36 complete: 6846/6846 batches, loss: 0.6611
  Effective LR: ref=5.000e-03 (0=5.000e-03)
  ROI hints: pos=112.0, bg=619.4, ignore=0.0, sampled_fg=68.6, sampled_bg=420.8, matched_gt=16.1, match_rate=90.54%
Validation complete: 1561 batches
Validation Metrics:
--------------------------------------------------
  Eval thresholds (mAP / matching): score≥0.0500, IoU≥0.50
  Avg Detections per Image (score≥0.0500): 35.03  ↑0.67
  Avg Detections per Image (score≥0.5): 15.68  ↑0.63
  Max detection score: 1.000
  Mean detection score: 0.525
  Time per Step: 0.4252  ↑0.0025
  Accuracy: 0.3914  ↓0.1092 (39.14%)
  Correct Predictions: 46896/119824 (matched detections)
  Ground Truth objects: 57768
  GT covered pre-eval-threshold: 46902/57768
  GT covered post-eval-threshold: 46902/57768
  GT lost by eval-threshold filtering: 0
  GT cover rate pre-eval-threshold: 81.19%
  GT cover rate post-eval-threshold: 81.19%
  mAP: (skipped)
  Ground Truth Classes: 15 classes
  Predicted Classes: 15 classes
  Timing: 1h 1m this epoch (avg 1h 9m) | ETA ~1d 10h 53m for 30 epoch(s) left, mAP every 4 epoch(s).

Epoch 7/36
--------------------------------------------------
Epoch 7/36 complete: 6846/6846 batches, loss: 0.6409
  Effective LR: ref=5.000e-03 (0=5.000e-03)
  ROI hints: pos=112.6, bg=604.4, ignore=0.0, sampled_fg=69.2, sampled_bg=416.8, matched_gt=16.2, match_rate=91.08%
Validation complete: 1561 batches
Validation Metrics:
--------------------------------------------------
  Eval thresholds (mAP / matching): score≥0.0500, IoU≥0.50
  Avg Detections per Image (score≥0.0500): 35.05  ↑0.02
  Avg Detections per Image (score≥0.5): 15.86  ↑0.18
  Max detection score: 1.000
  Mean detection score: 0.510
  Time per Step: 0.4239  ↑0.0013
  Accuracy: 0.4278  ↑0.0364 (42.78%)
  Correct Predictions: 46977/109819 (matched detections)
  Ground Truth objects: 57768
  GT covered pre-eval-threshold: 46976/57768
  GT covered post-eval-threshold: 46976/57768
  GT lost by eval-threshold filtering: 0
  GT cover rate pre-eval-threshold: 81.32%
  GT cover rate post-eval-threshold: 81.32%
  mAP: (skipped)
  Ground Truth Classes: 15 classes
  Predicted Classes: 15 classes
  Timing: 1h 1m this epoch (avg 1h 8m) | ETA ~1d 9h 9m for 29 epoch(s) left, mAP every 4 epoch(s).

Epoch 8/36
--------------------------------------------------
Epoch 8/36 complete: 6846/6846 batches, loss: 0.6235
  Effective LR: ref=5.000e-03 (0=5.000e-03)
  ROI hints: pos=112.8, bg=590.2, ignore=0.0, sampled_fg=69.6, sampled_bg=412.8, matched_gt=16.3, match_rate=91.50%

Computing mAP (periodic evaluation: every 4 epoch(s))...
Validation complete: 1561 batches

Computing mAP (this may take a while)...
  Eval filters: score≥0.0500, IoU≥0.50
  Images: 3,121
  Total detections (post score filter): 105,062 (33.7 per image)
  Total ground truths: 57,768 (18.5 per image)
  Warning: Large number of detections may slow down mAP computation
  Consider increasing evaluation.score_threshold (current: 0.05) for faster mAP matching
mAP: exact rotated IoU on CPU (backend='shapely'; GPU sampling IoU disabled)
  Computing AP for baseball-diamond: 562 dets, 364 GTs (204,568 IoU calculations)
  Computing AP for basketball-court: 493 dets, 278 GTs (137,054 IoU calculations)
  Computing AP for bridge: 2,330 dets, 666 GTs (1,551,780 IoU calculations)
  Computing AP for ground-track-field: 577 dets, 216 GTs (124,632 IoU calculations)
  WARNING: harbor has 33,288,010 IoU calculations (7,745 dets × 4,298 GTs). This will be slow!
  Computing AP for harbor: 7,745 dets, 4,298 GTs (33,288,010 IoU calculations)
    Using chunked batch IoU computation (CPU exact (shapely)) for harbor (33,288,010 calculations)
    Processing 7,745 detections in chunks of 1,163
  WARNING: large-vehicle has 205,581,250 IoU calculations (21,875 dets × 9,398 GTs). This will be slow!
  Computing AP for large-vehicle: 21,875 dets, 9,398 GTs (205,581,250 IoU calculations)
    Using chunked batch IoU computation (CPU exact (shapely)) for large-vehicle (205,581,250 calculations)
    Processing 21,875 detections in chunks of 532
  WARNING: plane has 27,614,847 IoU calculations (5,837 dets × 4,731 GTs). This will be slow!
  Computing AP for plane: 5,837 dets, 4,731 GTs (27,614,847 IoU calculations)
    Using chunked batch IoU computation (CPU exact (shapely)) for plane (27,614,847 calculations)
    Processing 5,837 detections in chunks of 1,056
  Computing AP for roundabout: 591 dets, 256 GTs (151,296 IoU calculations)
  WARNING: ship has 429,043,566 IoU calculations (23,149 dets × 18,534 GTs). This will be slow!
  Computing AP for ship: 23,149 dets, 18,534 GTs (429,043,566 IoU calculations)
    Using chunked batch IoU computation (CPU exact (shapely)) for ship (429,043,566 calculations)
    Processing 23,149 detections in chunks of 269
  WARNING: small-vehicle has 380,107,433 IoU calculations (33,469 dets × 11,357 GTs). This will be slow!
  Computing AP for small-vehicle: 33,469 dets, 11,357 GTs (380,107,433 IoU calculations)
    Using chunked batch IoU computation (CPU exact (shapely)) for small-vehicle (380,107,433 calculations)
    Processing 33,469 detections in chunks of 440
  Computing AP for soccer-ball-field: 537 dets, 260 GTs (139,620 IoU calculations)
  WARNING: storage-tank has 20,843,433 IoU calculations (4,143 dets × 5,031 GTs). This will be slow!
  Computing AP for storage-tank: 4,143 dets, 5,031 GTs (20,843,433 IoU calculations)
    Using chunked batch IoU computation (CPU exact (shapely)) for storage-tank (20,843,433 calculations)
    Processing 4,143 detections in chunks of 993
  Computing AP for swimming-pool: 1,687 dets, 693 GTs (1,169,091 IoU calculations)
  Computing AP for tennis-court: 1,839 dets, 1,529 GTs (2,811,831 IoU calculations)
  mAP computation completed in 27m 34s. mAP: 0.6699
Validation Metrics:
--------------------------------------------------
  Eval thresholds (mAP / matching): score≥0.0500, IoU≥0.50
  Avg Detections per Image (score≥0.0500): 34.88  ↓0.17
  Avg Detections per Image (score≥0.5): 15.94  ↑0.07
  Max detection score: 1.000
  Mean detection score: 0.510
  Time per Step: 0.4217  ↑0.0022
  Accuracy: 0.4324  ↑0.0046 (43.24%)
  Correct Predictions: 45424/105062 (matched detections)
  Ground Truth objects: 57768
  GT covered pre-eval-threshold: 45435/57768
  GT covered post-eval-threshold: 45435/57768
  GT lost by eval-threshold filtering: 0
  GT cover rate pre-eval-threshold: 78.65%
  GT cover rate post-eval-threshold: 78.65%
  GT IoU vs raw dets (eval IoU threshold=0.50; per-GT max IoU over all dets / over same-class dets):
    mean best IoU (any class): 0.6218, median: 0.6877
    mean best IoU (correct class): 0.6146, median: 0.6854
    GTs with IoU≥thresh but no same-class hit (wrong-class / misaligned): 506
    GTs with no detection above IoU thresh (missed / poor loc): 11827
    GTs with 0% best IoU vs any detection (no spatial overlap): 3525 (6.10% of GTs)
    histogram best IoU (any class) [0,0.25)/[0.25,0.5)/[0.5,0.75)/[0.75,1]: 5455/6372/26588/19353
    histogram best IoU (correct class) [0,0.25)/[0.25,0.5)/[0.5,0.75)/[0.75,1]: 6058/6275/26279/19156
  Class-agnostic duplicate rate (post score thresh; IoU≥0.50 vs a higher-score box): micro=3.03% (3180/105062 boxes), macro mean over images with detections=3.77% (3118 images)
  mAP: 0.6699  ↑0.0397 (66.99%)
  Per-Class AP:
    baseball-diamond: 0.7752  ↑0.0391 (77.52%)
    basketball-court: 0.8956  ↑0.0495 (89.56%)
    bridge: 0.3986  ↑0.1213 (39.86%)
    ground-track-field: 0.6024  ↓0.0345 (60.24%)
    harbor: 0.4294  ↓0.0536 (42.94%)
    helicopter: 0.6714  ↑0.1949 (67.14%)
    large-vehicle: 0.5052  ↑0.0931 (50.52%)
    plane: 0.9059  ↑0.0036 (90.59%)
    roundabout: 0.7441  ↑0.0906 (74.41%)
    ship: 0.6186  ↓0.1556 (61.86%)
    small-vehicle: 0.6795  ↑0.0734 (67.95%)
    soccer-ball-field: 0.6701  ↑0.0193 (67.01%)
    storage-tank: 0.6287  ↑0.0096 (62.87%)
    swimming-pool: 0.6153  ↑0.1417 (61.53%)
    tennis-court: 0.9088  ↑0.0029 (90.88%)
  Ground Truth Classes: 15 classes
  Predicted Classes: 15 classes
  Timing: 1h 31m this epoch (avg 1h 11m) | ETA ~1d 9h 22m for 28 epoch(s) left, mAP every 4 epoch(s).

Epoch 9/36
--------------------------------------------------
Epoch 9/36 complete: 6846/6846 batches, loss: 0.6090
  Effective LR: ref=5.000e-03 (0=5.000e-03)
  ROI hints: pos=113.0, bg=578.4, ignore=0.0, sampled_fg=70.0, sampled_bg=409.2, matched_gt=16.4, match_rate=91.87%
Validation complete: 1561 batches
Validation Metrics:
--------------------------------------------------
  Eval thresholds (mAP / matching): score≥0.0500, IoU≥0.50
  Avg Detections per Image (score≥0.0500): 34.51  ↓0.37
  Avg Detections per Image (score≥0.5): 15.94  ↓0.00
  Max detection score: 1.000
  Mean detection score: 0.525
  Time per Step: 0.4199  ↑0.0018
  Accuracy: 0.4459  ↑0.0136 (44.59%)
  Correct Predictions: 43861/98364 (matched detections)
  Ground Truth objects: 57768
  GT covered pre-eval-threshold: 43868/57768
  GT covered post-eval-threshold: 43868/57768
  GT lost by eval-threshold filtering: 0
  GT cover rate pre-eval-threshold: 75.94%
  GT cover rate post-eval-threshold: 75.94%
  mAP: (skipped)
  Ground Truth Classes: 15 classes
  Predicted Classes: 15 classes
  Timing: 1h 0m this epoch (avg 1h 10m) | ETA ~1d 7h 38m for 27 epoch(s) left, mAP every 4 epoch(s).

Epoch 10/36
--------------------------------------------------
Epoch 10/36 complete: 6846/6846 batches, loss: 0.5957
  Effective LR: ref=5.000e-03 (0=5.000e-03)
  ROI hints: pos=113.0, bg=567.1, ignore=0.0, sampled_fg=70.3, sampled_bg=405.7, matched_gt=16.5, match_rate=92.19%
Validation complete: 1561 batches
Validation Metrics:
--------------------------------------------------
  Eval thresholds (mAP / matching): score≥0.0500, IoU≥0.50
  Avg Detections per Image (score≥0.0500): 33.83  ↓0.68
  Avg Detections per Image (score≥0.5): 16.00  ↑0.06
  Max detection score: 1.000
  Mean detection score: 0.605
  Time per Step: 0.4165  ↑0.0034
  Accuracy: 0.5410  ↑0.0951 (54.10%)
  Correct Predictions: 46810/86532 (matched detections)
  Ground Truth objects: 57768
  GT covered pre-eval-threshold: 46826/57768
  GT covered post-eval-threshold: 46826/57768
  GT lost by eval-threshold filtering: 0
  GT cover rate pre-eval-threshold: 81.06%
  GT cover rate post-eval-threshold: 81.06%
  mAP: (skipped)
  Ground Truth Classes: 15 classes
  Predicted Classes: 15 classes
  Timing: 59m 15s this epoch (avg 1h 9m) | ETA ~1d 5h 59m for 26 epoch(s) left, mAP every 4 epoch(s).

Epoch 11/36
--------------------------------------------------
Epoch 11/36 complete: 6846/6846 batches, loss: 0.5841
  Effective LR: ref=5.000e-03 (0=5.000e-03)
  ROI hints: pos=112.9, bg=556.6, ignore=0.0, sampled_fg=70.5, sampled_bg=402.3, matched_gt=16.6, match_rate=92.46%
Validation complete: 1561 batches
Validation Metrics:
--------------------------------------------------
  Eval thresholds (mAP / matching): score≥0.0500, IoU≥0.50
  Avg Detections per Image (score≥0.0500): 33.47  ↓0.36
  Avg Detections per Image (score≥0.5): 16.03  ↑0.03
  Max detection score: 1.000
  Mean detection score: 0.562
  Time per Step: 0.4140  ↑0.0025
  Accuracy: 0.4861  ↓0.0548 (48.61%)
  Correct Predictions: 45331/93250 (matched detections)
  Ground Truth objects: 57768
  GT covered pre-eval-threshold: 45345/57768
  GT covered post-eval-threshold: 45345/57768
  GT lost by eval-threshold filtering: 0
  GT cover rate pre-eval-threshold: 78.50%
  GT cover rate post-eval-threshold: 78.50%
  mAP: (skipped)
  Ground Truth Classes: 15 classes
  Predicted Classes: 15 classes
  Timing: 59m 7s this epoch (avg 1h 8m) | ETA ~1d 4h 27m for 25 epoch(s) left, mAP every 4 epoch(s).

Epoch 12/36
--------------------------------------------------
Epoch 12/36 complete: 6846/6846 batches, loss: 0.5736
  Effective LR: ref=5.000e-03 (0=5.000e-03)
  ROI hints: pos=112.8, bg=546.9, ignore=0.0, sampled_fg=70.8, sampled_bg=399.0, matched_gt=16.7, match_rate=92.70%

Computing mAP (periodic evaluation: every 4 epoch(s))...
Validation complete: 1561 batches

Computing mAP (this may take a while)...
  Eval filters: score≥0.0500, IoU≥0.50
  Images: 3,121
  Total detections (post score filter): 85,511 (27.4 per image)
  Total ground truths: 57,768 (18.5 per image)
  Warning: Large number of detections may slow down mAP computation
  Consider increasing evaluation.score_threshold (current: 0.05) for faster mAP matching
mAP: exact rotated IoU on CPU (backend='shapely'; GPU sampling IoU disabled)
  Computing AP for baseball-diamond: 1,338 dets, 364 GTs (487,032 IoU calculations)
  Computing AP for basketball-court: 470 dets, 278 GTs (130,660 IoU calculations)
  Computing AP for bridge: 2,096 dets, 666 GTs (1,395,936 IoU calculations)
  Computing AP for ground-track-field: 463 dets, 216 GTs (100,008 IoU calculations)
  WARNING: harbor has 30,765,084 IoU calculations (7,158 dets × 4,298 GTs). This will be slow!
  Computing AP for harbor: 7,158 dets, 4,298 GTs (30,765,084 IoU calculations)
    Using chunked batch IoU computation (CPU exact (shapely)) for harbor (30,765,084 calculations)
    Processing 7,158 detections in chunks of 1,163
  WARNING: large-vehicle has 130,895,344 IoU calculations (13,928 dets × 9,398 GTs). This will be slow!
  Computing AP for large-vehicle: 13,928 dets, 9,398 GTs (130,895,344 IoU calculations)
    Using chunked batch IoU computation (CPU exact (shapely)) for large-vehicle (130,895,344 calculations)
    Processing 13,928 detections in chunks of 532
  WARNING: plane has 26,805,846 IoU calculations (5,666 dets × 4,731 GTs). This will be slow!
  Computing AP for plane: 5,666 dets, 4,731 GTs (26,805,846 IoU calculations)
    Using chunked batch IoU computation (CPU exact (shapely)) for plane (26,805,846 calculations)
    Processing 5,666 detections in chunks of 1,056
  Computing AP for roundabout: 455 dets, 256 GTs (116,480 IoU calculations)
  WARNING: ship has 437,736,012 IoU calculations (23,618 dets × 18,534 GTs). This will be slow!
  Computing AP for ship: 23,618 dets, 18,534 GTs (437,736,012 IoU calculations)
    Using chunked batch IoU computation (CPU exact (shapely)) for ship (437,736,012 calculations)
    Processing 23,618 detections in chunks of 269
  WARNING: small-vehicle has 237,917,793 IoU calculations (20,949 dets × 11,357 GTs). This will be slow!
  Computing AP for small-vehicle: 20,949 dets, 11,357 GTs (237,917,793 IoU calculations)
    Using chunked batch IoU computation (CPU exact (shapely)) for small-vehicle (237,917,793 calculations)
    Processing 20,949 detections in chunks of 440
  Computing AP for soccer-ball-field: 850 dets, 260 GTs (221,000 IoU calculations)
  WARNING: storage-tank has 26,100,828 IoU calculations (5,188 dets × 5,031 GTs). This will be slow!
  Computing AP for storage-tank: 5,188 dets, 5,031 GTs (26,100,828 IoU calculations)
    Using chunked batch IoU computation (CPU exact (shapely)) for storage-tank (26,100,828 calculations)
    Processing 5,188 detections in chunks of 993
  Computing AP for swimming-pool: 856 dets, 693 GTs (593,208 IoU calculations)
  Computing AP for tennis-court: 2,262 dets, 1,529 GTs (3,458,598 IoU calculations)
  mAP computation completed in 27m 0s. mAP: 0.7199
Validation Metrics:
--------------------------------------------------
  Eval thresholds (mAP / matching): score≥0.0500, IoU≥0.50
  Avg Detections per Image (score≥0.0500): 32.96  ↓0.51
  Avg Detections per Image (score≥0.5): 15.99  ↓0.04
  Max detection score: 1.000
  Mean detection score: 0.576
  Time per Step: 0.4121  ↑0.0018
  Accuracy: 0.5422  ↑0.0561 (54.22%)
  Correct Predictions: 46366/85511 (matched detections)
  Ground Truth objects: 57768
  GT covered pre-eval-threshold: 46367/57768
  GT covered post-eval-threshold: 46367/57768
  GT lost by eval-threshold filtering: 0
  GT cover rate pre-eval-threshold: 80.26%
  GT cover rate post-eval-threshold: 80.26%
  GT IoU vs raw dets (eval IoU threshold=0.50; per-GT max IoU over all dets / over same-class dets):
    mean best IoU (any class): 0.6308, median: 0.7075
    mean best IoU (correct class): 0.6246, median: 0.7053
    GTs with IoU≥thresh but no same-class hit (wrong-class / misaligned): 422
    GTs with no detection above IoU thresh (missed / poor loc): 10979
    GTs with 0% best IoU vs any detection (no spatial overlap): 3881 (6.72% of GTs)
    histogram best IoU (any class) [0,0.25)/[0.25,0.5)/[0.5,0.75)/[0.75,1]: 5931/5048/24701/22088
    histogram best IoU (correct class) [0,0.25)/[0.25,0.5)/[0.5,0.75)/[0.75,1]: 6427/4974/24499/21868
  Class-agnostic duplicate rate (post score thresh; IoU≥0.50 vs a higher-score box): micro=2.52% (2152/85511 boxes), macro mean over images with detections=3.35% (3116 images)
  mAP: 0.7199  ↑0.0500 (71.99%)
  Per-Class AP:
    baseball-diamond: 0.8282  ↑0.0529 (82.82%)
    basketball-court: 0.8972  ↑0.0017 (89.72%)
    bridge: 0.5326  ↑0.1340 (53.26%)
    ground-track-field: 0.7553  ↑0.1529 (75.53%)
    harbor: 0.6290  ↑0.1996 (62.90%)
    helicopter: 0.7880  ↑0.1166 (78.80%)
    large-vehicle: 0.6126  ↑0.1074 (61.26%)
    plane: 0.9073  ↑0.0014 (90.73%)
    roundabout: 0.7631  ↑0.0190 (76.31%)
    ship: 0.6184  ↓0.0002 (61.84%)
    small-vehicle: 0.6692  ↓0.0103 (66.92%)
    soccer-ball-field: 0.7492  ↑0.0792 (74.92%)
    storage-tank: 0.6279  ↓0.0008 (62.79%)
    swimming-pool: 0.5118  ↓0.1035 (51.18%)
    tennis-court: 0.9090  ↑0.0002 (90.90%)
  Ground Truth Classes: 15 classes
  Predicted Classes: 15 classes
  Timing: 1h 29m this epoch (avg 1h 10m) | ETA ~1d 4h 0m for 24 epoch(s) left, mAP every 4 epoch(s).

Epoch 13/36
--------------------------------------------------
Epoch 13/36 complete: 6846/6846 batches, loss: 0.5640
  Effective LR: ref=5.000e-03 (0=5.000e-03)
  ROI hints: pos=112.7, bg=538.2, ignore=0.0, sampled_fg=71.0, sampled_bg=396.0, matched_gt=16.7, match_rate=92.89%
Validation complete: 1561 batches
Validation Metrics:
--------------------------------------------------
  Eval thresholds (mAP / matching): score≥0.0500, IoU≥0.50
  Avg Detections per Image (score≥0.0500): 32.97  ↑0.01
  Avg Detections per Image (score≥0.5): 16.07  ↑0.08
  Max detection score: 1.000
  Mean detection score: 0.547
  Time per Step: 0.4109  ↑0.0012
  Accuracy: 0.4776  ↓0.0646 (47.76%)
  Correct Predictions: 49339/103310 (matched detections)
  Ground Truth objects: 57768
  GT covered pre-eval-threshold: 49333/57768
  GT covered post-eval-threshold: 49333/57768
  GT lost by eval-threshold filtering: 0
  GT cover rate pre-eval-threshold: 85.40%
  GT cover rate post-eval-threshold: 85.40%
  mAP: (skipped)
  Ground Truth Classes: 15 classes
  Predicted Classes: 15 classes
  Timing: 59m 4s this epoch (avg 1h 9m) | ETA ~1d 2h 31m for 23 epoch(s) left, mAP every 4 epoch(s).

Epoch 14/36
--------------------------------------------------
Epoch 14/36 complete: 6846/6846 batches, loss: 0.5552
  Effective LR: ref=5.000e-03 (0=5.000e-03)
  ROI hints: pos=112.4, bg=529.3, ignore=0.0, sampled_fg=71.1, sampled_bg=392.8, matched_gt=16.8, match_rate=93.08%
Validation complete: 1561 batches
Validation Metrics:
--------------------------------------------------
  Eval thresholds (mAP / matching): score≥0.0500, IoU≥0.50
  Avg Detections per Image (score≥0.0500): 32.99  ↑0.02
  Avg Detections per Image (score≥0.5): 16.24  ↑0.18
  Max detection score: 1.000
  Mean detection score: 0.575
  Time per Step: 0.4099  ↑0.0010
  Accuracy: 0.4676  ↓0.0100 (46.76%)
  Correct Predictions: 48575/103883 (matched detections)
  Ground Truth objects: 57768
  GT covered pre-eval-threshold: 48567/57768
  GT covered post-eval-threshold: 48567/57768
  GT lost by eval-threshold filtering: 0
  GT cover rate pre-eval-threshold: 84.07%
  GT cover rate post-eval-threshold: 84.07%
  mAP: (skipped)
  Ground Truth Classes: 15 classes
  Predicted Classes: 15 classes
  Timing: 58m 28s this epoch (avg 1h 8m) | ETA ~1d 1h 4m for 22 epoch(s) left, mAP every 4 epoch(s).

Epoch 15/36
--------------------------------------------------
Epoch 15/36 complete: 6846/6846 batches, loss: 0.5469
  Effective LR: ref=5.000e-03 (0=5.000e-03)
  ROI hints: pos=112.2, bg=521.2, ignore=0.0, sampled_fg=71.2, sampled_bg=389.7, matched_gt=16.8, match_rate=93.25%
Validation complete: 1561 batches
Validation Metrics:
--------------------------------------------------
  Eval thresholds (mAP / matching): score≥0.0500, IoU≥0.50
  Avg Detections per Image (score≥0.0500): 32.53  ↓0.46
  Avg Detections per Image (score≥0.5): 16.23  ↓0.01
  Max detection score: 1.000
  Mean detection score: 0.617
  Time per Step: 0.4079  ↑0.0020
  Accuracy: 0.5813  ↑0.1137 (58.13%)
  Correct Predictions: 47221/81230 (matched detections)
  Ground Truth objects: 57768
  GT covered pre-eval-threshold: 47196/57768
  GT covered post-eval-threshold: 47196/57768
  GT lost by eval-threshold filtering: 0
  GT cover rate pre-eval-threshold: 81.70%
  GT cover rate post-eval-threshold: 81.70%
  mAP: (skipped)
  Ground Truth Classes: 15 classes
  Predicted Classes: 15 classes
  Timing: 57m 48s this epoch (avg 1h 7m) | ETA ~23h 41m for 21 epoch(s) left, mAP every 4 epoch(s).

Epoch 16/36
--------------------------------------------------
Epoch 16/36 complete: 6846/6846 batches, loss: 0.5396
  Effective LR: ref=5.000e-03 (0=5.000e-03)
  ROI hints: pos=112.0, bg=513.3, ignore=0.0, sampled_fg=71.4, sampled_bg=386.6, matched_gt=16.8, match_rate=93.39%

Computing mAP (periodic evaluation: every 4 epoch(s))...
Validation complete: 1561 batches

Computing mAP (this may take a while)...
  Eval filters: score≥0.0500, IoU≥0.50
  Images: 3,121
  Total detections (post score filter): 77,386 (24.8 per image)
  Total ground truths: 57,768 (18.5 per image)
  Warning: Large number of detections may slow down mAP computation
  Consider increasing evaluation.score_threshold (current: 0.05) for faster mAP matching
mAP: exact rotated IoU on CPU (backend='shapely'; GPU sampling IoU disabled)
  Computing AP for baseball-diamond: 691 dets, 364 GTs (251,524 IoU calculations)
  Computing AP for basketball-court: 640 dets, 278 GTs (177,920 IoU calculations)
  Computing AP for bridge: 2,802 dets, 666 GTs (1,866,132 IoU calculations)
  Computing AP for ground-track-field: 639 dets, 216 GTs (138,024 IoU calculations)
  WARNING: harbor has 38,041,598 IoU calculations (8,851 dets × 4,298 GTs). This will be slow!
  Computing AP for harbor: 8,851 dets, 4,298 GTs (38,041,598 IoU calculations)
    Using chunked batch IoU computation (CPU exact (shapely)) for harbor (38,041,598 calculations)
    Processing 8,851 detections in chunks of 1,163
  WARNING: large-vehicle has 119,006,874 IoU calculations (12,663 dets × 9,398 GTs). This will be slow!
  Computing AP for large-vehicle: 12,663 dets, 9,398 GTs (119,006,874 IoU calculations)
    Using chunked batch IoU computation (CPU exact (shapely)) for large-vehicle (119,006,874 calculations)
    Processing 12,663 detections in chunks of 532
  WARNING: plane has 24,369,381 IoU calculations (5,151 dets × 4,731 GTs). This will be slow!
  Computing AP for plane: 5,151 dets, 4,731 GTs (24,369,381 IoU calculations)
    Using chunked batch IoU computation (CPU exact (shapely)) for plane (24,369,381 calculations)
    Processing 5,151 detections in chunks of 1,056
  Computing AP for roundabout: 587 dets, 256 GTs (150,272 IoU calculations)
  WARNING: ship has 413,437,938 IoU calculations (22,307 dets × 18,534 GTs). This will be slow!
  Computing AP for ship: 22,307 dets, 18,534 GTs (413,437,938 IoU calculations)
    Using chunked batch IoU computation (CPU exact (shapely)) for ship (413,437,938 calculations)
    Processing 22,307 detections in chunks of 269
  WARNING: small-vehicle has 161,882,678 IoU calculations (14,254 dets × 11,357 GTs). This will be slow!
  Computing AP for small-vehicle: 14,254 dets, 11,357 GTs (161,882,678 IoU calculations)
    Using chunked batch IoU computation (CPU exact (shapely)) for small-vehicle (161,882,678 calculations)
    Processing 14,254 detections in chunks of 440
  Computing AP for soccer-ball-field: 460 dets, 260 GTs (119,600 IoU calculations)
  WARNING: storage-tank has 23,389,119 IoU calculations (4,649 dets × 5,031 GTs). This will be slow!
  Computing AP for storage-tank: 4,649 dets, 5,031 GTs (23,389,119 IoU calculations)
    Using chunked batch IoU computation (CPU exact (shapely)) for storage-tank (23,389,119 calculations)
    Processing 4,649 detections in chunks of 993
  Computing AP for swimming-pool: 1,196 dets, 693 GTs (828,828 IoU calculations)
  Computing AP for tennis-court: 2,132 dets, 1,529 GTs (3,259,828 IoU calculations)
  mAP computation completed in 26m 41s. mAP: 0.7232
Validation Metrics:
--------------------------------------------------
  Eval thresholds (mAP / matching): score≥0.0500, IoU≥0.50
  Avg Detections per Image (score≥0.0500): 32.05  ↓0.48
  Avg Detections per Image (score≥0.5): 16.17  ↓0.06
  Max detection score: 1.000
  Mean detection score: 0.617
  Time per Step: 0.4057  ↑0.0022
  Accuracy: 0.5970  ↑0.0156 (59.70%)
  Correct Predictions: 46197/77386 (matched detections)
  Ground Truth objects: 57768
  GT covered pre-eval-threshold: 46208/57768
  GT covered post-eval-threshold: 46208/57768
  GT lost by eval-threshold filtering: 0
  GT cover rate pre-eval-threshold: 79.99%
  GT cover rate post-eval-threshold: 79.99%
  GT IoU vs raw dets (eval IoU threshold=0.50; per-GT max IoU over all dets / over same-class dets):
    mean best IoU (any class): 0.6214, median: 0.6961
    mean best IoU (correct class): 0.6159, median: 0.6944
    GTs with IoU≥thresh but no same-class hit (wrong-class / misaligned): 375
    GTs with no detection above IoU thresh (missed / poor loc): 11185
    GTs with 0% best IoU vs any detection (no spatial overlap): 4779 (8.27% of GTs)
    histogram best IoU (any class) [0,0.25)/[0.25,0.5)/[0.5,0.75)/[0.75,1]: 6824/4361/25955/20628
    histogram best IoU (correct class) [0,0.25)/[0.25,0.5)/[0.5,0.75)/[0.75,1]: 7253/4307/25765/20443
  Class-agnostic duplicate rate (post score thresh; IoU≥0.50 vs a higher-score box): micro=2.40% (1854/77386 boxes), macro mean over images with detections=3.63% (3117 images)
  mAP: 0.7232  ↑0.0033 (72.32%)
  Per-Class AP:
    baseball-diamond: 0.8499  ↑0.0217 (84.99%)
    basketball-court: 0.8987  ↑0.0015 (89.87%)
    bridge: 0.6022  ↑0.0696 (60.22%)
    ground-track-field: 0.7615  ↑0.0062 (76.15%)
    harbor: 0.5009  ↓0.1281 (50.09%)
    helicopter: 0.7769  ↓0.0111 (77.69%)
    large-vehicle: 0.4629  ↓0.1497 (46.29%)
    plane: 0.9074  ↑0.0001 (90.74%)
    roundabout: 0.7790  ↑0.0159 (77.90%)
    ship: 0.7823  ↑0.1639 (78.23%)
    small-vehicle: 0.6662  ↓0.0030 (66.62%)
    soccer-ball-field: 0.7563  ↑0.0070 (75.63%)
    storage-tank: 0.6321  ↑0.0042 (63.21%)
    swimming-pool: 0.5622  ↑0.0504 (56.22%)
    tennis-court: 0.9090  ↑0.0001 (90.90%)
  Ground Truth Classes: 15 classes
  Predicted Classes: 15 classes
  Timing: 1h 26m this epoch (avg 1h 8m) | ETA ~22h 57m for 20 epoch(s) left, mAP every 4 epoch(s).

Epoch 17/36
--------------------------------------------------
Epoch 17/36 complete: 6846/6846 batches, loss: 0.5330
  Effective LR: ref=5.000e-03 (0=5.000e-03)
  ROI hints: pos=111.7, bg=505.8, ignore=0.0, sampled_fg=71.5, sampled_bg=383.5, matched_gt=16.9, match_rate=93.52%
Validation complete: 1561 batches
Validation Metrics:
--------------------------------------------------
  Eval thresholds (mAP / matching): score≥0.0500, IoU≥0.50
  Avg Detections per Image (score≥0.0500): 31.73  ↓0.31
  Avg Detections per Image (score≥0.5): 16.19  ↑0.02
  Max detection score: 1.000
  Mean detection score: 0.624
  Time per Step: 0.4040  ↑0.0017
  Accuracy: 0.5839  ↓0.0130 (58.39%)
  Correct Predictions: 48700/83401 (matched detections)
  Ground Truth objects: 57768
  GT covered pre-eval-threshold: 48698/57768
  GT covered post-eval-threshold: 48698/57768
  GT lost by eval-threshold filtering: 0
  GT cover rate pre-eval-threshold: 84.30%
  GT cover rate post-eval-threshold: 84.30%
  mAP: (skipped)
  Ground Truth Classes: 15 classes
  Predicted Classes: 15 classes
  Timing: 57m 7s this epoch (avg 1h 8m) | ETA ~21h 35m for 19 epoch(s) left, mAP every 4 epoch(s).

Epoch 18/36
--------------------------------------------------
Epoch 18/36 complete: 6846/6846 batches, loss: 0.5266
  Effective LR: ref=5.000e-03 (0=5.000e-03)
  ROI hints: pos=111.4, bg=498.9, ignore=0.0, sampled_fg=71.6, sampled_bg=380.6, matched_gt=16.9, match_rate=93.63%
Validation complete: 1561 batches
Validation Metrics:
--------------------------------------------------
  Eval thresholds (mAP / matching): score≥0.0500, IoU≥0.50
  Avg Detections per Image (score≥0.0500): 31.42  ↓0.32
  Avg Detections per Image (score≥0.5): 16.14  ↓0.04
  Max detection score: 1.000
  Mean detection score: 0.604
  Time per Step: 0.4025  ↑0.0015
  Accuracy: 0.5694  ↓0.0145 (56.94%)
  Correct Predictions: 46291/81292 (matched detections)
  Ground Truth objects: 57768
  GT covered pre-eval-threshold: 46287/57768
  GT covered post-eval-threshold: 46287/57768
  GT lost by eval-threshold filtering: 0
  GT cover rate pre-eval-threshold: 80.13%
  GT cover rate post-eval-threshold: 80.13%
  mAP: (skipped)
  Ground Truth Classes: 15 classes
  Predicted Classes: 15 classes
  Timing: 56m 59s this epoch (avg 1h 7m) | ETA ~20h 16m for 18 epoch(s) left, mAP every 4 epoch(s).

Epoch 19/36
--------------------------------------------------
Epoch 19/36 complete: 6846/6846 batches, loss: 0.5210
  Effective LR: ref=5.000e-03 (0=5.000e-03)
  ROI hints: pos=111.2, bg=492.6, ignore=0.0, sampled_fg=71.6, sampled_bg=378.0, matched_gt=16.9, match_rate=93.75%
Validation complete: 1561 batches
Validation Metrics:
--------------------------------------------------
  Eval thresholds (mAP / matching): score≥0.0500, IoU≥0.50
  Avg Detections per Image (score≥0.0500): 31.08  ↓0.34
  Avg Detections per Image (score≥0.5): 16.14  ↓0.00
  Max detection score: 1.000
  Mean detection score: 0.652
  Time per Step: 0.4009  ↑0.0016
  Accuracy: 0.6062  ↑0.0368 (60.62%)
  Correct Predictions: 47232/77911 (matched detections)
  Ground Truth objects: 57768
  GT covered pre-eval-threshold: 47233/57768
  GT covered post-eval-threshold: 47233/57768
  GT lost by eval-threshold filtering: 0
  GT cover rate pre-eval-threshold: 81.76%
  GT cover rate post-eval-threshold: 81.76%
  mAP: (skipped)
  Ground Truth Classes: 15 classes
  Predicted Classes: 15 classes
  Timing: 56m 48s this epoch (avg 1h 7m) | ETA ~18h 59m for 17 epoch(s) left, mAP every 4 epoch(s).

Epoch 20/36
--------------------------------------------------
Epoch 20/36 complete: 6846/6846 batches, loss: 0.5154
  Effective LR: ref=5.000e-03 (0=5.000e-03)
  ROI hints: pos=111.0, bg=486.7, ignore=0.0, sampled_fg=71.7, sampled_bg=375.4, matched_gt=17.0, match_rate=93.85%

Computing mAP (periodic evaluation: every 4 epoch(s))...
Validation complete: 1561 batches

Computing mAP (this may take a while)...
  Eval filters: score≥0.0500, IoU≥0.50
  Images: 3,121
  Total detections (post score filter): 71,279 (22.8 per image)
  Total ground truths: 57,768 (18.5 per image)
  Warning: Large number of detections may slow down mAP computation
  Consider increasing evaluation.score_threshold (current: 0.05) for faster mAP matching
mAP: exact rotated IoU on CPU (backend='shapely'; GPU sampling IoU disabled)
  Computing AP for baseball-diamond: 919 dets, 364 GTs (334,516 IoU calculations)
  Computing AP for bridge: 1,344 dets, 666 GTs (895,104 IoU calculations)
  WARNING: harbor has 28,203,476 IoU calculations (6,562 dets × 4,298 GTs). This will be slow!
  Computing AP for harbor: 6,562 dets, 4,298 GTs (28,203,476 IoU calculations)
    Using chunked batch IoU computation (CPU exact (shapely)) for harbor (28,203,476 calculations)
    Processing 6,562 detections in chunks of 1,163
  WARNING: large-vehicle has 74,986,642 IoU calculations (7,979 dets × 9,398 GTs). This will be slow!
  Computing AP for large-vehicle: 7,979 dets, 9,398 GTs (74,986,642 IoU calculations)
    Using chunked batch IoU computation (CPU exact (shapely)) for large-vehicle (74,986,642 calculations)
    Processing 7,979 detections in chunks of 532
  WARNING: plane has 24,180,141 IoU calculations (5,111 dets × 4,731 GTs). This will be slow!
  Computing AP for plane: 5,111 dets, 4,731 GTs (24,180,141 IoU calculations)
    Using chunked batch IoU computation (CPU exact (shapely)) for plane (24,180,141 calculations)
    Processing 5,111 detections in chunks of 1,056
  WARNING: ship has 406,265,280 IoU calculations (21,920 dets × 18,534 GTs). This will be slow!
  Computing AP for ship: 21,920 dets, 18,534 GTs (406,265,280 IoU calculations)
    Using chunked batch IoU computation (CPU exact (shapely)) for ship (406,265,280 calculations)
    Processing 21,920 detections in chunks of 269
  WARNING: small-vehicle has 220,882,293 IoU calculations (19,449 dets × 11,357 GTs). This will be slow!
  Computing AP for small-vehicle: 19,449 dets, 11,357 GTs (220,882,293 IoU calculations)
    Using chunked batch IoU computation (CPU exact (shapely)) for small-vehicle (220,882,293 calculations)
    Processing 19,449 detections in chunks of 440
  Computing AP for soccer-ball-field: 489 dets, 260 GTs (127,140 IoU calculations)
  WARNING: storage-tank has 18,242,406 IoU calculations (3,626 dets × 5,031 GTs). This will be slow!
  Computing AP for storage-tank: 3,626 dets, 5,031 GTs (18,242,406 IoU calculations)
    Using chunked batch IoU computation (CPU exact (shapely)) for storage-tank (18,242,406 calculations)
    Processing 3,626 detections in chunks of 993
  Computing AP for swimming-pool: 764 dets, 693 GTs (529,452 IoU calculations)
  Computing AP for tennis-court: 1,927 dets, 1,529 GTs (2,946,383 IoU calculations)
  mAP computation completed in 24m 54s. mAP: 0.7352
Validation Metrics:
--------------------------------------------------
  Eval thresholds (mAP / matching): score≥0.0500, IoU≥0.50
  Avg Detections per Image (score≥0.0500): 30.66  ↓0.41
  Avg Detections per Image (score≥0.5): 16.09  ↓0.05
  Max detection score: 1.000
  Mean detection score: 0.660
  Time per Step: 0.3991  ↑0.0019
  Accuracy: 0.6466  ↑0.0403 (64.66%)
  Correct Predictions: 46087/71279 (matched detections)
  Ground Truth objects: 57768
  GT covered pre-eval-threshold: 46093/57768
  GT covered post-eval-threshold: 46093/57768
  GT lost by eval-threshold filtering: 0
  GT cover rate pre-eval-threshold: 79.79%
  GT cover rate post-eval-threshold: 79.79%
  GT IoU vs raw dets (eval IoU threshold=0.50; per-GT max IoU over all dets / over same-class dets):
    mean best IoU (any class): 0.6258, median: 0.7289
    mean best IoU (correct class): 0.6215, median: 0.7278
    GTs with IoU≥thresh but no same-class hit (wrong-class / misaligned): 282
    GTs with no detection above IoU thresh (missed / poor loc): 11393
    GTs with 0% best IoU vs any detection (no spatial overlap): 6878 (11.91% of GTs)
    histogram best IoU (any class) [0,0.25)/[0.25,0.5)/[0.5,0.75)/[0.75,1]: 8868/2525/20876/25499
    histogram best IoU (correct class) [0,0.25)/[0.25,0.5)/[0.5,0.75)/[0.75,1]: 9191/2484/20752/25341
  Class-agnostic duplicate rate (post score thresh; IoU≥0.50 vs a higher-score box): micro=1.44% (1026/71279 boxes), macro mean over images with detections=2.32% (3101 images)
  mAP: 0.7352  ↑0.0120 (73.52%)
  Per-Class AP:
    baseball-diamond: 0.8358  ↓0.0140 (83.58%)
    basketball-court: 0.8980  ↓0.0007 (89.80%)
    bridge: 0.5056  ↓0.0966 (50.56%)
    ground-track-field: 0.7619  ↑0.0004 (76.19%)
    harbor: 0.7119  ↑0.2110 (71.19%)
    helicopter: 0.8819  ↑0.1050 (88.19%)
    large-vehicle: 0.4370  ↓0.0258 (43.70%)
    plane: 0.9078  ↑0.0004 (90.78%)
    roundabout: 0.7685  ↓0.0105 (76.85%)
    ship: 0.7829  ↑0.0006 (78.29%)
    small-vehicle: 0.7249  ↑0.0587 (72.49%)
    soccer-ball-field: 0.7196  ↓0.0367 (71.96%)
    storage-tank: 0.6338  ↑0.0017 (63.38%)
    swimming-pool: 0.5495  ↓0.0127 (54.95%)
    tennis-court: 0.9089  ↓0.0001 (90.89%)
  Ground Truth Classes: 15 classes
  Predicted Classes: 15 classes
  Timing: 1h 23m this epoch (avg 1h 7m) | ETA ~18h 5m for 16 epoch(s) left, mAP every 4 epoch(s).

Epoch 21/36
--------------------------------------------------
Epoch 21/36 complete: 6846/6846 batches, loss: 0.5102
  Effective LR: ref=5.000e-03 (0=5.000e-03)
  ROI hints: pos=110.8, bg=481.2, ignore=0.0, sampled_fg=71.8, sampled_bg=373.0, matched_gt=17.0, match_rate=93.95%
Validation complete: 1561 batches
Validation Metrics:
--------------------------------------------------
  Eval thresholds (mAP / matching): score≥0.0500, IoU≥0.50
  Avg Detections per Image (score≥0.0500): 30.45  ↓0.22
  Avg Detections per Image (score≥0.5): 16.04  ↓0.05
  Max detection score: 1.000
  Mean detection score: 0.592
  Time per Step: 0.3979  ↑0.0012
  Accuracy: 0.5481  ↓0.0985 (54.81%)
  Correct Predictions: 44655/81471 (matched detections)
  Ground Truth objects: 57768
  GT covered pre-eval-threshold: 44669/57768
  GT covered post-eval-threshold: 44669/57768
  GT lost by eval-threshold filtering: 0
  GT cover rate pre-eval-threshold: 77.32%
  GT cover rate post-eval-threshold: 77.32%
  mAP: (skipped)
  Ground Truth Classes: 15 classes
  Predicted Classes: 15 classes
  Timing: 56m 45s this epoch (avg 1h 7m) | ETA ~16h 49m for 15 epoch(s) left, mAP every 4 epoch(s).

Epoch 22/36
--------------------------------------------------
Epoch 22/36 complete: 6846/6846 batches, loss: 0.5056
  Effective LR: ref=5.000e-03 (0=5.000e-03)
  ROI hints: pos=110.6, bg=476.1, ignore=0.0, sampled_fg=71.9, sampled_bg=370.8, matched_gt=17.0, match_rate=94.04%
Validation complete: 1561 batches
Validation Metrics:
--------------------------------------------------
  Eval thresholds (mAP / matching): score≥0.0500, IoU≥0.50
  Avg Detections per Image (score≥0.0500): 30.11  ↓0.33
  Avg Detections per Image (score≥0.5): 16.01  ↓0.03
  Max detection score: 1.000
  Mean detection score: 0.664
  Time per Step: 0.3965  ↑0.0013
  Accuracy: 0.6540  ↑0.1059 (65.40%)
  Correct Predictions: 47202/72176 (matched detections)
  Ground Truth objects: 57768
  GT covered pre-eval-threshold: 47198/57768
  GT covered post-eval-threshold: 47198/57768
  GT lost by eval-threshold filtering: 0
  GT cover rate pre-eval-threshold: 81.70%
  GT cover rate post-eval-threshold: 81.70%
  mAP: (skipped)
  Ground Truth Classes: 15 classes
  Predicted Classes: 15 classes
  Timing: 56m 21s this epoch (avg 1h 6m) | ETA ~15h 35m for 14 epoch(s) left, mAP every 4 epoch(s).

Epoch 23/36
--------------------------------------------------
Epoch 23/36 complete: 6846/6846 batches, loss: 0.5007
  Effective LR: ref=5.000e-03 (0=5.000e-03)
  ROI hints: pos=110.3, bg=470.9, ignore=0.0, sampled_fg=71.9, sampled_bg=368.5, matched_gt=17.0, match_rate=94.12%
Validation complete: 1561 batches
Validation Metrics:
--------------------------------------------------
  Eval thresholds (mAP / matching): score≥0.0500, IoU≥0.50
  Avg Detections per Image (score≥0.0500): 30.27  ↑0.16
  Avg Detections per Image (score≥0.5): 16.17  ↑0.16
  Max detection score: 1.000
  Mean detection score: 0.601
  Time per Step: 0.3964  ↑0.0001
  Accuracy: 0.4775  ↓0.1765 (47.75%)
  Correct Predictions: 50363/105477 (matched detections)
  Ground Truth objects: 57768
  GT covered pre-eval-threshold: 50367/57768
  GT covered post-eval-threshold: 50367/57768
  GT lost by eval-threshold filtering: 0
  GT cover rate pre-eval-threshold: 87.19%
  GT cover rate post-eval-threshold: 87.19%
  mAP: (skipped)
  Ground Truth Classes: 15 classes
  Predicted Classes: 15 classes
  Timing: 56m 59s this epoch (avg 1h 6m) | ETA ~14h 23m for 13 epoch(s) left, mAP every 4 epoch(s).

Epoch 24/36
--------------------------------------------------
Epoch 24/36 complete: 6846/6846 batches, loss: 0.4964
  Effective LR: ref=5.000e-03 (0=5.000e-03)
  ROI hints: pos=110.2, bg=465.9, ignore=0.0, sampled_fg=72.0, sampled_bg=366.2, matched_gt=17.1, match_rate=94.20%

Computing mAP (periodic evaluation: every 4 epoch(s))...
Validation complete: 1561 batches

Computing mAP (this may take a while)...
  Eval filters: score≥0.0500, IoU≥0.50
  Images: 3,121
  Total detections (post score filter): 77,206 (24.7 per image)
  Total ground truths: 57,768 (18.5 per image)
  Warning: Large number of detections may slow down mAP computation
  Consider increasing evaluation.score_threshold (current: 0.05) for faster mAP matching
mAP: exact rotated IoU on CPU (backend='shapely'; GPU sampling IoU disabled)
  Computing AP for baseball-diamond: 711 dets, 364 GTs (258,804 IoU calculations)
  Computing AP for basketball-court: 501 dets, 278 GTs (139,278 IoU calculations)
  Computing AP for bridge: 2,897 dets, 666 GTs (1,929,402 IoU calculations)
  WARNING: harbor has 35,170,534 IoU calculations (8,183 dets × 4,298 GTs). This will be slow!
  Computing AP for harbor: 8,183 dets, 4,298 GTs (35,170,534 IoU calculations)
    Using chunked batch IoU computation (CPU exact (shapely)) for harbor (35,170,534 calculations)
    Processing 8,183 detections in chunks of 1,163
  WARNING: large-vehicle has 114,401,854 IoU calculations (12,173 dets × 9,398 GTs). This will be slow!
  Computing AP for large-vehicle: 12,173 dets, 9,398 GTs (114,401,854 IoU calculations)
    Using chunked batch IoU computation (CPU exact (shapely)) for large-vehicle (114,401,854 calculations)
    Processing 12,173 detections in chunks of 532
  WARNING: plane has 23,021,046 IoU calculations (4,866 dets × 4,731 GTs). This will be slow!
  Computing AP for plane: 4,866 dets, 4,731 GTs (23,021,046 IoU calculations)
    Using chunked batch IoU computation (CPU exact (shapely)) for plane (23,021,046 calculations)
    Processing 4,866 detections in chunks of 1,056
  Computing AP for roundabout: 456 dets, 256 GTs (116,736 IoU calculations)
  WARNING: ship has 431,656,860 IoU calculations (23,290 dets × 18,534 GTs). This will be slow!
  Computing AP for ship: 23,290 dets, 18,534 GTs (431,656,860 IoU calculations)
    Using chunked batch IoU computation (CPU exact (shapely)) for ship (431,656,860 calculations)
    Processing 23,290 detections in chunks of 269
  WARNING: small-vehicle has 171,888,195 IoU calculations (15,135 dets × 11,357 GTs). This will be slow!
  Computing AP for small-vehicle: 15,135 dets, 11,357 GTs (171,888,195 IoU calculations)
    Using chunked batch IoU computation (CPU exact (shapely)) for small-vehicle (171,888,195 calculations)
    Processing 15,135 detections in chunks of 440
  Computing AP for soccer-ball-field: 557 dets, 260 GTs (144,820 IoU calculations)
  WARNING: storage-tank has 25,119,783 IoU calculations (4,993 dets × 5,031 GTs). This will be slow!
  Computing AP for storage-tank: 4,993 dets, 5,031 GTs (25,119,783 IoU calculations)
    Using chunked batch IoU computation (CPU exact (shapely)) for storage-tank (25,119,783 calculations)
    Processing 4,993 detections in chunks of 993
  Computing AP for swimming-pool: 837 dets, 693 GTs (580,041 IoU calculations)
  Computing AP for tennis-court: 1,917 dets, 1,529 GTs (2,931,093 IoU calculations)
  mAP computation completed in 24m 40s. mAP: 0.7576
Validation Metrics:
--------------------------------------------------
  Eval thresholds (mAP / matching): score≥0.0500, IoU≥0.50
  Avg Detections per Image (score≥0.0500): 30.04  ↓0.23
  Avg Detections per Image (score≥0.5): 16.15  ↓0.03
  Max detection score: 1.000
  Mean detection score: 0.636
  Time per Step: 0.3954  ↑0.0011
  Accuracy: 0.6247  ↑0.1472 (62.47%)
  Correct Predictions: 48227/77206 (matched detections)
  Ground Truth objects: 57768
  GT covered pre-eval-threshold: 48238/57768
  GT covered post-eval-threshold: 48238/57768
  GT lost by eval-threshold filtering: 0
  GT cover rate pre-eval-threshold: 83.50%
  GT cover rate post-eval-threshold: 83.50%
  GT IoU vs raw dets (eval IoU threshold=0.50; per-GT max IoU over all dets / over same-class dets):
    mean best IoU (any class): 0.6530, median: 0.7381
    mean best IoU (correct class): 0.6489, median: 0.7370
    GTs with IoU≥thresh but no same-class hit (wrong-class / misaligned): 290
    GTs with no detection above IoU thresh (missed / poor loc): 9240
    GTs with 0% best IoU vs any detection (no spatial overlap): 4815 (8.34% of GTs)
    histogram best IoU (any class) [0,0.25)/[0.25,0.5)/[0.5,0.75)/[0.75,1]: 6579/2661/21720/26808
    histogram best IoU (correct class) [0,0.25)/[0.25,0.5)/[0.5,0.75)/[0.75,1]: 6898/2632/21569/26669
  Class-agnostic duplicate rate (post score thresh; IoU≥0.50 vs a higher-score box): micro=1.73% (1332/77206 boxes), macro mean over images with detections=2.39% (3112 images)
  mAP: 0.7576  ↑0.0224 (75.76%)
  Per-Class AP:
    baseball-diamond: 0.8748  ↑0.0389 (87.48%)
    basketball-court: 0.9010  ↑0.0030 (90.10%)
    bridge: 0.6014  ↑0.0958 (60.14%)
    ground-track-field: 0.7731  ↑0.0111 (77.31%)
    harbor: 0.7025  ↓0.0094 (70.25%)
    helicopter: 0.8103  ↓0.0717 (81.03%)
    large-vehicle: 0.6314  ↑0.1944 (63.14%)
    plane: 0.9076  ↓0.0003 (90.76%)
    roundabout: 0.7852  ↑0.0167 (78.52%)
    ship: 0.7960  ↑0.0131 (79.60%)
    small-vehicle: 0.6847  ↓0.0402 (68.47%)
    soccer-ball-field: 0.8626  ↑0.1430 (86.26%)
    storage-tank: 0.6985  ↑0.0647 (69.85%)
    swimming-pool: 0.4257  ↓0.1238 (42.57%)
    tennis-court: 0.9090  ↑0.0001 (90.90%)
  Ground Truth Classes: 15 classes
  Predicted Classes: 15 classes
  Timing: 1h 23m this epoch (avg 1h 7m) | ETA ~13h 25m for 12 epoch(s) left, mAP every 4 epoch(s).

Epoch 25/36
--------------------------------------------------
Epoch 25/36 complete: 6846/6846 batches, loss: 0.4897
  Effective LR: ref=5.000e-04 (0=5.000e-04)
  ROI hints: pos=109.7, bg=457.9, ignore=0.0, sampled_fg=72.1, sampled_bg=361.6, matched_gt=17.1, match_rate=94.28%
Validation complete: 1561 batches
Validation Metrics:
--------------------------------------------------
  Eval thresholds (mAP / matching): score≥0.0500, IoU≥0.50
  Avg Detections per Image (score≥0.0500): 29.76  ↓0.28
  Avg Detections per Image (score≥0.5): 16.16  ↑0.01
  Max detection score: 1.000
  Mean detection score: 0.716
  Time per Step: 0.3939  ↑0.0014
  Accuracy: 0.6958  ↑0.0711 (69.58%)
  Correct Predictions: 50132/72054 (matched detections)
  Ground Truth objects: 57768
  GT covered pre-eval-threshold: 50132/57768
  GT covered post-eval-threshold: 50132/57768
  GT lost by eval-threshold filtering: 0
  GT cover rate pre-eval-threshold: 86.78%
  GT cover rate post-eval-threshold: 86.78%
  mAP: (skipped)
  Ground Truth Classes: 15 classes
  Predicted Classes: 15 classes
  Timing: 53m 30s this epoch (avg 1h 6m) | ETA ~12h 12m for 11 epoch(s) left, mAP every 4 epoch(s).

Epoch 26/36
--------------------------------------------------
Epoch 26/36 complete: 6846/6846 batches, loss: 0.4829
  Effective LR: ref=5.000e-04 (0=5.000e-04)
  ROI hints: pos=109.3, bg=449.1, ignore=0.0, sampled_fg=72.1, sampled_bg=356.2, matched_gt=17.1, match_rate=94.37%
Validation complete: 1561 batches
Validation Metrics:
--------------------------------------------------
  Eval thresholds (mAP / matching): score≥0.0500, IoU≥0.50
  Avg Detections per Image (score≥0.0500): 29.42  ↓0.35
  Avg Detections per Image (score≥0.5): 16.13  ↓0.03
  Max detection score: 1.000
  Mean detection score: 0.747
  Time per Step: 0.3921  ↑0.0018
  Accuracy: 0.7467  ↑0.0510 (74.67%)
  Correct Predictions: 48416/64837 (matched detections)
  Ground Truth objects: 57768
  GT covered pre-eval-threshold: 48414/57768
  GT covered post-eval-threshold: 48414/57768
  GT lost by eval-threshold filtering: 0
  GT cover rate pre-eval-threshold: 83.81%
  GT cover rate post-eval-threshold: 83.81%
  mAP: (skipped)
  Ground Truth Classes: 15 classes
  Predicted Classes: 15 classes
  Timing: 52m 8s this epoch (avg 1h 6m) | ETA ~11h 0m for 10 epoch(s) left, mAP every 4 epoch(s).

Epoch 27/36
--------------------------------------------------
Epoch 27/36 complete: 6846/6846 batches, loss: 0.4762
  Effective LR: ref=5.000e-04 (0=5.000e-04)
  ROI hints: pos=108.9, bg=440.4, ignore=0.0, sampled_fg=72.2, sampled_bg=350.7, matched_gt=17.1, match_rate=94.44%
Validation complete: 1561 batches
Validation Metrics:
--------------------------------------------------
  Eval thresholds (mAP / matching): score≥0.0500, IoU≥0.50
  Avg Detections per Image (score≥0.0500): 29.11  ↓0.31
  Avg Detections per Image (score≥0.5): 16.11  ↓0.02
  Max detection score: 1.000
  Mean detection score: 0.744
  Time per Step: 0.3905  ↑0.0016
  Accuracy: 0.7390  ↓0.0078 (73.90%)
  Correct Predictions: 48617/65792 (matched detections)
  Ground Truth objects: 57768
  GT covered pre-eval-threshold: 48615/57768
  GT covered post-eval-threshold: 48615/57768
  GT lost by eval-threshold filtering: 0
  GT cover rate pre-eval-threshold: 84.16%
  GT cover rate post-eval-threshold: 84.16%
  mAP: (skipped)
  Ground Truth Classes: 15 classes
  Predicted Classes: 15 classes
  Timing: 51m 46s this epoch (avg 1h 5m) | ETA ~9h 49m for 9 epoch(s) left, mAP every 4 epoch(s).

Epoch 28/36
--------------------------------------------------
Epoch 28/36 complete: 6846/6846 batches, loss: 0.4697
  Effective LR: ref=5.000e-04 (0=5.000e-04)
  ROI hints: pos=108.4, bg=431.9, ignore=0.0, sampled_fg=72.2, sampled_bg=345.2, matched_gt=17.2, match_rate=94.52%

Computing mAP (periodic evaluation: every 4 epoch(s))...
Validation complete: 1561 batches

Computing mAP (this may take a while)...
  Eval filters: score≥0.0500, IoU≥0.50
  Images: 3,121
  Total detections (post score filter): 68,856 (22.1 per image)
  Total ground truths: 57,768 (18.5 per image)
  Warning: Large number of detections may slow down mAP computation
  Consider increasing evaluation.score_threshold (current: 0.05) for faster mAP matching
mAP: exact rotated IoU on CPU (backend='shapely'; GPU sampling IoU disabled)
  Computing AP for baseball-diamond: 442 dets, 364 GTs (160,888 IoU calculations)
  Computing AP for bridge: 1,352 dets, 666 GTs (900,432 IoU calculations)
  WARNING: harbor has 23,363,928 IoU calculations (5,436 dets × 4,298 GTs). This will be slow!
  Computing AP for harbor: 5,436 dets, 4,298 GTs (23,363,928 IoU calculations)
    Using chunked batch IoU computation (CPU exact (shapely)) for harbor (23,363,928 calculations)
    Processing 5,436 detections in chunks of 1,163
  WARNING: large-vehicle has 103,622,348 IoU calculations (11,026 dets × 9,398 GTs). This will be slow!
  Computing AP for large-vehicle: 11,026 dets, 9,398 GTs (103,622,348 IoU calculations)
    Using chunked batch IoU computation (CPU exact (shapely)) for large-vehicle (103,622,348 calculations)
    Processing 11,026 detections in chunks of 532
  WARNING: plane has 23,375,871 IoU calculations (4,941 dets × 4,731 GTs). This will be slow!
  Computing AP for plane: 4,941 dets, 4,731 GTs (23,375,871 IoU calculations)
    Using chunked batch IoU computation (CPU exact (shapely)) for plane (23,375,871 calculations)
    Processing 4,941 detections in chunks of 1,056
  WARNING: ship has 370,401,990 IoU calculations (19,985 dets × 18,534 GTs). This will be slow!
  Computing AP for ship: 19,985 dets, 18,534 GTs (370,401,990 IoU calculations)
    Using chunked batch IoU computation (CPU exact (shapely)) for ship (370,401,990 calculations)
    Processing 19,985 detections in chunks of 269
  WARNING: small-vehicle has 197,180,234 IoU calculations (17,362 dets × 11,357 GTs). This will be slow!
  Computing AP for small-vehicle: 17,362 dets, 11,357 GTs (197,180,234 IoU calculations)
    Using chunked batch IoU computation (CPU exact (shapely)) for small-vehicle (197,180,234 calculations)
    Processing 17,362 detections in chunks of 440
  Computing AP for soccer-ball-field: 407 dets, 260 GTs (105,820 IoU calculations)
  WARNING: storage-tank has 21,990,501 IoU calculations (4,371 dets × 5,031 GTs). This will be slow!
  Computing AP for storage-tank: 4,371 dets, 5,031 GTs (21,990,501 IoU calculations)
    Using chunked batch IoU computation (CPU exact (shapely)) for storage-tank (21,990,501 calculations)
    Processing 4,371 detections in chunks of 993
  Computing AP for swimming-pool: 739 dets, 693 GTs (512,127 IoU calculations)
  Computing AP for tennis-court: 1,649 dets, 1,529 GTs (2,521,321 IoU calculations)
  mAP computation completed in 21m 29s. mAP: 0.8094
Validation Metrics:
--------------------------------------------------
  Eval thresholds (mAP / matching): score≥0.0500, IoU≥0.50
  Avg Detections per Image (score≥0.0500): 28.86  ↓0.25
  Avg Detections per Image (score≥0.5): 16.11  ↓0.00
  Max detection score: 1.000
  Mean detection score: 0.734
  Time per Step: 0.3891  ↑0.0014
  Accuracy: 0.7168  ↓0.0222 (71.68%)
  Correct Predictions: 49353/68856 (matched detections)
  Ground Truth objects: 57768
  GT covered pre-eval-threshold: 49356/57768
  GT covered post-eval-threshold: 49356/57768
  GT lost by eval-threshold filtering: 0
  GT cover rate pre-eval-threshold: 85.44%
  GT cover rate post-eval-threshold: 85.44%
  GT IoU vs raw dets (eval IoU threshold=0.50; per-GT max IoU over all dets / over same-class dets):
    mean best IoU (any class): 0.6796, median: 0.7653
    mean best IoU (correct class): 0.6763, median: 0.7646
    GTs with IoU≥thresh but no same-class hit (wrong-class / misaligned): 229
    GTs with no detection above IoU thresh (missed / poor loc): 8183
    GTs with 0% best IoU vs any detection (no spatial overlap): 5178 (8.96% of GTs)
    histogram best IoU (any class) [0,0.25)/[0.25,0.5)/[0.5,0.75)/[0.75,1]: 6569/1614/17914/31671
    histogram best IoU (correct class) [0,0.25)/[0.25,0.5)/[0.5,0.75)/[0.75,1]: 6811/1601/17832/31524
  Class-agnostic duplicate rate (post score thresh; IoU≥0.50 vs a higher-score box): micro=0.81% (558/68856 boxes), macro mean over images with detections=1.23% (3113 images)
  mAP: 0.8094  ↑0.0518 (80.94%)
  Per-Class AP:
    baseball-diamond: 0.8975  ↑0.0228 (89.75%)
    basketball-court: 0.9077  ↑0.0067 (90.77%)
    bridge: 0.7320  ↑0.1306 (73.20%)
    ground-track-field: 0.8112  ↑0.0381 (81.12%)
    harbor: 0.7731  ↑0.0706 (77.31%)
    helicopter: 0.9085  ↑0.0982 (90.85%)
    large-vehicle: 0.6529  ↑0.0215 (65.29%)
    plane: 0.9085  ↑0.0010 (90.85%)
    roundabout: 0.8148  ↑0.0296 (81.48%)
    ship: 0.8879  ↑0.0919 (88.79%)
    small-vehicle: 0.7639  ↑0.0792 (76.39%)
    soccer-ball-field: 0.8833  ↑0.0207 (88.33%)
    storage-tank: 0.7166  ↑0.0181 (71.66%)
    swimming-pool: 0.5740  ↑0.1484 (57.40%)
    tennis-court: 0.9091  ↑0.0001 (90.91%)
  Ground Truth Classes: 15 classes
  Predicted Classes: 15 classes
  Timing: 1h 15m this epoch (avg 1h 5m) | ETA ~8h 46m for 8 epoch(s) left, mAP every 4 epoch(s).

Epoch 29/36
--------------------------------------------------
Epoch 29/36 complete: 6846/6846 batches, loss: 0.4635
  Effective LR: ref=5.000e-04 (0=5.000e-04)
  ROI hints: pos=108.0, bg=423.7, ignore=0.0, sampled_fg=72.3, sampled_bg=339.8, matched_gt=17.2, match_rate=94.59%
Validation complete: 1561 batches
Validation Metrics:
--------------------------------------------------
  Eval thresholds (mAP / matching): score≥0.0500, IoU≥0.50
  Avg Detections per Image (score≥0.0500): 28.59  ↓0.26
  Avg Detections per Image (score≥0.5): 16.11  ↓0.01
  Max detection score: 1.000
  Mean detection score: 0.755
  Time per Step: 0.3878  ↑0.0013
  Accuracy: 0.7391  ↑0.0223 (73.91%)
  Correct Predictions: 48887/66145 (matched detections)
  Ground Truth objects: 57768
  GT covered pre-eval-threshold: 48888/57768
  GT covered post-eval-threshold: 48888/57768
  GT lost by eval-threshold filtering: 0
  GT cover rate pre-eval-threshold: 84.63%
  GT cover rate post-eval-threshold: 84.63%
  mAP: (skipped)
  Ground Truth Classes: 15 classes
  Predicted Classes: 15 classes
  Timing: 51m 15s this epoch (avg 1h 5m) | ETA ~7h 37m for 7 epoch(s) left, mAP every 4 epoch(s).

Epoch 30/36
--------------------------------------------------
Epoch 30/36 complete: 6846/6846 batches, loss: 0.4575
  Effective LR: ref=5.000e-04 (0=5.000e-04)
  ROI hints: pos=107.5, bg=415.7, ignore=0.0, sampled_fg=72.3, sampled_bg=334.5, matched_gt=17.2, match_rate=94.66%
Validation complete: 1561 batches
Validation Metrics:
--------------------------------------------------
  Eval thresholds (mAP / matching): score≥0.0500, IoU≥0.50
  Avg Detections per Image (score≥0.0500): 28.26  ↓0.33
  Avg Detections per Image (score≥0.5): 16.06  ↓0.05
  Max detection score: 1.000
  Mean detection score: 0.780
  Time per Step: 0.3862  ↑0.0015
  Accuracy: 0.8079  ↑0.0689 (80.79%)
  Correct Predictions: 46982/58150 (matched detections)
  Ground Truth objects: 57768
  GT covered pre-eval-threshold: 46980/57768
  GT covered post-eval-threshold: 46980/57768
  GT lost by eval-threshold filtering: 0
  GT cover rate pre-eval-threshold: 81.33%
  GT cover rate post-eval-threshold: 81.33%
  mAP: (skipped)
  Ground Truth Classes: 15 classes
  Predicted Classes: 15 classes
  Timing: 50m 58s this epoch (avg 1h 4m) | ETA ~6h 29m for 6 epoch(s) left, mAP every 4 epoch(s).

Epoch 31/36
--------------------------------------------------
Epoch 31/36 complete: 6846/6846 batches, loss: 0.4518
  Effective LR: ref=5.000e-04 (0=5.000e-04)
  ROI hints: pos=107.1, bg=408.1, ignore=0.0, sampled_fg=72.3, sampled_bg=329.4, matched_gt=17.2, match_rate=94.72%
Validation complete: 1561 batches
Validation Metrics:
--------------------------------------------------
  Eval thresholds (mAP / matching): score≥0.0500, IoU≥0.50
  Avg Detections per Image (score≥0.0500): 28.00  ↓0.26
  Avg Detections per Image (score≥0.5): 16.05  ↓0.01
  Max detection score: 1.000
  Mean detection score: 0.779
  Time per Step: 0.3849  ↑0.0013
  Accuracy: 0.7799  ↓0.0280 (77.99%)
  Correct Predictions: 48813/62586 (matched detections)
  Ground Truth objects: 57768
  GT covered pre-eval-threshold: 48823/57768
  GT covered post-eval-threshold: 48823/57768
  GT lost by eval-threshold filtering: 0
  GT cover rate pre-eval-threshold: 84.52%
  GT cover rate post-eval-threshold: 84.52%
  mAP: (skipped)
  Ground Truth Classes: 15 classes
  Predicted Classes: 15 classes
  Timing: 50m 58s this epoch (avg 1h 4m) | ETA ~5h 22m for 5 epoch(s) left, mAP every 4 epoch(s).

Epoch 32/36
--------------------------------------------------
Epoch 32/36 complete: 6846/6846 batches, loss: 0.4462
  Effective LR: ref=5.000e-04 (0=5.000e-04)
  ROI hints: pos=106.7, bg=400.8, ignore=0.0, sampled_fg=72.3, sampled_bg=324.4, matched_gt=17.3, match_rate=94.78%

Computing mAP (periodic evaluation: every 4 epoch(s))...
Validation complete: 1561 batches

Computing mAP (this may take a while)...
  Eval filters: score≥0.0500, IoU≥0.50
  Images: 3,121
  Total detections (post score filter): 64,041 (20.5 per image)
  Total ground truths: 57,768 (18.5 per image)
  Warning: Large number of detections may slow down mAP computation
  Consider increasing evaluation.score_threshold (current: 0.05) for faster mAP matching
mAP: exact rotated IoU on CPU (backend='shapely'; GPU sampling IoU disabled)
  Computing AP for baseball-diamond: 528 dets, 364 GTs (192,192 IoU calculations)
  Computing AP for bridge: 1,199 dets, 666 GTs (798,534 IoU calculations)
  WARNING: harbor has 23,531,550 IoU calculations (5,475 dets × 4,298 GTs). This will be slow!
  Computing AP for harbor: 5,475 dets, 4,298 GTs (23,531,550 IoU calculations)
    Using chunked batch IoU computation (CPU exact (shapely)) for harbor (23,531,550 calculations)
    Processing 5,475 detections in chunks of 1,163
  WARNING: large-vehicle has 92,936,822 IoU calculations (9,889 dets × 9,398 GTs). This will be slow!
  Computing AP for large-vehicle: 9,889 dets, 9,398 GTs (92,936,822 IoU calculations)
    Using chunked batch IoU computation (CPU exact (shapely)) for large-vehicle (92,936,822 calculations)
    Processing 9,889 detections in chunks of 532
  WARNING: plane has 23,792,199 IoU calculations (5,029 dets × 4,731 GTs). This will be slow!
  Computing AP for plane: 5,029 dets, 4,731 GTs (23,792,199 IoU calculations)
    Using chunked batch IoU computation (CPU exact (shapely)) for plane (23,792,199 calculations)
    Processing 5,029 detections in chunks of 1,056
  WARNING: ship has 367,696,026 IoU calculations (19,839 dets × 18,534 GTs). This will be slow!
  Computing AP for ship: 19,839 dets, 18,534 GTs (367,696,026 IoU calculations)
    Using chunked batch IoU computation (CPU exact (shapely)) for ship (367,696,026 calculations)
    Processing 19,839 detections in chunks of 269
  WARNING: small-vehicle has 159,827,061 IoU calculations (14,073 dets × 11,357 GTs). This will be slow!
  Computing AP for small-vehicle: 14,073 dets, 11,357 GTs (159,827,061 IoU calculations)
    Using chunked batch IoU computation (CPU exact (shapely)) for small-vehicle (159,827,061 calculations)
    Processing 14,073 detections in chunks of 440
  Computing AP for soccer-ball-field: 459 dets, 260 GTs (119,340 IoU calculations)
  WARNING: storage-tank has 19,837,233 IoU calculations (3,943 dets × 5,031 GTs). This will be slow!
  Computing AP for storage-tank: 3,943 dets, 5,031 GTs (19,837,233 IoU calculations)
    Using chunked batch IoU computation (CPU exact (shapely)) for storage-tank (19,837,233 calculations)
    Processing 3,943 detections in chunks of 993
  Computing AP for swimming-pool: 790 dets, 693 GTs (547,470 IoU calculations)
  Computing AP for tennis-court: 1,652 dets, 1,529 GTs (2,525,908 IoU calculations)
  mAP computation completed in 21m 9s. mAP: 0.8177
Validation Metrics:
--------------------------------------------------
  Eval thresholds (mAP / matching): score≥0.0500, IoU≥0.50
  Avg Detections per Image (score≥0.0500): 27.76  ↓0.23
  Avg Detections per Image (score≥0.5): 16.05  ↑0.00
  Max detection score: 1.000
  Mean detection score: 0.788
  Time per Step: 0.3837  ↑0.0012
  Accuracy: 0.7704  ↓0.0096 (77.04%)
  Correct Predictions: 49334/64041 (matched detections)
  Ground Truth objects: 57768
  GT covered pre-eval-threshold: 49337/57768
  GT covered post-eval-threshold: 49337/57768
  GT lost by eval-threshold filtering: 0
  GT cover rate pre-eval-threshold: 85.41%
  GT cover rate post-eval-threshold: 85.41%
  GT IoU vs raw dets (eval IoU threshold=0.50; per-GT max IoU over all dets / over same-class dets):
    mean best IoU (any class): 0.6823, median: 0.7727
    mean best IoU (correct class): 0.6794, median: 0.7721
    GTs with IoU≥thresh but no same-class hit (wrong-class / misaligned): 191
    GTs with no detection above IoU thresh (missed / poor loc): 8240
    GTs with 0% best IoU vs any detection (no spatial overlap): 5508 (9.53% of GTs)
    histogram best IoU (any class) [0,0.25)/[0.25,0.5)/[0.5,0.75)/[0.75,1]: 6779/1461/16490/33038
    histogram best IoU (correct class) [0,0.25)/[0.25,0.5)/[0.5,0.75)/[0.75,1]: 6991/1440/16428/32909
  Class-agnostic duplicate rate (post score thresh; IoU≥0.50 vs a higher-score box): micro=0.72% (460/64041 boxes), macro mean over images with detections=1.18% (3113 images)
  mAP: 0.8177  ↑0.0083 (81.77%)
  Per-Class AP:
    baseball-diamond: 0.9011  ↑0.0036 (90.11%)
    basketball-court: 0.9080  ↑0.0003 (90.80%)
    bridge: 0.7376  ↑0.0056 (73.76%)
    ground-track-field: 0.8095  ↓0.0017 (80.95%)
    harbor: 0.7821  ↑0.0090 (78.21%)
    helicopter: 0.9049  ↓0.0036 (90.49%)
    large-vehicle: 0.6765  ↑0.0236 (67.65%)
    plane: 0.9086  ↑0.0000 (90.86%)
    roundabout: 0.8884  ↑0.0736 (88.84%)
    ship: 0.8880  ↑0.0001 (88.80%)
    small-vehicle: 0.7046  ↓0.0593 (70.46%)
    soccer-ball-field: 0.8775  ↓0.0058 (87.75%)
    storage-tank: 0.7173  ↑0.0007 (71.73%)
    swimming-pool: 0.6518  ↑0.0778 (65.18%)
    tennis-court: 0.9091  →0.0000 (90.91%)
  Ground Truth Classes: 15 classes
  Predicted Classes: 15 classes
  Timing: 1h 14m this epoch (avg 1h 4m) | ETA ~4h 18m for 4 epoch(s) left, mAP every 4 epoch(s).

Epoch 33/36
--------------------------------------------------
Epoch 33/36 complete: 6846/6846 batches, loss: 0.4410
  Effective LR: ref=5.000e-04 (0=5.000e-04)
  ROI hints: pos=106.4, bg=393.8, ignore=0.0, sampled_fg=72.3, sampled_bg=319.6, matched_gt=17.3, match_rate=94.83%
Validation complete: 1561 batches
Validation Metrics:
--------------------------------------------------
  Eval thresholds (mAP / matching): score≥0.0500, IoU≥0.50
  Avg Detections per Image (score≥0.0500): 27.59  ↓0.17
  Avg Detections per Image (score≥0.5): 16.08  ↑0.03
  Max detection score: 1.000
  Mean detection score: 0.782
  Time per Step: 0.3827  ↑0.0010
  Accuracy: 0.7255  ↓0.0448 (72.55%)
  Correct Predictions: 50154/69127 (matched detections)
  Ground Truth objects: 57768
  GT covered pre-eval-threshold: 50167/57768
  GT covered post-eval-threshold: 50167/57768
  GT lost by eval-threshold filtering: 0
  GT cover rate pre-eval-threshold: 86.84%
  GT cover rate post-eval-threshold: 86.84%
  mAP: (skipped)
  Ground Truth Classes: 15 classes
  Predicted Classes: 15 classes
  Timing: 51m 0s this epoch (avg 1h 4m) | ETA ~3h 12m for 3 epoch(s) left, mAP every 4 epoch(s).

Epoch 34/36
--------------------------------------------------
Epoch 34/36 complete: 6846/6846 batches, loss: 0.4358
  Effective LR: ref=5.000e-05 (0=5.000e-05)
  ROI hints: pos=106.0, bg=387.0, ignore=0.0, sampled_fg=72.3, sampled_bg=315.0, matched_gt=17.3, match_rate=94.89%
Validation complete: 1561 batches
Validation Metrics:
--------------------------------------------------
  Eval thresholds (mAP / matching): score≥0.0500, IoU≥0.50
  Avg Detections per Image (score≥0.0500): 27.41  ↓0.18
  Avg Detections per Image (score≥0.5): 16.10  ↑0.01
  Max detection score: 1.000
  Mean detection score: 0.782
  Time per Step: 0.3817  ↑0.0010
  Accuracy: 0.7536  ↑0.0280 (75.36%)
  Correct Predictions: 50164/66570 (matched detections)
  Ground Truth objects: 57768
  GT covered pre-eval-threshold: 50167/57768
  GT covered post-eval-threshold: 50167/57768
  GT lost by eval-threshold filtering: 0
  GT cover rate pre-eval-threshold: 86.84%
  GT cover rate post-eval-threshold: 86.84%
  mAP: (skipped)
  Ground Truth Classes: 15 classes
  Predicted Classes: 15 classes
  Timing: 50m 42s this epoch (avg 1h 3m) | ETA ~2h 7m for 2 epoch(s) left, mAP every 4 epoch(s).

Epoch 35/36
--------------------------------------------------
Epoch 35/36 complete: 6846/6846 batches, loss: 0.4309
  Effective LR: ref=5.000e-05 (0=5.000e-05)
  ROI hints: pos=105.6, bg=380.6, ignore=0.0, sampled_fg=72.3, sampled_bg=310.5, matched_gt=17.3, match_rate=94.94%
Validation complete: 1561 batches
Validation Metrics:
--------------------------------------------------
  Eval thresholds (mAP / matching): score≥0.0500, IoU≥0.50
  Avg Detections per Image (score≥0.0500): 27.19  ↓0.21
  Avg Detections per Image (score≥0.5): 16.09  ↓0.00
  Max detection score: 1.000
  Mean detection score: 0.801
  Time per Step: 0.3806  ↑0.0011
  Accuracy: 0.7845  ↑0.0310 (78.45%)
  Correct Predictions: 48910/62345 (matched detections)
  Ground Truth objects: 57768
  GT covered pre-eval-threshold: 48908/57768
  GT covered post-eval-threshold: 48908/57768
  GT lost by eval-threshold filtering: 0
  GT cover rate pre-eval-threshold: 84.66%
  GT cover rate post-eval-threshold: 84.66%
  mAP: (skipped)
  Ground Truth Classes: 15 classes
  Predicted Classes: 15 classes
  Timing: 50m 32s this epoch (avg 1h 3m) | ETA ~1h 3m for 1 epoch(s) left, mAP every 4 epoch(s).

Epoch 36/36
--------------------------------------------------
Epoch 36/36 complete: 6846/6846 batches, loss: 0.4262
  Effective LR: ref=5.000e-05 (0=5.000e-05)
  ROI hints: pos=105.3, bg=374.5, ignore=0.0, sampled_fg=72.4, sampled_bg=306.3, matched_gt=17.3, match_rate=94.99%

Computing mAP (periodic evaluation: every 4 epoch(s))...
Validation complete: 1561 batches

Computing mAP (this may take a while)...
  Eval filters: score≥0.0500, IoU≥0.50
  Images: 3,121
  Total detections (post score filter): 62,227 (19.9 per image)
  Total ground truths: 57,768 (18.5 per image)
  Warning: Large number of detections may slow down mAP computation
  Consider increasing evaluation.score_threshold (current: 0.05) for faster mAP matching
mAP: exact rotated IoU on CPU (backend='shapely'; GPU sampling IoU disabled)
  Computing AP for baseball-diamond: 432 dets, 364 GTs (157,248 IoU calculations)
  Computing AP for bridge: 1,231 dets, 666 GTs (819,846 IoU calculations)
  WARNING: harbor has 22,280,832 IoU calculations (5,184 dets × 4,298 GTs). This will be slow!
  Computing AP for harbor: 5,184 dets, 4,298 GTs (22,280,832 IoU calculations)
    Using chunked batch IoU computation (CPU exact (shapely)) for harbor (22,280,832 calculations)
    Processing 5,184 detections in chunks of 1,163
  WARNING: large-vehicle has 94,327,726 IoU calculations (10,037 dets × 9,398 GTs). This will be slow!
  Computing AP for large-vehicle: 10,037 dets, 9,398 GTs (94,327,726 IoU calculations)
    Using chunked batch IoU computation (CPU exact (shapely)) for large-vehicle (94,327,726 calculations)
    Processing 10,037 detections in chunks of 532
  WARNING: plane has 22,964,274 IoU calculations (4,854 dets × 4,731 GTs). This will be slow!
  Computing AP for plane: 4,854 dets, 4,731 GTs (22,964,274 IoU calculations)
    Using chunked batch IoU computation (CPU exact (shapely)) for plane (22,964,274 calculations)
    Processing 4,854 detections in chunks of 1,056
  WARNING: ship has 369,215,814 IoU calculations (19,921 dets × 18,534 GTs). This will be slow!
  Computing AP for ship: 19,921 dets, 18,534 GTs (369,215,814 IoU calculations)
    Using chunked batch IoU computation (CPU exact (shapely)) for ship (369,215,814 calculations)
    Processing 19,921 detections in chunks of 269
  WARNING: small-vehicle has 141,701,289 IoU calculations (12,477 dets × 11,357 GTs). This will be slow!
  Computing AP for small-vehicle: 12,477 dets, 11,357 GTs (141,701,289 IoU calculations)
    Using chunked batch IoU computation (CPU exact (shapely)) for small-vehicle (141,701,289 calculations)
    Processing 12,477 detections in chunks of 440
  Computing AP for soccer-ball-field: 428 dets, 260 GTs (111,280 IoU calculations)
  WARNING: storage-tank has 20,672,379 IoU calculations (4,109 dets × 5,031 GTs). This will be slow!
  Computing AP for storage-tank: 4,109 dets, 5,031 GTs (20,672,379 IoU calculations)
    Using chunked batch IoU computation (CPU exact (shapely)) for storage-tank (20,672,379 calculations)
    Processing 4,109 detections in chunks of 993
  Computing AP for swimming-pool: 758 dets, 693 GTs (525,294 IoU calculations)
  Computing AP for tennis-court: 1,678 dets, 1,529 GTs (2,565,662 IoU calculations)
  mAP computation completed in 20m 11s. mAP: 0.8187
Validation Metrics:
--------------------------------------------------
  Eval thresholds (mAP / matching): score≥0.0500, IoU≥0.50
  Avg Detections per Image (score≥0.0500): 26.99  ↓0.20
  Avg Detections per Image (score≥0.5): 16.09  ↓0.00
  Max detection score: 1.000
  Mean detection score: 0.801
  Time per Step: 0.3795  ↑0.0011
  Accuracy: 0.7907  ↑0.0062 (79.07%)
  Correct Predictions: 49201/62227 (matched detections)
  Ground Truth objects: 57768
  GT covered pre-eval-threshold: 49206/57768
  GT covered post-eval-threshold: 49206/57768
  GT lost by eval-threshold filtering: 0
  GT cover rate pre-eval-threshold: 85.18%
  GT cover rate post-eval-threshold: 85.18%
  GT IoU vs raw dets (eval IoU threshold=0.50; per-GT max IoU over all dets / over same-class dets):
    mean best IoU (any class): 0.6828, median: 0.7749
    mean best IoU (correct class): 0.6801, median: 0.7744
    GTs with IoU≥thresh but no same-class hit (wrong-class / misaligned): 182
    GTs with no detection above IoU thresh (missed / poor loc): 8380
    GTs with 0% best IoU vs any detection (no spatial overlap): 5613 (9.72% of GTs)
    histogram best IoU (any class) [0,0.25)/[0.25,0.5)/[0.5,0.75)/[0.75,1]: 6903/1477/16011/33377
    histogram best IoU (correct class) [0,0.25)/[0.25,0.5)/[0.5,0.75)/[0.75,1]: 7103/1459/15940/33266
  Class-agnostic duplicate rate (post score thresh; IoU≥0.50 vs a higher-score box): micro=0.62% (388/62227 boxes), macro mean over images with detections=1.02% (3105 images)
  mAP: 0.8187  ↑0.0010 (81.87%)
  Per-Class AP:
    baseball-diamond: 0.8989  ↓0.0022 (89.89%)
    basketball-court: 0.9080  ↑0.0000 (90.80%)
    bridge: 0.7371  ↓0.0005 (73.71%)
    ground-track-field: 0.8144  ↑0.0049 (81.44%)
    harbor: 0.7870  ↑0.0049 (78.70%)
    helicopter: 0.9091  ↑0.0042 (90.91%)
    large-vehicle: 0.6672  ↓0.0093 (66.72%)
    plane: 0.9088  ↑0.0002 (90.88%)
    roundabout: 0.8874  ↓0.0011 (88.74%)
    ship: 0.8917  ↑0.0037 (89.17%)
    small-vehicle: 0.7101  ↑0.0055 (71.01%)
    soccer-ball-field: 0.8866  ↑0.0091 (88.66%)
    storage-tank: 0.7171  ↓0.0002 (71.71%)
    swimming-pool: 0.6477  ↓0.0041 (64.77%)
    tennis-court: 0.9091  →0.0000 (90.91%)
  Ground Truth Classes: 15 classes
  Predicted Classes: 15 classes
  Timing: 1h 13m this epoch (avg 1h 3m) | Training loop finished (no final mAP).

================================================================================
Training timing summary
================================================================================
  Started:   2026-06-04T08:33:17+00:00
  Finished:  2026-06-05T22:49:36+00:00
  Total wall: 1d 14h 16m (137779.4 s)
  Epochs:    36 completed (mean 1h 3m, min 50m 32s, max 1h 32m)
================================================================================

================================================================================
Training completed successfully!
================================================================================
Experiment directory: /home/jeffaudi/oriented-det/runs/rotated_faster_rcnn/20260604-083242
  Checkpoints saved to: /home/jeffaudi/oriented-det/runs/rotated_faster_rcnn/20260604-083242/checkpoints
  TensorBoard logs saved to: /home/jeffaudi/oriented-det/runs/rotated_faster_rcnn/20260604-083242
  Config saved to: /home/jeffaudi/oriented-det/runs/rotated_faster_rcnn/20260604-083242/config.json

View TensorBoard with:
  tensorboard --logdir /home/jeffaudi/oriented-det/runs/rotated_faster_rcnn
  tensorboard --logdir /home/jeffaudi/oriented-det/runs/rotated_faster_rcnn/20260604-083242
