Loading configuration from: configs/rotated_fcos/dota_le90_3x_riou.json
Training log file: /home/jeffaudi/oriented-det/runs/rotated_fcos/20260822-153943/train.log
================================================================================
ROTATED_FCOS Training
================================================================================
Source git: v0.1.1-3-g1eac318-dirty (dirty working tree)
Source branch: main
Source commit date: 2026-08-10T07:40:38+00:00
Package: oriented-det 0.1.0
PyTorch Version: 2.3.0+cu121
CUDA Available: True
MPS (Apple Silicon) Available: False
CUDA Device: NVIDIA L4
Mixed Precision (AMP): False

Checking dataset directories...
Train tiles (2 root(s)):
  /path/to/data/DOTA-v1.0-tiled/train
    Images exist: True
    Labels exist: True
  /path/to/data/DOTA-v1.0-tiled/val
    Images exist: True
    Labels exist: True

Val tiles (1 root(s)):
  /path/to/data/DOTA-v1.0-tiled/val
    Images exist: True
    Labels exist: True


Loading datasets...
DOTA filter_empty_gt (MMRotate-style):
  train: filter_empty_gt dropped 19464 / 33155 tiles (13691 kept)
  val: filter_empty_gt dropped 4548 / 7669 tiles (3121 kept)

Found 15 classes:
  0: baseball-diamond
  1: basketball-court
  2: bridge
  3: ground-track-field
  4: harbor
  5: helicopter
  6: large-vehicle
  7: plane
  8: roundabout
  9: ship
  10: small-vehicle
  11: soccer-ball-field
  12: storage-tank
  13: swimming-pool
  14: tennis-court

Number of classes (foreground): 15
Class mapping: {'baseball-diamond': 1, 'basketball-court': 2, 'bridge': 3, 'ground-track-field': 4, 'harbor': 5, 'helicopter': 6, 'large-vehicle': 7, 'plane': 8, 'roundabout': 9, 'ship': 10, 'small-vehicle': 11, 'soccer-ball-field': 12, 'storage-tank': 13, 'swimming-pool': 14, 'tennis-court': 15}

Analyzing class distribution in training set...

================================================================================
Class Distribution Analysis - Training Set
================================================================================
Total objects: 264,176
Total classes: 15

Class Name           Count        Percentage  
--------------------------------------------------------------------------------
ship                     82,131       31.09%
small-vehicle            63,156       23.91%
large-vehicle            45,972       17.40%
plane                    20,023        7.58%
harbor                   17,028        6.45%
storage-tank             14,971        5.67%
tennis-court              6,149        2.33%
swimming-pool             4,273        1.62%
bridge                    4,122        1.56%
helicopter                1,286        0.49%
basketball-court          1,269        0.48%
baseball-diamond          1,120        0.42%
roundabout                1,017        0.38%
soccer-ball-field           874        0.33%
ground-track-field          785        0.30%
--------------------------------------------------------------------------------

Imbalance Ratio (max/min): 104.63x
Most frequent class: ship (82,131 instances)
Least frequent class: ground-track-field (785 instances)

Class weighting disabled (loss_type=focal)

Loss configuration: focal
  Focal Loss Alpha: 0.25
  Focal Loss Gamma: 2.0


Training configuration created:
  Model type: rotated_fcos
  Experiment timestamp: 20260822-153943
  Number of classes: 15
  Batch size: 2
  Learning rate: 0.0025
  Epochs: 36

Creating collate functions...
  - Training: no Albumentations augmentation (flips: horizontal, vertical, diagonal)
  - Validation: no augmentation

Creating data loaders...
Training samples: 13691
Validation samples: 3121
Batches per epoch: 6846

Creating model...
Using device: cuda

Complete ROTATED_FCOS model created:
  Backbone: resnet50
  Number of classes: 15 (foreground)
  Pretrained backbone: True
  Trainable backbone layers: 3 (last 3 stages) (frozen_stages=1)
  Anchor scales: [8, 16, 32]
  Anchor ratios: [0.5, 1.0, 2.0]
  FPN strides: [8, 16, 32, 64, 128]
  FPN levels: 5 (P3, P4, P5, P6, P7)
  ROI Loss Type: focal

  Total parameters: 36,223,451
  Trainable parameters: 36,001,051

Configuration saved to: /home/jeffaudi/oriented-det/runs/rotated_fcos/20260822-153943/config.json

Learning rate warmup enabled: 2000 optimizer steps
  Warmup: 0 → 0.0025 over 2000 steps
  After warmup: MultiStepLR at epochs [24, 33], gamma=0.1

Experiment directory: /home/jeffaudi/oriented-det/runs/rotated_fcos/20260822-153943
TensorBoard logging enabled. Logs saved to: /home/jeffaudi/oriented-det/runs/rotated_fcos/20260822-153943
View logs with: tensorboard --logdir /home/jeffaudi/oriented-det/runs/rotated_fcos
View this experiment with: tensorboard --logdir /home/jeffaudi/oriented-det/runs/rotated_fcos/20260822-153943

Training configuration:
  Epochs: 36
  Learning rate: 0.002500
  Batch size per GPU: 2
  Gradient accumulation: 1
  Best checkpoint metric: mAP (higher_is_better=True)
  Effective batch size: 2
  Mixed precision: False
  Eval (mAP / val matching): score_threshold=0.05, iou_threshold=0.5 (production.score_threshold overrides evaluation when set)
  Eval IoU backend (mAP / GT cover): GPU sampling (approx)
  Eval IoU backend (final mAP): exact CPU polygon

Starting training from scratch (no checkpoint loaded)

Starting epoch: 0

Profiling disabled

================================================================================
Starting training...
================================================================================
TensorBoard: tensorboard --logdir /home/jeffaudi/oriented-det/runs/rotated_fcos
================================================================================

Training started at: 2026-08-22T15:40:18+00:00

Epoch 1/36
--------------------------------------------------
/home/jeffaudi/.pyenv/versions/3.12.12/envs/oriented-det/lib/python3.12/site-packages/torch/nn/modules/conv.py:456: UserWarning: Plan failed with a cudnnException: CUDNN_BACKEND_EXECUTION_PLAN_DESCRIPTOR: cudnnFinalize Descriptor Failed cudnn_status: CUDNN_STATUS_NOT_SUPPORTED (Triggered internally at ../aten/src/ATen/native/cudnn/Conv_v8.cpp:919.)
  return F.conv2d(input, weight, bias, self.stride,
/home/jeffaudi/.pyenv/versions/3.12.12/envs/oriented-det/lib/python3.12/site-packages/torch/autograd/graph.py:744: UserWarning: Plan failed with a cudnnException: CUDNN_BACKEND_EXECUTION_PLAN_DESCRIPTOR: cudnnFinalize Descriptor Failed cudnn_status: CUDNN_STATUS_NOT_SUPPORTED (Triggered internally at ../aten/src/ATen/native/cudnn/Conv_v8.cpp:919.)
  return Variable._execution_engine.run_backward(  # Calls into the C++ engine to run the backward pass
Epoch 1/36 complete: 6846/6846 batches, loss: 1.5542
  Effective LR: ref=2.500e-03 (0=2.500e-03)
Error in evaluation batch 294: CUDA out of memory. Tried to allocate 612.00 MiB. GPU 
Traceback (most recent call last):
  File "/home/jeffaudi/oriented-det/oriented_det/train/engine.py", line 1336, in evaluate
    outputs = eval_model(images)
              ^^^^^^^^^^^^^^^^^^
  File "/home/jeffaudi/.pyenv/versions/3.12.12/envs/oriented-det/lib/python3.12/site-packages/torch/nn/modules/module.py", line 1532, in _wrapped_call_impl
    return self._call_impl(*args, **kwargs)
           ^^^^^^^^^^^^^^^^^^^^^^^^^^^^^^^^
  File "/home/jeffaudi/.pyenv/versions/3.12.12/envs/oriented-det/lib/python3.12/site-packages/torch/nn/modules/module.py", line 1541, in _call_impl
    return forward_call(*args, **kwargs)
           ^^^^^^^^^^^^^^^^^^^^^^^^^^^^^
  File "/home/jeffaudi/oriented-det/oriented_det/models/rotated_fcos.py", line 812, in forward
    return self._inference(
           ^^^^^^^^^^^^^^^^
  File "/home/jeffaudi/oriented-det/oriented_det/models/rotated_fcos.py", line 909, in _inference
    kept = rotated_nms(
           ^^^^^^^^^^^^
  File "/home/jeffaudi/oriented-det/oriented_det/ops/rotated_ops.py", line 87, in rotated_nms
    return oriented_nms_gpu(
           ^^^^^^^^^^^^^^^^^
  File "/home/jeffaudi/oriented-det/oriented_det/ops/gpu_ops.py", line 1040, in oriented_nms_gpu
    in_j = _points_in_paired_boxes(samples_i, verts[pj])  # [p, S]
           ^^^^^^^^^^^^^^^^^^^^^^^^^^^^^^^^^^^^^^^^^^^^^
  File "/home/jeffaudi/oriented-det/oriented_det/ops/gpu_ops.py", line 458, in _points_in_paired_boxes
    cross2 = e2[..., 0] * d2[..., 1] - e2[..., 1] * d2[..., 0]
             ~~~~~~~~~~~~~~~~~~~~~~~~^~~~~~~~~~~~~~~~~~~~~~~~~
torch.cuda.OutOfMemoryError: CUDA out of memory. Tried to allocate 612.00 MiB. GPU 
Validation complete: 1561 batches
Validation Metrics:
--------------------------------------------------
  Eval thresholds (mAP / matching): score≥0.0500, IoU≥0.50
  Avg Detections per Image (score≥0.0500): 57.02
  Avg Detections per Image (score≥0.5): 1.75
  Max detection score: 0.814
  Mean detection score: 0.151
  Time per Step: 0.9411
  Accuracy / GT cover: (skipped — computed on mAP epochs)
  Ground Truth objects: 57640
  mAP: (skipped)
  Ground Truth Classes: 15 classes
  Predicted Classes: 14 classes
  Timing: 1h 25m this epoch (avg 1h 25m) | ETA ~2d 3h 12m for 35 epoch(s) left, mAP every 4 epoch(s) and final mAP.

Epoch 2/36
--------------------------------------------------
Epoch 2/36 complete: 6846/6846 batches, loss: 1.4204
  Effective LR: ref=2.500e-03 (0=2.500e-03)
Validation complete: 1561 batches
Validation Metrics:
--------------------------------------------------
  Eval thresholds (mAP / matching): score≥0.0500, IoU≥0.50
  Avg Detections per Image (score≥0.0500): 43.08  ↓13.94
  Avg Detections per Image (score≥0.5): 1.35  ↓0.40
  Max detection score: 0.754
  Mean detection score: 0.147
  Time per Step: 0.5570  ↑0.3841
  Accuracy / GT cover: (skipped — computed on mAP epochs)
  Ground Truth objects: 57768
  mAP: (skipped)
  Ground Truth Classes: 15 classes
  Predicted Classes: 15 classes
  Timing: 35m 57s this epoch (avg 1h 0m) | ETA ~1d 11h 22m for 34 epoch(s) left, mAP every 4 epoch(s) and final mAP.

Epoch 3/36
--------------------------------------------------
Epoch 3/36 complete: 6846/6846 batches, loss: 1.3521
  Effective LR: ref=2.500e-03 (0=2.500e-03)
Validation complete: 1561 batches
Validation Metrics:
--------------------------------------------------
  Eval thresholds (mAP / matching): score≥0.0500, IoU≥0.50
  Avg Detections per Image (score≥0.0500): 41.36  ↓1.72
  Avg Detections per Image (score≥0.5): 1.89  ↑0.54
  Max detection score: 0.814
  Mean detection score: 0.217
  Time per Step: 0.4407  ↑0.1163
  Accuracy / GT cover: (skipped — computed on mAP epochs)
  Ground Truth objects: 57768
  mAP: (skipped)
  Ground Truth Classes: 15 classes
  Predicted Classes: 15 classes
  Timing: 32m 59s this epoch (avg 51m 26s) | ETA ~1d 5h 8m for 33 epoch(s) left, mAP every 4 epoch(s) and final mAP.

Epoch 4/36
--------------------------------------------------
Epoch 4/36 complete: 6846/6846 batches, loss: 1.3082
  Effective LR: ref=2.500e-03 (0=2.500e-03)

Computing mAP (periodic evaluation: every 4 epoch(s))...
Validation complete: 1561 batches

Computing mAP (this may take a while)...
  Eval filters: score≥0.0500, IoU≥0.50
  Images: 3,121
  Total detections (post score filter): 129,888 (41.6 per image)
  Total ground truths: 57,768 (18.5 per image)
  Warning: Large number of detections may slow down mAP computation
  Consider increasing evaluation.score_threshold (current: 0.05) for faster mAP matching
  Computing AP for baseball-diamond: 887 dets, 364 GTs (322,868 IoU calculations)
  Computing AP for basketball-court: 1,368 dets, 278 GTs (380,304 IoU calculations)
  Computing AP for bridge: 3,835 dets, 666 GTs (2,554,110 IoU calculations)
  Computing AP for ground-track-field: 665 dets, 216 GTs (143,640 IoU calculations)
  WARNING: harbor has 43,848,196 IoU calculations (10,202 dets × 4,298 GTs). This will be slow!
  Computing AP for harbor: 10,202 dets, 4,298 GTs (43,848,196 IoU calculations)
    Using chunked batch IoU computation (GPU-accelerated) for harbor (43,848,196 calculations)
    Processing 10,202 detections in chunks of 1,163
  Computing AP for helicopter: 850 dets, 157 GTs (133,450 IoU calculations)
  WARNING: large-vehicle has 186,926,220 IoU calculations (19,890 dets × 9,398 GTs). This will be slow!
  Computing AP for large-vehicle: 19,890 dets, 9,398 GTs (186,926,220 IoU calculations)
    Using chunked batch IoU computation (GPU-accelerated) for large-vehicle (186,926,220 calculations)
    Processing 19,890 detections in chunks of 532
  WARNING: plane has 35,487,231 IoU calculations (7,501 dets × 4,731 GTs). This will be slow!
  Computing AP for plane: 7,501 dets, 4,731 GTs (35,487,231 IoU calculations)
    Using chunked batch IoU computation (GPU-accelerated) for plane (35,487,231 calculations)
    Processing 7,501 detections in chunks of 1,056
  Computing AP for roundabout: 2,026 dets, 256 GTs (518,656 IoU calculations)
  WARNING: ship has 478,158,666 IoU calculations (25,799 dets × 18,534 GTs). This will be slow!
  Computing AP for ship: 25,799 dets, 18,534 GTs (478,158,666 IoU calculations)
    Using chunked batch IoU computation (GPU-accelerated) for ship (478,158,666 calculations)
    Processing 25,799 detections in chunks of 269
  WARNING: small-vehicle has 411,486,824 IoU calculations (36,232 dets × 11,357 GTs). This will be slow!
  Computing AP for small-vehicle: 36,232 dets, 11,357 GTs (411,486,824 IoU calculations)
    Using chunked batch IoU computation (GPU-accelerated) for small-vehicle (411,486,824 calculations)
    Processing 36,232 detections in chunks of 440
  Computing AP for soccer-ball-field: 6,109 dets, 260 GTs (1,588,340 IoU calculations)
  WARNING: storage-tank has 40,997,619 IoU calculations (8,149 dets × 5,031 GTs). This will be slow!
  Computing AP for storage-tank: 8,149 dets, 5,031 GTs (40,997,619 IoU calculations)
    Using chunked batch IoU computation (GPU-accelerated) for storage-tank (40,997,619 calculations)
    Processing 8,149 detections in chunks of 993
  Computing AP for swimming-pool: 2,534 dets, 693 GTs (1,756,062 IoU calculations)
  Computing AP for tennis-court: 3,841 dets, 1,529 GTs (5,872,889 IoU calculations)
  mAP computation completed in 47m 51s. mAP: 0.6681
Validation Metrics:
--------------------------------------------------
  Eval thresholds (mAP / matching): score≥0.0500, IoU≥0.50
  Avg Detections per Image (score≥0.0500): 41.42  ↑0.06
  Avg Detections per Image (score≥0.5): 2.12  ↑0.23
  Max detection score: 0.877
  Mean detection score: 0.210
  Time per Step: 0.3809  ↑0.0597
  Accuracy: 0.3759 (37.59%)
  Correct Predictions: 48826/129888 (matched detections)
  Ground Truth objects: 57768
  GT covered pre-eval-threshold: 48862/57768
  GT covered post-eval-threshold: 48862/57768
  GT lost by eval-threshold filtering: 0
  GT cover rate pre-eval-threshold: 84.58%
  GT cover rate post-eval-threshold: 84.58%
  GT IoU vs raw dets (eval IoU threshold=0.50; per-GT max IoU over all dets / over same-class dets):
    mean best IoU (any class): 0.6606, median: 0.7100
    mean best IoU (correct class): 0.6527, median: 0.7083
    per-class mean best IoU (raw detections):
      | class              | gts | mean_any | mean_same | med_same |
      |--------------------|-----:|----------:|-----------:|----------:|
      | baseball-diamond   | 364 |   0.6721 |    0.6579 |   0.6923 |
      | basketball-court   | 278 |   0.7500 |    0.7437 |   0.7963 |
      | bridge             | 666 |   0.5022 |    0.4933 |   0.5463 |
      | ground-track-field | 216 |   0.6785 |    0.4482 |   0.5958 |
      | harbor             | 4298 |   0.5741 |    0.5714 |   0.5943 |
      | helicopter         | 157 |   0.6653 |    0.4893 |   0.6595 |
      | large-vehicle      | 9398 |   0.6578 |    0.6311 |   0.6916 |
      | plane              | 4731 |   0.7550 |    0.7548 |   0.7936 |
      | roundabout         | 256 |   0.7095 |    0.7023 |   0.7780 |
      | ship               | 18534 |   0.6793 |    0.6778 |   0.7231 |
      | small-vehicle      | 11357 |   0.6366 |    0.6321 |   0.6816 |
      | soccer-ball-field  | 260 |   0.6621 |    0.6513 |   0.7036 |
      | storage-tank       | 5031 |   0.6175 |    0.6161 |   0.7345 |
      | swimming-pool      | 693 |   0.5783 |    0.5773 |   0.6185 |
      | tennis-court       | 1529 |   0.7976 |    0.7903 |   0.8445 |
      | global             | 57768 |   0.6606 |    0.6527 |   0.7083 |
    GTs with IoU≥thresh but no same-class hit (wrong-class / misaligned): 611
    GTs with no detection above IoU thresh (missed / poor loc): 8265
    GTs with 0% best IoU vs any detection (no spatial overlap): 872 (1.51% of GTs)
    histogram best IoU (any class) [0,0.25)/[0.25,0.5)/[0.5,0.75)/[0.75,1]: 3236/5029/28271/21232
    histogram best IoU (correct class) [0,0.25)/[0.25,0.5)/[0.5,0.75)/[0.75,1]: 3897/4979/27896/20996
  Class-agnostic duplicate rate (post score thresh; IoU≥0.50 vs a higher-score box): micro=2.87% (3732/129888 boxes), macro mean over images with detections=3.72% (3121 images)
  mAP: 0.6681 (66.81%)
  Per-Class AP:
    baseball-diamond: 0.7754 (77.54%)
    basketball-court: 0.8099 (80.99%)
    bridge: 0.4443 (44.43%)
    ground-track-field: 0.4001 (40.01%)
    harbor: 0.6083 (60.83%)
    helicopter: 0.5118 (51.18%)
    large-vehicle: 0.7455 (74.55%)
    plane: 0.8936 (89.36%)
    roundabout: 0.7008 (70.08%)
    ship: 0.7789 (77.89%)
    small-vehicle: 0.6511 (65.11%)
    soccer-ball-field: 0.5156 (51.56%)
    storage-tank: 0.6929 (69.29%)
    swimming-pool: 0.5890 (58.90%)
    tennis-court: 0.9041 (90.41%)
  Ground Truth Classes: 15 classes
  Predicted Classes: 15 classes
  Timing: 1h 25m this epoch (avg 59m 55s) | ETA ~1d 8h 57m for 32 epoch(s) left, mAP every 4 epoch(s) and final mAP.

Epoch 5/36
--------------------------------------------------
Epoch 5/36 complete: 6846/6846 batches, loss: 1.2765
  Effective LR: ref=2.500e-03 (0=2.500e-03)
Validation complete: 1561 batches
Validation Metrics:
--------------------------------------------------
  Eval thresholds (mAP / matching): score≥0.0500, IoU≥0.50
  Avg Detections per Image (score≥0.0500): 38.93  ↓2.49
  Avg Detections per Image (score≥0.5): 1.95  ↓0.17
  Max detection score: 0.813
  Mean detection score: 0.231
  Time per Step: 0.3383  ↑0.0426
  Accuracy / GT cover: (skipped — computed on mAP epochs)
  Ground Truth objects: 57768
  mAP: (skipped)
  Ground Truth Classes: 15 classes
  Predicted Classes: 15 classes
  Timing: 31m 56s this epoch (avg 54m 19s) | ETA ~1d 4h 58m for 31 epoch(s) left, mAP every 4 epoch(s) and final mAP.

Epoch 6/36
--------------------------------------------------
Epoch 6/36 complete: 6846/6846 batches, loss: 1.2510
  Effective LR: ref=2.500e-03 (0=2.500e-03)
Validation complete: 1561 batches
Validation Metrics:
--------------------------------------------------
  Eval thresholds (mAP / matching): score≥0.0500, IoU≥0.50
  Avg Detections per Image (score≥0.0500): 37.40  ↓1.53
  Avg Detections per Image (score≥0.5): 2.20  ↑0.25
  Max detection score: 0.875
  Mean detection score: 0.265
  Time per Step: 0.3086  ↑0.0297
  Accuracy / GT cover: (skipped — computed on mAP epochs)
  Ground Truth objects: 57768
  mAP: (skipped)
  Ground Truth Classes: 15 classes
  Predicted Classes: 15 classes
  Timing: 31m 44s this epoch (avg 50m 33s) | ETA ~1d 2h 7m for 30 epoch(s) left, mAP every 4 epoch(s) and final mAP.

Epoch 7/36
--------------------------------------------------
Epoch 7/36 complete: 6846/6846 batches, loss: 1.2306
  Effective LR: ref=2.500e-03 (0=2.500e-03)
Validation complete: 1561 batches
Validation Metrics:
--------------------------------------------------
  Eval thresholds (mAP / matching): score≥0.0500, IoU≥0.50
  Avg Detections per Image (score≥0.0500): 36.74  ↓0.66
  Avg Detections per Image (score≥0.5): 2.74  ↑0.54
  Max detection score: 0.877
  Mean detection score: 0.282
  Time per Step: 0.2879  ↑0.0206
  Accuracy / GT cover: (skipped — computed on mAP epochs)
  Ground Truth objects: 57768
  mAP: (skipped)
  Ground Truth Classes: 15 classes
  Predicted Classes: 15 classes
  Timing: 31m 55s this epoch (avg 47m 53s) | ETA ~23h 56m for 29 epoch(s) left, mAP every 4 epoch(s) and final mAP.

Epoch 8/36
--------------------------------------------------
Epoch 8/36 complete: 6846/6846 batches, loss: 1.2135
  Effective LR: ref=2.500e-03 (0=2.500e-03)

Computing mAP (periodic evaluation: every 4 epoch(s))...
Validation complete: 1561 batches

Computing mAP (this may take a while)...
  Eval filters: score≥0.0500, IoU≥0.50
  Images: 3,121
  Total detections (post score filter): 107,403 (34.4 per image)
  Total ground truths: 57,768 (18.5 per image)
  Warning: Large number of detections may slow down mAP computation
  Consider increasing evaluation.score_threshold (current: 0.05) for faster mAP matching
  Computing AP for baseball-diamond: 1,304 dets, 364 GTs (474,656 IoU calculations)
  Computing AP for basketball-court: 441 dets, 278 GTs (122,598 IoU calculations)
  Computing AP for bridge: 2,284 dets, 666 GTs (1,521,144 IoU calculations)
  Computing AP for ground-track-field: 1,077 dets, 216 GTs (232,632 IoU calculations)
  WARNING: harbor has 42,090,314 IoU calculations (9,793 dets × 4,298 GTs). This will be slow!
  Computing AP for harbor: 9,793 dets, 4,298 GTs (42,090,314 IoU calculations)
    Using chunked batch IoU computation (GPU-accelerated) for harbor (42,090,314 calculations)
    Processing 9,793 detections in chunks of 1,163
  WARNING: large-vehicle has 134,739,126 IoU calculations (14,337 dets × 9,398 GTs). This will be slow!
  Computing AP for large-vehicle: 14,337 dets, 9,398 GTs (134,739,126 IoU calculations)
    Using chunked batch IoU computation (GPU-accelerated) for large-vehicle (134,739,126 calculations)
    Processing 14,337 detections in chunks of 532
  WARNING: plane has 28,674,591 IoU calculations (6,061 dets × 4,731 GTs). This will be slow!
  Computing AP for plane: 6,061 dets, 4,731 GTs (28,674,591 IoU calculations)
    Using chunked batch IoU computation (GPU-accelerated) for plane (28,674,591 calculations)
    Processing 6,061 detections in chunks of 1,056
  Computing AP for roundabout: 1,595 dets, 256 GTs (408,320 IoU calculations)
  WARNING: ship has 430,470,684 IoU calculations (23,226 dets × 18,534 GTs). This will be slow!
  Computing AP for ship: 23,226 dets, 18,534 GTs (430,470,684 IoU calculations)
    Using chunked batch IoU computation (GPU-accelerated) for ship (430,470,684 calculations)
    Processing 23,226 detections in chunks of 269
  WARNING: small-vehicle has 405,569,827 IoU calculations (35,711 dets × 11,357 GTs). This will be slow!
  Computing AP for small-vehicle: 35,711 dets, 11,357 GTs (405,569,827 IoU calculations)
  Filtered 3 degenerated detections, 0 degenerated ground truths
    Using chunked batch IoU computation (GPU-accelerated) for small-vehicle (405,535,756 calculations)
    Processing 35,708 detections in chunks of 440
  Computing AP for soccer-ball-field: 1,250 dets, 260 GTs (325,000 IoU calculations)
  WARNING: storage-tank has 28,711,917 IoU calculations (5,707 dets × 5,031 GTs). This will be slow!
  Computing AP for storage-tank: 5,707 dets, 5,031 GTs (28,711,917 IoU calculations)
    Using chunked batch IoU computation (GPU-accelerated) for storage-tank (28,711,917 calculations)
    Processing 5,707 detections in chunks of 993
  Computing AP for swimming-pool: 1,826 dets, 693 GTs (1,265,418 IoU calculations)
  Computing AP for tennis-court: 2,449 dets, 1,529 GTs (3,744,521 IoU calculations)
  mAP computation completed in 42m 48s. mAP: 0.7680
Validation Metrics:
--------------------------------------------------
  Eval thresholds (mAP / matching): score≥0.0500, IoU≥0.50
  Avg Detections per Image (score≥0.0500): 36.45  ↓0.29
  Avg Detections per Image (score≥0.5): 3.10  ↑0.36
  Max detection score: 0.859
  Mean detection score: 0.273
  Time per Step: 0.2730  ↑0.0149
  Accuracy: 0.4793 (47.93%)
  Correct Predictions: 51474/107403 (matched detections)
  Ground Truth objects: 57768
  GT covered pre-eval-threshold: 51504/57768
  GT covered post-eval-threshold: 51504/57768
  GT lost by eval-threshold filtering: 0
  GT cover rate pre-eval-threshold: 89.16%
  GT cover rate post-eval-threshold: 89.16%
  GT IoU vs raw dets (eval IoU threshold=0.50; per-GT max IoU over all dets / over same-class dets):
    mean best IoU (any class): 0.7035, median: 0.7512
    mean best IoU (correct class): 0.6971, median: 0.7502
    per-class mean best IoU (raw detections):
      | class              | gts | mean_any | mean_same | med_same |
      |--------------------|-----:|----------:|-----------:|----------:|
      | baseball-diamond   | 364 |   0.6869 |    0.6853 |   0.7002 |
      | basketball-court   | 278 |   0.7694 |    0.7551 |   0.8227 |
      | bridge             | 666 |   0.5600 |    0.5501 |   0.6229 |
      | ground-track-field | 216 |   0.6814 |    0.5844 |   0.7042 |
      | harbor             | 4298 |   0.6230 |    0.6216 |   0.6517 |
      | helicopter         | 157 |   0.6981 |    0.6361 |   0.7361 |
      | large-vehicle      | 9398 |   0.7128 |    0.6937 |   0.7421 |
      | plane              | 4731 |   0.7824 |    0.7823 |   0.8237 |
      | roundabout         | 256 |   0.7146 |    0.7141 |   0.7833 |
      | ship               | 18534 |   0.7232 |    0.7204 |   0.7608 |
      | small-vehicle      | 11357 |   0.6837 |    0.6792 |   0.7267 |
      | soccer-ball-field  | 260 |   0.7118 |    0.6857 |   0.7490 |
      | storage-tank       | 5031 |   0.6441 |    0.6398 |   0.7682 |
      | swimming-pool      | 693 |   0.6165 |    0.6164 |   0.6487 |
      | tennis-court       | 1529 |   0.8246 |    0.8201 |   0.8622 |
      | global             | 57768 |   0.7035 |    0.6971 |   0.7502 |
    GTs with IoU≥thresh but no same-class hit (wrong-class / misaligned): 442
    GTs with no detection above IoU thresh (missed / poor loc): 5806
    GTs with 0% best IoU vs any detection (no spatial overlap): 754 (1.31% of GTs)
    histogram best IoU (any class) [0,0.25)/[0.25,0.5)/[0.5,0.75)/[0.75,1]: 2566/3240/22835/29127
    histogram best IoU (correct class) [0,0.25)/[0.25,0.5)/[0.5,0.75)/[0.75,1]: 3101/3147/22601/28919
  Class-agnostic duplicate rate (post score thresh; IoU≥0.50 vs a higher-score box): micro=2.40% (2578/107403 boxes), macro mean over images with detections=3.29% (3121 images)
  mAP: 0.7680  ↑0.0999 (76.80%)
  Per-Class AP:
    baseball-diamond: 0.8555  ↑0.0801 (85.55%)
    basketball-court: 0.8607  ↑0.0508 (86.07%)
    bridge: 0.5521  ↑0.1077 (55.21%)
    ground-track-field: 0.6158  ↑0.2158 (61.58%)
    harbor: 0.7154  ↑0.1070 (71.54%)
    helicopter: 0.7335  ↑0.2216 (73.35%)
    large-vehicle: 0.8448  ↑0.0992 (84.48%)
    plane: 0.9028  ↑0.0091 (90.28%)
    roundabout: 0.7899  ↑0.0891 (78.99%)
    ship: 0.8819  ↑0.1031 (88.19%)
    small-vehicle: 0.7405  ↑0.0894 (74.05%)
    soccer-ball-field: 0.7286  ↑0.2130 (72.86%)
    storage-tank: 0.7155  ↑0.0226 (71.55%)
    swimming-pool: 0.6755  ↑0.0864 (67.55%)
    tennis-court: 0.9082  ↑0.0041 (90.82%)
  Ground Truth Classes: 15 classes
  Predicted Classes: 15 classes
  Timing: 1h 18m this epoch (avg 51m 46s) | ETA ~1d 1h 1m for 28 epoch(s) left, mAP every 4 epoch(s) and final mAP.

Epoch 9/36
--------------------------------------------------
Epoch 9/36 complete: 6846/6846 batches, loss: 1.1984
  Effective LR: ref=2.500e-03 (0=2.500e-03)
Validation complete: 1561 batches
Validation Metrics:
--------------------------------------------------
  Eval thresholds (mAP / matching): score≥0.0500, IoU≥0.50
  Avg Detections per Image (score≥0.0500): 36.19  ↓0.26
  Avg Detections per Image (score≥0.5): 3.55  ↑0.45
  Max detection score: 0.852
  Mean detection score: 0.290
  Time per Step: 0.2617  ↑0.0114
  Accuracy / GT cover: (skipped — computed on mAP epochs)
  Ground Truth objects: 57768
  mAP: (skipped)
  Ground Truth Classes: 15 classes
  Predicted Classes: 15 classes
  Timing: 32m 4s this epoch (avg 49m 34s) | ETA ~23h 8m for 27 epoch(s) left, mAP every 4 epoch(s) and final mAP.

Epoch 10/36
--------------------------------------------------
Epoch 10/36 complete: 6846/6846 batches, loss: 1.1856
  Effective LR: ref=2.500e-03 (0=2.500e-03)
Validation complete: 1561 batches
Validation Metrics:
--------------------------------------------------
  Eval thresholds (mAP / matching): score≥0.0500, IoU≥0.50
  Avg Detections per Image (score≥0.0500): 35.44  ↓0.75
  Avg Detections per Image (score≥0.5): 3.70  ↑0.14
  Max detection score: 0.870
  Mean detection score: 0.294
  Time per Step: 0.2527  ↑0.0089
  Accuracy / GT cover: (skipped — computed on mAP epochs)
  Ground Truth objects: 57768
  mAP: (skipped)
  Ground Truth Classes: 15 classes
  Predicted Classes: 15 classes
  Timing: 32m 9s this epoch (avg 47m 50s) | ETA ~21h 31m for 26 epoch(s) left, mAP every 4 epoch(s) and final mAP.

Epoch 11/36
--------------------------------------------------
Epoch 11/36 complete: 6846/6846 batches, loss: 1.1738
  Effective LR: ref=2.500e-03 (0=2.500e-03)
Validation complete: 1561 batches
Validation Metrics:
--------------------------------------------------
  Eval thresholds (mAP / matching): score≥0.0500, IoU≥0.50
  Avg Detections per Image (score≥0.0500): 36.12  ↑0.68
  Avg Detections per Image (score≥0.5): 3.94  ↑0.24
  Max detection score: 0.850
  Mean detection score: 0.243
  Time per Step: 0.2459  ↑0.0068
  Accuracy / GT cover: (skipped — computed on mAP epochs)
  Ground Truth objects: 57768
  mAP: (skipped)
  Ground Truth Classes: 15 classes
  Predicted Classes: 15 classes
  Timing: 32m 19s this epoch (avg 46m 25s) | ETA ~20h 6m for 25 epoch(s) left, mAP every 4 epoch(s) and final mAP.

Epoch 12/36
--------------------------------------------------
Epoch 12/36 complete: 6846/6846 batches, loss: 1.1636
  Effective LR: ref=2.500e-03 (0=2.500e-03)

Computing mAP (periodic evaluation: every 4 epoch(s))...
Validation complete: 1561 batches

Computing mAP (this may take a while)...
  Eval filters: score≥0.0500, IoU≥0.50
  Images: 3,121
  Total detections (post score filter): 103,882 (33.3 per image)
  Total ground truths: 57,768 (18.5 per image)
  Warning: Large number of detections may slow down mAP computation
  Consider increasing evaluation.score_threshold (current: 0.05) for faster mAP matching
  Computing AP for baseball-diamond: 649 dets, 364 GTs (236,236 IoU calculations)
  Computing AP for basketball-court: 436 dets, 278 GTs (121,208 IoU calculations)
  Computing AP for bridge: 1,849 dets, 666 GTs (1,231,434 IoU calculations)
  Computing AP for ground-track-field: 576 dets, 216 GTs (124,416 IoU calculations)
  WARNING: harbor has 32,024,398 IoU calculations (7,451 dets × 4,298 GTs). This will be slow!
  Computing AP for harbor: 7,451 dets, 4,298 GTs (32,024,398 IoU calculations)
    Using chunked batch IoU computation (GPU-accelerated) for harbor (32,024,398 calculations)
    Processing 7,451 detections in chunks of 1,163
  WARNING: large-vehicle has 184,896,252 IoU calculations (19,674 dets × 9,398 GTs). This will be slow!
  Computing AP for large-vehicle: 19,674 dets, 9,398 GTs (184,896,252 IoU calculations)
    Using chunked batch IoU computation (GPU-accelerated) for large-vehicle (184,896,252 calculations)
    Processing 19,674 detections in chunks of 532
  WARNING: plane has 30,699,459 IoU calculations (6,489 dets × 4,731 GTs). This will be slow!
  Computing AP for plane: 6,489 dets, 4,731 GTs (30,699,459 IoU calculations)
    Using chunked batch IoU computation (GPU-accelerated) for plane (30,699,459 calculations)
    Processing 6,489 detections in chunks of 1,056
  Computing AP for roundabout: 795 dets, 256 GTs (203,520 IoU calculations)
  WARNING: ship has 478,714,686 IoU calculations (25,829 dets × 18,534 GTs). This will be slow!
  Computing AP for ship: 25,829 dets, 18,534 GTs (478,714,686 IoU calculations)
    Using chunked batch IoU computation (GPU-accelerated) for ship (478,714,686 calculations)
    Processing 25,829 detections in chunks of 269
  WARNING: small-vehicle has 353,486,625 IoU calculations (31,125 dets × 11,357 GTs). This will be slow!
  Computing AP for small-vehicle: 31,125 dets, 11,357 GTs (353,486,625 IoU calculations)
  Filtered 2 degenerated detections, 0 degenerated ground truths
    Using chunked batch IoU computation (GPU-accelerated) for small-vehicle (353,463,911 calculations)
    Processing 31,123 detections in chunks of 440
  Computing AP for soccer-ball-field: 546 dets, 260 GTs (141,960 IoU calculations)
  WARNING: storage-tank has 25,753,689 IoU calculations (5,119 dets × 5,031 GTs). This will be slow!
  Computing AP for storage-tank: 5,119 dets, 5,031 GTs (25,753,689 IoU calculations)
    Using chunked batch IoU computation (GPU-accelerated) for storage-tank (25,753,689 calculations)
    Processing 5,119 detections in chunks of 993
  Computing AP for swimming-pool: 1,171 dets, 693 GTs (811,503 IoU calculations)
  Computing AP for tennis-court: 1,826 dets, 1,529 GTs (2,791,954 IoU calculations)
  mAP computation completed in 44m 9s. mAP: 0.7993
Validation Metrics:
--------------------------------------------------
  Eval thresholds (mAP / matching): score≥0.0500, IoU≥0.50
  Avg Detections per Image (score≥0.0500): 35.88  ↓0.24
  Avg Detections per Image (score≥0.5): 4.28  ↑0.34
  Max detection score: 0.860
  Mean detection score: 0.306
  Time per Step: 0.2388  ↑0.0071
  Accuracy: 0.5041 (50.41%)
  Correct Predictions: 52372/103882 (matched detections)
  Ground Truth objects: 57768
  GT covered pre-eval-threshold: 52397/57768
  GT covered post-eval-threshold: 52397/57768
  GT lost by eval-threshold filtering: 0
  GT cover rate pre-eval-threshold: 90.70%
  GT cover rate post-eval-threshold: 90.70%
  GT IoU vs raw dets (eval IoU threshold=0.50; per-GT max IoU over all dets / over same-class dets):
    mean best IoU (any class): 0.7172, median: 0.7594
    mean best IoU (correct class): 0.7118, median: 0.7585
    per-class mean best IoU (raw detections):
      | class              | gts | mean_any | mean_same | med_same |
      |--------------------|-----:|----------:|-----------:|----------:|
      | baseball-diamond   | 364 |   0.7077 |    0.7049 |   0.7019 |
      | basketball-court   | 278 |   0.7991 |    0.7991 |   0.8426 |
      | bridge             | 666 |   0.6003 |    0.5966 |   0.6418 |
      | ground-track-field | 216 |   0.6671 |    0.5553 |   0.6890 |
      | harbor             | 4298 |   0.6486 |    0.6440 |   0.6768 |
      | helicopter         | 157 |   0.7259 |    0.6965 |   0.7288 |
      | large-vehicle      | 9398 |   0.7326 |    0.7103 |   0.7562 |
      | plane              | 4731 |   0.8096 |    0.8094 |   0.8487 |
      | roundabout         | 256 |   0.7522 |    0.7522 |   0.8207 |
      | ship               | 18534 |   0.7285 |    0.7278 |   0.7628 |
      | small-vehicle      | 11357 |   0.6940 |    0.6929 |   0.7368 |
      | soccer-ball-field  | 260 |   0.7544 |    0.7404 |   0.7902 |
      | storage-tank       | 5029 |   0.6500 |    0.6467 |   0.7781 |
      | swimming-pool      | 693 |   0.6116 |    0.6109 |   0.6665 |
      | tennis-court       | 1529 |   0.8674 |    0.8624 |   0.8986 |
      | global             | 57766 |   0.7172 |    0.7118 |   0.7585 |
    GTs with IoU≥thresh but no same-class hit (wrong-class / misaligned): 380
    GTs with no detection above IoU thresh (missed / poor loc): 4962
    GTs with 0% best IoU vs any detection (no spatial overlap): 685 (1.19% of GTs)
    histogram best IoU (any class) [0,0.25)/[0.25,0.5)/[0.5,0.75)/[0.75,1]: 2320/2642/21941/30863
    histogram best IoU (correct class) [0,0.25)/[0.25,0.5)/[0.5,0.75)/[0.75,1]: 2772/2570/21770/30654
  Class-agnostic duplicate rate (post score thresh; IoU≥0.50 vs a higher-score box): micro=1.92% (1997/103882 boxes), macro mean over images with detections=2.13% (3120 images)
  mAP: 0.7993  ↑0.0313 (79.93%)
  Per-Class AP:
    baseball-diamond: 0.8825  ↑0.0270 (88.25%)
    basketball-court: 0.8897  ↑0.0290 (88.97%)
    bridge: 0.6436  ↑0.0915 (64.36%)
    ground-track-field: 0.6149  ↓0.0010 (61.49%)
    harbor: 0.7511  ↑0.0357 (75.11%)
    helicopter: 0.8314  ↑0.0979 (83.14%)
    large-vehicle: 0.8606  ↑0.0159 (86.06%)
    plane: 0.9065  ↑0.0038 (90.65%)
    roundabout: 0.7883  ↓0.0016 (78.83%)
    ship: 0.8849  ↑0.0029 (88.49%)
    small-vehicle: 0.7824  ↑0.0419 (78.24%)
    soccer-ball-field: 0.8376  ↑0.1090 (83.76%)
    storage-tank: 0.7198  ↑0.0042 (71.98%)
    swimming-pool: 0.6875  ↑0.0120 (68.75%)
    tennis-court: 0.9091  ↑0.0009 (90.91%)
  Ground Truth Classes: 15 classes
  Predicted Classes: 15 classes
  Timing: 1h 19m this epoch (avg 49m 13s) | ETA ~20h 30m for 24 epoch(s) left, mAP every 4 epoch(s) and final mAP.

Epoch 13/36
--------------------------------------------------
Epoch 13/36 complete: 6846/6846 batches, loss: 1.1546
  Effective LR: ref=2.500e-03 (0=2.500e-03)
Validation complete: 1561 batches
Validation Metrics:
--------------------------------------------------
  Eval thresholds (mAP / matching): score≥0.0500, IoU≥0.50
  Avg Detections per Image (score≥0.0500): 35.22  ↓0.66
  Avg Detections per Image (score≥0.5): 4.42  ↑0.15
  Max detection score: 0.872
  Mean detection score: 0.327
  Time per Step: 0.2324  ↑0.0065
  Accuracy / GT cover: (skipped — computed on mAP epochs)
  Ground Truth objects: 57768
  mAP: (skipped)
  Ground Truth Classes: 15 classes
  Predicted Classes: 15 classes
  Timing: 31m 33s this epoch (avg 47m 51s) | ETA ~19h 8m for 23 epoch(s) left, mAP every 4 epoch(s) and final mAP.

Epoch 14/36
--------------------------------------------------
Epoch 14/36 complete: 6846/6846 batches, loss: 1.1460
  Effective LR: ref=2.500e-03 (0=2.500e-03)
Validation complete: 1561 batches
Validation Metrics:
--------------------------------------------------
  Eval thresholds (mAP / matching): score≥0.0500, IoU≥0.50
  Avg Detections per Image (score≥0.0500): 34.78  ↓0.44
  Avg Detections per Image (score≥0.5): 4.68  ↑0.26
  Max detection score: 0.879
  Mean detection score: 0.329
  Time per Step: 0.2268  ↑0.0056
  Accuracy / GT cover: (skipped — computed on mAP epochs)
  Ground Truth objects: 57768
  mAP: (skipped)
  Ground Truth Classes: 15 classes
  Predicted Classes: 15 classes
  Timing: 31m 32s this epoch (avg 46m 41s) | ETA ~17h 53m for 22 epoch(s) left, mAP every 4 epoch(s) and final mAP.

Epoch 15/36
--------------------------------------------------
Epoch 15/36 complete: 6846/6846 batches, loss: 1.1383
  Effective LR: ref=2.500e-03 (0=2.500e-03)
Validation complete: 1561 batches
Validation Metrics:
--------------------------------------------------
  Eval thresholds (mAP / matching): score≥0.0500, IoU≥0.50
  Avg Detections per Image (score≥0.0500): 34.70  ↓0.09
  Avg Detections per Image (score≥0.5): 4.91  ↑0.23
  Max detection score: 0.863
  Mean detection score: 0.307
  Time per Step: 0.2220  ↑0.0048
  Accuracy / GT cover: (skipped — computed on mAP epochs)
  Ground Truth objects: 57768
  mAP: (skipped)
  Ground Truth Classes: 15 classes
  Predicted Classes: 15 classes
  Timing: 31m 33s this epoch (avg 45m 41s) | ETA ~16h 44m for 21 epoch(s) left, mAP every 4 epoch(s) and final mAP.

Epoch 16/36
--------------------------------------------------
Epoch 16/36 complete: 6846/6846 batches, loss: 1.1314
  Effective LR: ref=2.500e-03 (0=2.500e-03)

Computing mAP (periodic evaluation: every 4 epoch(s))...
Validation complete: 1561 batches

Computing mAP (this may take a while)...
  Eval filters: score≥0.0500, IoU≥0.50
  Images: 3,121
  Total detections (post score filter): 99,151 (31.8 per image)
  Total ground truths: 57,768 (18.5 per image)
  Warning: Large number of detections may slow down mAP computation
  Consider increasing evaluation.score_threshold (current: 0.05) for faster mAP matching
  Computing AP for baseball-diamond: 665 dets, 364 GTs (242,060 IoU calculations)
  Computing AP for basketball-court: 491 dets, 278 GTs (136,498 IoU calculations)
  Computing AP for bridge: 2,217 dets, 666 GTs (1,476,522 IoU calculations)
  WARNING: harbor has 37,891,168 IoU calculations (8,816 dets × 4,298 GTs). This will be slow!
  Computing AP for harbor: 8,816 dets, 4,298 GTs (37,891,168 IoU calculations)
    Using chunked batch IoU computation (GPU-accelerated) for harbor (37,891,168 calculations)
    Processing 8,816 detections in chunks of 1,163
  Computing AP for helicopter: 954 dets, 157 GTs (149,778 IoU calculations)
  WARNING: large-vehicle has 156,636,466 IoU calculations (16,667 dets × 9,398 GTs). This will be slow!
  Computing AP for large-vehicle: 16,667 dets, 9,398 GTs (156,636,466 IoU calculations)
    Using chunked batch IoU computation (GPU-accelerated) for large-vehicle (156,636,466 calculations)
    Processing 16,667 detections in chunks of 532
  WARNING: plane has 28,154,181 IoU calculations (5,951 dets × 4,731 GTs). This will be slow!
  Computing AP for plane: 5,951 dets, 4,731 GTs (28,154,181 IoU calculations)
    Using chunked batch IoU computation (GPU-accelerated) for plane (28,154,181 calculations)
    Processing 5,951 detections in chunks of 1,056
  Computing AP for roundabout: 546 dets, 256 GTs (139,776 IoU calculations)
  WARNING: ship has 498,305,124 IoU calculations (26,886 dets × 18,534 GTs). This will be slow!
  Computing AP for ship: 26,886 dets, 18,534 GTs (498,305,124 IoU calculations)
    Using chunked batch IoU computation (GPU-accelerated) for ship (498,305,124 calculations)
    Processing 26,886 detections in chunks of 269
  WARNING: small-vehicle has 278,757,565 IoU calculations (24,545 dets × 11,357 GTs). This will be slow!
  Computing AP for small-vehicle: 24,545 dets, 11,357 GTs (278,757,565 IoU calculations)
    Using chunked batch IoU computation (GPU-accelerated) for small-vehicle (278,757,565 calculations)
    Processing 24,545 detections in chunks of 440
  Computing AP for soccer-ball-field: 632 dets, 260 GTs (164,320 IoU calculations)
  WARNING: storage-tank has 30,502,953 IoU calculations (6,063 dets × 5,031 GTs). This will be slow!
  Computing AP for storage-tank: 6,063 dets, 5,031 GTs (30,502,953 IoU calculations)
    Using chunked batch IoU computation (GPU-accelerated) for storage-tank (30,502,953 calculations)
    Processing 6,063 detections in chunks of 993
  Computing AP for swimming-pool: 2,357 dets, 693 GTs (1,633,401 IoU calculations)
  Computing AP for tennis-court: 1,904 dets, 1,529 GTs (2,911,216 IoU calculations)
  mAP computation completed in 41m 10s. mAP: 0.8219
Validation Metrics:
--------------------------------------------------
  Eval thresholds (mAP / matching): score≥0.0500, IoU≥0.50
  Avg Detections per Image (score≥0.0500): 34.51  ↓0.18
  Avg Detections per Image (score≥0.5): 5.02  ↑0.11
  Max detection score: 0.877
  Mean detection score: 0.300
  Time per Step: 0.2178  ↑0.0043
  Accuracy: 0.5373 (53.73%)
  Correct Predictions: 53276/99151 (matched detections)
  Ground Truth objects: 57768
  GT covered pre-eval-threshold: 53295/57768
  GT covered post-eval-threshold: 53295/57768
  GT lost by eval-threshold filtering: 0
  GT cover rate pre-eval-threshold: 92.26%
  GT cover rate post-eval-threshold: 92.26%
  GT IoU vs raw dets (eval IoU threshold=0.50; per-GT max IoU over all dets / over same-class dets):
    mean best IoU (any class): 0.7331, median: 0.7737
    mean best IoU (correct class): 0.7283, median: 0.7731
    per-class mean best IoU (raw detections):
      | class              | gts | mean_any | mean_same | med_same |
      |--------------------|-----:|----------:|-----------:|----------:|
      | baseball-diamond   | 364 |   0.7042 |    0.7042 |   0.6943 |
      | basketball-court   | 278 |   0.7875 |    0.7875 |   0.8187 |
      | bridge             | 666 |   0.6011 |    0.5976 |   0.6357 |
      | ground-track-field | 216 |   0.6628 |    0.5956 |   0.7216 |
      | harbor             | 4298 |   0.6535 |    0.6515 |   0.6836 |
      | helicopter         | 157 |   0.7379 |    0.7087 |   0.7342 |
      | large-vehicle      | 9398 |   0.7495 |    0.7424 |   0.7758 |
      | plane              | 4731 |   0.8125 |    0.8122 |   0.8484 |
      | roundabout         | 256 |   0.7519 |    0.7488 |   0.8155 |
      | ship               | 18534 |   0.7496 |    0.7486 |   0.7801 |
      | small-vehicle      | 11357 |   0.7109 |    0.6987 |   0.7496 |
      | soccer-ball-field  | 260 |   0.7579 |    0.7262 |   0.7815 |
      | storage-tank       | 5031 |   0.6844 |    0.6840 |   0.7880 |
      | swimming-pool      | 693 |   0.6297 |    0.6273 |   0.6529 |
      | tennis-court       | 1529 |   0.8383 |    0.8335 |   0.8650 |
      | global             | 57768 |   0.7331 |    0.7283 |   0.7731 |
    GTs with IoU≥thresh but no same-class hit (wrong-class / misaligned): 329
    GTs with no detection above IoU thresh (missed / poor loc): 4141
    GTs with 0% best IoU vs any detection (no spatial overlap): 468 (0.81% of GTs)
    histogram best IoU (any class) [0,0.25)/[0.25,0.5)/[0.5,0.75)/[0.75,1]: 1806/2335/19393/34234
    histogram best IoU (correct class) [0,0.25)/[0.25,0.5)/[0.5,0.75)/[0.75,1]: 2191/2279/19252/34046
  Class-agnostic duplicate rate (post score thresh; IoU≥0.50 vs a higher-score box): micro=1.58% (1570/99151 boxes), macro mean over images with detections=1.99% (3121 images)
  mAP: 0.8219  ↑0.0226 (82.19%)
  Per-Class AP:
    baseball-diamond: 0.8925  ↑0.0100 (89.25%)
    basketball-court: 0.9014  ↑0.0117 (90.14%)
    bridge: 0.6847  ↑0.0411 (68.47%)
    ground-track-field: 0.6638  ↑0.0489 (66.38%)
    harbor: 0.7504  ↓0.0006 (75.04%)
    helicopter: 0.8580  ↑0.0266 (85.80%)
    large-vehicle: 0.8759  ↑0.0153 (87.59%)
    plane: 0.9067  ↑0.0002 (90.67%)
    roundabout: 0.8446  ↑0.0563 (84.46%)
    ship: 0.8917  ↑0.0069 (89.17%)
    small-vehicle: 0.8202  ↑0.0378 (82.02%)
    soccer-ball-field: 0.8429  ↑0.0054 (84.29%)
    storage-tank: 0.8021  ↑0.0824 (80.21%)
    swimming-pool: 0.6846  ↓0.0028 (68.46%)
    tennis-court: 0.9089  ↓0.0002 (90.89%)
  Ground Truth Classes: 15 classes
  Predicted Classes: 15 classes
  Timing: 1h 16m this epoch (avg 47m 36s) | ETA ~16h 39m for 20 epoch(s) left, mAP every 4 epoch(s) and final mAP.

Epoch 17/36
--------------------------------------------------
Epoch 17/36 complete: 6846/6846 batches, loss: 1.1248
  Effective LR: ref=2.500e-03 (0=2.500e-03)
Validation complete: 1561 batches
Validation Metrics:
--------------------------------------------------
  Eval thresholds (mAP / matching): score≥0.0500, IoU≥0.50
  Avg Detections per Image (score≥0.0500): 34.51  ↓0.00
  Avg Detections per Image (score≥0.5): 5.17  ↑0.15
  Max detection score: 0.876
  Mean detection score: 0.297
  Time per Step: 0.2142  ↑0.0036
  Accuracy / GT cover: (skipped — computed on mAP epochs)
  Ground Truth objects: 57768
  mAP: (skipped)
  Ground Truth Classes: 15 classes
  Predicted Classes: 15 classes
  Timing: 31m 36s this epoch (avg 46m 40s) | ETA ~15h 33m for 19 epoch(s) left, mAP every 4 epoch(s) and final mAP.

Epoch 18/36
--------------------------------------------------
Epoch 18/36 complete: 6846/6846 batches, loss: 1.1187
  Effective LR: ref=2.500e-03 (0=2.500e-03)
Validation complete: 1561 batches
Validation Metrics:
--------------------------------------------------
  Eval thresholds (mAP / matching): score≥0.0500, IoU≥0.50
  Avg Detections per Image (score≥0.0500): 34.26  ↓0.25
  Avg Detections per Image (score≥0.5): 5.33  ↑0.16
  Max detection score: 0.870
  Mean detection score: 0.330
  Time per Step: 0.2105  ↑0.0037
  Accuracy / GT cover: (skipped — computed on mAP epochs)
  Ground Truth objects: 57768
  mAP: (skipped)
  Ground Truth Classes: 15 classes
  Predicted Classes: 15 classes
  Timing: 31m 21s this epoch (avg 45m 49s) | ETA ~14h 30m for 18 epoch(s) left, mAP every 4 epoch(s) and final mAP.

Epoch 19/36
--------------------------------------------------
Epoch 19/36 complete: 6846/6846 batches, loss: 1.1131
  Effective LR: ref=2.500e-03 (0=2.500e-03)
Validation complete: 1561 batches
Validation Metrics:
--------------------------------------------------
  Eval thresholds (mAP / matching): score≥0.0500, IoU≥0.50
  Avg Detections per Image (score≥0.0500): 34.18  ↓0.08
  Avg Detections per Image (score≥0.5): 5.44  ↑0.11
  Max detection score: 0.888
  Mean detection score: 0.305
  Time per Step: 0.2074  ↑0.0031
  Accuracy / GT cover: (skipped — computed on mAP epochs)
  Ground Truth objects: 57768
  mAP: (skipped)
  Ground Truth Classes: 15 classes
  Predicted Classes: 15 classes
  Timing: 31m 29s this epoch (avg 45m 3s) | ETA ~13h 31m for 17 epoch(s) left, mAP every 4 epoch(s) and final mAP.

Epoch 20/36
--------------------------------------------------
Epoch 20/36 complete: 6846/6846 batches, loss: 1.1082
  Effective LR: ref=2.500e-03 (0=2.500e-03)

Computing mAP (periodic evaluation: every 4 epoch(s))...
Validation complete: 1561 batches

Computing mAP (this may take a while)...
  Eval filters: score≥0.0500, IoU≥0.50
  Images: 3,121
  Total detections (post score filter): 88,278 (28.3 per image)
  Total ground truths: 57,768 (18.5 per image)
  Warning: Large number of detections may slow down mAP computation
  Consider increasing evaluation.score_threshold (current: 0.05) for faster mAP matching
  Computing AP for baseball-diamond: 554 dets, 364 GTs (201,656 IoU calculations)
  Computing AP for basketball-court: 804 dets, 278 GTs (223,512 IoU calculations)
  Computing AP for bridge: 1,806 dets, 666 GTs (1,202,796 IoU calculations)
  WARNING: harbor has 31,117,520 IoU calculations (7,240 dets × 4,298 GTs). This will be slow!
  Computing AP for harbor: 7,240 dets, 4,298 GTs (31,117,520 IoU calculations)
    Using chunked batch IoU computation (GPU-accelerated) for harbor (31,117,520 calculations)
    Processing 7,240 detections in chunks of 1,163
  WARNING: large-vehicle has 108,612,686 IoU calculations (11,557 dets × 9,398 GTs). This will be slow!
  Computing AP for large-vehicle: 11,557 dets, 9,398 GTs (108,612,686 IoU calculations)
    Using chunked batch IoU computation (GPU-accelerated) for large-vehicle (108,612,686 calculations)
    Processing 11,557 detections in chunks of 532
  WARNING: plane has 25,613,634 IoU calculations (5,414 dets × 4,731 GTs). This will be slow!
  Computing AP for plane: 5,414 dets, 4,731 GTs (25,613,634 IoU calculations)
    Using chunked batch IoU computation (GPU-accelerated) for plane (25,613,634 calculations)
    Processing 5,414 detections in chunks of 1,056
  Computing AP for roundabout: 674 dets, 256 GTs (172,544 IoU calculations)
  WARNING: ship has 450,246,462 IoU calculations (24,293 dets × 18,534 GTs). This will be slow!
  Computing AP for ship: 24,293 dets, 18,534 GTs (450,246,462 IoU calculations)
    Using chunked batch IoU computation (GPU-accelerated) for ship (450,246,462 calculations)
    Processing 24,293 detections in chunks of 269
  WARNING: small-vehicle has 241,495,248 IoU calculations (21,264 dets × 11,357 GTs). This will be slow!
  Computing AP for small-vehicle: 21,264 dets, 11,357 GTs (241,495,248 IoU calculations)
    Using chunked batch IoU computation (GPU-accelerated) for small-vehicle (241,495,248 calculations)
    Processing 21,264 detections in chunks of 440
  Computing AP for soccer-ball-field: 803 dets, 260 GTs (208,780 IoU calculations)
  WARNING: storage-tank has 45,294,093 IoU calculations (9,003 dets × 5,031 GTs). This will be slow!
  Computing AP for storage-tank: 9,003 dets, 5,031 GTs (45,294,093 IoU calculations)
    Using chunked batch IoU computation (GPU-accelerated) for storage-tank (45,294,093 calculations)
    Processing 9,003 detections in chunks of 993
  Computing AP for swimming-pool: 1,983 dets, 693 GTs (1,374,219 IoU calculations)
  Computing AP for tennis-court: 1,943 dets, 1,529 GTs (2,970,847 IoU calculations)
  mAP computation completed in 36m 9s. mAP: 0.8211
Validation Metrics:
--------------------------------------------------
  Eval thresholds (mAP / matching): score≥0.0500, IoU≥0.50
  Avg Detections per Image (score≥0.0500): 33.88  ↓0.30
  Avg Detections per Image (score≥0.5): 5.57  ↑0.13
  Max detection score: 0.873
  Mean detection score: 0.339
  Time per Step: 0.2047  ↑0.0027
  Accuracy: 0.6006 (60.06%)
  Correct Predictions: 53020/88278 (matched detections)
  Ground Truth objects: 57768
  GT covered pre-eval-threshold: 53042/57768
  GT covered post-eval-threshold: 53042/57768
  GT lost by eval-threshold filtering: 0
  GT cover rate pre-eval-threshold: 91.82%
  GT cover rate post-eval-threshold: 91.82%
  GT IoU vs raw dets (eval IoU threshold=0.50; per-GT max IoU over all dets / over same-class dets):
    mean best IoU (any class): 0.7152, median: 0.7517
    mean best IoU (correct class): 0.7110, median: 0.7511
    per-class mean best IoU (raw detections):
      | class              | gts | mean_any | mean_same | med_same |
      |--------------------|-----:|----------:|-----------:|----------:|
      | baseball-diamond   | 364 |   0.7150 |    0.7150 |   0.7117 |
      | basketball-court   | 278 |   0.7870 |    0.7865 |   0.8018 |
      | bridge             | 666 |   0.5945 |    0.5942 |   0.6470 |
      | ground-track-field | 216 |   0.6686 |    0.5838 |   0.7117 |
      | harbor             | 4298 |   0.6354 |    0.6341 |   0.6655 |
      | helicopter         | 157 |   0.7234 |    0.7193 |   0.7491 |
      | large-vehicle      | 9397 |   0.7079 |    0.6925 |   0.7291 |
      | plane              | 4731 |   0.7954 |    0.7950 |   0.8348 |
      | roundabout         | 256 |   0.7502 |    0.7502 |   0.8161 |
      | ship               | 18534 |   0.7348 |    0.7336 |   0.7613 |
      | small-vehicle      | 11357 |   0.6957 |    0.6920 |   0.7359 |
      | soccer-ball-field  | 260 |   0.7547 |    0.7407 |   0.7979 |
      | storage-tank       | 5031 |   0.6905 |    0.6904 |   0.7810 |
      | swimming-pool      | 693 |   0.6436 |    0.6436 |   0.6757 |
      | tennis-court       | 1529 |   0.7902 |    0.7862 |   0.8096 |
      | global             | 57767 |   0.7152 |    0.7110 |   0.7511 |
    GTs with IoU≥thresh but no same-class hit (wrong-class / misaligned): 303
    GTs with no detection above IoU thresh (missed / poor loc): 4416
    GTs with 0% best IoU vs any detection (no spatial overlap): 421 (0.73% of GTs)
    histogram best IoU (any class) [0,0.25)/[0.25,0.5)/[0.5,0.75)/[0.75,1]: 1780/2636/24051/29300
    histogram best IoU (correct class) [0,0.25)/[0.25,0.5)/[0.5,0.75)/[0.75,1]: 2132/2587/23900/29148
  Class-agnostic duplicate rate (post score thresh; IoU≥0.50 vs a higher-score box): micro=1.45% (1276/88278 boxes), macro mean over images with detections=2.19% (3120 images)
  mAP: 0.8211  ↓0.0008 (82.11%)
  Per-Class AP:
    baseball-diamond: 0.8948  ↑0.0023 (89.48%)
    basketball-court: 0.8974  ↓0.0041 (89.74%)
    bridge: 0.6632  ↓0.0215 (66.32%)
    ground-track-field: 0.6760  ↑0.0122 (67.60%)
    harbor: 0.7531  ↑0.0027 (75.31%)
    helicopter: 0.8347  ↓0.0233 (83.47%)
    large-vehicle: 0.8805  ↑0.0046 (88.05%)
    plane: 0.9071  ↑0.0004 (90.71%)
    roundabout: 0.7998  ↓0.0448 (79.98%)
    ship: 0.8931  ↑0.0014 (89.31%)
    small-vehicle: 0.8224  ↑0.0022 (82.24%)
    soccer-ball-field: 0.8688  ↑0.0259 (86.88%)
    storage-tank: 0.7988  ↓0.0034 (79.88%)
    swimming-pool: 0.7172  ↑0.0326 (71.72%)
    tennis-court: 0.9091  ↑0.0002 (90.91%)
  Ground Truth Classes: 15 classes
  Predicted Classes: 15 classes
  Timing: 1h 11m this epoch (avg 46m 22s) | ETA ~13h 8m for 16 epoch(s) left, mAP every 4 epoch(s) and final mAP.

Epoch 21/36
--------------------------------------------------
Epoch 21/36 complete: 6846/6846 batches, loss: 1.1034
  Effective LR: ref=2.500e-03 (0=2.500e-03)
Validation complete: 1561 batches
Validation Metrics:
--------------------------------------------------
  Eval thresholds (mAP / matching): score≥0.0500, IoU≥0.50
  Avg Detections per Image (score≥0.0500): 33.70  ↓0.19
  Avg Detections per Image (score≥0.5): 5.71  ↑0.14
  Max detection score: 0.872
  Mean detection score: 0.336
  Time per Step: 0.2023  ↑0.0023
  Accuracy / GT cover: (skipped — computed on mAP epochs)
  Ground Truth objects: 57768
  mAP: (skipped)
  Ground Truth Classes: 15 classes
  Predicted Classes: 15 classes
  Timing: 31m 38s this epoch (avg 45m 40s) | ETA ~12h 10m for 15 epoch(s) left, mAP every 4 epoch(s) and final mAP.

Epoch 22/36
--------------------------------------------------
Epoch 22/36 complete: 6846/6846 batches, loss: 1.0989
  Effective LR: ref=2.500e-03 (0=2.500e-03)
Validation complete: 1561 batches
Validation Metrics:
--------------------------------------------------
  Eval thresholds (mAP / matching): score≥0.0500, IoU≥0.50
  Avg Detections per Image (score≥0.0500): 33.62  ↓0.07
  Avg Detections per Image (score≥0.5): 5.80  ↑0.09
  Max detection score: 0.884
  Mean detection score: 0.314
  Time per Step: 0.1998  ↑0.0025
  Accuracy / GT cover: (skipped — computed on mAP epochs)
  Ground Truth objects: 57768
  mAP: (skipped)
  Ground Truth Classes: 15 classes
  Predicted Classes: 15 classes
  Timing: 31m 26s this epoch (avg 45m 1s) | ETA ~11h 15m for 14 epoch(s) left, mAP every 4 epoch(s) and final mAP.

Epoch 23/36
--------------------------------------------------
Epoch 23/36 complete: 6846/6846 batches, loss: 1.0946
  Effective LR: ref=2.500e-03 (0=2.500e-03)
Validation complete: 1561 batches
Validation Metrics:
--------------------------------------------------
  Eval thresholds (mAP / matching): score≥0.0500, IoU≥0.50
  Avg Detections per Image (score≥0.0500): 33.34  ↓0.28
  Avg Detections per Image (score≥0.5): 5.86  ↑0.06
  Max detection score: 0.877
  Mean detection score: 0.340
  Time per Step: 0.1975  ↑0.0023
  Accuracy / GT cover: (skipped — computed on mAP epochs)
  Ground Truth objects: 57768
  mAP: (skipped)
  Ground Truth Classes: 15 classes
  Predicted Classes: 15 classes
  Timing: 31m 24s this epoch (avg 44m 26s) | ETA ~10h 21m for 13 epoch(s) left, mAP every 4 epoch(s) and final mAP.

Epoch 24/36
--------------------------------------------------
Epoch 24/36 complete: 6846/6846 batches, loss: 1.0902
  Effective LR: ref=2.500e-03 (0=2.500e-03)

Computing mAP (periodic evaluation: every 4 epoch(s))...
Validation complete: 1561 batches

Computing mAP (this may take a while)...
  Eval filters: score≥0.0500, IoU≥0.50
  Images: 3,121
  Total detections (post score filter): 92,671 (29.7 per image)
  Total ground truths: 57,768 (18.5 per image)
  Warning: Large number of detections may slow down mAP computation
  Consider increasing evaluation.score_threshold (current: 0.05) for faster mAP matching
  Computing AP for baseball-diamond: 843 dets, 364 GTs (306,852 IoU calculations)
  Computing AP for basketball-court: 581 dets, 278 GTs (161,518 IoU calculations)
  Computing AP for bridge: 1,631 dets, 666 GTs (1,086,246 IoU calculations)
  Computing AP for ground-track-field: 584 dets, 216 GTs (126,144 IoU calculations)
  WARNING: harbor has 26,247,886 IoU calculations (6,107 dets × 4,298 GTs). This will be slow!
  Computing AP for harbor: 6,107 dets, 4,298 GTs (26,247,886 IoU calculations)
    Using chunked batch IoU computation (GPU-accelerated) for harbor (26,247,886 calculations)
    Processing 6,107 detections in chunks of 1,163
  WARNING: large-vehicle has 138,244,580 IoU calculations (14,710 dets × 9,398 GTs). This will be slow!
  Computing AP for large-vehicle: 14,710 dets, 9,398 GTs (138,244,580 IoU calculations)
    Using chunked batch IoU computation (GPU-accelerated) for large-vehicle (138,244,580 calculations)
    Processing 14,710 detections in chunks of 532
  WARNING: plane has 27,075,513 IoU calculations (5,723 dets × 4,731 GTs). This will be slow!
  Computing AP for plane: 5,723 dets, 4,731 GTs (27,075,513 IoU calculations)
    Using chunked batch IoU computation (GPU-accelerated) for plane (27,075,513 calculations)
    Processing 5,723 detections in chunks of 1,056
  Computing AP for roundabout: 628 dets, 256 GTs (160,768 IoU calculations)
  WARNING: ship has 445,316,418 IoU calculations (24,027 dets × 18,534 GTs). This will be slow!
  Computing AP for ship: 24,027 dets, 18,534 GTs (445,316,418 IoU calculations)
    Using chunked batch IoU computation (GPU-accelerated) for ship (445,316,418 calculations)
    Processing 24,027 detections in chunks of 269
  WARNING: small-vehicle has 298,246,177 IoU calculations (26,261 dets × 11,357 GTs). This will be slow!
  Computing AP for small-vehicle: 26,261 dets, 11,357 GTs (298,246,177 IoU calculations)
  Filtered 1 degenerated detections, 0 degenerated ground truths
    Using chunked batch IoU computation (GPU-accelerated) for small-vehicle (298,234,820 calculations)
    Processing 26,260 detections in chunks of 440
  Computing AP for soccer-ball-field: 659 dets, 260 GTs (171,340 IoU calculations)
  WARNING: storage-tank has 35,896,185 IoU calculations (7,135 dets × 5,031 GTs). This will be slow!
  Computing AP for storage-tank: 7,135 dets, 5,031 GTs (35,896,185 IoU calculations)
    Using chunked batch IoU computation (GPU-accelerated) for storage-tank (35,896,185 calculations)
    Processing 7,135 detections in chunks of 993
  Computing AP for swimming-pool: 1,655 dets, 693 GTs (1,146,915 IoU calculations)
  Computing AP for tennis-court: 1,735 dets, 1,529 GTs (2,652,815 IoU calculations)
  mAP computation completed in 38m 49s. mAP: 0.8380
Validation Metrics:
--------------------------------------------------
  Eval thresholds (mAP / matching): score≥0.0500, IoU≥0.50
  Avg Detections per Image (score≥0.0500): 33.19  ↓0.15
  Avg Detections per Image (score≥0.5): 6.01  ↑0.15
  Max detection score: 0.896
  Mean detection score: 0.351
  Time per Step: 0.1955  ↑0.0020
  Accuracy: 0.5818 (58.18%)
  Correct Predictions: 53919/92671 (matched detections)
  Ground Truth objects: 57768
  GT covered pre-eval-threshold: 53955/57768
  GT covered post-eval-threshold: 53955/57768
  GT lost by eval-threshold filtering: 0
  GT cover rate pre-eval-threshold: 93.40%
  GT cover rate post-eval-threshold: 93.40%
  GT IoU vs raw dets (eval IoU threshold=0.50; per-GT max IoU over all dets / over same-class dets):
    mean best IoU (any class): 0.7397, median: 0.7728
    mean best IoU (correct class): 0.7366, median: 0.7724
    per-class mean best IoU (raw detections):
      | class              | gts | mean_any | mean_same | med_same |
      |--------------------|-----:|----------:|-----------:|----------:|
      | baseball-diamond   | 364 |   0.7352 |    0.7352 |   0.7414 |
      | basketball-court   | 278 |   0.8102 |    0.8073 |   0.8538 |
      | bridge             | 666 |   0.6182 |    0.6182 |   0.6671 |
      | ground-track-field | 216 |   0.6953 |    0.6828 |   0.7494 |
      | harbor             | 4298 |   0.6740 |    0.6713 |   0.7048 |
      | helicopter         | 157 |   0.7221 |    0.6985 |   0.7348 |
      | large-vehicle      | 9398 |   0.7451 |    0.7339 |   0.7599 |
      | plane              | 4731 |   0.8175 |    0.8175 |   0.8542 |
      | roundabout         | 256 |   0.7934 |    0.7931 |   0.8366 |
      | ship               | 18534 |   0.7532 |    0.7528 |   0.7784 |
      | small-vehicle      | 11357 |   0.7150 |    0.7123 |   0.7487 |
      | soccer-ball-field  | 260 |   0.7827 |    0.7424 |   0.8287 |
      | storage-tank       | 5031 |   0.7072 |    0.7069 |   0.7984 |
      | swimming-pool      | 693 |   0.6536 |    0.6522 |   0.6872 |
      | tennis-court       | 1529 |   0.8507 |    0.8470 |   0.8711 |
      | global             | 57768 |   0.7397 |    0.7366 |   0.7724 |
    GTs with IoU≥thresh but no same-class hit (wrong-class / misaligned): 230
    GTs with no detection above IoU thresh (missed / poor loc): 3575
    GTs with 0% best IoU vs any detection (no spatial overlap): 320 (0.55% of GTs)
    histogram best IoU (any class) [0,0.25)/[0.25,0.5)/[0.5,0.75)/[0.75,1]: 1518/2057/20002/34191
    histogram best IoU (correct class) [0,0.25)/[0.25,0.5)/[0.5,0.75)/[0.75,1]: 1766/2039/19915/34048
  Class-agnostic duplicate rate (post score thresh; IoU≥0.50 vs a higher-score box): micro=1.46% (1355/92671 boxes), macro mean over images with detections=2.14% (3121 images)
  mAP: 0.8380  ↑0.0169 (83.80%)
  Per-Class AP:
    baseball-diamond: 0.9003  ↑0.0054 (90.03%)
    basketball-court: 0.9008  ↑0.0034 (90.08%)
    bridge: 0.6920  ↑0.0289 (69.20%)
    ground-track-field: 0.6729  ↓0.0030 (67.29%)
    harbor: 0.7810  ↑0.0278 (78.10%)
    helicopter: 0.8563  ↑0.0216 (85.63%)
    large-vehicle: 0.8862  ↑0.0056 (88.62%)
    plane: 0.9082  ↑0.0012 (90.82%)
    roundabout: 0.8925  ↑0.0926 (89.25%)
    ship: 0.8964  ↑0.0032 (89.64%)
    small-vehicle: 0.8405  ↑0.0181 (84.05%)
    soccer-ball-field: 0.8751  ↑0.0063 (87.51%)
    storage-tank: 0.8018  ↑0.0031 (80.18%)
    swimming-pool: 0.7563  ↑0.0391 (75.63%)
    tennis-court: 0.9091  →0.0000 (90.91%)
  Ground Truth Classes: 15 classes
  Predicted Classes: 15 classes
  Timing: 1h 13m this epoch (avg 45m 39s) | ETA ~9h 53m for 12 epoch(s) left, mAP every 4 epoch(s) and final mAP.

Epoch 25/36
--------------------------------------------------
Epoch 25/36 complete: 6846/6846 batches, loss: 1.0844
  Effective LR: ref=2.500e-04 (0=2.500e-04)
Validation complete: 1561 batches
Validation Metrics:
--------------------------------------------------
  Eval thresholds (mAP / matching): score≥0.0500, IoU≥0.50
  Avg Detections per Image (score≥0.0500): 32.93  ↓0.26
  Avg Detections per Image (score≥0.5): 6.18  ↑0.17
  Max detection score: 0.903
  Mean detection score: 0.394
  Time per Step: 0.1933  ↑0.0022
  Accuracy / GT cover: (skipped — computed on mAP epochs)
  Ground Truth objects: 57768
  mAP: (skipped)
  Ground Truth Classes: 15 classes
  Predicted Classes: 15 classes
  Timing: 31m 14s this epoch (avg 45m 5s) | ETA ~9h 0m for 11 epoch(s) left, mAP every 4 epoch(s) and final mAP.

Epoch 26/36
--------------------------------------------------
Epoch 26/36 complete: 6846/6846 batches, loss: 1.0787
  Effective LR: ref=2.500e-04 (0=2.500e-04)
Validation complete: 1561 batches
Validation Metrics:
--------------------------------------------------
  Eval thresholds (mAP / matching): score≥0.0500, IoU≥0.50
  Avg Detections per Image (score≥0.0500): 32.66  ↓0.27
  Avg Detections per Image (score≥0.5): 6.33  ↑0.16
  Max detection score: 0.909
  Mean detection score: 0.401
  Time per Step: 0.1912  ↑0.0020
  Accuracy / GT cover: (skipped — computed on mAP epochs)
  Ground Truth objects: 57768
  mAP: (skipped)
  Ground Truth Classes: 15 classes
  Predicted Classes: 15 classes
  Timing: 31m 14s this epoch (avg 44m 33s) | ETA ~8h 9m for 10 epoch(s) left, mAP every 4 epoch(s) and final mAP.

Epoch 27/36
--------------------------------------------------
Epoch 27/36 complete: 6846/6846 batches, loss: 1.0730
  Effective LR: ref=2.500e-04 (0=2.500e-04)
Validation complete: 1561 batches
Validation Metrics:
--------------------------------------------------
  Eval thresholds (mAP / matching): score≥0.0500, IoU≥0.50
  Avg Detections per Image (score≥0.0500): 32.41  ↓0.25
  Avg Detections per Image (score≥0.5): 6.49  ↑0.15
  Max detection score: 0.907
  Mean detection score: 0.407
  Time per Step: 0.1893  ↑0.0019
  Accuracy / GT cover: (skipped — computed on mAP epochs)
  Ground Truth objects: 57768
  mAP: (skipped)
  Ground Truth Classes: 15 classes
  Predicted Classes: 15 classes
  Timing: 31m 12s this epoch (avg 44m 3s) | ETA ~7h 20m for 9 epoch(s) left, mAP every 4 epoch(s) and final mAP.

Epoch 28/36
--------------------------------------------------
Epoch 28/36 complete: 6846/6846 batches, loss: 1.0678
  Effective LR: ref=2.500e-04 (0=2.500e-04)

Computing mAP (periodic evaluation: every 4 epoch(s))...
Validation complete: 1561 batches

Computing mAP (this may take a while)...
  Eval filters: score≥0.0500, IoU≥0.50
  Images: 3,121
  Total detections (post score filter): 81,450 (26.1 per image)
  Total ground truths: 57,768 (18.5 per image)
  Warning: Large number of detections may slow down mAP computation
  Consider increasing evaluation.score_threshold (current: 0.05) for faster mAP matching
  Computing AP for baseball-diamond: 476 dets, 364 GTs (173,264 IoU calculations)
  Computing AP for bridge: 1,274 dets, 666 GTs (848,484 IoU calculations)
  WARNING: harbor has 25,512,928 IoU calculations (5,936 dets × 4,298 GTs). This will be slow!
  Computing AP for harbor: 5,936 dets, 4,298 GTs (25,512,928 IoU calculations)
    Using chunked batch IoU computation (GPU-accelerated) for harbor (25,512,928 calculations)
    Processing 5,936 detections in chunks of 1,163
  WARNING: large-vehicle has 135,631,936 IoU calculations (14,432 dets × 9,398 GTs). This will be slow!
  Computing AP for large-vehicle: 14,432 dets, 9,398 GTs (135,631,936 IoU calculations)
    Using chunked batch IoU computation (GPU-accelerated) for large-vehicle (135,631,936 calculations)
    Processing 14,432 detections in chunks of 532
  WARNING: plane has 24,137,562 IoU calculations (5,102 dets × 4,731 GTs). This will be slow!
  Computing AP for plane: 5,102 dets, 4,731 GTs (24,137,562 IoU calculations)
    Using chunked batch IoU computation (GPU-accelerated) for plane (24,137,562 calculations)
    Processing 5,102 detections in chunks of 1,056
  WARNING: ship has 417,126,204 IoU calculations (22,506 dets × 18,534 GTs). This will be slow!
  Computing AP for ship: 22,506 dets, 18,534 GTs (417,126,204 IoU calculations)
    Using chunked batch IoU computation (GPU-accelerated) for ship (417,126,204 calculations)
    Processing 22,506 detections in chunks of 269
  WARNING: small-vehicle has 231,716,871 IoU calculations (20,403 dets × 11,357 GTs). This will be slow!
  Computing AP for small-vehicle: 20,403 dets, 11,357 GTs (231,716,871 IoU calculations)
  Filtered 2 degenerated detections, 0 degenerated ground truths
    Using chunked batch IoU computation (GPU-accelerated) for small-vehicle (231,694,157 calculations)
    Processing 20,401 detections in chunks of 440
  Computing AP for soccer-ball-field: 428 dets, 260 GTs (111,280 IoU calculations)
  WARNING: storage-tank has 34,286,265 IoU calculations (6,815 dets × 5,031 GTs). This will be slow!
  Computing AP for storage-tank: 6,815 dets, 5,031 GTs (34,286,265 IoU calculations)
    Using chunked batch IoU computation (GPU-accelerated) for storage-tank (34,286,265 calculations)
    Processing 6,815 detections in chunks of 993
  Computing AP for swimming-pool: 1,160 dets, 693 GTs (803,880 IoU calculations)
  Computing AP for tennis-court: 1,674 dets, 1,529 GTs (2,559,546 IoU calculations)
  mAP computation completed in 34m 46s. mAP: 0.8725
Validation Metrics:
--------------------------------------------------
  Eval thresholds (mAP / matching): score≥0.0500, IoU≥0.50
  Avg Detections per Image (score≥0.0500): 32.19  ↓0.23
  Avg Detections per Image (score≥0.5): 6.63  ↑0.14
  Max detection score: 0.912
  Mean detection score: 0.405
  Time per Step: 0.1875  ↑0.0018
  Accuracy: 0.6753 (67.53%)
  Correct Predictions: 55003/81450 (matched detections)
  Ground Truth objects: 57768
  GT covered pre-eval-threshold: 55031/57768
  GT covered post-eval-threshold: 55031/57768
  GT lost by eval-threshold filtering: 0
  GT cover rate pre-eval-threshold: 95.26%
  GT cover rate post-eval-threshold: 95.26%
  GT IoU vs raw dets (eval IoU threshold=0.50; per-GT max IoU over all dets / over same-class dets):
    mean best IoU (any class): 0.7784, median: 0.8124
    mean best IoU (correct class): 0.7762, median: 0.8122
    per-class mean best IoU (raw detections):
      | class              | gts | mean_any | mean_same | med_same |
      |--------------------|-----:|----------:|-----------:|----------:|
      | baseball-diamond   | 364 |   0.7673 |    0.7673 |   0.7614 |
      | basketball-court   | 278 |   0.8732 |    0.8727 |   0.8883 |
      | bridge             | 666 |   0.6955 |    0.6955 |   0.7429 |
      | ground-track-field | 216 |   0.7379 |    0.6984 |   0.8129 |
      | harbor             | 4298 |   0.7361 |    0.7341 |   0.7725 |
      | helicopter         | 157 |   0.7332 |    0.7225 |   0.7852 |
      | large-vehicle      | 9398 |   0.8026 |    0.7959 |   0.8225 |
      | plane              | 4730 |   0.8292 |    0.8291 |   0.8653 |
      | roundabout         | 256 |   0.8232 |    0.8232 |   0.8598 |
      | ship               | 18534 |   0.7904 |    0.7901 |   0.8151 |
      | small-vehicle      | 11357 |   0.7441 |    0.7412 |   0.7774 |
      | soccer-ball-field  | 260 |   0.8364 |    0.8263 |   0.8786 |
      | storage-tank       | 5031 |   0.7349 |    0.7349 |   0.8181 |
      | swimming-pool      | 693 |   0.6804 |    0.6804 |   0.7140 |
      | tennis-court       | 1529 |   0.9024 |    0.9024 |   0.9208 |
      | global             | 57767 |   0.7784 |    0.7762 |   0.8122 |
    GTs with IoU≥thresh but no same-class hit (wrong-class / misaligned): 144
    GTs with no detection above IoU thresh (missed / poor loc): 2586
    GTs with 0% best IoU vs any detection (no spatial overlap): 219 (0.38% of GTs)
    histogram best IoU (any class) [0,0.25)/[0.25,0.5)/[0.5,0.75)/[0.75,1]: 1165/1421/12492/42689
    histogram best IoU (correct class) [0,0.25)/[0.25,0.5)/[0.5,0.75)/[0.75,1]: 1332/1398/12452/42585
  Class-agnostic duplicate rate (post score thresh; IoU≥0.50 vs a higher-score box): micro=0.81% (662/81450 boxes), macro mean over images with detections=0.99% (3120 images)
  mAP: 0.8725  ↑0.0346 (87.25%)
  Per-Class AP:
    baseball-diamond: 0.9062  ↑0.0059 (90.62%)
    basketball-court: 0.9968  ↑0.0960 (99.68%)
    bridge: 0.7912  ↑0.0992 (79.12%)
    ground-track-field: 0.7706  ↑0.0977 (77.06%)
    harbor: 0.8779  ↑0.0970 (87.79%)
    helicopter: 0.8100  ↓0.0463 (81.00%)
    large-vehicle: 0.8960  ↑0.0098 (89.60%)
    plane: 0.9087  ↑0.0005 (90.87%)
    roundabout: 0.9024  ↑0.0099 (90.24%)
    ship: 0.9000  ↑0.0036 (90.00%)
    small-vehicle: 0.8600  ↑0.0195 (86.00%)
    soccer-ball-field: 0.9065  ↑0.0314 (90.65%)
    storage-tank: 0.8100  ↑0.0082 (81.00%)
    swimming-pool: 0.8427  ↑0.0864 (84.27%)
    tennis-court: 0.9091  →0.0000 (90.91%)
  Ground Truth Classes: 15 classes
  Predicted Classes: 15 classes
  Timing: 1h 9m this epoch (avg 44m 57s) | ETA ~6h 44m for 8 epoch(s) left, mAP every 4 epoch(s) and final mAP.

Epoch 29/36
--------------------------------------------------
Epoch 29/36 complete: 6846/6846 batches, loss: 1.0627
  Effective LR: ref=2.500e-04 (0=2.500e-04)
Validation complete: 1561 batches
Validation Metrics:
--------------------------------------------------
  Eval thresholds (mAP / matching): score≥0.0500, IoU≥0.50
  Avg Detections per Image (score≥0.0500): 31.95  ↓0.23
  Avg Detections per Image (score≥0.5): 6.75  ↑0.12
  Max detection score: 0.914
  Mean detection score: 0.408
  Time per Step: 0.1858  ↑0.0017
  Accuracy / GT cover: (skipped — computed on mAP epochs)
  Ground Truth objects: 57768
  mAP: (skipped)
  Ground Truth Classes: 15 classes
  Predicted Classes: 15 classes
  Timing: 31m 10s this epoch (avg 44m 28s) | ETA ~5h 55m for 7 epoch(s) left, mAP every 4 epoch(s) and final mAP.

Epoch 30/36
--------------------------------------------------
Epoch 30/36 complete: 6846/6846 batches, loss: 1.0581
  Effective LR: ref=2.500e-04 (0=2.500e-04)
Validation complete: 1561 batches
Validation Metrics:
--------------------------------------------------
  Eval thresholds (mAP / matching): score≥0.0500, IoU≥0.50
  Avg Detections per Image (score≥0.0500): 31.73  ↓0.22
  Avg Detections per Image (score≥0.5): 6.88  ↑0.13
  Max detection score: 0.919
  Mean detection score: 0.416
  Time per Step: 0.1842  ↑0.0016
  Accuracy / GT cover: (skipped — computed on mAP epochs)
  Ground Truth objects: 57768
  mAP: (skipped)
  Ground Truth Classes: 15 classes
  Predicted Classes: 15 classes
  Timing: 31m 9s this epoch (avg 44m 2s) | ETA ~5h 8m for 6 epoch(s) left, mAP every 4 epoch(s) and final mAP.

Epoch 31/36
--------------------------------------------------
Epoch 31/36 complete: 6846/6846 batches, loss: 1.0536
  Effective LR: ref=2.500e-04 (0=2.500e-04)
Validation complete: 1561 batches
Validation Metrics:
--------------------------------------------------
  Eval thresholds (mAP / matching): score≥0.0500, IoU≥0.50
  Avg Detections per Image (score≥0.0500): 31.52  ↓0.21
  Avg Detections per Image (score≥0.5): 7.00  ↑0.12
  Max detection score: 0.921
  Mean detection score: 0.418
  Time per Step: 0.1828  ↑0.0015
  Accuracy / GT cover: (skipped — computed on mAP epochs)
  Ground Truth objects: 57768
  mAP: (skipped)
  Ground Truth Classes: 15 classes
  Predicted Classes: 15 classes
  Timing: 31m 11s this epoch (avg 43m 37s) | ETA ~4h 21m for 5 epoch(s) left, mAP every 4 epoch(s) and final mAP.

Epoch 32/36
--------------------------------------------------
Epoch 32/36 complete: 6846/6846 batches, loss: 1.0494
  Effective LR: ref=2.500e-04 (0=2.500e-04)

Computing mAP (periodic evaluation: every 4 epoch(s))...
Validation complete: 1561 batches

Computing mAP (this may take a while)...
  Eval filters: score≥0.0500, IoU≥0.50
  Images: 3,121
  Total detections (post score filter): 77,131 (24.7 per image)
  Total ground truths: 57,768 (18.5 per image)
  Warning: Large number of detections may slow down mAP computation
  Consider increasing evaluation.score_threshold (current: 0.05) for faster mAP matching
  Computing AP for baseball-diamond: 462 dets, 364 GTs (168,168 IoU calculations)
  Computing AP for bridge: 1,161 dets, 666 GTs (773,226 IoU calculations)
  WARNING: harbor has 25,878,258 IoU calculations (6,021 dets × 4,298 GTs). This will be slow!
  Computing AP for harbor: 6,021 dets, 4,298 GTs (25,878,258 IoU calculations)
    Using chunked batch IoU computation (GPU-accelerated) for harbor (25,878,258 calculations)
    Processing 6,021 detections in chunks of 1,163
  WARNING: large-vehicle has 121,177,812 IoU calculations (12,894 dets × 9,398 GTs). This will be slow!
  Computing AP for large-vehicle: 12,894 dets, 9,398 GTs (121,177,812 IoU calculations)
    Using chunked batch IoU computation (GPU-accelerated) for large-vehicle (121,177,812 calculations)
    Processing 12,894 detections in chunks of 532
  WARNING: plane has 23,858,433 IoU calculations (5,043 dets × 4,731 GTs). This will be slow!
  Computing AP for plane: 5,043 dets, 4,731 GTs (23,858,433 IoU calculations)
    Using chunked batch IoU computation (GPU-accelerated) for plane (23,858,433 calculations)
    Processing 5,043 detections in chunks of 1,056
  WARNING: ship has 415,532,280 IoU calculations (22,420 dets × 18,534 GTs). This will be slow!
  Computing AP for ship: 22,420 dets, 18,534 GTs (415,532,280 IoU calculations)
    Using chunked batch IoU computation (GPU-accelerated) for ship (415,532,280 calculations)
    Processing 22,420 detections in chunks of 269
  WARNING: small-vehicle has 207,515,104 IoU calculations (18,272 dets × 11,357 GTs). This will be slow!
  Computing AP for small-vehicle: 18,272 dets, 11,357 GTs (207,515,104 IoU calculations)
  Filtered 2 degenerated detections, 0 degenerated ground truths
    Using chunked batch IoU computation (GPU-accelerated) for small-vehicle (207,492,390 calculations)
    Processing 18,270 detections in chunks of 440
  Computing AP for soccer-ball-field: 387 dets, 260 GTs (100,620 IoU calculations)
  WARNING: storage-tank has 32,812,182 IoU calculations (6,522 dets × 5,031 GTs). This will be slow!
  Computing AP for storage-tank: 6,522 dets, 5,031 GTs (32,812,182 IoU calculations)
    Using chunked batch IoU computation (GPU-accelerated) for storage-tank (32,812,182 calculations)
    Processing 6,522 detections in chunks of 993
  Computing AP for swimming-pool: 1,061 dets, 693 GTs (735,273 IoU calculations)
  Computing AP for tennis-court: 1,639 dets, 1,529 GTs (2,506,031 IoU calculations)
  mAP computation completed in 33m 8s. mAP: 0.8726
Validation Metrics:
--------------------------------------------------
  Eval thresholds (mAP / matching): score≥0.0500, IoU≥0.50
  Avg Detections per Image (score≥0.0500): 31.31  ↓0.21
  Avg Detections per Image (score≥0.5): 7.11  ↑0.11
  Max detection score: 0.920
  Mean detection score: 0.423
  Time per Step: 0.1814  ↑0.0014
  Accuracy: 0.7136 (71.36%)
  Correct Predictions: 55043/77131 (matched detections)
  Ground Truth objects: 57768
  GT covered pre-eval-threshold: 55067/57768
  GT covered post-eval-threshold: 55067/57768
  GT lost by eval-threshold filtering: 0
  GT cover rate pre-eval-threshold: 95.32%
  GT cover rate post-eval-threshold: 95.32%
  GT IoU vs raw dets (eval IoU threshold=0.50; per-GT max IoU over all dets / over same-class dets):
    mean best IoU (any class): 0.7796, median: 0.8136
    mean best IoU (correct class): 0.7777, median: 0.8134
    per-class mean best IoU (raw detections):
      | class              | gts | mean_any | mean_same | med_same |
      |--------------------|-----:|----------:|-----------:|----------:|
      | baseball-diamond   | 364 |   0.7779 |    0.7779 |   0.7729 |
      | basketball-court   | 278 |   0.8707 |    0.8705 |   0.8891 |
      | bridge             | 666 |   0.7015 |    0.7007 |   0.7384 |
      | ground-track-field | 216 |   0.7407 |    0.7041 |   0.8220 |
      | harbor             | 4298 |   0.7402 |    0.7392 |   0.7727 |
      | helicopter         | 157 |   0.7571 |    0.7440 |   0.7889 |
      | large-vehicle      | 9398 |   0.8032 |    0.7979 |   0.8231 |
      | plane              | 4730 |   0.8325 |    0.8325 |   0.8689 |
      | roundabout         | 256 |   0.8261 |    0.8261 |   0.8601 |
      | ship               | 18534 |   0.7916 |    0.7913 |   0.8153 |
      | small-vehicle      | 11357 |   0.7445 |    0.7413 |   0.7798 |
      | soccer-ball-field  | 260 |   0.8400 |    0.8345 |   0.8839 |
      | storage-tank       | 5031 |   0.7354 |    0.7354 |   0.8189 |
      | swimming-pool      | 693 |   0.6813 |    0.6813 |   0.7119 |
      | tennis-court       | 1529 |   0.8940 |    0.8940 |   0.9116 |
      | global             | 57767 |   0.7796 |    0.7777 |   0.8134 |
    GTs with IoU≥thresh but no same-class hit (wrong-class / misaligned): 125
    GTs with no detection above IoU thresh (missed / poor loc): 2570
    GTs with 0% best IoU vs any detection (no spatial overlap): 277 (0.48% of GTs)
    histogram best IoU (any class) [0,0.25)/[0.25,0.5)/[0.5,0.75)/[0.75,1]: 1180/1390/12172/43025
    histogram best IoU (correct class) [0,0.25)/[0.25,0.5)/[0.5,0.75)/[0.75,1]: 1324/1371/12138/42934
  Class-agnostic duplicate rate (post score thresh; IoU≥0.50 vs a higher-score box): micro=0.78% (600/77131 boxes), macro mean over images with detections=1.00% (3120 images)
  mAP: 0.8726  ↑0.0001 (87.26%)
  Per-Class AP:
    baseball-diamond: 0.9074  ↑0.0011 (90.74%)
    basketball-court: 0.9091  ↓0.0878 (90.91%)
    bridge: 0.7974  ↑0.0061 (79.74%)
    ground-track-field: 0.7810  ↑0.0104 (78.10%)
    harbor: 0.8795  ↑0.0016 (87.95%)
    helicopter: 0.8638  ↑0.0538 (86.38%)
    large-vehicle: 0.8971  ↑0.0011 (89.71%)
    plane: 0.9087  ↓0.0000 (90.87%)
    roundabout: 0.9027  ↑0.0003 (90.27%)
    ship: 0.9001  ↑0.0001 (90.01%)
    small-vehicle: 0.8663  ↑0.0063 (86.63%)
    soccer-ball-field: 0.9061  ↓0.0004 (90.61%)
    storage-tank: 0.8103  ↑0.0003 (81.03%)
    swimming-pool: 0.8505  ↑0.0077 (85.05%)
    tennis-court: 0.9091  →0.0000 (90.91%)
  Ground Truth Classes: 15 classes
  Predicted Classes: 15 classes
  Timing: 1h 7m this epoch (avg 44m 22s) | ETA ~3h 41m for 4 epoch(s) left, mAP every 4 epoch(s) and final mAP.

Epoch 33/36
--------------------------------------------------
Epoch 33/36 complete: 6846/6846 batches, loss: 1.0454
  Effective LR: ref=2.500e-04 (0=2.500e-04)
Validation complete: 1561 batches
Validation Metrics:
--------------------------------------------------
  Eval thresholds (mAP / matching): score≥0.0500, IoU≥0.50
  Avg Detections per Image (score≥0.0500): 31.12  ↓0.19
  Avg Detections per Image (score≥0.5): 7.22  ↑0.10
  Max detection score: 0.919
  Mean detection score: 0.419
  Time per Step: 0.1800  ↑0.0013
  Accuracy / GT cover: (skipped — computed on mAP epochs)
  Ground Truth objects: 57768
  mAP: (skipped)
  Ground Truth Classes: 15 classes
  Predicted Classes: 15 classes
  Timing: 31m 10s this epoch (avg 43m 58s) | ETA ~2h 55m for 3 epoch(s) left, mAP every 4 epoch(s) and final mAP.

Epoch 34/36
--------------------------------------------------
Epoch 34/36 complete: 6846/6846 batches, loss: 1.0415
  Effective LR: ref=2.500e-05 (0=2.500e-05)
Validation complete: 1561 batches
Validation Metrics:
--------------------------------------------------
  Eval thresholds (mAP / matching): score≥0.0500, IoU≥0.50
  Avg Detections per Image (score≥0.0500): 30.94  ↓0.18
  Avg Detections per Image (score≥0.5): 7.32  ↑0.10
  Max detection score: 0.926
  Mean detection score: 0.423
  Time per Step: 0.1788  ↑0.0012
  Accuracy / GT cover: (skipped — computed on mAP epochs)
  Ground Truth objects: 57768
  mAP: (skipped)
  Ground Truth Classes: 15 classes
  Predicted Classes: 15 classes
  Timing: 31m 10s this epoch (avg 43m 35s) | ETA ~2h 10m for 2 epoch(s) left, mAP every 4 epoch(s) and final mAP.

Epoch 35/36
--------------------------------------------------
Epoch 35/36 complete: 6846/6846 batches, loss: 1.0377
  Effective LR: ref=2.500e-05 (0=2.500e-05)
Validation complete: 1561 batches
Validation Metrics:
--------------------------------------------------
  Eval thresholds (mAP / matching): score≥0.0500, IoU≥0.50
  Avg Detections per Image (score≥0.0500): 30.77  ↓0.17
  Avg Detections per Image (score≥0.5): 7.42  ↑0.10
  Max detection score: 0.924
  Mean detection score: 0.424
  Time per Step: 0.1776  ↑0.0012
  Accuracy / GT cover: (skipped — computed on mAP epochs)
  Ground Truth objects: 57768
  mAP: (skipped)
  Ground Truth Classes: 15 classes
  Predicted Classes: 15 classes
  Timing: 31m 10s this epoch (avg 43m 14s) | ETA ~1h 26m for 1 epoch(s) left, mAP every 4 epoch(s) and final mAP.

Epoch 36/36
--------------------------------------------------
Epoch 36/36 complete: 6846/6846 batches, loss: 1.0342
  Effective LR: ref=2.500e-05 (0=2.500e-05)

Computing mAP (periodic evaluation: every 4 epoch(s))...
Validation complete: 1561 batches

Computing mAP (this may take a while)...
  Eval filters: score≥0.0500, IoU≥0.50
  Images: 3,121
  Total detections (post score filter): 78,348 (25.1 per image)
  Total ground truths: 57,768 (18.5 per image)
  Warning: Large number of detections may slow down mAP computation
  Consider increasing evaluation.score_threshold (current: 0.05) for faster mAP matching
  Computing AP for baseball-diamond: 449 dets, 364 GTs (163,436 IoU calculations)
  Computing AP for bridge: 1,126 dets, 666 GTs (749,916 IoU calculations)
  WARNING: harbor has 25,555,908 IoU calculations (5,946 dets × 4,298 GTs). This will be slow!
  Computing AP for harbor: 5,946 dets, 4,298 GTs (25,555,908 IoU calculations)
    Using chunked batch IoU computation (GPU-accelerated) for harbor (25,555,908 calculations)
    Processing 5,946 detections in chunks of 1,163
  WARNING: large-vehicle has 125,256,544 IoU calculations (13,328 dets × 9,398 GTs). This will be slow!
  Computing AP for large-vehicle: 13,328 dets, 9,398 GTs (125,256,544 IoU calculations)
    Using chunked batch IoU computation (GPU-accelerated) for large-vehicle (125,256,544 calculations)
    Processing 13,328 detections in chunks of 532
  WARNING: plane has 23,905,743 IoU calculations (5,053 dets × 4,731 GTs). This will be slow!
  Computing AP for plane: 5,053 dets, 4,731 GTs (23,905,743 IoU calculations)
    Using chunked batch IoU computation (GPU-accelerated) for plane (23,905,743 calculations)
    Processing 5,053 detections in chunks of 1,056
  WARNING: ship has 416,866,728 IoU calculations (22,492 dets × 18,534 GTs). This will be slow!
  Computing AP for ship: 22,492 dets, 18,534 GTs (416,866,728 IoU calculations)
    Using chunked batch IoU computation (GPU-accelerated) for ship (416,866,728 calculations)
    Processing 22,492 detections in chunks of 269
  WARNING: small-vehicle has 212,171,474 IoU calculations (18,682 dets × 11,357 GTs). This will be slow!
  Computing AP for small-vehicle: 18,682 dets, 11,357 GTs (212,171,474 IoU calculations)
  Filtered 1 degenerated detections, 0 degenerated ground truths
    Using chunked batch IoU computation (GPU-accelerated) for small-vehicle (212,160,117 calculations)
    Processing 18,681 detections in chunks of 440
  Computing AP for soccer-ball-field: 390 dets, 260 GTs (101,400 IoU calculations)
  WARNING: storage-tank has 34,678,683 IoU calculations (6,893 dets × 5,031 GTs). This will be slow!
  Computing AP for storage-tank: 6,893 dets, 5,031 GTs (34,678,683 IoU calculations)
    Using chunked batch IoU computation (GPU-accelerated) for storage-tank (34,678,683 calculations)
    Processing 6,893 detections in chunks of 993
  Computing AP for swimming-pool: 1,117 dets, 693 GTs (774,081 IoU calculations)
  Computing AP for tennis-court: 1,658 dets, 1,529 GTs (2,535,082 IoU calculations)
  mAP computation completed in 33m 36s. mAP: 0.8801
Validation Metrics:
--------------------------------------------------
  Eval thresholds (mAP / matching): score≥0.0500, IoU≥0.50
  Avg Detections per Image (score≥0.0500): 30.62  ↓0.16
  Avg Detections per Image (score≥0.5): 7.51  ↑0.09
  Max detection score: 0.925
  Mean detection score: 0.423
  Time per Step: 0.1765  ↑0.0011
  Accuracy: 0.7039 (70.39%)
  Correct Predictions: 55152/78348 (matched detections)
  Ground Truth objects: 57768
  GT covered pre-eval-threshold: 55179/57768
  GT covered post-eval-threshold: 55179/57768
  GT lost by eval-threshold filtering: 0
  GT cover rate pre-eval-threshold: 95.52%
  GT cover rate post-eval-threshold: 95.52%
  GT IoU vs raw dets (eval IoU threshold=0.50; per-GT max IoU over all dets / over same-class dets):
    mean best IoU (any class): 0.7832, median: 0.8160
    mean best IoU (correct class): 0.7814, median: 0.8159
    per-class mean best IoU (raw detections):
      | class              | gts | mean_any | mean_same | med_same |
      |--------------------|-----:|----------:|-----------:|----------:|
      | baseball-diamond   | 364 |   0.7763 |    0.7763 |   0.7698 |
      | basketball-court   | 278 |   0.8810 |    0.8805 |   0.8960 |
      | bridge             | 666 |   0.7118 |    0.7118 |   0.7557 |
      | ground-track-field | 216 |   0.7416 |    0.7031 |   0.8228 |
      | harbor             | 4298 |   0.7467 |    0.7456 |   0.7822 |
      | helicopter         | 157 |   0.7534 |    0.7397 |   0.7889 |
      | large-vehicle      | 9398 |   0.8075 |    0.8022 |   0.8269 |
      | plane              | 4731 |   0.8346 |    0.8346 |   0.8711 |
      | roundabout         | 256 |   0.8378 |    0.8378 |   0.8698 |
      | ship               | 18534 |   0.7931 |    0.7927 |   0.8173 |
      | small-vehicle      | 11357 |   0.7477 |    0.7449 |   0.7803 |
      | soccer-ball-field  | 260 |   0.8431 |    0.8377 |   0.8892 |
      | storage-tank       | 5031 |   0.7413 |    0.7413 |   0.8217 |
      | swimming-pool      | 693 |   0.6888 |    0.6888 |   0.7221 |
      | tennis-court       | 1529 |   0.9076 |    0.9075 |   0.9229 |
      | global             | 57768 |   0.7832 |    0.7814 |   0.8159 |
    GTs with IoU≥thresh but no same-class hit (wrong-class / misaligned): 118
    GTs with no detection above IoU thresh (missed / poor loc): 2466
    GTs with 0% best IoU vs any detection (no spatial overlap): 211 (0.37% of GTs)
    histogram best IoU (any class) [0,0.25)/[0.25,0.5)/[0.5,0.75)/[0.75,1]: 1116/1350/11962/43340
    histogram best IoU (correct class) [0,0.25)/[0.25,0.5)/[0.5,0.75)/[0.75,1]: 1260/1324/11934/43250
  Class-agnostic duplicate rate (post score thresh; IoU≥0.50 vs a higher-score box): micro=0.77% (605/78348 boxes), macro mean over images with detections=0.97% (3121 images)
  mAP: 0.8801  ↑0.0075 (88.01%)
  Per-Class AP:
    baseball-diamond: 0.9071  ↓0.0003 (90.71%)
    basketball-court: 0.9990  ↑0.0899 (99.90%)
    bridge: 0.8009  ↑0.0036 (80.09%)
    ground-track-field: 0.7783  ↓0.0027 (77.83%)
    harbor: 0.8828  ↑0.0032 (88.28%)
    helicopter: 0.8747  ↑0.0110 (87.47%)
    large-vehicle: 0.8973  ↑0.0002 (89.73%)
    plane: 0.9087  ↓0.0000 (90.87%)
    roundabout: 0.9040  ↑0.0013 (90.40%)
    ship: 0.8999  ↓0.0002 (89.99%)
    small-vehicle: 0.8686  ↑0.0023 (86.86%)
    soccer-ball-field: 0.9072  ↑0.0011 (90.72%)
    storage-tank: 0.8106  ↑0.0002 (81.06%)
    swimming-pool: 0.8538  ↑0.0034 (85.38%)
    tennis-court: 0.9091  →0.0000 (90.91%)
  Ground Truth Classes: 15 classes
  Predicted Classes: 15 classes
  Timing: 1h 7m this epoch (avg 43m 55s) | ETA ~43m 55s for final mAP on best checkpoint.

Computing final mAP using best checkpoint...
  Final mAP IoU backend: exact CPU polygon
Validation complete: 1561 batches

Computing mAP (this may take a while)...
  Eval filters: score≥0.0500, IoU≥0.50
  Images: 3,121
  Total detections (post score filter): 78,348 (25.1 per image)
  Total ground truths: 57,768 (18.5 per image)
  Warning: Large number of detections may slow down mAP computation
  Consider increasing evaluation.score_threshold (current: 0.05) for faster mAP matching
mAP: exact rotated IoU on CPU (backend='shapely'; GPU sampling IoU disabled)
  Computing AP for baseball-diamond: 449 dets, 364 GTs (163,436 IoU calculations)
  Computing AP for bridge: 1,126 dets, 666 GTs (749,916 IoU calculations)
  WARNING: harbor has 25,555,908 IoU calculations (5,946 dets × 4,298 GTs). This will be slow!
  Computing AP for harbor: 5,946 dets, 4,298 GTs (25,555,908 IoU calculations)
    Using chunked batch IoU computation (CPU exact (shapely)) for harbor (25,555,908 calculations)
    Processing 5,946 detections in chunks of 1,163
  WARNING: large-vehicle has 125,256,544 IoU calculations (13,328 dets × 9,398 GTs). This will be slow!
  Computing AP for large-vehicle: 13,328 dets, 9,398 GTs (125,256,544 IoU calculations)
    Using chunked batch IoU computation (CPU exact (shapely)) for large-vehicle (125,256,544 calculations)
    Processing 13,328 detections in chunks of 532
  WARNING: plane has 23,905,743 IoU calculations (5,053 dets × 4,731 GTs). This will be slow!
  Computing AP for plane: 5,053 dets, 4,731 GTs (23,905,743 IoU calculations)
    Using chunked batch IoU computation (CPU exact (shapely)) for plane (23,905,743 calculations)
    Processing 5,053 detections in chunks of 1,056
  WARNING: ship has 416,866,728 IoU calculations (22,492 dets × 18,534 GTs). This will be slow!
  Computing AP for ship: 22,492 dets, 18,534 GTs (416,866,728 IoU calculations)
    Using chunked batch IoU computation (CPU exact (shapely)) for ship (416,866,728 calculations)
    Processing 22,492 detections in chunks of 269
  WARNING: small-vehicle has 212,171,474 IoU calculations (18,682 dets × 11,357 GTs). This will be slow!
  Computing AP for small-vehicle: 18,682 dets, 11,357 GTs (212,171,474 IoU calculations)
  Filtered 1 degenerated detections, 0 degenerated ground truths
    Using chunked batch IoU computation (CPU exact (shapely)) for small-vehicle (212,160,117 calculations)
    Processing 18,681 detections in chunks of 440
  Computing AP for soccer-ball-field: 390 dets, 260 GTs (101,400 IoU calculations)
  WARNING: storage-tank has 34,678,683 IoU calculations (6,893 dets × 5,031 GTs). This will be slow!
  Computing AP for storage-tank: 6,893 dets, 5,031 GTs (34,678,683 IoU calculations)
    Using chunked batch IoU computation (CPU exact (shapely)) for storage-tank (34,678,683 calculations)
    Processing 6,893 detections in chunks of 993
  Computing AP for swimming-pool: 1,117 dets, 693 GTs (774,081 IoU calculations)
  Computing AP for tennis-court: 1,658 dets, 1,529 GTs (2,535,082 IoU calculations)
  mAP computation completed in 22m 44s. mAP: 0.8803
Validation Metrics:
--------------------------------------------------
  Eval thresholds (mAP / matching): score≥0.0500, IoU≥0.50
  Avg Detections per Image (score≥0.0500): 30.47
  Avg Detections per Image (score≥0.5): 7.60
  Max detection score: 0.925
  Mean detection score: 0.423
  Time per Step: 0.1754
  Accuracy: 0.7051 (70.51%)
  Correct Predictions: 55240/78348 (matched detections)
  Ground Truth objects: 57768
  GT covered pre-eval-threshold: 55267/57768
  GT covered post-eval-threshold: 55267/57768
  GT lost by eval-threshold filtering: 0
  GT cover rate pre-eval-threshold: 95.67%
  GT cover rate post-eval-threshold: 95.67%
  GT IoU vs raw dets (eval IoU threshold=0.50; per-GT max IoU over all dets / over same-class dets):
    mean best IoU (any class): 0.8020, median: 0.8361
    mean best IoU (correct class): 0.8001, median: 0.8359
    per-class mean best IoU (raw detections):
      | class              | gts | mean_any | mean_same | med_same |
      |--------------------|-----:|----------:|-----------:|----------:|
      | baseball-diamond   | 364 |   0.8003 |    0.8003 |   0.7947 |
      | basketball-court   | 278 |   0.9053 |    0.9050 |   0.9243 |
      | bridge             | 666 |   0.7321 |    0.7321 |   0.7774 |
      | ground-track-field | 216 |   0.7575 |    0.7191 |   0.8449 |
      | harbor             | 4298 |   0.7639 |    0.7627 |   0.8029 |
      | helicopter         | 157 |   0.7746 |    0.7606 |   0.8120 |
      | large-vehicle      | 9398 |   0.8259 |    0.8205 |   0.8470 |
      | plane              | 4731 |   0.8588 |    0.8588 |   0.8973 |
      | roundabout         | 256 |   0.8615 |    0.8615 |   0.8993 |
      | ship               | 18534 |   0.8117 |    0.8114 |   0.8370 |
      | small-vehicle      | 11357 |   0.7643 |    0.7613 |   0.7977 |
      | soccer-ball-field  | 260 |   0.8667 |    0.8612 |   0.9176 |
      | storage-tank       | 5031 |   0.7606 |    0.7606 |   0.8462 |
      | swimming-pool      | 693 |   0.7081 |    0.7081 |   0.7427 |
      | tennis-court       | 1529 |   0.9273 |    0.9273 |   0.9473 |
      | global             | 57768 |   0.8020 |    0.8001 |   0.8359 |
    GTs with IoU≥thresh but no same-class hit (wrong-class / misaligned): 119
    GTs with no detection above IoU thresh (missed / poor loc): 2377
    GTs with 0% best IoU vs any detection (no spatial overlap): 210 (0.36% of GTs)
    histogram best IoU (any class) [0,0.25)/[0.25,0.5)/[0.5,0.75)/[0.75,1]: 1114/1263/9597/45794
    histogram best IoU (correct class) [0,0.25)/[0.25,0.5)/[0.5,0.75)/[0.75,1]: 1258/1238/9570/45702
  Class-agnostic duplicate rate (post score thresh; IoU≥0.50 vs a higher-score box): micro=0.78% (614/78348 boxes), macro mean over images with detections=1.00% (3121 images)
  mAP: 0.8803 (88.03%)
  Per-Class AP:
    baseball-diamond: 0.9071 (90.71%)
    basketball-court: 0.9990 (99.90%)
    bridge: 0.8009 (80.09%)
    ground-track-field: 0.7783 (77.83%)
    harbor: 0.8839 (88.39%)
    helicopter: 0.8747 (87.47%)
    large-vehicle: 0.8976 (89.76%)
    plane: 0.9087 (90.87%)
    roundabout: 0.9040 (90.40%)
    ship: 0.9001 (90.01%)
    small-vehicle: 0.8689 (86.89%)
    soccer-ball-field: 0.9072 (90.72%)
    storage-tank: 0.8108 (81.08%)
    swimming-pool: 0.8538 (85.38%)
    tennis-court: 0.9091 (90.91%)
  Ground Truth Classes: 15 classes
  Predicted Classes: 15 classes

================================================================================
Training timing summary
================================================================================
  Started:   2026-08-22T15:40:18+00:00
  Finished:  2026-08-23T18:29:45+00:00
  Total wall: 1d 2h 49m (96566.8 s)
  Epochs:    36 completed (mean 43m 55s, min 31m 9s, max 1h 25m)
================================================================================

================================================================================
Training completed successfully!
================================================================================
Experiment directory: /home/jeffaudi/oriented-det/runs/rotated_fcos/20260822-153943
  Checkpoints saved to: /home/jeffaudi/oriented-det/runs/rotated_fcos/20260822-153943/checkpoints
  TensorBoard logs saved to: /home/jeffaudi/oriented-det/runs/rotated_fcos/20260822-153943
  Config saved to: /home/jeffaudi/oriented-det/runs/rotated_fcos/20260822-153943/config.json

View TensorBoard with:
  tensorboard --logdir /home/jeffaudi/oriented-det/runs/rotated_fcos
  tensorboard --logdir /home/jeffaudi/oriented-det/runs/rotated_fcos/20260822-153943
