Loading configuration from: configs/rotated_faster_rcnn/hrsc2016_le90_3x.json
Training log file: /home/jeffaudi/oriented-det/runs/rotated_faster_rcnn/20260831-035851/train.log
================================================================================
ROTATED_FASTER_RCNN Training
================================================================================
Source git: v0.2.0-dirty (dirty working tree)
Source branch: main
Source commit date: 2026-08-25T05:26:03+00:00
Package: oriented-det 0.1.0
PyTorch Version: 2.3.0+cu121
CUDA Available: True
MPS (Apple Silicon) Available: False
CUDA Device: NVIDIA L4
Mixed Precision (AMP): False

Loading datasets...

Using HRSC2016 dataset: /path/to/data/HRSC2016 (train ImageSets=trainval, val ImageSets=test)
HRSC2016 filter_empty_gt:
  train: filter_empty_gt dropped 0 / 617 images (617 kept)
  val: filter_empty_gt dropped 15 / 453 images (438 kept)

Found 1 classes:
  0: ship

Number of classes (foreground): 1
Class mapping: {'ship': 1}

Analyzing class distribution in training set...

================================================================================
Class Distribution Analysis - Training Set
================================================================================
Total objects: 1,748
Total classes: 1

Class Name           Count        Percentage  
--------------------------------------------------------------------------------
ship                      1,748      100.00%
--------------------------------------------------------------------------------

Imbalance Ratio (max/min): 1.00x
Most frequent class: ship (1,748 instances)
Least frequent class: ship (1,748 instances)

Class weighting disabled (loss_type=cross_entropy)

Loss configuration: cross_entropy


Training configuration created:
  Model type: rotated_faster_rcnn
  Experiment timestamp: 20260831-035851
  Number of classes: 1
  Batch size: 2
  Learning rate: 0.005
  Epochs: 36

Creating collate functions...
  - Training: no Albumentations augmentation (flips: horizontal, vertical, diagonal; rotate p=0.5 ±20°)
  - Validation: no augmentation

Creating data loaders...
Training samples: 617
Validation samples: 438
Batches per epoch: 309

Creating model...
Using device: cuda

Complete ROTATED_FASTER_RCNN model created:
  Backbone: resnet50
  Number of classes: 1 (foreground)
  Pretrained backbone: True
  Trainable backbone layers: 3 (last 3 stages) (frozen_stages=1)
  RPN anchor reference angles (fixed horizontal priors, not configurable): ['0.0°']
  Anchor scales: [8]
  Anchor ratios: [0.5, 1.0, 2.0]
  FPN strides: [4, 8, 16, 32, 64]
  FPN levels: 5 (P2, P3, P4, P5, P6)
  ROI Loss Type: cross_entropy

  Total parameters: 41,296,086
  Trainable parameters: 41,073,686

Configuration saved to: /home/jeffaudi/oriented-det/runs/rotated_faster_rcnn/20260831-035851/config.json

Learning rate warmup enabled: 500 optimizer steps
  Warmup: 0 → 0.005 over 500 steps
  After warmup: MultiStepLR at epochs [24, 33], gamma=0.1

Experiment directory: /home/jeffaudi/oriented-det/runs/rotated_faster_rcnn/20260831-035851
TensorBoard logging enabled. Logs saved to: /home/jeffaudi/oriented-det/runs/rotated_faster_rcnn/20260831-035851
View logs with: tensorboard --logdir /home/jeffaudi/oriented-det/runs/rotated_faster_rcnn
View this experiment with: tensorboard --logdir /home/jeffaudi/oriented-det/runs/rotated_faster_rcnn/20260831-035851

Training configuration:
  Epochs: 36
  Learning rate: 0.005000
  Batch size per GPU: 2
  Gradient accumulation: 1
  Best checkpoint metric: mAP (higher_is_better=True)
  Effective batch size: 2
  Mixed precision: False
  Eval (mAP / val matching): score_threshold=0.05, iou_threshold=0.5 (production.score_threshold overrides evaluation when set)
  Eval IoU backend (mAP / GT cover): exact CPU polygon
  Eval IoU backend (final mAP): exact CPU polygon

Starting training from scratch (no checkpoint loaded)

Starting epoch: 0

Profiling disabled

================================================================================
Starting training...
================================================================================
TensorBoard: tensorboard --logdir /home/jeffaudi/oriented-det/runs/rotated_faster_rcnn
================================================================================

Training started at: 2026-08-31T03:58:52+00:00

Epoch 1/36
--------------------------------------------------
/home/jeffaudi/.pyenv/versions/3.12.12/envs/oriented-det/lib/python3.12/site-packages/torch/nn/modules/conv.py:456: UserWarning: Plan failed with a cudnnException: CUDNN_BACKEND_EXECUTION_PLAN_DESCRIPTOR: cudnnFinalize Descriptor Failed cudnn_status: CUDNN_STATUS_NOT_SUPPORTED (Triggered internally at ../aten/src/ATen/native/cudnn/Conv_v8.cpp:919.)
  return F.conv2d(input, weight, bias, self.stride,
/home/jeffaudi/.pyenv/versions/3.12.12/envs/oriented-det/lib/python3.12/site-packages/torch/autograd/graph.py:744: UserWarning: Plan failed with a cudnnException: CUDNN_BACKEND_EXECUTION_PLAN_DESCRIPTOR: cudnnFinalize Descriptor Failed cudnn_status: CUDNN_STATUS_NOT_SUPPORTED (Triggered internally at ../aten/src/ATen/native/cudnn/Conv_v8.cpp:919.)
  return Variable._execution_engine.run_backward(  # Calls into the C++ engine to run the backward pass
Epoch 1/36 complete: 309/309 batches, loss: 0.9444
  Effective LR: ref=3.090e-03 (0=3.090e-03)
  ROI hints: pos=11.1, bg=684.1, ignore=0.0, sampled_fg=11.1, sampled_bg=500.9, matched_gt=1.6, match_rate=66.69%
Validation complete: 219 batches
Validation Metrics:
--------------------------------------------------
  Eval thresholds (mAP / matching): score≥0.0500, IoU≥0.50
  Avg Detections per Image (score≥0.0500): 6.65
  Avg Detections per Image (score≥0.5): 0.00
  Max detection score: 0.307
  Mean detection score: 0.112
  Time per Step: 0.1436
  Accuracy / GT cover: (skipped — computed on mAP epochs)
  Ground Truth objects: 1228
  mAP: (skipped)
  Ground Truth Classes: 1 classes
    ship
  Predicted Classes: 1 classes
    ship
  Timing: 1m 50s this epoch (avg 1m 50s) | ETA ~1h 4m for 35 epoch(s) left, mAP every 4 epoch(s).

Epoch 2/36
--------------------------------------------------
Epoch 2/36 complete: 309/309 batches, loss: 0.8920
  Effective LR: ref=5.000e-03 (0=5.000e-03)
  ROI hints: pos=16.8, bg=700.0, ignore=0.0, sampled_fg=16.8, sampled_bg=495.2, matched_gt=2.1, match_rate=80.27%
Validation complete: 219 batches
Validation Metrics:
--------------------------------------------------
  Eval thresholds (mAP / matching): score≥0.0500, IoU≥0.50
  Avg Detections per Image (score≥0.0500): 6.39  ↓0.26
  Avg Detections per Image (score≥0.5): 0.85  ↑0.85
  Max detection score: 0.949
  Mean detection score: 0.337
  Time per Step: 0.1459  ↓0.0023
  Accuracy / GT cover: (skipped — computed on mAP epochs)
  Ground Truth objects: 1228
  mAP: (skipped)
  Ground Truth Classes: 1 classes
    ship
  Predicted Classes: 1 classes
    ship
  Timing: 1m 51s this epoch (avg 1m 51s) | ETA ~1h 2m for 34 epoch(s) left, mAP every 4 epoch(s).

Epoch 3/36
--------------------------------------------------
Epoch 3/36 complete: 309/309 batches, loss: 0.8403
  Effective LR: ref=5.000e-03 (0=5.000e-03)
  ROI hints: pos=21.4, bg=706.9, ignore=0.0, sampled_fg=21.4, sampled_bg=490.6, matched_gt=2.3, match_rate=86.33%
Validation complete: 219 batches
Validation Metrics:
--------------------------------------------------
  Eval thresholds (mAP / matching): score≥0.0500, IoU≥0.50
  Avg Detections per Image (score≥0.0500): 6.09  ↓0.29
  Avg Detections per Image (score≥0.5): 1.27  ↑0.41
  Max detection score: 0.987
  Mean detection score: 0.406
  Time per Step: 0.1446  ↑0.0013
  Accuracy / GT cover: (skipped — computed on mAP epochs)
  Ground Truth objects: 1228
  mAP: (skipped)
  Ground Truth Classes: 1 classes
    ship
  Predicted Classes: 1 classes
    ship
  Timing: 1m 52s this epoch (avg 1m 51s) | ETA ~1h 1m for 33 epoch(s) left, mAP every 4 epoch(s).

Epoch 4/36
--------------------------------------------------
Epoch 4/36 complete: 309/309 batches, loss: 0.8013
  Effective LR: ref=5.000e-03 (0=5.000e-03)
  ROI hints: pos=25.2, bg=702.7, ignore=0.0, sampled_fg=25.2, sampled_bg=486.8, matched_gt=2.4, match_rate=89.41%

Computing mAP (periodic evaluation: every 4 epoch(s))...
Validation complete: 219 batches

Computing mAP (this may take a while)...
  Eval filters: score≥0.0500, IoU≥0.50
  Images: 438
  Total detections (post score filter): 2,099 (4.8 per image)
  Total ground truths: 1,228 (2.8 per image)
mAP: exact rotated IoU on CPU (backend='shapely'; GPU sampling IoU disabled)
  mAP computation completed in 0.8s. mAP: 0.0287
Validation Metrics:
--------------------------------------------------
  Eval thresholds (mAP / matching): score≥0.0500, IoU≥0.50
  Avg Detections per Image (score≥0.0500): 5.77  ↓0.33
  Avg Detections per Image (score≥0.5): 1.53  ↑0.27
  Max detection score: 0.988
  Mean detection score: 0.489
  Time per Step: 0.1419  ↑0.0027
  Accuracy: 0.1158 (11.58%)
  Correct Predictions: 243/2099 (matched detections)
  Ground Truth objects: 1228
  GT covered pre-eval-threshold: 243/1228
  GT covered post-eval-threshold: 243/1228
  GT lost by eval-threshold filtering: 0
  GT cover rate pre-eval-threshold: 19.79%
  GT cover rate post-eval-threshold: 19.79%
  GT IoU vs raw dets (eval IoU threshold=0.50; per-GT max IoU over all dets / over same-class dets):
    mean best IoU (any class): 0.3403, median: 0.3184
    mean best IoU (correct class): 0.3403, median: 0.3184
    per-class mean best IoU (raw detections):
      | class | gts | mean_any | mean_same | med_same |
      |-------|-----:|----------:|-----------:|----------:|
      | ship  | 1228 |   0.3403 |    0.3403 |   0.3184 |
      | global | 1228 |   0.3403 |    0.3403 |   0.3184 |
    GTs with IoU≥thresh but no same-class hit (wrong-class / misaligned): 0
    GTs with no detection above IoU thresh (missed / poor loc): 985
    GTs with 0% best IoU vs any detection (no spatial overlap): 8 (0.65% of GTs)
    histogram best IoU (any class) [0,0.25)/[0.25,0.5)/[0.5,0.75)/[0.75,1]: 442/543/232/11
    histogram best IoU (correct class) [0,0.25)/[0.25,0.5)/[0.5,0.75)/[0.75,1]: 442/543/232/11
  Class-agnostic duplicate rate (post score thresh; IoU≥0.50 vs a higher-score box): micro=0.00% (0/2099 boxes), macro mean over images with detections=0.00% (438 images)
  mAP: 0.0287 (2.87%)
  Per-Class AP:
    ship: 0.0287 (2.87%)
  Ground Truth Classes: 1 classes
    ship
  Predicted Classes: 1 classes
    ship
  Timing: 1m 52s this epoch (avg 1m 51s) | ETA ~59m 23s for 32 epoch(s) left, mAP every 4 epoch(s).

Epoch 5/36
--------------------------------------------------
Epoch 5/36 complete: 309/309 batches, loss: 0.7638
  Effective LR: ref=5.000e-03 (0=5.000e-03)
  ROI hints: pos=28.0, bg=702.1, ignore=0.0, sampled_fg=28.0, sampled_bg=484.0, matched_gt=2.5, match_rate=91.37%
Validation complete: 219 batches
Validation Metrics:
--------------------------------------------------
  Eval thresholds (mAP / matching): score≥0.0500, IoU≥0.50
  Avg Detections per Image (score≥0.0500): 6.30  ↑0.53
  Avg Detections per Image (score≥0.5): 1.93  ↑0.40
  Max detection score: 0.995
  Mean detection score: 0.446
  Time per Step: 0.1475  ↓0.0056
  Accuracy / GT cover: (skipped — computed on mAP epochs)
  Ground Truth objects: 1228
  mAP: (skipped)
  Ground Truth Classes: 1 classes
    ship
  Predicted Classes: 1 classes
    ship
  Timing: 1m 59s this epoch (avg 1m 53s) | ETA ~58m 21s for 31 epoch(s) left, mAP every 4 epoch(s).

Epoch 6/36
--------------------------------------------------
Epoch 6/36 complete: 309/309 batches, loss: 0.7320
  Effective LR: ref=5.000e-03 (0=5.000e-03)
  ROI hints: pos=30.2, bg=696.7, ignore=0.0, sampled_fg=30.1, sampled_bg=481.8, matched_gt=2.6, match_rate=92.72%
Validation complete: 219 batches
Validation Metrics:
--------------------------------------------------
  Eval thresholds (mAP / matching): score≥0.0500, IoU≥0.50
  Avg Detections per Image (score≥0.0500): 6.27  ↓0.03
  Avg Detections per Image (score≥0.5): 2.21  ↑0.28
  Max detection score: 0.999
  Mean detection score: 0.580
  Time per Step: 0.1461  ↑0.0014
  Accuracy / GT cover: (skipped — computed on mAP epochs)
  Ground Truth objects: 1228
  mAP: (skipped)
  Ground Truth Classes: 1 classes
    ship
  Predicted Classes: 1 classes
    ship
  Timing: 1m 51s this epoch (avg 1m 53s) | ETA ~56m 19s for 30 epoch(s) left, mAP every 4 epoch(s).

Epoch 7/36
--------------------------------------------------
Epoch 7/36 complete: 309/309 batches, loss: 0.7048
  Effective LR: ref=5.000e-03 (0=5.000e-03)
  ROI hints: pos=31.9, bg=689.8, ignore=0.0, sampled_fg=31.8, sampled_bg=480.1, matched_gt=2.6, match_rate=93.74%
Validation complete: 219 batches
Validation Metrics:
--------------------------------------------------
  Eval thresholds (mAP / matching): score≥0.0500, IoU≥0.50
  Avg Detections per Image (score≥0.0500): 6.10  ↓0.17
  Avg Detections per Image (score≥0.5): 2.33  ↑0.11
  Max detection score: 0.997
  Mean detection score: 0.573
  Time per Step: 0.1459  ↑0.0002
  Accuracy / GT cover: (skipped — computed on mAP epochs)
  Ground Truth objects: 1228
  mAP: (skipped)
  Ground Truth Classes: 1 classes
    ship
  Predicted Classes: 1 classes
    ship
  Timing: 1m 51s this epoch (avg 1m 52s) | ETA ~54m 18s for 29 epoch(s) left, mAP every 4 epoch(s).

Epoch 8/36
--------------------------------------------------
Epoch 8/36 complete: 309/309 batches, loss: 0.6823
  Effective LR: ref=5.000e-03 (0=5.000e-03)
  ROI hints: pos=33.3, bg=683.0, ignore=0.0, sampled_fg=33.2, sampled_bg=478.8, matched_gt=2.6, match_rate=94.48%

Computing mAP (periodic evaluation: every 4 epoch(s))...
Validation complete: 219 batches

Computing mAP (this may take a while)...
  Eval filters: score≥0.0500, IoU≥0.50
  Images: 438
  Total detections (post score filter): 2,100 (4.8 per image)
  Total ground truths: 1,228 (2.8 per image)
mAP: exact rotated IoU on CPU (backend='shapely'; GPU sampling IoU disabled)
  mAP computation completed in 0.6s. mAP: 0.4245
Validation Metrics:
--------------------------------------------------
  Eval thresholds (mAP / matching): score≥0.0500, IoU≥0.50
  Avg Detections per Image (score≥0.0500): 5.93  ↓0.16
  Avg Detections per Image (score≥0.5): 2.41  ↑0.08
  Max detection score: 0.997
  Mean detection score: 0.601
  Time per Step: 0.1456  ↑0.0003
  Accuracy: 0.3948 (39.48%)
  Correct Predictions: 829/2100 (matched detections)
  Ground Truth objects: 1228
  GT covered pre-eval-threshold: 829/1228
  GT covered post-eval-threshold: 829/1228
  GT lost by eval-threshold filtering: 0
  GT cover rate pre-eval-threshold: 67.51%
  GT cover rate post-eval-threshold: 67.51%
  GT IoU vs raw dets (eval IoU threshold=0.50; per-GT max IoU over all dets / over same-class dets):
    mean best IoU (any class): 0.5653, median: 0.5915
    mean best IoU (correct class): 0.5653, median: 0.5915
    per-class mean best IoU (raw detections):
      | class | gts | mean_any | mean_same | med_same |
      |-------|-----:|----------:|-----------:|----------:|
      | ship  | 1228 |   0.5653 |    0.5653 |   0.5915 |
      | global | 1228 |   0.5653 |    0.5653 |   0.5915 |
    GTs with IoU≥thresh but no same-class hit (wrong-class / misaligned): 0
    GTs with no detection above IoU thresh (missed / poor loc): 399
    GTs with 0% best IoU vs any detection (no spatial overlap): 7 (0.57% of GTs)
    histogram best IoU (any class) [0,0.25)/[0.25,0.5)/[0.5,0.75)/[0.75,1]: 78/321/629/200
    histogram best IoU (correct class) [0,0.25)/[0.25,0.5)/[0.5,0.75)/[0.75,1]: 78/321/629/200
  Class-agnostic duplicate rate (post score thresh; IoU≥0.50 vs a higher-score box): micro=0.00% (0/2100 boxes), macro mean over images with detections=0.00% (438 images)
  mAP: 0.4245  ↑0.3958 (42.45%)
  Per-Class AP:
    ship: 0.4245  ↑0.3958 (42.45%)
  Ground Truth Classes: 1 classes
    ship
  Predicted Classes: 1 classes
    ship
  Timing: 1m 52s this epoch (avg 1m 52s) | ETA ~52m 25s for 28 epoch(s) left, mAP every 4 epoch(s).

Epoch 9/36
--------------------------------------------------
Epoch 9/36 complete: 309/309 batches, loss: 0.6612
  Effective LR: ref=5.000e-03 (0=5.000e-03)
  ROI hints: pos=34.4, bg=676.8, ignore=0.0, sampled_fg=34.3, sampled_bg=477.6, matched_gt=2.6, match_rate=95.07%
Validation complete: 219 batches
Validation Metrics:
--------------------------------------------------
  Eval thresholds (mAP / matching): score≥0.0500, IoU≥0.50
  Avg Detections per Image (score≥0.0500): 5.84  ↓0.09
  Avg Detections per Image (score≥0.5): 2.50  ↑0.09
  Max detection score: 1.000
  Mean detection score: 0.628
  Time per Step: 0.1448  ↑0.0008
  Accuracy / GT cover: (skipped — computed on mAP epochs)
  Ground Truth objects: 1228
  mAP: (skipped)
  Ground Truth Classes: 1 classes
    ship
  Predicted Classes: 1 classes
    ship
  Timing: 1m 49s this epoch (avg 1m 52s) | ETA ~50m 22s for 27 epoch(s) left, mAP every 4 epoch(s).

Epoch 10/36
--------------------------------------------------
Epoch 10/36 complete: 309/309 batches, loss: 0.6437
  Effective LR: ref=5.000e-03 (0=5.000e-03)
  ROI hints: pos=35.4, bg=672.2, ignore=0.0, sampled_fg=35.3, sampled_bg=476.5, matched_gt=2.7, match_rate=95.55%
Validation complete: 219 batches
Validation Metrics:
--------------------------------------------------
  Eval thresholds (mAP / matching): score≥0.0500, IoU≥0.50
  Avg Detections per Image (score≥0.0500): 5.74  ↓0.10
  Avg Detections per Image (score≥0.5): 2.57  ↑0.07
  Max detection score: 0.999
  Mean detection score: 0.665
  Time per Step: 0.1448  ↑0.0000
  Accuracy / GT cover: (skipped — computed on mAP epochs)
  Ground Truth objects: 1228
  mAP: (skipped)
  Ground Truth Classes: 1 classes
    ship
  Predicted Classes: 1 classes
    ship
  Timing: 1m 50s this epoch (avg 1m 52s) | ETA ~48m 25s for 26 epoch(s) left, mAP every 4 epoch(s).

Epoch 11/36
--------------------------------------------------
Epoch 11/36 complete: 309/309 batches, loss: 0.6282
  Effective LR: ref=5.000e-03 (0=5.000e-03)
  ROI hints: pos=36.2, bg=668.2, ignore=0.0, sampled_fg=36.1, sampled_bg=475.6, matched_gt=2.7, match_rate=95.93%
Validation complete: 219 batches
Validation Metrics:
--------------------------------------------------
  Eval thresholds (mAP / matching): score≥0.0500, IoU≥0.50
  Avg Detections per Image (score≥0.0500): 5.61  ↓0.13
  Avg Detections per Image (score≥0.5): 2.61  ↑0.04
  Max detection score: 0.999
  Mean detection score: 0.667
  Time per Step: 0.1441  ↑0.0007
  Accuracy / GT cover: (skipped — computed on mAP epochs)
  Ground Truth objects: 1228
  mAP: (skipped)
  Ground Truth Classes: 1 classes
    ship
  Predicted Classes: 1 classes
    ship
  Timing: 1m 48s this epoch (avg 1m 51s) | ETA ~46m 26s for 25 epoch(s) left, mAP every 4 epoch(s).

Epoch 12/36
--------------------------------------------------
Epoch 12/36 complete: 309/309 batches, loss: 0.6130
  Effective LR: ref=5.000e-03 (0=5.000e-03)
  ROI hints: pos=37.1, bg=664.2, ignore=0.0, sampled_fg=36.9, sampled_bg=474.7, matched_gt=2.7, match_rate=96.27%

Computing mAP (periodic evaluation: every 4 epoch(s))...
Validation complete: 219 batches

Computing mAP (this may take a while)...
  Eval filters: score≥0.0500, IoU≥0.50
  Images: 438
  Total detections (post score filter): 1,666 (3.8 per image)
  Total ground truths: 1,228 (2.8 per image)
mAP: exact rotated IoU on CPU (backend='shapely'; GPU sampling IoU disabled)
  mAP computation completed in 0.5s. mAP: 0.4573
Validation Metrics:
--------------------------------------------------
  Eval thresholds (mAP / matching): score≥0.0500, IoU≥0.50
  Avg Detections per Image (score≥0.0500): 5.46  ↓0.15
  Avg Detections per Image (score≥0.5): 2.64  ↑0.03
  Max detection score: 0.999
  Mean detection score: 0.755
  Time per Step: 0.1431  ↑0.0010
  Accuracy: 0.5012 (50.12%)
  Correct Predictions: 835/1666 (matched detections)
  Ground Truth objects: 1228
  GT covered pre-eval-threshold: 835/1228
  GT covered post-eval-threshold: 835/1228
  GT lost by eval-threshold filtering: 0
  GT cover rate pre-eval-threshold: 68.00%
  GT cover rate post-eval-threshold: 68.00%
  GT IoU vs raw dets (eval IoU threshold=0.50; per-GT max IoU over all dets / over same-class dets):
    mean best IoU (any class): 0.5695, median: 0.5921
    mean best IoU (correct class): 0.5695, median: 0.5921
    per-class mean best IoU (raw detections):
      | class | gts | mean_any | mean_same | med_same |
      |-------|-----:|----------:|-----------:|----------:|
      | ship  | 1228 |   0.5695 |    0.5695 |   0.5921 |
      | global | 1228 |   0.5695 |    0.5695 |   0.5921 |
    GTs with IoU≥thresh but no same-class hit (wrong-class / misaligned): 0
    GTs with no detection above IoU thresh (missed / poor loc): 393
    GTs with 0% best IoU vs any detection (no spatial overlap): 5 (0.41% of GTs)
    histogram best IoU (any class) [0,0.25)/[0.25,0.5)/[0.5,0.75)/[0.75,1]: 65/328/636/199
    histogram best IoU (correct class) [0,0.25)/[0.25,0.5)/[0.5,0.75)/[0.75,1]: 65/328/636/199
  Class-agnostic duplicate rate (post score thresh; IoU≥0.50 vs a higher-score box): micro=0.00% (0/1666 boxes), macro mean over images with detections=0.00% (438 images)
  mAP: 0.4573  ↑0.0328 (45.73%)
  Per-Class AP:
    ship: 0.4573  ↑0.0328 (45.73%)
  Ground Truth Classes: 1 classes
    ship
  Predicted Classes: 1 classes
    ship
  Timing: 1m 49s this epoch (avg 1m 51s) | ETA ~44m 30s for 24 epoch(s) left, mAP every 4 epoch(s).

Epoch 13/36
--------------------------------------------------
Epoch 13/36 complete: 309/309 batches, loss: 0.6002
  Effective LR: ref=5.000e-03 (0=5.000e-03)
  ROI hints: pos=37.6, bg=661.8, ignore=0.0, sampled_fg=37.4, sampled_bg=474.0, matched_gt=2.7, match_rate=96.55%
Validation complete: 219 batches
Validation Metrics:
--------------------------------------------------
  Eval thresholds (mAP / matching): score≥0.0500, IoU≥0.50
  Avg Detections per Image (score≥0.0500): 5.35  ↓0.11
  Avg Detections per Image (score≥0.5): 2.66  ↑0.03
  Max detection score: 1.000
  Mean detection score: 0.712
  Time per Step: 0.1428  ↑0.0003
  Accuracy / GT cover: (skipped — computed on mAP epochs)
  Ground Truth objects: 1228
  mAP: (skipped)
  Ground Truth Classes: 1 classes
    ship
  Predicted Classes: 1 classes
    ship
  Timing: 1m 49s this epoch (avg 1m 51s) | ETA ~42m 35s for 23 epoch(s) left, mAP every 4 epoch(s).

Epoch 14/36
--------------------------------------------------
Epoch 14/36 complete: 309/309 batches, loss: 0.5869
  Effective LR: ref=5.000e-03 (0=5.000e-03)
  ROI hints: pos=38.2, bg=660.0, ignore=0.0, sampled_fg=38.0, sampled_bg=473.3, matched_gt=2.7, match_rate=96.79%
Validation complete: 219 batches
Validation Metrics:
--------------------------------------------------
  Eval thresholds (mAP / matching): score≥0.0500, IoU≥0.50
  Avg Detections per Image (score≥0.0500): 5.26  ↓0.09
  Avg Detections per Image (score≥0.5): 2.69  ↑0.03
  Max detection score: 1.000
  Mean detection score: 0.733
  Time per Step: 0.1423  ↑0.0005
  Accuracy / GT cover: (skipped — computed on mAP epochs)
  Ground Truth objects: 1228
  mAP: (skipped)
  Ground Truth Classes: 1 classes
    ship
  Predicted Classes: 1 classes
    ship
  Timing: 1m 49s this epoch (avg 1m 51s) | ETA ~40m 40s for 22 epoch(s) left, mAP every 4 epoch(s).

Epoch 15/36
--------------------------------------------------
Epoch 15/36 complete: 309/309 batches, loss: 0.5748
  Effective LR: ref=5.000e-03 (0=5.000e-03)
  ROI hints: pos=38.7, bg=659.1, ignore=0.0, sampled_fg=38.5, sampled_bg=472.8, matched_gt=2.7, match_rate=96.99%
Validation complete: 219 batches
Validation Metrics:
--------------------------------------------------
  Eval thresholds (mAP / matching): score≥0.0500, IoU≥0.50
  Avg Detections per Image (score≥0.0500): 5.13  ↓0.13
  Avg Detections per Image (score≥0.5): 2.70  ↑0.00
  Max detection score: 1.000
  Mean detection score: 0.805
  Time per Step: 0.1415  ↑0.0008
  Accuracy / GT cover: (skipped — computed on mAP epochs)
  Ground Truth objects: 1228
  mAP: (skipped)
  Ground Truth Classes: 1 classes
    ship
  Predicted Classes: 1 classes
    ship
  Timing: 1m 49s this epoch (avg 1m 51s) | ETA ~38m 45s for 21 epoch(s) left, mAP every 4 epoch(s).

Epoch 16/36
--------------------------------------------------
Epoch 16/36 complete: 309/309 batches, loss: 0.5637
  Effective LR: ref=5.000e-03 (0=5.000e-03)
  ROI hints: pos=39.2, bg=657.5, ignore=0.0, sampled_fg=39.0, sampled_bg=472.3, matched_gt=2.7, match_rate=97.18%

Computing mAP (periodic evaluation: every 4 epoch(s))...
Validation complete: 219 batches

Computing mAP (this may take a while)...
  Eval filters: score≥0.0500, IoU≥0.50
  Images: 438
  Total detections (post score filter): 1,749 (4.0 per image)
  Total ground truths: 1,228 (2.8 per image)
mAP: exact rotated IoU on CPU (backend='shapely'; GPU sampling IoU disabled)
  mAP computation completed in 0.5s. mAP: 0.6535
Validation Metrics:
--------------------------------------------------
  Eval thresholds (mAP / matching): score≥0.0500, IoU≥0.50
  Avg Detections per Image (score≥0.0500): 5.06  ↓0.07
  Avg Detections per Image (score≥0.5): 2.72  ↑0.03
  Max detection score: 1.000
  Mean detection score: 0.768
  Time per Step: 0.1409  ↑0.0005
  Accuracy: 0.5775 (57.75%)
  Correct Predictions: 1010/1749 (matched detections)
  Ground Truth objects: 1228
  GT covered pre-eval-threshold: 1010/1228
  GT covered post-eval-threshold: 1010/1228
  GT lost by eval-threshold filtering: 0
  GT cover rate pre-eval-threshold: 82.25%
  GT cover rate post-eval-threshold: 82.25%
  GT IoU vs raw dets (eval IoU threshold=0.50; per-GT max IoU over all dets / over same-class dets):
    mean best IoU (any class): 0.6638, median: 0.7025
    mean best IoU (correct class): 0.6638, median: 0.7025
    per-class mean best IoU (raw detections):
      | class | gts | mean_any | mean_same | med_same |
      |-------|-----:|----------:|-----------:|----------:|
      | ship  | 1228 |   0.6638 |    0.6638 |   0.7025 |
      | global | 1228 |   0.6638 |    0.6638 |   0.7025 |
    GTs with IoU≥thresh but no same-class hit (wrong-class / misaligned): 0
    GTs with no detection above IoU thresh (missed / poor loc): 218
    GTs with 0% best IoU vs any detection (no spatial overlap): 4 (0.33% of GTs)
    histogram best IoU (any class) [0,0.25)/[0.25,0.5)/[0.5,0.75)/[0.75,1]: 30/188/549/461
    histogram best IoU (correct class) [0,0.25)/[0.25,0.5)/[0.5,0.75)/[0.75,1]: 30/188/549/461
  Class-agnostic duplicate rate (post score thresh; IoU≥0.50 vs a higher-score box): micro=0.00% (0/1749 boxes), macro mean over images with detections=0.00% (438 images)
  mAP: 0.6535  ↑0.1961 (65.35%)
  Per-Class AP:
    ship: 0.6535  ↑0.1961 (65.35%)
  Ground Truth Classes: 1 classes
    ship
  Predicted Classes: 1 classes
    ship
  Timing: 1m 49s this epoch (avg 1m 51s) | ETA ~36m 53s for 20 epoch(s) left, mAP every 4 epoch(s).

Epoch 17/36
--------------------------------------------------
Epoch 17/36 complete: 309/309 batches, loss: 0.5559
  Effective LR: ref=5.000e-03 (0=5.000e-03)
  ROI hints: pos=39.6, bg=657.6, ignore=0.0, sampled_fg=39.3, sampled_bg=471.9, matched_gt=2.7, match_rate=97.33%
Validation complete: 219 batches
Validation Metrics:
--------------------------------------------------
  Eval thresholds (mAP / matching): score≥0.0500, IoU≥0.50
  Avg Detections per Image (score≥0.0500): 4.97  ↓0.09
  Avg Detections per Image (score≥0.5): 2.73  ↑0.01
  Max detection score: 0.999
  Mean detection score: 0.766
  Time per Step: 0.1402  ↑0.0007
  Accuracy / GT cover: (skipped — computed on mAP epochs)
  Ground Truth objects: 1228
  mAP: (skipped)
  Ground Truth Classes: 1 classes
    ship
  Predicted Classes: 1 classes
    ship
  Timing: 1m 48s this epoch (avg 1m 51s) | ETA ~35m 0s for 19 epoch(s) left, mAP every 4 epoch(s).

Epoch 18/36
--------------------------------------------------
Epoch 18/36 complete: 309/309 batches, loss: 0.5467
  Effective LR: ref=5.000e-03 (0=5.000e-03)
  ROI hints: pos=39.9, bg=656.0, ignore=0.0, sampled_fg=39.7, sampled_bg=471.4, matched_gt=2.7, match_rate=97.48%
Validation complete: 219 batches
Validation Metrics:
--------------------------------------------------
  Eval thresholds (mAP / matching): score≥0.0500, IoU≥0.50
  Avg Detections per Image (score≥0.0500): 4.90  ↓0.08
  Avg Detections per Image (score≥0.5): 2.74  ↑0.01
  Max detection score: 1.000
  Mean detection score: 0.782
  Time per Step: 0.1397  ↑0.0005
  Accuracy / GT cover: (skipped — computed on mAP epochs)
  Ground Truth objects: 1228
  mAP: (skipped)
  Ground Truth Classes: 1 classes
    ship
  Predicted Classes: 1 classes
    ship
  Timing: 1m 48s this epoch (avg 1m 50s) | ETA ~33m 7s for 18 epoch(s) left, mAP every 4 epoch(s).

Epoch 19/36
--------------------------------------------------
Epoch 19/36 complete: 309/309 batches, loss: 0.5377
  Effective LR: ref=5.000e-03 (0=5.000e-03)
  ROI hints: pos=40.3, bg=655.2, ignore=0.0, sampled_fg=40.0, sampled_bg=471.0, matched_gt=2.7, match_rate=97.61%
Validation complete: 219 batches
Validation Metrics:
--------------------------------------------------
  Eval thresholds (mAP / matching): score≥0.0500, IoU≥0.50
  Avg Detections per Image (score≥0.0500): 4.84  ↓0.06
  Avg Detections per Image (score≥0.5): 2.75  ↑0.01
  Max detection score: 1.000
  Mean detection score: 0.776
  Time per Step: 0.1394  ↑0.0003
  Accuracy / GT cover: (skipped — computed on mAP epochs)
  Ground Truth objects: 1228
  mAP: (skipped)
  Ground Truth Classes: 1 classes
    ship
  Predicted Classes: 1 classes
    ship
  Timing: 1m 49s this epoch (avg 1m 50s) | ETA ~31m 15s for 17 epoch(s) left, mAP every 4 epoch(s).

Epoch 20/36
--------------------------------------------------
Epoch 20/36 complete: 309/309 batches, loss: 0.5295
  Effective LR: ref=5.000e-03 (0=5.000e-03)
  ROI hints: pos=40.6, bg=655.6, ignore=0.0, sampled_fg=40.4, sampled_bg=470.7, matched_gt=2.7, match_rate=97.72%

Computing mAP (periodic evaluation: every 4 epoch(s))...
Validation complete: 219 batches

Computing mAP (this may take a while)...
  Eval filters: score≥0.0500, IoU≥0.50
  Images: 438
  Total detections (post score filter): 1,763 (4.0 per image)
  Total ground truths: 1,228 (2.8 per image)
mAP: exact rotated IoU on CPU (backend='shapely'; GPU sampling IoU disabled)
  mAP computation completed in 0.5s. mAP: 0.7290
Validation Metrics:
--------------------------------------------------
  Eval thresholds (mAP / matching): score≥0.0500, IoU≥0.50
  Avg Detections per Image (score≥0.0500): 4.80  ↓0.04
  Avg Detections per Image (score≥0.5): 2.77  ↑0.02
  Max detection score: 1.000
  Mean detection score: 0.767
  Time per Step: 0.1391  ↑0.0004
  Accuracy: 0.6052 (60.52%)
  Correct Predictions: 1067/1763 (matched detections)
  Ground Truth objects: 1228
  GT covered pre-eval-threshold: 1067/1228
  GT covered post-eval-threshold: 1067/1228
  GT lost by eval-threshold filtering: 0
  GT cover rate pre-eval-threshold: 86.89%
  GT cover rate post-eval-threshold: 86.89%
  GT IoU vs raw dets (eval IoU threshold=0.50; per-GT max IoU over all dets / over same-class dets):
    mean best IoU (any class): 0.6639, median: 0.6887
    mean best IoU (correct class): 0.6639, median: 0.6887
    per-class mean best IoU (raw detections):
      | class | gts | mean_any | mean_same | med_same |
      |-------|-----:|----------:|-----------:|----------:|
      | ship  | 1228 |   0.6639 |    0.6639 |   0.6887 |
      | global | 1228 |   0.6639 |    0.6639 |   0.6887 |
    GTs with IoU≥thresh but no same-class hit (wrong-class / misaligned): 0
    GTs with no detection above IoU thresh (missed / poor loc): 161
    GTs with 0% best IoU vs any detection (no spatial overlap): 2 (0.16% of GTs)
    histogram best IoU (any class) [0,0.25)/[0.25,0.5)/[0.5,0.75)/[0.75,1]: 22/139/676/391
    histogram best IoU (correct class) [0,0.25)/[0.25,0.5)/[0.5,0.75)/[0.75,1]: 22/139/676/391
  Class-agnostic duplicate rate (post score thresh; IoU≥0.50 vs a higher-score box): micro=0.00% (0/1763 boxes), macro mean over images with detections=0.00% (438 images)
  mAP: 0.7290  ↑0.0755 (72.90%)
  Per-Class AP:
    ship: 0.7290  ↑0.0755 (72.90%)
  Ground Truth Classes: 1 classes
    ship
  Predicted Classes: 1 classes
    ship
  Timing: 1m 51s this epoch (avg 1m 50s) | ETA ~29m 26s for 16 epoch(s) left, mAP every 4 epoch(s).

Epoch 21/36
--------------------------------------------------
Epoch 21/36 complete: 309/309 batches, loss: 0.5230
  Effective LR: ref=5.000e-03 (0=5.000e-03)
  ROI hints: pos=40.8, bg=655.8, ignore=0.0, sampled_fg=40.6, sampled_bg=470.4, matched_gt=2.7, match_rate=97.82%
Validation complete: 219 batches
Validation Metrics:
--------------------------------------------------
  Eval thresholds (mAP / matching): score≥0.0500, IoU≥0.50
  Avg Detections per Image (score≥0.0500): 4.76  ↓0.04
  Avg Detections per Image (score≥0.5): 2.78  ↑0.01
  Max detection score: 1.000
  Mean detection score: 0.744
  Time per Step: 0.1389  ↑0.0002
  Accuracy / GT cover: (skipped — computed on mAP epochs)
  Ground Truth objects: 1228
  mAP: (skipped)
  Ground Truth Classes: 1 classes
    ship
  Predicted Classes: 1 classes
    ship
  Timing: 1m 49s this epoch (avg 1m 50s) | ETA ~27m 34s for 15 epoch(s) left, mAP every 4 epoch(s).

Epoch 22/36
--------------------------------------------------
Epoch 22/36 complete: 309/309 batches, loss: 0.5156
  Effective LR: ref=5.000e-03 (0=5.000e-03)
  ROI hints: pos=41.1, bg=656.3, ignore=0.0, sampled_fg=40.8, sampled_bg=470.1, matched_gt=2.8, match_rate=97.91%
Validation complete: 219 batches
Validation Metrics:
--------------------------------------------------
  Eval thresholds (mAP / matching): score≥0.0500, IoU≥0.50
  Avg Detections per Image (score≥0.0500): 4.70  ↓0.06
  Avg Detections per Image (score≥0.5): 2.78  ↑0.00
  Max detection score: 1.000
  Mean detection score: 0.802
  Time per Step: 0.1385  ↑0.0004
  Accuracy / GT cover: (skipped — computed on mAP epochs)
  Ground Truth objects: 1228
  mAP: (skipped)
  Ground Truth Classes: 1 classes
    ship
  Predicted Classes: 1 classes
    ship
  Timing: 1m 48s this epoch (avg 1m 50s) | ETA ~25m 43s for 14 epoch(s) left, mAP every 4 epoch(s).

Epoch 23/36
--------------------------------------------------
Epoch 23/36 complete: 309/309 batches, loss: 0.5081
  Effective LR: ref=5.000e-03 (0=5.000e-03)
  ROI hints: pos=41.3, bg=656.1, ignore=0.0, sampled_fg=41.1, sampled_bg=469.9, matched_gt=2.8, match_rate=98.00%
Validation complete: 219 batches
Validation Metrics:
--------------------------------------------------
  Eval thresholds (mAP / matching): score≥0.0500, IoU≥0.50
  Avg Detections per Image (score≥0.0500): 4.66  ↓0.04
  Avg Detections per Image (score≥0.5): 2.80  ↑0.01
  Max detection score: 1.000
  Mean detection score: 0.809
  Time per Step: 0.1382  ↑0.0003
  Accuracy / GT cover: (skipped — computed on mAP epochs)
  Ground Truth objects: 1228
  mAP: (skipped)
  Ground Truth Classes: 1 classes
    ship
  Predicted Classes: 1 classes
    ship
  Timing: 1m 49s this epoch (avg 1m 50s) | ETA ~23m 52s for 13 epoch(s) left, mAP every 4 epoch(s).

Epoch 24/36
--------------------------------------------------
Epoch 24/36 complete: 309/309 batches, loss: 0.5022
  Effective LR: ref=5.000e-03 (0=5.000e-03)
  ROI hints: pos=41.5, bg=657.1, ignore=0.0, sampled_fg=41.2, sampled_bg=469.7, matched_gt=2.8, match_rate=98.08%

Computing mAP (periodic evaluation: every 4 epoch(s))...
Validation complete: 219 batches

Computing mAP (this may take a while)...
  Eval filters: score≥0.0500, IoU≥0.50
  Images: 438
  Total detections (post score filter): 1,783 (4.1 per image)
  Total ground truths: 1,228 (2.8 per image)
mAP: exact rotated IoU on CPU (backend='shapely'; GPU sampling IoU disabled)
  mAP computation completed in 0.5s. mAP: 0.7505
Validation Metrics:
--------------------------------------------------
  Eval thresholds (mAP / matching): score≥0.0500, IoU≥0.50
  Avg Detections per Image (score≥0.0500): 4.63  ↓0.02
  Avg Detections per Image (score≥0.5): 2.81  ↑0.01
  Max detection score: 1.000
  Mean detection score: 0.753
  Time per Step: 0.1380  ↑0.0001
  Accuracy: 0.6169 (61.69%)
  Correct Predictions: 1100/1783 (matched detections)
  Ground Truth objects: 1228
  GT covered pre-eval-threshold: 1100/1228
  GT covered post-eval-threshold: 1100/1228
  GT lost by eval-threshold filtering: 0
  GT cover rate pre-eval-threshold: 89.58%
  GT cover rate post-eval-threshold: 89.58%
  GT IoU vs raw dets (eval IoU threshold=0.50; per-GT max IoU over all dets / over same-class dets):
    mean best IoU (any class): 0.6919, median: 0.7287
    mean best IoU (correct class): 0.6919, median: 0.7287
    per-class mean best IoU (raw detections):
      | class | gts | mean_any | mean_same | med_same |
      |-------|-----:|----------:|-----------:|----------:|
      | ship  | 1228 |   0.6919 |    0.6919 |   0.7287 |
      | global | 1228 |   0.6919 |    0.6919 |   0.7287 |
    GTs with IoU≥thresh but no same-class hit (wrong-class / misaligned): 0
    GTs with no detection above IoU thresh (missed / poor loc): 128
    GTs with 0% best IoU vs any detection (no spatial overlap): 5 (0.41% of GTs)
    histogram best IoU (any class) [0,0.25)/[0.25,0.5)/[0.5,0.75)/[0.75,1]: 19/109/567/533
    histogram best IoU (correct class) [0,0.25)/[0.25,0.5)/[0.5,0.75)/[0.75,1]: 19/109/567/533
  Class-agnostic duplicate rate (post score thresh; IoU≥0.50 vs a higher-score box): micro=0.00% (0/1783 boxes), macro mean over images with detections=0.00% (438 images)
  mAP: 0.7505  ↑0.0215 (75.05%)
  Per-Class AP:
    ship: 0.7505  ↑0.0215 (75.05%)
  Ground Truth Classes: 1 classes
    ship
  Predicted Classes: 1 classes
    ship
  Timing: 1m 52s this epoch (avg 1m 50s) | ETA ~22m 3s for 12 epoch(s) left, mAP every 4 epoch(s).

Epoch 25/36
--------------------------------------------------
Epoch 25/36 complete: 309/309 batches, loss: 0.4957
  Effective LR: ref=5.000e-03 (0=5.000e-03)
  ROI hints: pos=41.7, bg=656.5, ignore=0.0, sampled_fg=41.4, sampled_bg=469.4, matched_gt=2.8, match_rate=98.15%
Validation complete: 219 batches
Validation Metrics:
--------------------------------------------------
  Eval thresholds (mAP / matching): score≥0.0500, IoU≥0.50
  Avg Detections per Image (score≥0.0500): 4.60  ↓0.04
  Avg Detections per Image (score≥0.5): 2.82  ↑0.01
  Max detection score: 1.000
  Mean detection score: 0.787
  Time per Step: 0.1379  ↑0.0001
  Accuracy / GT cover: (skipped — computed on mAP epochs)
  Ground Truth objects: 1228
  mAP: (skipped)
  Ground Truth Classes: 1 classes
    ship
  Predicted Classes: 1 classes
    ship
  Timing: 1m 49s this epoch (avg 1m 50s) | ETA ~20m 12s for 11 epoch(s) left, mAP every 4 epoch(s).

Epoch 26/36
--------------------------------------------------
Epoch 26/36 complete: 309/309 batches, loss: 0.4863
  Effective LR: ref=5.000e-04 (0=5.000e-04)
  ROI hints: pos=41.9, bg=656.6, ignore=0.0, sampled_fg=41.6, sampled_bg=469.1, matched_gt=2.8, match_rate=98.22%
Validation complete: 219 batches
Validation Metrics:
--------------------------------------------------
  Eval thresholds (mAP / matching): score≥0.0500, IoU≥0.50
  Avg Detections per Image (score≥0.0500): 4.56  ↓0.04
  Avg Detections per Image (score≥0.5): 2.82  ↑0.01
  Max detection score: 1.000
  Mean detection score: 0.832
  Time per Step: 0.1376  ↑0.0003
  Accuracy / GT cover: (skipped — computed on mAP epochs)
  Ground Truth objects: 1228
  mAP: (skipped)
  Ground Truth Classes: 1 classes
    ship
  Predicted Classes: 1 classes
    ship
  Timing: 1m 49s this epoch (avg 1m 50s) | ETA ~18m 22s for 10 epoch(s) left, mAP every 4 epoch(s).

Epoch 27/36
--------------------------------------------------
Epoch 27/36 complete: 309/309 batches, loss: 0.4768
  Effective LR: ref=5.000e-04 (0=5.000e-04)
  ROI hints: pos=42.1, bg=656.7, ignore=0.0, sampled_fg=41.9, sampled_bg=468.9, matched_gt=2.8, match_rate=98.28%
Validation complete: 219 batches
Validation Metrics:
--------------------------------------------------
  Eval thresholds (mAP / matching): score≥0.0500, IoU≥0.50
  Avg Detections per Image (score≥0.0500): 4.52  ↓0.04
  Avg Detections per Image (score≥0.5): 2.83  ↑0.01
  Max detection score: 1.000
  Mean detection score: 0.839
  Time per Step: 0.1374  ↑0.0003
  Accuracy / GT cover: (skipped — computed on mAP epochs)
  Ground Truth objects: 1228
  mAP: (skipped)
  Ground Truth Classes: 1 classes
    ship
  Predicted Classes: 1 classes
    ship
  Timing: 1m 49s this epoch (avg 1m 50s) | ETA ~16m 31s for 9 epoch(s) left, mAP every 4 epoch(s).

Epoch 28/36
--------------------------------------------------
Epoch 28/36 complete: 309/309 batches, loss: 0.4675
  Effective LR: ref=5.000e-04 (0=5.000e-04)
  ROI hints: pos=42.3, bg=657.0, ignore=0.0, sampled_fg=42.1, sampled_bg=468.6, matched_gt=2.8, match_rate=98.34%

Computing mAP (periodic evaluation: every 4 epoch(s))...
Validation complete: 219 batches

Computing mAP (this may take a while)...
  Eval filters: score≥0.0500, IoU≥0.50
  Images: 438
  Total detections (post score filter): 1,527 (3.5 per image)
  Total ground truths: 1,228 (2.8 per image)
mAP: exact rotated IoU on CPU (backend='shapely'; GPU sampling IoU disabled)
  mAP computation completed in 0.4s. mAP: 0.8757
Validation Metrics:
--------------------------------------------------
  Eval thresholds (mAP / matching): score≥0.0500, IoU≥0.50
  Avg Detections per Image (score≥0.0500): 4.48  ↓0.04
  Avg Detections per Image (score≥0.5): 2.84  ↑0.01
  Max detection score: 1.000
  Mean detection score: 0.850
  Time per Step: 0.1371  ↑0.0002
  Accuracy: 0.7603 (76.03%)
  Correct Predictions: 1161/1527 (matched detections)
  Ground Truth objects: 1228
  GT covered pre-eval-threshold: 1161/1228
  GT covered post-eval-threshold: 1161/1228
  GT lost by eval-threshold filtering: 0
  GT cover rate pre-eval-threshold: 94.54%
  GT cover rate post-eval-threshold: 94.54%
  GT IoU vs raw dets (eval IoU threshold=0.50; per-GT max IoU over all dets / over same-class dets):
    mean best IoU (any class): 0.7710, median: 0.8059
    mean best IoU (correct class): 0.7710, median: 0.8059
    per-class mean best IoU (raw detections):
      | class | gts | mean_any | mean_same | med_same |
      |-------|-----:|----------:|-----------:|----------:|
      | ship  | 1228 |   0.7710 |    0.7710 |   0.8059 |
      | global | 1228 |   0.7710 |    0.7710 |   0.8059 |
    GTs with IoU≥thresh but no same-class hit (wrong-class / misaligned): 0
    GTs with no detection above IoU thresh (missed / poor loc): 67
    GTs with 0% best IoU vs any detection (no spatial overlap): 6 (0.49% of GTs)
    histogram best IoU (any class) [0,0.25)/[0.25,0.5)/[0.5,0.75)/[0.75,1]: 14/53/289/872
    histogram best IoU (correct class) [0,0.25)/[0.25,0.5)/[0.5,0.75)/[0.75,1]: 14/53/289/872
  Class-agnostic duplicate rate (post score thresh; IoU≥0.50 vs a higher-score box): micro=0.00% (0/1527 boxes), macro mean over images with detections=0.00% (438 images)
  mAP: 0.8757  ↑0.1252 (87.57%)
  Per-Class AP:
    ship: 0.8757  ↑0.1252 (87.57%)
  Ground Truth Classes: 1 classes
    ship
  Predicted Classes: 1 classes
    ship
  Timing: 1m 51s this epoch (avg 1m 50s) | ETA ~14m 41s for 8 epoch(s) left, mAP every 4 epoch(s).

Epoch 29/36
--------------------------------------------------
Epoch 29/36 complete: 309/309 batches, loss: 0.4587
  Effective LR: ref=5.000e-04 (0=5.000e-04)
  ROI hints: pos=42.5, bg=657.3, ignore=0.0, sampled_fg=42.3, sampled_bg=468.3, matched_gt=2.8, match_rate=98.40%
Validation complete: 219 batches
Validation Metrics:
--------------------------------------------------
  Eval thresholds (mAP / matching): score≥0.0500, IoU≥0.50
  Avg Detections per Image (score≥0.0500): 4.45  ↓0.03
  Avg Detections per Image (score≥0.5): 2.84  ↑0.01
  Max detection score: 1.000
  Mean detection score: 0.849
  Time per Step: 0.1369  ↑0.0002
  Accuracy / GT cover: (skipped — computed on mAP epochs)
  Ground Truth objects: 1228
  mAP: (skipped)
  Ground Truth Classes: 1 classes
    ship
  Predicted Classes: 1 classes
    ship
  Timing: 1m 49s this epoch (avg 1m 50s) | ETA ~12m 50s for 7 epoch(s) left, mAP every 4 epoch(s).

Epoch 30/36
--------------------------------------------------
Epoch 30/36 complete: 309/309 batches, loss: 0.4506
  Effective LR: ref=5.000e-04 (0=5.000e-04)
  ROI hints: pos=42.7, bg=657.5, ignore=0.0, sampled_fg=42.4, sampled_bg=468.1, matched_gt=2.8, match_rate=98.45%
Validation complete: 219 batches
Validation Metrics:
--------------------------------------------------
  Eval thresholds (mAP / matching): score≥0.0500, IoU≥0.50
  Avg Detections per Image (score≥0.0500): 4.43  ↓0.03
  Avg Detections per Image (score≥0.5): 2.85  ↑0.01
  Max detection score: 1.000
  Mean detection score: 0.847
  Time per Step: 0.1367  ↑0.0002
  Accuracy / GT cover: (skipped — computed on mAP epochs)
  Ground Truth objects: 1228
  mAP: (skipped)
  Ground Truth Classes: 1 classes
    ship
  Predicted Classes: 1 classes
    ship
  Timing: 1m 49s this epoch (avg 1m 50s) | ETA ~11m 0s for 6 epoch(s) left, mAP every 4 epoch(s).

Epoch 31/36
--------------------------------------------------
Epoch 31/36 complete: 309/309 batches, loss: 0.4427
  Effective LR: ref=5.000e-04 (0=5.000e-04)
  ROI hints: pos=42.9, bg=657.6, ignore=0.0, sampled_fg=42.6, sampled_bg=467.9, matched_gt=2.8, match_rate=98.50%
Validation complete: 219 batches
Validation Metrics:
--------------------------------------------------
  Eval thresholds (mAP / matching): score≥0.0500, IoU≥0.50
  Avg Detections per Image (score≥0.0500): 4.40  ↓0.03
  Avg Detections per Image (score≥0.5): 2.86  ↑0.01
  Max detection score: 1.000
  Mean detection score: 0.851
  Time per Step: 0.1366  ↑0.0002
  Accuracy / GT cover: (skipped — computed on mAP epochs)
  Ground Truth objects: 1228
  mAP: (skipped)
  Ground Truth Classes: 1 classes
    ship
  Predicted Classes: 1 classes
    ship
  Timing: 1m 49s this epoch (avg 1m 50s) | ETA ~9m 10s for 5 epoch(s) left, mAP every 4 epoch(s).

Epoch 32/36
--------------------------------------------------
Epoch 32/36 complete: 309/309 batches, loss: 0.4355
  Effective LR: ref=5.000e-04 (0=5.000e-04)
  ROI hints: pos=43.0, bg=657.8, ignore=0.0, sampled_fg=42.8, sampled_bg=467.6, matched_gt=2.8, match_rate=98.54%

Computing mAP (periodic evaluation: every 4 epoch(s))...
Validation complete: 219 batches

Computing mAP (this may take a while)...
  Eval filters: score≥0.0500, IoU≥0.50
  Images: 438
  Total detections (post score filter): 1,518 (3.5 per image)
  Total ground truths: 1,228 (2.8 per image)
mAP: exact rotated IoU on CPU (backend='shapely'; GPU sampling IoU disabled)
  mAP computation completed in 0.4s. mAP: 0.8892
Validation Metrics:
--------------------------------------------------
  Eval thresholds (mAP / matching): score≥0.0500, IoU≥0.50
  Avg Detections per Image (score≥0.0500): 4.37  ↓0.03
  Avg Detections per Image (score≥0.5): 2.87  ↑0.01
  Max detection score: 1.000
  Mean detection score: 0.864
  Time per Step: 0.1363  ↑0.0002
  Accuracy: 0.7767 (77.67%)
  Correct Predictions: 1179/1518 (matched detections)
  Ground Truth objects: 1228
  GT covered pre-eval-threshold: 1179/1228
  GT covered post-eval-threshold: 1179/1228
  GT lost by eval-threshold filtering: 0
  GT cover rate pre-eval-threshold: 96.01%
  GT cover rate post-eval-threshold: 96.01%
  GT IoU vs raw dets (eval IoU threshold=0.50; per-GT max IoU over all dets / over same-class dets):
    mean best IoU (any class): 0.7845, median: 0.8182
    mean best IoU (correct class): 0.7845, median: 0.8182
    per-class mean best IoU (raw detections):
      | class | gts | mean_any | mean_same | med_same |
      |-------|-----:|----------:|-----------:|----------:|
      | ship  | 1228 |   0.7845 |    0.7845 |   0.8182 |
      | global | 1228 |   0.7845 |    0.7845 |   0.8182 |
    GTs with IoU≥thresh but no same-class hit (wrong-class / misaligned): 0
    GTs with no detection above IoU thresh (missed / poor loc): 49
    GTs with 0% best IoU vs any detection (no spatial overlap): 5 (0.41% of GTs)
    histogram best IoU (any class) [0,0.25)/[0.25,0.5)/[0.5,0.75)/[0.75,1]: 16/33/248/931
    histogram best IoU (correct class) [0,0.25)/[0.25,0.5)/[0.5,0.75)/[0.75,1]: 16/33/248/931
  Class-agnostic duplicate rate (post score thresh; IoU≥0.50 vs a higher-score box): micro=0.00% (0/1518 boxes), macro mean over images with detections=0.00% (438 images)
  mAP: 0.8892  ↑0.0135 (88.92%)
  Per-Class AP:
    ship: 0.8892  ↑0.0135 (88.92%)
  Ground Truth Classes: 1 classes
    ship
  Predicted Classes: 1 classes
    ship
  Timing: 1m 50s this epoch (avg 1m 50s) | ETA ~7m 20s for 4 epoch(s) left, mAP every 4 epoch(s).

Epoch 33/36
--------------------------------------------------
Epoch 33/36 complete: 309/309 batches, loss: 0.4284
  Effective LR: ref=5.000e-04 (0=5.000e-04)
  ROI hints: pos=43.2, bg=658.1, ignore=0.0, sampled_fg=42.9, sampled_bg=467.4, matched_gt=2.8, match_rate=98.59%
Validation complete: 219 batches
Validation Metrics:
--------------------------------------------------
  Eval thresholds (mAP / matching): score≥0.0500, IoU≥0.50
  Avg Detections per Image (score≥0.0500): 4.34  ↓0.03
  Avg Detections per Image (score≥0.5): 2.87  ↑0.00
  Max detection score: 1.000
  Mean detection score: 0.872
  Time per Step: 0.1361  ↑0.0002
  Accuracy / GT cover: (skipped — computed on mAP epochs)
  Ground Truth objects: 1228
  mAP: (skipped)
  Ground Truth Classes: 1 classes
    ship
  Predicted Classes: 1 classes
    ship
  Timing: 1m 49s this epoch (avg 1m 50s) | ETA ~5m 30s for 3 epoch(s) left, mAP every 4 epoch(s).

Epoch 34/36
--------------------------------------------------
Epoch 34/36 complete: 309/309 batches, loss: 0.4217
  Effective LR: ref=5.000e-04 (0=5.000e-04)
  ROI hints: pos=43.3, bg=658.2, ignore=0.0, sampled_fg=43.0, sampled_bg=467.2, matched_gt=2.8, match_rate=98.63%
Validation complete: 219 batches
Validation Metrics:
--------------------------------------------------
  Eval thresholds (mAP / matching): score≥0.0500, IoU≥0.50
  Avg Detections per Image (score≥0.0500): 4.31  ↓0.03
  Avg Detections per Image (score≥0.5): 2.87  ↑0.00
  Max detection score: 1.000
  Mean detection score: 0.866
  Time per Step: 0.1359  ↑0.0002
  Accuracy / GT cover: (skipped — computed on mAP epochs)
  Ground Truth objects: 1228
  mAP: (skipped)
  Ground Truth Classes: 1 classes
    ship
  Predicted Classes: 1 classes
    ship
  Timing: 1m 49s this epoch (avg 1m 50s) | ETA ~3m 40s for 2 epoch(s) left, mAP every 4 epoch(s).

Epoch 35/36
--------------------------------------------------
Epoch 35/36 complete: 309/309 batches, loss: 0.4154
  Effective LR: ref=5.000e-05 (0=5.000e-05)
  ROI hints: pos=43.5, bg=658.4, ignore=0.0, sampled_fg=43.2, sampled_bg=467.0, matched_gt=2.8, match_rate=98.66%
Validation complete: 219 batches
Validation Metrics:
--------------------------------------------------
  Eval thresholds (mAP / matching): score≥0.0500, IoU≥0.50
  Avg Detections per Image (score≥0.0500): 4.29  ↓0.02
  Avg Detections per Image (score≥0.5): 2.88  ↑0.00
  Max detection score: 1.000
  Mean detection score: 0.865
  Time per Step: 0.1358  ↑0.0002
  Accuracy / GT cover: (skipped — computed on mAP epochs)
  Ground Truth objects: 1228
  mAP: (skipped)
  Ground Truth Classes: 1 classes
    ship
  Predicted Classes: 1 classes
    ship
  Timing: 1m 49s this epoch (avg 1m 50s) | ETA ~1m 50s for 1 epoch(s) left, mAP every 4 epoch(s).

Epoch 36/36
--------------------------------------------------
Epoch 36/36 complete: 309/309 batches, loss: 0.4092
  Effective LR: ref=5.000e-05 (0=5.000e-05)
  ROI hints: pos=43.6, bg=658.7, ignore=0.0, sampled_fg=43.3, sampled_bg=466.9, matched_gt=2.8, match_rate=98.70%

Computing mAP (periodic evaluation: every 4 epoch(s))...
Validation complete: 219 batches

Computing mAP (this may take a while)...
  Eval filters: score≥0.0500, IoU≥0.50
  Images: 438
  Total detections (post score filter): 1,521 (3.5 per image)
  Total ground truths: 1,228 (2.8 per image)
mAP: exact rotated IoU on CPU (backend='shapely'; GPU sampling IoU disabled)
  mAP computation completed in 0.5s. mAP: 0.8831
Validation Metrics:
--------------------------------------------------
  Eval thresholds (mAP / matching): score≥0.0500, IoU≥0.50
  Avg Detections per Image (score≥0.0500): 4.27  ↓0.02
  Avg Detections per Image (score≥0.5): 2.88  ↑0.00
  Max detection score: 1.000
  Mean detection score: 0.868
  Time per Step: 0.1356  ↑0.0002
  Accuracy: 0.7712 (77.12%)
  Correct Predictions: 1173/1521 (matched detections)
  Ground Truth objects: 1228
  GT covered pre-eval-threshold: 1173/1228
  GT covered post-eval-threshold: 1173/1228
  GT lost by eval-threshold filtering: 0
  GT cover rate pre-eval-threshold: 95.52%
  GT cover rate post-eval-threshold: 95.52%
  GT IoU vs raw dets (eval IoU threshold=0.50; per-GT max IoU over all dets / over same-class dets):
    mean best IoU (any class): 0.7970, median: 0.8326
    mean best IoU (correct class): 0.7970, median: 0.8326
    per-class mean best IoU (raw detections):
      | class | gts | mean_any | mean_same | med_same |
      |-------|-----:|----------:|-----------:|----------:|
      | ship  | 1227 |   0.7970 |    0.7970 |   0.8326 |
      | global | 1227 |   0.7970 |    0.7970 |   0.8326 |
    GTs with IoU≥thresh but no same-class hit (wrong-class / misaligned): 0
    GTs with no detection above IoU thresh (missed / poor loc): 54
    GTs with 0% best IoU vs any detection (no spatial overlap): 5 (0.41% of GTs)
    histogram best IoU (any class) [0,0.25)/[0.25,0.5)/[0.5,0.75)/[0.75,1]: 14/40/204/969
    histogram best IoU (correct class) [0,0.25)/[0.25,0.5)/[0.5,0.75)/[0.75,1]: 14/40/204/969
  Class-agnostic duplicate rate (post score thresh; IoU≥0.50 vs a higher-score box): micro=0.00% (0/1521 boxes), macro mean over images with detections=0.00% (437 images)
  mAP: 0.8831  ↓0.0061 (88.31%)
  Per-Class AP:
    ship: 0.8831  ↓0.0061 (88.31%)
  Ground Truth Classes: 1 classes
    ship
  Predicted Classes: 1 classes
    ship
  Timing: 1m 50s this epoch (avg 1m 50s) | Training loop finished (no final mAP).

================================================================================
Training timing summary
================================================================================
  Started:   2026-08-31T03:58:52+00:00
  Finished:  2026-08-31T05:04:50+00:00
  Total wall: 1h 5m (3958.0 s)
  Epochs:    36 completed (mean 1m 50s, min 1m 48s, max 1m 59s)
================================================================================

================================================================================
Training completed successfully!
================================================================================
Experiment directory: /home/jeffaudi/oriented-det/runs/rotated_faster_rcnn/20260831-035851
  Checkpoints saved to: /home/jeffaudi/oriented-det/runs/rotated_faster_rcnn/20260831-035851/checkpoints
  TensorBoard logs saved to: /home/jeffaudi/oriented-det/runs/rotated_faster_rcnn/20260831-035851
  Config saved to: /home/jeffaudi/oriented-det/runs/rotated_faster_rcnn/20260831-035851/config.json

View TensorBoard with:
  tensorboard --logdir /home/jeffaudi/oriented-det/runs/rotated_faster_rcnn
  tensorboard --logdir /home/jeffaudi/oriented-det/runs/rotated_faster_rcnn/20260831-035851
