Loading configuration from: configs/rotated_faster_rcnn/dota_le90_3x.json
Training log file: /home/jeffaudi/oriented-det/runs/rotated_faster_rcnn/20260901-095802/train.log
================================================================================
ROTATED_FASTER_RCNN Training
================================================================================
Source git: v0.2.0-2-g0c1f51a
Source branch: main
Source commit date: 2026-09-01T09:41:03+00:00
Package: oriented-det 0.1.0
PyTorch Version: 2.3.0+cu121
CUDA Available: True
MPS (Apple Silicon) Available: False
CUDA Device: NVIDIA L4
Mixed Precision (AMP): False

Checking dataset directories...
Train tiles (2 root(s)):
  /path/to/data/DOTA-v1.0-tiled/train
    Images exist: True
    Labels exist: True
  /path/to/data/DOTA-v1.0-tiled/val
    Images exist: True
    Labels exist: True

Val tiles (1 root(s)):
  /path/to/data/DOTA-v1.0-tiled/val
    Images exist: True
    Labels exist: True


Loading datasets...
DOTA filter_empty_gt (MMRotate-style):
  train: filter_empty_gt dropped 19464 / 33155 tiles (13691 kept)
  val: filter_empty_gt dropped 4548 / 7669 tiles (3121 kept)

Found 15 classes:
  0: baseball-diamond
  1: basketball-court
  2: bridge
  3: ground-track-field
  4: harbor
  5: helicopter
  6: large-vehicle
  7: plane
  8: roundabout
  9: ship
  10: small-vehicle
  11: soccer-ball-field
  12: storage-tank
  13: swimming-pool
  14: tennis-court

Number of classes (foreground): 15
Class mapping: {'baseball-diamond': 1, 'basketball-court': 2, 'bridge': 3, 'ground-track-field': 4, 'harbor': 5, 'helicopter': 6, 'large-vehicle': 7, 'plane': 8, 'roundabout': 9, 'ship': 10, 'small-vehicle': 11, 'soccer-ball-field': 12, 'storage-tank': 13, 'swimming-pool': 14, 'tennis-court': 15}

Analyzing class distribution in training set...

================================================================================
Class Distribution Analysis - Training Set
================================================================================
Total objects: 264,176
Total classes: 15

Class Name           Count        Percentage  
--------------------------------------------------------------------------------
ship                     82,131       31.09%
small-vehicle            63,156       23.91%
large-vehicle            45,972       17.40%
plane                    20,023        7.58%
harbor                   17,028        6.45%
storage-tank             14,971        5.67%
tennis-court              6,149        2.33%
swimming-pool             4,273        1.62%
bridge                    4,122        1.56%
helicopter                1,286        0.49%
basketball-court          1,269        0.48%
baseball-diamond          1,120        0.42%
roundabout                1,017        0.38%
soccer-ball-field           874        0.33%
ground-track-field          785        0.30%
--------------------------------------------------------------------------------

Imbalance Ratio (max/min): 104.63x
Most frequent class: ship (82,131 instances)
Least frequent class: ground-track-field (785 instances)

Class weighting disabled (loss_type=cross_entropy)

Loss configuration: cross_entropy


Training configuration created:
  Model type: rotated_faster_rcnn
  Experiment timestamp: 20260901-095802
  Number of classes: 15
  Batch size: 2
  Learning rate: 0.005
  Epochs: 36

Creating collate functions...
  - Training: no Albumentations augmentation (flips: horizontal, vertical, diagonal; rotate off)
  - Validation: no augmentation

Creating data loaders...
Training samples: 13691
Validation samples: 3121
Batches per epoch: 6846

Creating model...
Using device: cuda

Complete ROTATED_FASTER_RCNN model created:
  Backbone: resnet50
  Number of classes: 15 (foreground)
  Pretrained backbone: True
  Trainable backbone layers: 3 (last 3 stages) (frozen_stages=1)
  RPN anchor reference angles (fixed horizontal priors, not configurable): ['0.0°']
  Anchor scales: [8]
  Anchor ratios: [0.5, 1.0, 2.0]
  FPN strides: [4, 8, 16, 32, 64]
  FPN levels: 5 (P2, P3, P4, P5, P6)
  ROI Loss Type: cross_entropy

  Total parameters: 41,310,436
  Trainable parameters: 41,088,036

Configuration saved to: /home/jeffaudi/oriented-det/runs/rotated_faster_rcnn/20260901-095802/config.json

Learning rate warmup enabled: 500 optimizer steps
  Warmup: 0 → 0.005 over 500 steps
  After warmup: MultiStepLR at epochs [24, 33], gamma=0.1

Experiment directory: /home/jeffaudi/oriented-det/runs/rotated_faster_rcnn/20260901-095802
TensorBoard logging enabled. Logs saved to: /home/jeffaudi/oriented-det/runs/rotated_faster_rcnn/20260901-095802
View logs with: tensorboard --logdir /home/jeffaudi/oriented-det/runs/rotated_faster_rcnn
View this experiment with: tensorboard --logdir /home/jeffaudi/oriented-det/runs/rotated_faster_rcnn/20260901-095802

Training configuration:
  Epochs: 36
  Learning rate: 0.005000
  Batch size per GPU: 2
  Gradient accumulation: 1
  Best checkpoint metric: mAP (higher_is_better=True)
  Effective batch size: 2
  Mixed precision: False
  Eval (mAP / val matching): score_threshold=0.05, iou_threshold=0.5 (production.score_threshold overrides evaluation when set)
  Eval IoU backend (mAP / GT cover): exact CPU polygon
  Eval IoU backend (final mAP): exact CPU polygon

Starting training from scratch (no checkpoint loaded)

Starting epoch: 0

Profiling disabled

================================================================================
Starting training...
================================================================================
TensorBoard: tensorboard --logdir /home/jeffaudi/oriented-det/runs/rotated_faster_rcnn
================================================================================

Training started at: 2026-09-01T09:58:40+00:00

Epoch 1/36
--------------------------------------------------
/home/jeffaudi/.pyenv/versions/3.12.12/envs/oriented-det/lib/python3.12/site-packages/torch/nn/modules/conv.py:456: UserWarning: Plan failed with a cudnnException: CUDNN_BACKEND_EXECUTION_PLAN_DESCRIPTOR: cudnnFinalize Descriptor Failed cudnn_status: CUDNN_STATUS_NOT_SUPPORTED (Triggered internally at ../aten/src/ATen/native/cudnn/Conv_v8.cpp:919.)
  return F.conv2d(input, weight, bias, self.stride,
Epoch 1/36 complete: 6846/6846 batches, loss: 0.7317
  Effective LR: ref=5.000e-03 (0=5.000e-03)
  ROI hints: pos=96.2, bg=593.8, ignore=0.0, sampled_fg=61.5, sampled_bg=433.2, matched_gt=15.2, match_rate=84.26%
Validation complete: 1561 batches
Validation Metrics:
--------------------------------------------------
  Eval thresholds (mAP / matching): score≥0.0500, IoU≥0.50
  Avg Detections per Image (score≥0.0500): 27.66
  Avg Detections per Image (score≥0.5): 13.69
  Max detection score: 1.000
  Mean detection score: 0.513
  Time per Step: 0.2771
  Accuracy / GT cover: (skipped — computed on mAP epochs)
  Ground Truth objects: 57768
  mAP: (skipped)
  Ground Truth Classes: 15 classes
  Predicted Classes: 15 classes
  Timing: 56m 50s this epoch (avg 56m 50s) | ETA ~1d 9h 9m for 35 epoch(s) left, mAP every 4 epoch(s).

Epoch 2/36
--------------------------------------------------
Epoch 2/36 complete: 6846/6846 batches, loss: 0.6471
  Effective LR: ref=5.000e-03 (0=5.000e-03)
  ROI hints: pos=101.4, bg=546.0, ignore=0.0, sampled_fg=65.0, sampled_bg=417.5, matched_gt=16.0, match_rate=88.29%
Validation complete: 1561 batches
Validation Metrics:
--------------------------------------------------
  Eval thresholds (mAP / matching): score≥0.0500, IoU≥0.50
  Avg Detections per Image (score≥0.0500): 29.25  ↑1.60
  Avg Detections per Image (score≥0.5): 15.07  ↑1.38
  Max detection score: 1.000
  Mean detection score: 0.552
  Time per Step: 0.2772  ↓0.0001
  Accuracy / GT cover: (skipped — computed on mAP epochs)
  Ground Truth objects: 57768
  mAP: (skipped)
  Ground Truth Classes: 15 classes
  Predicted Classes: 15 classes
  Timing: 54m 55s this epoch (avg 55m 52s) | ETA ~1d 7h 39m for 34 epoch(s) left, mAP every 4 epoch(s).

Epoch 3/36
--------------------------------------------------
Epoch 3/36 complete: 6846/6846 batches, loss: 0.6028
  Effective LR: ref=5.000e-03 (0=5.000e-03)
  ROI hints: pos=102.6, bg=519.9, ignore=0.0, sampled_fg=66.5, sampled_bg=406.6, matched_gt=16.4, match_rate=90.18%
Validation complete: 1561 batches
Validation Metrics:
--------------------------------------------------
  Eval thresholds (mAP / matching): score≥0.0500, IoU≥0.50
  Avg Detections per Image (score≥0.0500): 27.73  ↓1.52
  Avg Detections per Image (score≥0.5): 14.92  ↓0.15
  Max detection score: 1.000
  Mean detection score: 0.588
  Time per Step: 0.2735  ↑0.0037
  Accuracy / GT cover: (skipped — computed on mAP epochs)
  Ground Truth objects: 57768
  mAP: (skipped)
  Ground Truth Classes: 15 classes
  Predicted Classes: 15 classes
  Timing: 53m 51s this epoch (avg 55m 12s) | ETA ~1d 6h 21m for 33 epoch(s) left, mAP every 4 epoch(s).

Epoch 4/36
--------------------------------------------------
Epoch 4/36 complete: 6846/6846 batches, loss: 0.5726
  Effective LR: ref=5.000e-03 (0=5.000e-03)
  ROI hints: pos=103.0, bg=503.5, ignore=0.0, sampled_fg=67.4, sampled_bg=399.2, matched_gt=16.7, match_rate=91.33%

Computing mAP (periodic evaluation: every 4 epoch(s))...
Validation complete: 1561 batches

Computing mAP (this may take a while)...
  Eval filters: score≥0.0500, IoU≥0.50
  Images: 3,121
  Total detections (post score filter): 75,119 (24.1 per image)
  Total ground truths: 57,768 (18.5 per image)
  Warning: Large number of detections may slow down mAP computation
  Consider increasing evaluation.score_threshold (current: 0.05) for faster mAP matching
mAP: exact rotated IoU on CPU (backend='shapely'; GPU sampling IoU disabled)
  Computing AP for baseball-diamond: 518 dets, 364 GTs (188,552 IoU calculations)
  Computing AP for basketball-court: 461 dets, 278 GTs (128,158 IoU calculations)
  Computing AP for bridge: 1,390 dets, 666 GTs (925,740 IoU calculations)
  Computing AP for ground-track-field: 473 dets, 216 GTs (102,168 IoU calculations)
  WARNING: harbor has 21,984,270 IoU calculations (5,115 dets × 4,298 GTs). This will be slow!
  Computing AP for harbor: 5,115 dets, 4,298 GTs (21,984,270 IoU calculations)
    Using chunked batch IoU computation (CPU exact (shapely)) for harbor (21,984,270 calculations)
    Processing 5,115 detections in chunks of 1,163
  WARNING: large-vehicle has 117,033,294 IoU calculations (12,453 dets × 9,398 GTs). This will be slow!
  Computing AP for large-vehicle: 12,453 dets, 9,398 GTs (117,033,294 IoU calculations)
    Using chunked batch IoU computation (CPU exact (shapely)) for large-vehicle (117,033,294 calculations)
    Processing 12,453 detections in chunks of 532
  WARNING: plane has 24,979,680 IoU calculations (5,280 dets × 4,731 GTs). This will be slow!
  Computing AP for plane: 5,280 dets, 4,731 GTs (24,979,680 IoU calculations)
    Using chunked batch IoU computation (CPU exact (shapely)) for plane (24,979,680 calculations)
    Processing 5,280 detections in chunks of 1,056
  Computing AP for roundabout: 1,111 dets, 256 GTs (284,416 IoU calculations)
  WARNING: ship has 376,610,880 IoU calculations (20,320 dets × 18,534 GTs). This will be slow!
  Computing AP for ship: 20,320 dets, 18,534 GTs (376,610,880 IoU calculations)
    Using chunked batch IoU computation (CPU exact (shapely)) for ship (376,610,880 calculations)
    Processing 20,320 detections in chunks of 269
  WARNING: small-vehicle has 229,740,753 IoU calculations (20,229 dets × 11,357 GTs). This will be slow!
  Computing AP for small-vehicle: 20,229 dets, 11,357 GTs (229,740,753 IoU calculations)
    Using chunked batch IoU computation (CPU exact (shapely)) for small-vehicle (229,740,753 calculations)
    Processing 20,229 detections in chunks of 440
  Computing AP for soccer-ball-field: 636 dets, 260 GTs (165,360 IoU calculations)
  WARNING: storage-tank has 19,927,791 IoU calculations (3,961 dets × 5,031 GTs). This will be slow!
  Computing AP for storage-tank: 3,961 dets, 5,031 GTs (19,927,791 IoU calculations)
    Using chunked batch IoU computation (CPU exact (shapely)) for storage-tank (19,927,791 calculations)
    Processing 3,961 detections in chunks of 993
  Computing AP for swimming-pool: 1,014 dets, 693 GTs (702,702 IoU calculations)
  Computing AP for tennis-court: 1,999 dets, 1,529 GTs (3,056,471 IoU calculations)
  mAP computation completed in 17m 55s. mAP: 0.7112
Validation Metrics:
--------------------------------------------------
  Eval thresholds (mAP / matching): score≥0.0500, IoU≥0.50
  Avg Detections per Image (score≥0.0500): 26.82  ↓0.92
  Avg Detections per Image (score≥0.5): 15.06  ↑0.14
  Max detection score: 1.000
  Mean detection score: 0.647
  Time per Step: 0.2700  ↑0.0036
  Accuracy: 0.6309 (63.09%)
  Correct Predictions: 47389/75119 (matched detections)
  Ground Truth objects: 57768
  GT covered pre-eval-threshold: 47415/57768
  GT covered post-eval-threshold: 47415/57768
  GT lost by eval-threshold filtering: 0
  GT cover rate pre-eval-threshold: 82.08%
  GT cover rate post-eval-threshold: 82.08%
  GT IoU vs raw dets (eval IoU threshold=0.50; per-GT max IoU over all dets / over same-class dets):
    mean best IoU (any class): 0.6436, median: 0.7328
    mean best IoU (correct class): 0.6379, median: 0.7315
    per-class mean best IoU (raw detections):
      | class              | gts | mean_any | mean_same | med_same |
      |--------------------|-----:|----------:|-----------:|----------:|
      | baseball-diamond   | 364 |   0.6611 |    0.6607 |   0.7153 |
      | basketball-court   | 278 |   0.7689 |    0.7538 |   0.7945 |
      | bridge             | 661 |   0.4875 |    0.4812 |   0.5832 |
      | ground-track-field | 215 |   0.7118 |    0.6915 |   0.7534 |
      | harbor             | 4298 |   0.5410 |    0.5359 |   0.5976 |
      | helicopter         | 157 |   0.6451 |    0.5659 |   0.6844 |
      | large-vehicle      | 9398 |   0.6570 |    0.6462 |   0.7098 |
      | plane              | 4731 |   0.7663 |    0.7662 |   0.8179 |
      | roundabout         | 256 |   0.5919 |    0.5855 |   0.6500 |
      | ship               | 18534 |   0.6835 |    0.6811 |   0.7465 |
      | small-vehicle      | 11357 |   0.5970 |    0.5871 |   0.7166 |
      | soccer-ball-field  | 259 |   0.6696 |    0.6361 |   0.7076 |
      | storage-tank       | 5030 |   0.5216 |    0.5203 |   0.7397 |
      | swimming-pool      | 693 |   0.5523 |    0.5522 |   0.6341 |
      | tennis-court       | 1529 |   0.8103 |    0.8051 |   0.8543 |
      | global             | 57760 |   0.6436 |    0.6379 |   0.7315 |
    GTs with IoU≥thresh but no same-class hit (wrong-class / misaligned): 383
    GTs with no detection above IoU thresh (missed / poor loc): 9955
    GTs with 0% best IoU vs any detection (no spatial overlap): 4474 (7.75% of GTs)
    histogram best IoU (any class) [0,0.25)/[0.25,0.5)/[0.5,0.75)/[0.75,1]: 7282/2673/22160/25645
    histogram best IoU (correct class) [0,0.25)/[0.25,0.5)/[0.5,0.75)/[0.75,1]: 7731/2607/21998/25424
  Class-agnostic duplicate rate (post score thresh; IoU≥0.50 vs a higher-score box): micro=1.77% (1331/75119 boxes), macro mean over images with detections=2.84% (3113 images)
  mAP: 0.7112 (71.12%)
  Per-Class AP:
    baseball-diamond: 0.7697 (76.97%)
    basketball-court: 0.8641 (86.41%)
    bridge: 0.4651 (46.51%)
    ground-track-field: 0.7790 (77.90%)
    harbor: 0.5314 (53.14%)
    helicopter: 0.7054 (70.54%)
    large-vehicle: 0.7720 (77.20%)
    plane: 0.9039 (90.39%)
    roundabout: 0.5918 (59.18%)
    ship: 0.8062 (80.62%)
    small-vehicle: 0.6516 (65.16%)
    soccer-ball-field: 0.6714 (67.14%)
    storage-tank: 0.6253 (62.53%)
    swimming-pool: 0.6227 (62.27%)
    tennis-court: 0.9083 (90.83%)
  Ground Truth Classes: 15 classes
  Predicted Classes: 15 classes
  Timing: 1h 12m this epoch (avg 59m 33s) | ETA ~1d 7h 45m for 32 epoch(s) left, mAP every 4 epoch(s).

Epoch 5/36
--------------------------------------------------
Epoch 5/36 complete: 6846/6846 batches, loss: 0.5501
  Effective LR: ref=5.000e-03 (0=5.000e-03)
  ROI hints: pos=102.9, bg=491.5, ignore=0.0, sampled_fg=67.9, sampled_bg=393.7, matched_gt=16.8, match_rate=92.10%
Validation complete: 1561 batches
Validation Metrics:
--------------------------------------------------
  Eval thresholds (mAP / matching): score≥0.0500, IoU≥0.50
  Avg Detections per Image (score≥0.0500): 28.53  ↑1.71
  Avg Detections per Image (score≥0.5): 15.79  ↑0.74
  Max detection score: 1.000
  Mean detection score: 0.559
  Time per Step: 0.2723  ↓0.0023
  Accuracy / GT cover: (skipped — computed on mAP epochs)
  Ground Truth objects: 57768
  mAP: (skipped)
  Ground Truth Classes: 15 classes
  Predicted Classes: 15 classes
  Timing: 53m 27s this epoch (avg 58m 20s) | ETA ~1d 6h 8m for 31 epoch(s) left, mAP every 4 epoch(s).

Epoch 6/36
--------------------------------------------------
Epoch 6/36 complete: 6846/6846 batches, loss: 0.5327
  Effective LR: ref=5.000e-03 (0=5.000e-03)
  ROI hints: pos=102.8, bg=482.6, ignore=0.0, sampled_fg=68.3, sampled_bg=389.2, matched_gt=17.0, match_rate=92.68%
Validation complete: 1561 batches
Validation Metrics:
--------------------------------------------------
  Eval thresholds (mAP / matching): score≥0.0500, IoU≥0.50
  Avg Detections per Image (score≥0.0500): 27.65  ↓0.88
  Avg Detections per Image (score≥0.5): 15.88  ↑0.09
  Max detection score: 1.000
  Mean detection score: 0.698
  Time per Step: 0.2708  ↑0.0015
  Accuracy / GT cover: (skipped — computed on mAP epochs)
  Ground Truth objects: 57768
  mAP: (skipped)
  Ground Truth Classes: 15 classes
  Predicted Classes: 15 classes
  Timing: 52m 59s this epoch (avg 57m 26s) | ETA ~1d 4h 43m for 30 epoch(s) left, mAP every 4 epoch(s).

Epoch 7/36
--------------------------------------------------
Epoch 7/36 complete: 6846/6846 batches, loss: 0.5182
  Effective LR: ref=5.000e-03 (0=5.000e-03)
  ROI hints: pos=102.6, bg=475.3, ignore=0.0, sampled_fg=68.6, sampled_bg=385.5, matched_gt=17.1, match_rate=93.12%
Validation complete: 1561 batches
Validation Metrics:
--------------------------------------------------
  Eval thresholds (mAP / matching): score≥0.0500, IoU≥0.50
  Avg Detections per Image (score≥0.0500): 26.86  ↓0.79
  Avg Detections per Image (score≥0.5): 15.83  ↓0.05
  Max detection score: 1.000
  Mean detection score: 0.690
  Time per Step: 0.2686  ↑0.0021
  Accuracy / GT cover: (skipped — computed on mAP epochs)
  Ground Truth objects: 57768
  mAP: (skipped)
  Ground Truth Classes: 15 classes
  Predicted Classes: 15 classes
  Timing: 52m 38s this epoch (avg 56m 45s) | ETA ~1d 3h 25m for 29 epoch(s) left, mAP every 4 epoch(s).

Epoch 8/36
--------------------------------------------------
Epoch 8/36 complete: 6846/6846 batches, loss: 0.5060
  Effective LR: ref=5.000e-03 (0=5.000e-03)
  ROI hints: pos=102.4, bg=470.0, ignore=0.0, sampled_fg=68.9, sampled_bg=382.4, matched_gt=17.1, match_rate=93.46%

Computing mAP (periodic evaluation: every 4 epoch(s))...
Validation complete: 1561 batches

Computing mAP (this may take a while)...
  Eval filters: score≥0.0500, IoU≥0.50
  Images: 3,121
  Total detections (post score filter): 92,203 (29.5 per image)
  Total ground truths: 57,768 (18.5 per image)
  Warning: Large number of detections may slow down mAP computation
  Consider increasing evaluation.score_threshold (current: 0.05) for faster mAP matching
mAP: exact rotated IoU on CPU (backend='shapely'; GPU sampling IoU disabled)
  Computing AP for baseball-diamond: 484 dets, 364 GTs (176,176 IoU calculations)
  Computing AP for basketball-court: 440 dets, 278 GTs (122,320 IoU calculations)
  Computing AP for bridge: 4,471 dets, 666 GTs (2,977,686 IoU calculations)
  WARNING: harbor has 20,780,830 IoU calculations (4,835 dets × 4,298 GTs). This will be slow!
  Computing AP for harbor: 4,835 dets, 4,298 GTs (20,780,830 IoU calculations)
    Using chunked batch IoU computation (CPU exact (shapely)) for harbor (20,780,830 calculations)
    Processing 4,835 detections in chunks of 1,163
  WARNING: large-vehicle has 114,815,366 IoU calculations (12,217 dets × 9,398 GTs). This will be slow!
  Computing AP for large-vehicle: 12,217 dets, 9,398 GTs (114,815,366 IoU calculations)
    Using chunked batch IoU computation (CPU exact (shapely)) for large-vehicle (114,815,366 calculations)
    Processing 12,217 detections in chunks of 532
  WARNING: plane has 24,165,948 IoU calculations (5,108 dets × 4,731 GTs). This will be slow!
  Computing AP for plane: 5,108 dets, 4,731 GTs (24,165,948 IoU calculations)
    Using chunked batch IoU computation (CPU exact (shapely)) for plane (24,165,948 calculations)
    Processing 5,108 detections in chunks of 1,056
  Computing AP for roundabout: 731 dets, 256 GTs (187,136 IoU calculations)
  WARNING: ship has 409,471,662 IoU calculations (22,093 dets × 18,534 GTs). This will be slow!
  Computing AP for ship: 22,093 dets, 18,534 GTs (409,471,662 IoU calculations)
    Using chunked batch IoU computation (CPU exact (shapely)) for ship (409,471,662 calculations)
    Processing 22,093 detections in chunks of 269
  WARNING: small-vehicle has 361,720,450 IoU calculations (31,850 dets × 11,357 GTs). This will be slow!
  Computing AP for small-vehicle: 31,850 dets, 11,357 GTs (361,720,450 IoU calculations)
    Using chunked batch IoU computation (CPU exact (shapely)) for small-vehicle (361,720,450 calculations)
    Processing 31,850 detections in chunks of 440
  WARNING: storage-tank has 32,173,245 IoU calculations (6,395 dets × 5,031 GTs). This will be slow!
  Computing AP for storage-tank: 6,395 dets, 5,031 GTs (32,173,245 IoU calculations)
    Using chunked batch IoU computation (CPU exact (shapely)) for storage-tank (32,173,245 calculations)
    Processing 6,395 detections in chunks of 993
  Computing AP for swimming-pool: 1,094 dets, 693 GTs (758,142 IoU calculations)
  Computing AP for tennis-court: 1,625 dets, 1,529 GTs (2,484,625 IoU calculations)
  mAP computation completed in 19m 52s. mAP: 0.7321
Validation Metrics:
--------------------------------------------------
  Eval thresholds (mAP / matching): score≥0.0500, IoU≥0.50
  Avg Detections per Image (score≥0.0500): 27.19  ↑0.34
  Avg Detections per Image (score≥0.5): 15.93  ↑0.11
  Max detection score: 1.000
  Mean detection score: 0.591
  Time per Step: 0.2682  ↑0.0005
  Accuracy: 0.5316 (53.16%)
  Correct Predictions: 49012/92203 (matched detections)
  Ground Truth objects: 57768
  GT covered pre-eval-threshold: 49036/57768
  GT covered post-eval-threshold: 49036/57768
  GT lost by eval-threshold filtering: 0
  GT cover rate pre-eval-threshold: 84.88%
  GT cover rate post-eval-threshold: 84.88%
  GT IoU vs raw dets (eval IoU threshold=0.50; per-GT max IoU over all dets / over same-class dets):
    mean best IoU (any class): 0.6725, median: 0.7472
    mean best IoU (correct class): 0.6634, median: 0.7454
    per-class mean best IoU (raw detections):
      | class              | gts | mean_any | mean_same | med_same |
      |--------------------|-----:|----------:|-----------:|----------:|
      | baseball-diamond   | 364 |   0.7115 |    0.7112 |   0.7506 |
      | basketball-court   | 278 |   0.7883 |    0.7882 |   0.8160 |
      | bridge             | 664 |   0.5654 |    0.5632 |   0.6283 |
      | ground-track-field | 216 |   0.7585 |    0.7397 |   0.8040 |
      | harbor             | 4298 |   0.5759 |    0.5687 |   0.6378 |
      | helicopter         | 156 |   0.6363 |    0.2086 |   0.0000 |
      | large-vehicle      | 9398 |   0.6560 |    0.6183 |   0.6977 |
      | plane              | 4731 |   0.7689 |    0.7684 |   0.8248 |
      | roundabout         | 256 |   0.6983 |    0.6960 |   0.7880 |
      | ship               | 18534 |   0.6989 |    0.6982 |   0.7526 |
      | small-vehicle      | 11357 |   0.6613 |    0.6589 |   0.7479 |
      | soccer-ball-field  | 260 |   0.6746 |    0.6408 |   0.7373 |
      | storage-tank       | 5031 |   0.5859 |    0.5854 |   0.7680 |
      | swimming-pool      | 693 |   0.5944 |    0.5910 |   0.6654 |
      | tennis-court       | 1529 |   0.8328 |    0.8276 |   0.8777 |
      | global             | 57765 |   0.6725 |    0.6634 |   0.7454 |
    GTs with IoU≥thresh but no same-class hit (wrong-class / misaligned): 643
    GTs with no detection above IoU thresh (missed / poor loc): 8077
    GTs with 0% best IoU vs any detection (no spatial overlap): 2948 (5.10% of GTs)
    histogram best IoU (any class) [0,0.25)/[0.25,0.5)/[0.5,0.75)/[0.75,1]: 5658/2419/21336/28352
    histogram best IoU (correct class) [0,0.25)/[0.25,0.5)/[0.5,0.75)/[0.75,1]: 6366/2354/21033/28012
  Class-agnostic duplicate rate (post score thresh; IoU≥0.50 vs a higher-score box): micro=1.90% (1753/92203 boxes), macro mean over images with detections=2.42% (3118 images)
  mAP: 0.7321  ↑0.0209 (73.21%)
  Per-Class AP:
    baseball-diamond: 0.8641  ↑0.0944 (86.41%)
    basketball-court: 0.8940  ↑0.0299 (89.40%)
    bridge: 0.4766  ↑0.0115 (47.66%)
    ground-track-field: 0.8577  ↑0.0787 (85.77%)
    harbor: 0.6001  ↑0.0687 (60.01%)
    helicopter: 0.2727  ↓0.4326 (27.27%)
    large-vehicle: 0.7343  ↓0.0376 (73.43%)
    plane: 0.9045  ↑0.0006 (90.45%)
    roundabout: 0.7604  ↑0.1686 (76.04%)
    ship: 0.8894  ↑0.0831 (88.94%)
    small-vehicle: 0.7233  ↑0.0717 (72.33%)
    soccer-ball-field: 0.7598  ↑0.0884 (75.98%)
    storage-tank: 0.6844  ↑0.0591 (68.44%)
    swimming-pool: 0.6520  ↑0.0293 (65.20%)
    tennis-court: 0.9088  ↑0.0005 (90.88%)
  Ground Truth Classes: 15 classes
  Predicted Classes: 15 classes
  Timing: 1h 14m this epoch (avg 58m 58s) | ETA ~1d 3h 31m for 28 epoch(s) left, mAP every 4 epoch(s).

Epoch 9/36
--------------------------------------------------
Epoch 9/36 complete: 6846/6846 batches, loss: 0.4963
  Effective LR: ref=5.000e-03 (0=5.000e-03)
  ROI hints: pos=102.2, bg=465.5, ignore=0.0, sampled_fg=69.1, sampled_bg=379.9, matched_gt=17.2, match_rate=93.75%
Validation complete: 1561 batches
Validation Metrics:
--------------------------------------------------
  Eval thresholds (mAP / matching): score≥0.0500, IoU≥0.50
  Avg Detections per Image (score≥0.0500): 27.23  ↑0.04
  Avg Detections per Image (score≥0.5): 15.93  ↓0.01
  Max detection score: 1.000
  Mean detection score: 0.598
  Time per Step: 0.2679  ↑0.0003
  Accuracy / GT cover: (skipped — computed on mAP epochs)
  Ground Truth objects: 57768
  mAP: (skipped)
  Ground Truth Classes: 15 classes
  Predicted Classes: 15 classes
  Timing: 52m 55s this epoch (avg 58m 18s) | ETA ~1d 2h 13m for 27 epoch(s) left, mAP every 4 epoch(s).

Epoch 10/36
--------------------------------------------------
Epoch 10/36 complete: 6846/6846 batches, loss: 0.4872
  Effective LR: ref=5.000e-03 (0=5.000e-03)
  ROI hints: pos=102.0, bg=461.1, ignore=0.0, sampled_fg=69.2, sampled_bg=377.5, matched_gt=17.2, match_rate=93.99%
Validation complete: 1561 batches
Validation Metrics:
--------------------------------------------------
  Eval thresholds (mAP / matching): score≥0.0500, IoU≥0.50
  Avg Detections per Image (score≥0.0500): 27.74  ↑0.51
  Avg Detections per Image (score≥0.5): 16.05  ↑0.13
  Max detection score: 1.000
  Mean detection score: 0.562
  Time per Step: 0.2677  ↑0.0002
  Accuracy / GT cover: (skipped — computed on mAP epochs)
  Ground Truth objects: 57768
  mAP: (skipped)
  Ground Truth Classes: 15 classes
  Predicted Classes: 15 classes
  Timing: 52m 39s this epoch (avg 57m 44s) | ETA ~1d 1h 0m for 26 epoch(s) left, mAP every 4 epoch(s).

Epoch 11/36
--------------------------------------------------
Epoch 11/36 complete: 6846/6846 batches, loss: 0.4788
  Effective LR: ref=5.000e-03 (0=5.000e-03)
  ROI hints: pos=101.8, bg=457.3, ignore=0.0, sampled_fg=69.4, sampled_bg=375.4, matched_gt=17.3, match_rate=94.19%
Validation complete: 1561 batches
Validation Metrics:
--------------------------------------------------
  Eval thresholds (mAP / matching): score≥0.0500, IoU≥0.50
  Avg Detections per Image (score≥0.0500): 27.04  ↓0.69
  Avg Detections per Image (score≥0.5): 15.90  ↓0.15
  Max detection score: 1.000
  Mean detection score: 0.707
  Time per Step: 0.2663  ↑0.0014
  Accuracy / GT cover: (skipped — computed on mAP epochs)
  Ground Truth objects: 57768
  mAP: (skipped)
  Ground Truth Classes: 15 classes
  Predicted Classes: 15 classes
  Timing: 52m 9s this epoch (avg 57m 13s) | ETA ~23h 50m for 25 epoch(s) left, mAP every 4 epoch(s).

Epoch 12/36
--------------------------------------------------
Epoch 12/36 complete: 6846/6846 batches, loss: 0.4716
  Effective LR: ref=5.000e-03 (0=5.000e-03)
  ROI hints: pos=101.6, bg=454.3, ignore=0.0, sampled_fg=69.6, sampled_bg=373.5, matched_gt=17.3, match_rate=94.38%

Computing mAP (periodic evaluation: every 4 epoch(s))...
Validation complete: 1561 batches

Computing mAP (this may take a while)...
  Eval filters: score≥0.0500, IoU≥0.50
  Images: 3,121
  Total detections (post score filter): 74,766 (24.0 per image)
  Total ground truths: 57,768 (18.5 per image)
  Warning: Large number of detections may slow down mAP computation
  Consider increasing evaluation.score_threshold (current: 0.05) for faster mAP matching
mAP: exact rotated IoU on CPU (backend='shapely'; GPU sampling IoU disabled)
  Computing AP for baseball-diamond: 694 dets, 364 GTs (252,616 IoU calculations)
  Computing AP for basketball-court: 431 dets, 278 GTs (119,818 IoU calculations)
  Computing AP for bridge: 1,594 dets, 666 GTs (1,061,604 IoU calculations)
  Computing AP for ground-track-field: 517 dets, 216 GTs (111,672 IoU calculations)
  WARNING: harbor has 21,429,828 IoU calculations (4,986 dets × 4,298 GTs). This will be slow!
  Computing AP for harbor: 4,986 dets, 4,298 GTs (21,429,828 IoU calculations)
    Using chunked batch IoU computation (CPU exact (shapely)) for harbor (21,429,828 calculations)
    Processing 4,986 detections in chunks of 1,163
  WARNING: large-vehicle has 114,307,874 IoU calculations (12,163 dets × 9,398 GTs). This will be slow!
  Computing AP for large-vehicle: 12,163 dets, 9,398 GTs (114,307,874 IoU calculations)
    Using chunked batch IoU computation (CPU exact (shapely)) for large-vehicle (114,307,874 calculations)
    Processing 12,163 detections in chunks of 532
  WARNING: plane has 23,423,181 IoU calculations (4,951 dets × 4,731 GTs). This will be slow!
  Computing AP for plane: 4,951 dets, 4,731 GTs (23,423,181 IoU calculations)
    Using chunked batch IoU computation (CPU exact (shapely)) for plane (23,423,181 calculations)
    Processing 4,951 detections in chunks of 1,056
  WARNING: ship has 372,626,070 IoU calculations (20,105 dets × 18,534 GTs). This will be slow!
  Computing AP for ship: 20,105 dets, 18,534 GTs (372,626,070 IoU calculations)
    Using chunked batch IoU computation (CPU exact (shapely)) for ship (372,626,070 calculations)
    Processing 20,105 detections in chunks of 269
  WARNING: small-vehicle has 247,548,529 IoU calculations (21,797 dets × 11,357 GTs). This will be slow!
  Computing AP for small-vehicle: 21,797 dets, 11,357 GTs (247,548,529 IoU calculations)
    Using chunked batch IoU computation (CPU exact (shapely)) for small-vehicle (247,548,529 calculations)
    Processing 21,797 detections in chunks of 440
  Computing AP for soccer-ball-field: 544 dets, 260 GTs (141,440 IoU calculations)
  WARNING: storage-tank has 19,459,908 IoU calculations (3,868 dets × 5,031 GTs). This will be slow!
  Computing AP for storage-tank: 3,868 dets, 5,031 GTs (19,459,908 IoU calculations)
    Using chunked batch IoU computation (CPU exact (shapely)) for storage-tank (19,459,908 calculations)
    Processing 3,868 detections in chunks of 993
  Computing AP for swimming-pool: 933 dets, 693 GTs (646,569 IoU calculations)
  Computing AP for tennis-court: 1,685 dets, 1,529 GTs (2,576,365 IoU calculations)
  mAP computation completed in 18m 25s. mAP: 0.7894
Validation Metrics:
--------------------------------------------------
  Eval thresholds (mAP / matching): score≥0.0500, IoU≥0.50
  Avg Detections per Image (score≥0.0500): 26.79  ↓0.26
  Avg Detections per Image (score≥0.5): 15.98  ↑0.08
  Max detection score: 1.000
  Mean detection score: 0.711
  Time per Step: 0.2657  ↑0.0006
  Accuracy: 0.6617 (66.17%)
  Correct Predictions: 49474/74766 (matched detections)
  Ground Truth objects: 57768
  GT covered pre-eval-threshold: 49495/57768
  GT covered post-eval-threshold: 49495/57768
  GT lost by eval-threshold filtering: 0
  GT cover rate pre-eval-threshold: 85.68%
  GT cover rate post-eval-threshold: 85.68%
  GT IoU vs raw dets (eval IoU threshold=0.50; per-GT max IoU over all dets / over same-class dets):
    mean best IoU (any class): 0.6710, median: 0.7493
    mean best IoU (correct class): 0.6661, median: 0.7483
    per-class mean best IoU (raw detections):
      | class              | gts | mean_any | mean_same | med_same |
      |--------------------|-----:|----------:|-----------:|----------:|
      | baseball-diamond   | 364 |   0.7325 |    0.7321 |   0.7670 |
      | basketball-court   | 278 |   0.8243 |    0.8232 |   0.8391 |
      | bridge             | 664 |   0.5993 |    0.5971 |   0.6678 |
      | ground-track-field | 216 |   0.7753 |    0.7682 |   0.8254 |
      | harbor             | 4298 |   0.6240 |    0.6202 |   0.6845 |
      | helicopter         | 157 |   0.6999 |    0.6595 |   0.7303 |
      | large-vehicle      | 9398 |   0.6976 |    0.6901 |   0.7453 |
      | plane              | 4731 |   0.7889 |    0.7888 |   0.8384 |
      | roundabout         | 256 |   0.6942 |    0.6938 |   0.8028 |
      | ship               | 18532 |   0.6770 |    0.6761 |   0.7371 |
      | small-vehicle      | 11357 |   0.6427 |    0.6287 |   0.7427 |
      | soccer-ball-field  | 260 |   0.7314 |    0.7182 |   0.7642 |
      | storage-tank       | 5022 |   0.5449 |    0.5448 |   0.7578 |
      | swimming-pool      | 693 |   0.5826 |    0.5825 |   0.6540 |
      | tennis-court       | 1529 |   0.8241 |    0.8175 |   0.8483 |
      | global             | 57755 |   0.6710 |    0.6661 |   0.7483 |
    GTs with IoU≥thresh but no same-class hit (wrong-class / misaligned): 345
    GTs with no detection above IoU thresh (missed / poor loc): 7913
    GTs with 0% best IoU vs any detection (no spatial overlap): 3830 (6.63% of GTs)
    histogram best IoU (any class) [0,0.25)/[0.25,0.5)/[0.5,0.75)/[0.75,1]: 6076/1837/21105/28737
    histogram best IoU (correct class) [0,0.25)/[0.25,0.5)/[0.5,0.75)/[0.75,1]: 6468/1790/20959/28538
  Class-agnostic duplicate rate (post score thresh; IoU≥0.50 vs a higher-score box): micro=1.79% (1339/74766 boxes), macro mean over images with detections=2.85% (3114 images)
  mAP: 0.7894  ↑0.0572 (78.94%)
  Per-Class AP:
    baseball-diamond: 0.8719  ↑0.0078 (87.19%)
    basketball-court: 0.8986  ↑0.0045 (89.86%)
    bridge: 0.5935  ↑0.1169 (59.35%)
    ground-track-field: 0.8723  ↑0.0146 (87.23%)
    harbor: 0.6743  ↑0.0742 (67.43%)
    helicopter: 0.8147  ↑0.5420 (81.47%)
    large-vehicle: 0.8665  ↑0.1322 (86.65%)
    plane: 0.9071  ↑0.0026 (90.71%)
    roundabout: 0.7776  ↑0.0172 (77.76%)
    ship: 0.8007  ↓0.0886 (80.07%)
    small-vehicle: 0.7181  ↓0.0051 (71.81%)
    soccer-ball-field: 0.8385  ↑0.0787 (83.85%)
    storage-tank: 0.6320  ↓0.0524 (63.20%)
    swimming-pool: 0.6654  ↑0.0134 (66.54%)
    tennis-court: 0.9091  ↑0.0003 (90.91%)
  Ground Truth Classes: 15 classes
  Predicted Classes: 15 classes
  Timing: 1h 12m this epoch (avg 58m 28s) | ETA ~23h 23m for 24 epoch(s) left, mAP every 4 epoch(s).

Epoch 13/36
--------------------------------------------------
Epoch 13/36 complete: 6846/6846 batches, loss: 0.4649
  Effective LR: ref=5.000e-03 (0=5.000e-03)
  ROI hints: pos=101.5, bg=451.5, ignore=0.0, sampled_fg=69.7, sampled_bg=371.9, matched_gt=17.4, match_rate=94.55%
Validation complete: 1561 batches
Validation Metrics:
--------------------------------------------------
  Eval thresholds (mAP / matching): score≥0.0500, IoU≥0.50
  Avg Detections per Image (score≥0.0500): 26.52  ↓0.26
  Avg Detections per Image (score≥0.5): 16.01  ↑0.03
  Max detection score: 1.000
  Mean detection score: 0.695
  Time per Step: 0.2653  ↑0.0003
  Accuracy / GT cover: (skipped — computed on mAP epochs)
  Ground Truth objects: 57768
  mAP: (skipped)
  Ground Truth Classes: 15 classes
  Predicted Classes: 15 classes
  Timing: 52m 20s this epoch (avg 58m 0s) | ETA ~22h 13m for 23 epoch(s) left, mAP every 4 epoch(s).

Epoch 14/36
--------------------------------------------------
Epoch 14/36 complete: 6846/6846 batches, loss: 0.4586
  Effective LR: ref=5.000e-03 (0=5.000e-03)
  ROI hints: pos=101.2, bg=449.0, ignore=0.0, sampled_fg=69.8, sampled_bg=370.3, matched_gt=17.4, match_rate=94.70%
Validation complete: 1561 batches
Validation Metrics:
--------------------------------------------------
  Eval thresholds (mAP / matching): score≥0.0500, IoU≥0.50
  Avg Detections per Image (score≥0.0500): 26.05  ↓0.47
  Avg Detections per Image (score≥0.5): 15.97  ↓0.04
  Max detection score: 1.000
  Mean detection score: 0.758
  Time per Step: 0.2645  ↑0.0009
  Accuracy / GT cover: (skipped — computed on mAP epochs)
  Ground Truth objects: 57768
  mAP: (skipped)
  Ground Truth Classes: 15 classes
  Predicted Classes: 15 classes
  Timing: 52m 4s this epoch (avg 57m 34s) | ETA ~21h 6m for 22 epoch(s) left, mAP every 4 epoch(s).

Epoch 15/36
--------------------------------------------------
Epoch 15/36 complete: 6846/6846 batches, loss: 0.4533
  Effective LR: ref=5.000e-03 (0=5.000e-03)
  ROI hints: pos=101.0, bg=446.9, ignore=0.0, sampled_fg=69.9, sampled_bg=369.1, matched_gt=17.4, match_rate=94.83%
Validation complete: 1561 batches
Validation Metrics:
--------------------------------------------------
  Eval thresholds (mAP / matching): score≥0.0500, IoU≥0.50
  Avg Detections per Image (score≥0.0500): 25.92  ↓0.13
  Avg Detections per Image (score≥0.5): 16.02  ↑0.05
  Max detection score: 1.000
  Mean detection score: 0.700
  Time per Step: 0.2640  ↑0.0005
  Accuracy / GT cover: (skipped — computed on mAP epochs)
  Ground Truth objects: 57768
  mAP: (skipped)
  Ground Truth Classes: 15 classes
  Predicted Classes: 15 classes
  Timing: 52m 15s this epoch (avg 57m 13s) | ETA ~20h 1m for 21 epoch(s) left, mAP every 4 epoch(s).

Epoch 16/36
--------------------------------------------------
Epoch 16/36 complete: 6846/6846 batches, loss: 0.4481
  Effective LR: ref=5.000e-03 (0=5.000e-03)
  ROI hints: pos=100.9, bg=444.8, ignore=0.0, sampled_fg=70.0, sampled_bg=367.8, matched_gt=17.5, match_rate=94.95%

Computing mAP (periodic evaluation: every 4 epoch(s))...
Validation complete: 1561 batches

Computing mAP (this may take a while)...
  Eval filters: score≥0.0500, IoU≥0.50
  Images: 3,121
  Total detections (post score filter): 78,457 (25.1 per image)
  Total ground truths: 57,768 (18.5 per image)
  Warning: Large number of detections may slow down mAP computation
  Consider increasing evaluation.score_threshold (current: 0.05) for faster mAP matching
mAP: exact rotated IoU on CPU (backend='shapely'; GPU sampling IoU disabled)
  Computing AP for baseball-diamond: 612 dets, 364 GTs (222,768 IoU calculations)
  Computing AP for basketball-court: 527 dets, 278 GTs (146,506 IoU calculations)
  Computing AP for bridge: 2,780 dets, 666 GTs (1,851,480 IoU calculations)
  WARNING: harbor has 23,780,834 IoU calculations (5,533 dets × 4,298 GTs). This will be slow!
  Computing AP for harbor: 5,533 dets, 4,298 GTs (23,780,834 IoU calculations)
    Using chunked batch IoU computation (CPU exact (shapely)) for harbor (23,780,834 calculations)
    Processing 5,533 detections in chunks of 1,163
  WARNING: large-vehicle has 107,945,428 IoU calculations (11,486 dets × 9,398 GTs). This will be slow!
  Computing AP for large-vehicle: 11,486 dets, 9,398 GTs (107,945,428 IoU calculations)
    Using chunked batch IoU computation (CPU exact (shapely)) for large-vehicle (107,945,428 calculations)
    Processing 11,486 detections in chunks of 532
  WARNING: plane has 49,741,734 IoU calculations (10,514 dets × 4,731 GTs). This will be slow!
  Computing AP for plane: 10,514 dets, 4,731 GTs (49,741,734 IoU calculations)
    Using chunked batch IoU computation (CPU exact (shapely)) for plane (49,741,734 calculations)
    Processing 10,514 detections in chunks of 1,056
  Computing AP for roundabout: 418 dets, 256 GTs (107,008 IoU calculations)
  WARNING: ship has 408,563,496 IoU calculations (22,044 dets × 18,534 GTs). This will be slow!
  Computing AP for ship: 22,044 dets, 18,534 GTs (408,563,496 IoU calculations)
    Using chunked batch IoU computation (CPU exact (shapely)) for ship (408,563,496 calculations)
    Processing 22,044 detections in chunks of 269
  WARNING: small-vehicle has 183,949,329 IoU calculations (16,197 dets × 11,357 GTs). This will be slow!
  Computing AP for small-vehicle: 16,197 dets, 11,357 GTs (183,949,329 IoU calculations)
    Using chunked batch IoU computation (CPU exact (shapely)) for small-vehicle (183,949,329 calculations)
    Processing 16,197 detections in chunks of 440
  Computing AP for soccer-ball-field: 666 dets, 260 GTs (173,160 IoU calculations)
  WARNING: storage-tank has 21,582,990 IoU calculations (4,290 dets × 5,031 GTs). This will be slow!
  Computing AP for storage-tank: 4,290 dets, 5,031 GTs (21,582,990 IoU calculations)
    Using chunked batch IoU computation (CPU exact (shapely)) for storage-tank (21,582,990 calculations)
    Processing 4,290 detections in chunks of 993
  Computing AP for swimming-pool: 996 dets, 693 GTs (690,228 IoU calculations)
  Computing AP for tennis-court: 1,644 dets, 1,529 GTs (2,513,676 IoU calculations)
  mAP computation completed in 19m 32s. mAP: 0.7956
Validation Metrics:
--------------------------------------------------
  Eval thresholds (mAP / matching): score≥0.0500, IoU≥0.50
  Avg Detections per Image (score≥0.0500): 25.87  ↓0.05
  Avg Detections per Image (score≥0.5): 16.04  ↑0.02
  Max detection score: 1.000
  Mean detection score: 0.656
  Time per Step: 0.2635  ↑0.0004
  Accuracy: 0.6272 (62.72%)
  Correct Predictions: 49206/78457 (matched detections)
  Ground Truth objects: 57768
  GT covered pre-eval-threshold: 49231/57768
  GT covered post-eval-threshold: 49231/57768
  GT lost by eval-threshold filtering: 0
  GT cover rate pre-eval-threshold: 85.22%
  GT cover rate post-eval-threshold: 85.22%
  GT IoU vs raw dets (eval IoU threshold=0.50; per-GT max IoU over all dets / over same-class dets):
    mean best IoU (any class): 0.6754, median: 0.7604
    mean best IoU (correct class): 0.6714, median: 0.7598
    per-class mean best IoU (raw detections):
      | class              | gts | mean_any | mean_same | med_same |
      |--------------------|-----:|----------:|-----------:|----------:|
      | baseball-diamond   | 364 |   0.7327 |    0.7320 |   0.7649 |
      | basketball-court   | 278 |   0.8107 |    0.8104 |   0.8304 |
      | bridge             | 666 |   0.5796 |    0.5790 |   0.6279 |
      | ground-track-field | 216 |   0.7792 |    0.7664 |   0.8109 |
      | harbor             | 4298 |   0.6200 |    0.6142 |   0.6849 |
      | helicopter         | 157 |   0.6896 |    0.6503 |   0.7016 |
      | large-vehicle      | 9398 |   0.6775 |    0.6718 |   0.7349 |
      | plane              | 4731 |   0.7951 |    0.7951 |   0.8332 |
      | roundabout         | 256 |   0.7273 |    0.7179 |   0.8142 |
      | ship               | 18534 |   0.7086 |    0.7078 |   0.7723 |
      | small-vehicle      | 11357 |   0.6281 |    0.6180 |   0.7371 |
      | soccer-ball-field  | 260 |   0.7302 |    0.7220 |   0.7811 |
      | storage-tank       | 5031 |   0.5463 |    0.5459 |   0.7767 |
      | swimming-pool      | 693 |   0.6038 |    0.6030 |   0.6797 |
      | tennis-court       | 1529 |   0.8234 |    0.8210 |   0.8596 |
      | global             | 57768 |   0.6754 |    0.6714 |   0.7598 |
    GTs with IoU≥thresh but no same-class hit (wrong-class / misaligned): 276
    GTs with no detection above IoU thresh (missed / poor loc): 8261
    GTs with 0% best IoU vs any detection (no spatial overlap): 4067 (7.04% of GTs)
    histogram best IoU (any class) [0,0.25)/[0.25,0.5)/[0.5,0.75)/[0.75,1]: 6227/2034/18605/30902
    histogram best IoU (correct class) [0,0.25)/[0.25,0.5)/[0.5,0.75)/[0.75,1]: 6539/1998/18467/30764
  Class-agnostic duplicate rate (post score thresh; IoU≥0.50 vs a higher-score box): micro=1.62% (1274/78457 boxes), macro mean over images with detections=2.36% (3121 images)
  mAP: 0.7956  ↑0.0062 (79.56%)
  Per-Class AP:
    baseball-diamond: 0.8839  ↑0.0120 (88.39%)
    basketball-court: 0.9076  ↑0.0091 (90.76%)
    bridge: 0.5793  ↓0.0142 (57.93%)
    ground-track-field: 0.8899  ↑0.0177 (88.99%)
    harbor: 0.6438  ↓0.0305 (64.38%)
    helicopter: 0.8386  ↑0.0239 (83.86%)
    large-vehicle: 0.7648  ↓0.1017 (76.48%)
    plane: 0.9076  ↑0.0005 (90.76%)
    roundabout: 0.7864  ↑0.0088 (78.64%)
    ship: 0.8763  ↑0.0755 (87.63%)
    small-vehicle: 0.7488  ↑0.0307 (74.88%)
    soccer-ball-field: 0.8524  ↑0.0139 (85.24%)
    storage-tank: 0.6312  ↓0.0008 (63.12%)
    swimming-pool: 0.7139  ↑0.0485 (71.39%)
    tennis-court: 0.9091  →0.0000 (90.91%)
  Ground Truth Classes: 15 classes
  Predicted Classes: 15 classes
  Timing: 1h 12m this epoch (avg 58m 12s) | ETA ~19h 24m for 20 epoch(s) left, mAP every 4 epoch(s).

Epoch 17/36
--------------------------------------------------
Epoch 17/36 complete: 6846/6846 batches, loss: 0.4431
  Effective LR: ref=5.000e-03 (0=5.000e-03)
  ROI hints: pos=100.7, bg=443.0, ignore=0.0, sampled_fg=70.1, sampled_bg=366.6, matched_gt=17.5, match_rate=95.05%
Validation complete: 1561 batches
Validation Metrics:
--------------------------------------------------
  Eval thresholds (mAP / matching): score≥0.0500, IoU≥0.50
  Avg Detections per Image (score≥0.0500): 25.71  ↓0.17
  Avg Detections per Image (score≥0.5): 16.06  ↑0.02
  Max detection score: 1.000
  Mean detection score: 0.706
  Time per Step: 0.2632  ↑0.0004
  Accuracy / GT cover: (skipped — computed on mAP epochs)
  Ground Truth objects: 57768
  mAP: (skipped)
  Ground Truth Classes: 15 classes
  Predicted Classes: 15 classes
  Timing: 52m 4s this epoch (avg 57m 50s) | ETA ~18h 18m for 19 epoch(s) left, mAP every 4 epoch(s).

Epoch 18/36
--------------------------------------------------
Epoch 18/36 complete: 6846/6846 batches, loss: 0.4387
  Effective LR: ref=5.000e-03 (0=5.000e-03)
  ROI hints: pos=100.6, bg=441.4, ignore=0.0, sampled_fg=70.2, sampled_bg=365.6, matched_gt=17.5, match_rate=95.15%
Validation complete: 1561 batches
Validation Metrics:
--------------------------------------------------
  Eval thresholds (mAP / matching): score≥0.0500, IoU≥0.50
  Avg Detections per Image (score≥0.0500): 26.18  ↑0.48
  Avg Detections per Image (score≥0.5): 16.10  ↑0.04
  Max detection score: 1.000
  Mean detection score: 0.535
  Time per Step: 0.2630  ↑0.0002
  Accuracy / GT cover: (skipped — computed on mAP epochs)
  Ground Truth objects: 57768
  mAP: (skipped)
  Ground Truth Classes: 15 classes
  Predicted Classes: 15 classes
  Timing: 52m 16s this epoch (avg 57m 32s) | ETA ~17h 15m for 18 epoch(s) left, mAP every 4 epoch(s).

Epoch 19/36
--------------------------------------------------
Epoch 19/36 complete: 6846/6846 batches, loss: 0.4348
  Effective LR: ref=5.000e-03 (0=5.000e-03)
  ROI hints: pos=100.4, bg=440.0, ignore=0.0, sampled_fg=70.2, sampled_bg=364.8, matched_gt=17.5, match_rate=95.24%
Validation complete: 1561 batches
Validation Metrics:
--------------------------------------------------
  Eval thresholds (mAP / matching): score≥0.0500, IoU≥0.50
  Avg Detections per Image (score≥0.0500): 26.12  ↓0.06
  Avg Detections per Image (score≥0.5): 16.14  ↑0.04
  Max detection score: 1.000
  Mean detection score: 0.681
  Time per Step: 0.2627  ↑0.0003
  Accuracy / GT cover: (skipped — computed on mAP epochs)
  Ground Truth objects: 57768
  mAP: (skipped)
  Ground Truth Classes: 15 classes
  Predicted Classes: 15 classes
  Timing: 52m 10s this epoch (avg 57m 15s) | ETA ~16h 13m for 17 epoch(s) left, mAP every 4 epoch(s).

Epoch 20/36
--------------------------------------------------
Epoch 20/36 complete: 6846/6846 batches, loss: 0.4310
  Effective LR: ref=5.000e-03 (0=5.000e-03)
  ROI hints: pos=100.3, bg=438.5, ignore=0.0, sampled_fg=70.3, sampled_bg=364.0, matched_gt=17.5, match_rate=95.32%

Computing mAP (periodic evaluation: every 4 epoch(s))...
Validation complete: 1561 batches

Computing mAP (this may take a while)...
  Eval filters: score≥0.0500, IoU≥0.50
  Images: 3,121
  Total detections (post score filter): 88,660 (28.4 per image)
  Total ground truths: 57,768 (18.5 per image)
  Warning: Large number of detections may slow down mAP computation
  Consider increasing evaluation.score_threshold (current: 0.05) for faster mAP matching
mAP: exact rotated IoU on CPU (backend='shapely'; GPU sampling IoU disabled)
  Computing AP for baseball-diamond: 761 dets, 364 GTs (277,004 IoU calculations)
  Computing AP for basketball-court: 498 dets, 278 GTs (138,444 IoU calculations)
  Computing AP for bridge: 2,974 dets, 666 GTs (1,980,684 IoU calculations)
  Computing AP for ground-track-field: 489 dets, 216 GTs (105,624 IoU calculations)
  WARNING: harbor has 20,823,810 IoU calculations (4,845 dets × 4,298 GTs). This will be slow!
  Computing AP for harbor: 4,845 dets, 4,298 GTs (20,823,810 IoU calculations)
    Using chunked batch IoU computation (CPU exact (shapely)) for harbor (20,823,810 calculations)
    Processing 4,845 detections in chunks of 1,163
  WARNING: large-vehicle has 141,204,950 IoU calculations (15,025 dets × 9,398 GTs). This will be slow!
  Computing AP for large-vehicle: 15,025 dets, 9,398 GTs (141,204,950 IoU calculations)
    Using chunked batch IoU computation (CPU exact (shapely)) for large-vehicle (141,204,950 calculations)
    Processing 15,025 detections in chunks of 532
  WARNING: plane has 23,550,918 IoU calculations (4,978 dets × 4,731 GTs). This will be slow!
  Computing AP for plane: 4,978 dets, 4,731 GTs (23,550,918 IoU calculations)
    Using chunked batch IoU computation (CPU exact (shapely)) for plane (23,550,918 calculations)
    Processing 4,978 detections in chunks of 1,056
  Computing AP for roundabout: 452 dets, 256 GTs (115,712 IoU calculations)
  WARNING: ship has 385,507,200 IoU calculations (20,800 dets × 18,534 GTs). This will be slow!
  Computing AP for ship: 20,800 dets, 18,534 GTs (385,507,200 IoU calculations)
    Using chunked batch IoU computation (CPU exact (shapely)) for ship (385,507,200 calculations)
    Processing 20,800 detections in chunks of 269
  WARNING: small-vehicle has 314,554,829 IoU calculations (27,697 dets × 11,357 GTs). This will be slow!
  Computing AP for small-vehicle: 27,697 dets, 11,357 GTs (314,554,829 IoU calculations)
    Using chunked batch IoU computation (CPU exact (shapely)) for small-vehicle (314,554,829 calculations)
    Processing 27,697 detections in chunks of 440
  Computing AP for soccer-ball-field: 700 dets, 260 GTs (182,000 IoU calculations)
  WARNING: storage-tank has 31,740,579 IoU calculations (6,309 dets × 5,031 GTs). This will be slow!
  Computing AP for storage-tank: 6,309 dets, 5,031 GTs (31,740,579 IoU calculations)
    Using chunked batch IoU computation (CPU exact (shapely)) for storage-tank (31,740,579 calculations)
    Processing 6,309 detections in chunks of 993
  Computing AP for swimming-pool: 1,078 dets, 693 GTs (747,054 IoU calculations)
  Computing AP for tennis-court: 1,780 dets, 1,529 GTs (2,721,620 IoU calculations)
  mAP computation completed in 19m 47s. mAP: 0.8244
Validation Metrics:
--------------------------------------------------
  Eval thresholds (mAP / matching): score≥0.0500, IoU≥0.50
  Avg Detections per Image (score≥0.0500): 26.24  ↑0.11
  Avg Detections per Image (score≥0.5): 16.22  ↑0.08
  Max detection score: 1.000
  Mean detection score: 0.645
  Time per Step: 0.2628  ↓0.0000
  Accuracy: 0.5732 (57.32%)
  Correct Predictions: 50824/88660 (matched detections)
  Ground Truth objects: 57768
  GT covered pre-eval-threshold: 50843/57768
  GT covered post-eval-threshold: 50843/57768
  GT lost by eval-threshold filtering: 0
  GT cover rate pre-eval-threshold: 88.01%
  GT cover rate post-eval-threshold: 88.01%
  GT IoU vs raw dets (eval IoU threshold=0.50; per-GT max IoU over all dets / over same-class dets):
    mean best IoU (any class): 0.7015, median: 0.7711
    mean best IoU (correct class): 0.6976, median: 0.7704
    per-class mean best IoU (raw detections):
      | class              | gts | mean_any | mean_same | med_same |
      |--------------------|-----:|----------:|-----------:|----------:|
      | baseball-diamond   | 364 |   0.7562 |    0.7561 |   0.7647 |
      | basketball-court   | 278 |   0.8414 |    0.8403 |   0.8596 |
      | bridge             | 666 |   0.6286 |    0.6282 |   0.6907 |
      | ground-track-field | 216 |   0.7692 |    0.7548 |   0.8142 |
      | harbor             | 4298 |   0.6235 |    0.6198 |   0.6858 |
      | helicopter         | 157 |   0.6802 |    0.6540 |   0.6894 |
      | large-vehicle      | 9397 |   0.7254 |    0.7142 |   0.7626 |
      | plane              | 4731 |   0.7940 |    0.7937 |   0.8396 |
      | roundabout         | 256 |   0.7358 |    0.7305 |   0.8120 |
      | ship               | 18534 |   0.7278 |    0.7269 |   0.7744 |
      | small-vehicle      | 11357 |   0.6593 |    0.6533 |   0.7533 |
      | soccer-ball-field  | 260 |   0.7592 |    0.7571 |   0.8149 |
      | storage-tank       | 5030 |   0.5879 |    0.5869 |   0.7743 |
      | swimming-pool      | 693 |   0.6135 |    0.6135 |   0.6798 |
      | tennis-court       | 1529 |   0.8647 |    0.8616 |   0.8967 |
      | global             | 57766 |   0.7015 |    0.6976 |   0.7704 |
    GTs with IoU≥thresh but no same-class hit (wrong-class / misaligned): 260
    GTs with no detection above IoU thresh (missed / poor loc): 6654
    GTs with 0% best IoU vs any detection (no spatial overlap): 2720 (4.71% of GTs)
    histogram best IoU (any class) [0,0.25)/[0.25,0.5)/[0.5,0.75)/[0.75,1]: 4841/1813/17916/33196
    histogram best IoU (correct class) [0,0.25)/[0.25,0.5)/[0.5,0.75)/[0.75,1]: 5124/1790/17828/33024
  Class-agnostic duplicate rate (post score thresh; IoU≥0.50 vs a higher-score box): micro=1.95% (1727/88660 boxes), macro mean over images with detections=2.78% (3120 images)
  mAP: 0.8244  ↑0.0288 (82.44%)
  Per-Class AP:
    baseball-diamond: 0.8945  ↑0.0107 (89.45%)
    basketball-court: 0.9037  ↓0.0039 (90.37%)
    bridge: 0.6798  ↑0.1005 (67.98%)
    ground-track-field: 0.8907  ↑0.0007 (89.07%)
    harbor: 0.7657  ↑0.1219 (76.57%)
    helicopter: 0.8562  ↑0.0176 (85.62%)
    large-vehicle: 0.8531  ↑0.0883 (85.31%)
    plane: 0.9079  ↑0.0003 (90.79%)
    roundabout: 0.7988  ↑0.0124 (79.88%)
    ship: 0.8892  ↑0.0129 (88.92%)
    small-vehicle: 0.7350  ↓0.0138 (73.50%)
    soccer-ball-field: 0.8440  ↓0.0084 (84.40%)
    storage-tank: 0.6971  ↑0.0659 (69.71%)
    swimming-pool: 0.7410  ↑0.0271 (74.10%)
    tennis-court: 0.9091  →0.0000 (90.91%)
  Ground Truth Classes: 15 classes
  Predicted Classes: 15 classes
  Timing: 1h 13m this epoch (avg 58m 4s) | ETA ~15h 29m for 16 epoch(s) left, mAP every 4 epoch(s).

Epoch 21/36
--------------------------------------------------
Epoch 21/36 complete: 6846/6846 batches, loss: 0.4273
  Effective LR: ref=5.000e-03 (0=5.000e-03)
  ROI hints: pos=100.2, bg=437.3, ignore=0.0, sampled_fg=70.3, sampled_bg=363.2, matched_gt=17.6, match_rate=95.39%
Validation complete: 1561 batches
Validation Metrics:
--------------------------------------------------
  Eval thresholds (mAP / matching): score≥0.0500, IoU≥0.50
  Avg Detections per Image (score≥0.0500): 26.10  ↓0.14
  Avg Detections per Image (score≥0.5): 16.23  ↑0.00
  Max detection score: 1.000
  Mean detection score: 0.688
  Time per Step: 0.2624  ↑0.0003
  Accuracy / GT cover: (skipped — computed on mAP epochs)
  Ground Truth objects: 57768
  mAP: (skipped)
  Ground Truth Classes: 15 classes
  Predicted Classes: 15 classes
  Timing: 51m 59s this epoch (avg 57m 47s) | ETA ~14h 26m for 15 epoch(s) left, mAP every 4 epoch(s).

Epoch 22/36
--------------------------------------------------
Epoch 22/36 complete: 6846/6846 batches, loss: 0.4239
  Effective LR: ref=5.000e-03 (0=5.000e-03)
  ROI hints: pos=100.0, bg=436.2, ignore=0.0, sampled_fg=70.4, sampled_bg=362.5, matched_gt=17.6, match_rate=95.46%
Validation complete: 1561 batches
Validation Metrics:
--------------------------------------------------
  Eval thresholds (mAP / matching): score≥0.0500, IoU≥0.50
  Avg Detections per Image (score≥0.0500): 25.84  ↓0.26
  Avg Detections per Image (score≥0.5): 16.19  ↓0.04
  Max detection score: 1.000
  Mean detection score: 0.736
  Time per Step: 0.2620  ↑0.0004
  Accuracy / GT cover: (skipped — computed on mAP epochs)
  Ground Truth objects: 57768
  mAP: (skipped)
  Ground Truth Classes: 15 classes
  Predicted Classes: 15 classes
  Timing: 52m 12s this epoch (avg 57m 31s) | ETA ~13h 25m for 14 epoch(s) left, mAP every 4 epoch(s).

Epoch 23/36
--------------------------------------------------
Epoch 23/36 complete: 6846/6846 batches, loss: 0.4207
  Effective LR: ref=5.000e-03 (0=5.000e-03)
  ROI hints: pos=99.9, bg=435.3, ignore=0.0, sampled_fg=70.4, sampled_bg=361.9, matched_gt=17.6, match_rate=95.52%
Validation complete: 1561 batches
Validation Metrics:
--------------------------------------------------
  Eval thresholds (mAP / matching): score≥0.0500, IoU≥0.50
  Avg Detections per Image (score≥0.0500): 25.90  ↑0.06
  Avg Detections per Image (score≥0.5): 16.20  ↑0.02
  Max detection score: 1.000
  Mean detection score: 0.620
  Time per Step: 0.2619  ↑0.0001
  Accuracy / GT cover: (skipped — computed on mAP epochs)
  Ground Truth objects: 57768
  mAP: (skipped)
  Ground Truth Classes: 15 classes
  Predicted Classes: 15 classes
  Timing: 52m 11s this epoch (avg 57m 17s) | ETA ~12h 24m for 13 epoch(s) left, mAP every 4 epoch(s).

Epoch 24/36
--------------------------------------------------
Epoch 24/36 complete: 6846/6846 batches, loss: 0.4176
  Effective LR: ref=5.000e-03 (0=5.000e-03)
  ROI hints: pos=99.8, bg=434.3, ignore=0.0, sampled_fg=70.5, sampled_bg=361.3, matched_gt=17.6, match_rate=95.58%

Computing mAP (periodic evaluation: every 4 epoch(s))...
Validation complete: 1561 batches

Computing mAP (this may take a while)...
  Eval filters: score≥0.0500, IoU≥0.50
  Images: 3,121
  Total detections (post score filter): 70,851 (22.7 per image)
  Total ground truths: 57,768 (18.5 per image)
  Warning: Large number of detections may slow down mAP computation
  Consider increasing evaluation.score_threshold (current: 0.05) for faster mAP matching
mAP: exact rotated IoU on CPU (backend='shapely'; GPU sampling IoU disabled)
  Computing AP for baseball-diamond: 402 dets, 364 GTs (146,328 IoU calculations)
  Computing AP for bridge: 5,361 dets, 666 GTs (3,570,426 IoU calculations)
  WARNING: harbor has 26,686,282 IoU calculations (6,209 dets × 4,298 GTs). This will be slow!
  Computing AP for harbor: 6,209 dets, 4,298 GTs (26,686,282 IoU calculations)
    Using chunked batch IoU computation (CPU exact (shapely)) for harbor (26,686,282 calculations)
    Processing 6,209 detections in chunks of 1,163
  WARNING: large-vehicle has 102,363,016 IoU calculations (10,892 dets × 9,398 GTs). This will be slow!
  Computing AP for large-vehicle: 10,892 dets, 9,398 GTs (102,363,016 IoU calculations)
    Using chunked batch IoU computation (CPU exact (shapely)) for large-vehicle (102,363,016 calculations)
    Processing 10,892 detections in chunks of 532
  WARNING: plane has 23,219,748 IoU calculations (4,908 dets × 4,731 GTs). This will be slow!
  Computing AP for plane: 4,908 dets, 4,731 GTs (23,219,748 IoU calculations)
    Using chunked batch IoU computation (CPU exact (shapely)) for plane (23,219,748 calculations)
    Processing 4,908 detections in chunks of 1,056
  WARNING: ship has 383,005,110 IoU calculations (20,665 dets × 18,534 GTs). This will be slow!
  Computing AP for ship: 20,665 dets, 18,534 GTs (383,005,110 IoU calculations)
    Using chunked batch IoU computation (CPU exact (shapely)) for ship (383,005,110 calculations)
    Processing 20,665 detections in chunks of 269
  WARNING: small-vehicle has 166,130,196 IoU calculations (14,628 dets × 11,357 GTs). This will be slow!
  Computing AP for small-vehicle: 14,628 dets, 11,357 GTs (166,130,196 IoU calculations)
    Using chunked batch IoU computation (CPU exact (shapely)) for small-vehicle (166,130,196 calculations)
    Processing 14,628 detections in chunks of 440
  Computing AP for soccer-ball-field: 391 dets, 260 GTs (101,660 IoU calculations)
  WARNING: storage-tank has 18,544,266 IoU calculations (3,686 dets × 5,031 GTs). This will be slow!
  Computing AP for storage-tank: 3,686 dets, 5,031 GTs (18,544,266 IoU calculations)
    Using chunked batch IoU computation (CPU exact (shapely)) for storage-tank (18,544,266 calculations)
    Processing 3,686 detections in chunks of 993
  Computing AP for swimming-pool: 1,021 dets, 693 GTs (707,553 IoU calculations)
  Computing AP for tennis-court: 1,611 dets, 1,529 GTs (2,463,219 IoU calculations)
  mAP computation completed in 17m 2s. mAP: 0.8055
Validation Metrics:
--------------------------------------------------
  Eval thresholds (mAP / matching): score≥0.0500, IoU≥0.50
  Avg Detections per Image (score≥0.0500): 25.77  ↓0.13
  Avg Detections per Image (score≥0.5): 16.18  ↓0.02
  Max detection score: 1.000
  Mean detection score: 0.692
  Time per Step: 0.2616  ↑0.0003
  Accuracy: 0.7023 (70.23%)
  Correct Predictions: 49760/70851 (matched detections)
  Ground Truth objects: 57768
  GT covered pre-eval-threshold: 49778/57768
  GT covered post-eval-threshold: 49778/57768
  GT lost by eval-threshold filtering: 0
  GT cover rate pre-eval-threshold: 86.17%
  GT cover rate post-eval-threshold: 86.17%
  GT IoU vs raw dets (eval IoU threshold=0.50; per-GT max IoU over all dets / over same-class dets):
    mean best IoU (any class): 0.6851, median: 0.7698
    mean best IoU (correct class): 0.6812, median: 0.7691
    per-class mean best IoU (raw detections):
      | class              | gts | mean_any | mean_same | med_same |
      |--------------------|-----:|----------:|-----------:|----------:|
      | baseball-diamond   | 364 |   0.7002 |    0.6996 |   0.7424 |
      | basketball-court   | 278 |   0.8154 |    0.8098 |   0.8391 |
      | bridge             | 666 |   0.6122 |    0.6088 |   0.6746 |
      | ground-track-field | 216 |   0.7188 |    0.6993 |   0.7969 |
      | harbor             | 4298 |   0.6557 |    0.6540 |   0.7146 |
      | helicopter         | 157 |   0.7202 |    0.7080 |   0.7291 |
      | large-vehicle      | 9398 |   0.6834 |    0.6668 |   0.7493 |
      | plane              | 4731 |   0.8092 |    0.8089 |   0.8506 |
      | roundabout         | 254 |   0.7134 |    0.7074 |   0.8121 |
      | ship               | 18534 |   0.7233 |    0.7223 |   0.7759 |
      | small-vehicle      | 11357 |   0.6262 |    0.6240 |   0.7478 |
      | soccer-ball-field  | 260 |   0.7266 |    0.7142 |   0.8051 |
      | storage-tank       | 5031 |   0.5529 |    0.5528 |   0.7747 |
      | swimming-pool      | 693 |   0.6046 |    0.6046 |   0.6599 |
      | tennis-court       | 1529 |   0.8248 |    0.8241 |   0.8509 |
      | global             | 57766 |   0.6851 |    0.6812 |   0.7691 |
    GTs with IoU≥thresh but no same-class hit (wrong-class / misaligned): 256
    GTs with no detection above IoU thresh (missed / poor loc): 7727
    GTs with 0% best IoU vs any detection (no spatial overlap): 4403 (7.62% of GTs)
    histogram best IoU (any class) [0,0.25)/[0.25,0.5)/[0.5,0.75)/[0.75,1]: 6307/1420/17205/32834
    histogram best IoU (correct class) [0,0.25)/[0.25,0.5)/[0.5,0.75)/[0.75,1]: 6598/1385/17140/32643
  Class-agnostic duplicate rate (post score thresh; IoU≥0.50 vs a higher-score box): micro=1.78% (1259/70851 boxes), macro mean over images with detections=2.07% (3120 images)
  mAP: 0.8055  ↓0.0189 (80.55%)
  Per-Class AP:
    baseball-diamond: 0.8886  ↓0.0060 (88.86%)
    basketball-court: 0.9076  ↑0.0039 (90.76%)
    bridge: 0.6067  ↓0.0731 (60.67%)
    ground-track-field: 0.8027  ↓0.0880 (80.27%)
    harbor: 0.7727  ↑0.0071 (77.27%)
    helicopter: 0.8864  ↑0.0302 (88.64%)
    large-vehicle: 0.7880  ↓0.0651 (78.80%)
    plane: 0.9081  ↑0.0003 (90.81%)
    roundabout: 0.8050  ↑0.0062 (80.50%)
    ship: 0.8966  ↑0.0075 (89.66%)
    small-vehicle: 0.7590  ↑0.0240 (75.90%)
    soccer-ball-field: 0.7859  ↓0.0581 (78.59%)
    storage-tank: 0.6347  ↓0.0624 (63.47%)
    swimming-pool: 0.7313  ↓0.0096 (73.13%)
    tennis-court: 0.9089  ↓0.0002 (90.89%)
  Ground Truth Classes: 15 classes
  Predicted Classes: 15 classes
  Timing: 1h 10m this epoch (avg 57m 51s) | ETA ~11h 34m for 12 epoch(s) left, mAP every 4 epoch(s).

Epoch 25/36
--------------------------------------------------
Epoch 25/36 complete: 6846/6846 batches, loss: 0.4122
  Effective LR: ref=5.000e-04 (0=5.000e-04)
  ROI hints: pos=99.7, bg=433.0, ignore=0.0, sampled_fg=70.6, sampled_bg=360.2, matched_gt=17.6, match_rate=95.66%
Validation complete: 1561 batches
Validation Metrics:
--------------------------------------------------
  Eval thresholds (mAP / matching): score≥0.0500, IoU≥0.50
  Avg Detections per Image (score≥0.0500): 25.59  ↓0.17
  Avg Detections per Image (score≥0.5): 16.22  ↑0.03
  Max detection score: 1.000
  Mean detection score: 0.793
  Time per Step: 0.2611  ↑0.0005
  Accuracy / GT cover: (skipped — computed on mAP epochs)
  Ground Truth objects: 57768
  mAP: (skipped)
  Ground Truth Classes: 15 classes
  Predicted Classes: 15 classes
  Timing: 51m 8s this epoch (avg 57m 34s) | ETA ~10h 33m for 11 epoch(s) left, mAP every 4 epoch(s).

Epoch 26/36
--------------------------------------------------
Epoch 26/36 complete: 6846/6846 batches, loss: 0.4066
  Effective LR: ref=5.000e-04 (0=5.000e-04)
  ROI hints: pos=99.5, bg=431.9, ignore=0.0, sampled_fg=70.7, sampled_bg=359.2, matched_gt=17.6, match_rate=95.73%
Validation complete: 1561 batches
Validation Metrics:
--------------------------------------------------
  Eval thresholds (mAP / matching): score≥0.0500, IoU≥0.50
  Avg Detections per Image (score≥0.0500): 25.42  ↓0.17
  Avg Detections per Image (score≥0.5): 16.25  ↑0.04
  Max detection score: 1.000
  Mean detection score: 0.807
  Time per Step: 0.2606  ↑0.0005
  Accuracy / GT cover: (skipped — computed on mAP epochs)
  Ground Truth objects: 57768
  mAP: (skipped)
  Ground Truth Classes: 15 classes
  Predicted Classes: 15 classes
  Timing: 51m 14s this epoch (avg 57m 20s) | ETA ~9h 33m for 10 epoch(s) left, mAP every 4 epoch(s).

Epoch 27/36
--------------------------------------------------
Epoch 27/36 complete: 6846/6846 batches, loss: 0.4012
  Effective LR: ref=5.000e-04 (0=5.000e-04)
  ROI hints: pos=99.3, bg=431.0, ignore=0.0, sampled_fg=70.8, sampled_bg=358.1, matched_gt=17.7, match_rate=95.80%
Validation complete: 1561 batches
Validation Metrics:
--------------------------------------------------
  Eval thresholds (mAP / matching): score≥0.0500, IoU≥0.50
  Avg Detections per Image (score≥0.0500): 25.28  ↓0.15
  Avg Detections per Image (score≥0.5): 16.29  ↑0.04
  Max detection score: 1.000
  Mean detection score: 0.801
  Time per Step: 0.2601  ↑0.0005
  Accuracy / GT cover: (skipped — computed on mAP epochs)
  Ground Truth objects: 57768
  mAP: (skipped)
  Ground Truth Classes: 15 classes
  Predicted Classes: 15 classes
  Timing: 51m 22s this epoch (avg 57m 7s) | ETA ~8h 33m for 9 epoch(s) left, mAP every 4 epoch(s).

Epoch 28/36
--------------------------------------------------
Epoch 28/36 complete: 6846/6846 batches, loss: 0.3960
  Effective LR: ref=5.000e-04 (0=5.000e-04)
  ROI hints: pos=99.2, bg=430.3, ignore=0.0, sampled_fg=70.9, sampled_bg=357.1, matched_gt=17.7, match_rate=95.87%

Computing mAP (periodic evaluation: every 4 epoch(s))...
Validation complete: 1561 batches

Computing mAP (this may take a while)...
  Eval filters: score≥0.0500, IoU≥0.50
  Images: 3,121
  Total detections (post score filter): 67,032 (21.5 per image)
  Total ground truths: 57,768 (18.5 per image)
  Warning: Large number of detections may slow down mAP computation
  Consider increasing evaluation.score_threshold (current: 0.05) for faster mAP matching
mAP: exact rotated IoU on CPU (backend='shapely'; GPU sampling IoU disabled)
  Computing AP for baseball-diamond: 438 dets, 364 GTs (159,432 IoU calculations)
  Computing AP for bridge: 1,333 dets, 666 GTs (887,778 IoU calculations)
  WARNING: harbor has 20,789,426 IoU calculations (4,837 dets × 4,298 GTs). This will be slow!
  Computing AP for harbor: 4,837 dets, 4,298 GTs (20,789,426 IoU calculations)
    Using chunked batch IoU computation (CPU exact (shapely)) for harbor (20,789,426 calculations)
    Processing 4,837 detections in chunks of 1,163
  WARNING: large-vehicle has 107,494,324 IoU calculations (11,438 dets × 9,398 GTs). This will be slow!
  Computing AP for large-vehicle: 11,438 dets, 9,398 GTs (107,494,324 IoU calculations)
    Using chunked batch IoU computation (CPU exact (shapely)) for large-vehicle (107,494,324 calculations)
    Processing 11,438 detections in chunks of 532
  WARNING: plane has 23,181,900 IoU calculations (4,900 dets × 4,731 GTs). This will be slow!
  Computing AP for plane: 4,900 dets, 4,731 GTs (23,181,900 IoU calculations)
    Using chunked batch IoU computation (CPU exact (shapely)) for plane (23,181,900 calculations)
    Processing 4,900 detections in chunks of 1,056
  WARNING: ship has 362,302,632 IoU calculations (19,548 dets × 18,534 GTs). This will be slow!
  Computing AP for ship: 19,548 dets, 18,534 GTs (362,302,632 IoU calculations)
    Using chunked batch IoU computation (CPU exact (shapely)) for ship (362,302,632 calculations)
    Processing 19,548 detections in chunks of 269
  WARNING: small-vehicle has 182,120,852 IoU calculations (16,036 dets × 11,357 GTs). This will be slow!
  Computing AP for small-vehicle: 16,036 dets, 11,357 GTs (182,120,852 IoU calculations)
    Using chunked batch IoU computation (CPU exact (shapely)) for small-vehicle (182,120,852 calculations)
    Processing 16,036 detections in chunks of 440
  Computing AP for soccer-ball-field: 391 dets, 260 GTs (101,660 IoU calculations)
  WARNING: storage-tank has 21,864,726 IoU calculations (4,346 dets × 5,031 GTs). This will be slow!
  Computing AP for storage-tank: 4,346 dets, 5,031 GTs (21,864,726 IoU calculations)
    Using chunked batch IoU computation (CPU exact (shapely)) for storage-tank (21,864,726 calculations)
    Processing 4,346 detections in chunks of 993
  Computing AP for swimming-pool: 1,023 dets, 693 GTs (708,939 IoU calculations)
  Computing AP for tennis-court: 1,589 dets, 1,529 GTs (2,429,581 IoU calculations)
  mAP computation completed in 17m 16s. mAP: 0.8614
Validation Metrics:
--------------------------------------------------
  Eval thresholds (mAP / matching): score≥0.0500, IoU≥0.50
  Avg Detections per Image (score≥0.0500): 25.14  ↓0.14
  Avg Detections per Image (score≥0.5): 16.33  ↑0.04
  Max detection score: 1.000
  Mean detection score: 0.803
  Time per Step: 0.2597  ↑0.0004
  Accuracy: 0.7820 (78.20%)
  Correct Predictions: 52419/67032 (matched detections)
  Ground Truth objects: 57768
  GT covered pre-eval-threshold: 52436/57768
  GT covered post-eval-threshold: 52436/57768
  GT lost by eval-threshold filtering: 0
  GT cover rate pre-eval-threshold: 90.77%
  GT cover rate post-eval-threshold: 90.77%
  GT IoU vs raw dets (eval IoU threshold=0.50; per-GT max IoU over all dets / over same-class dets):
    mean best IoU (any class): 0.7495, median: 0.8177
    mean best IoU (correct class): 0.7477, median: 0.8175
    per-class mean best IoU (raw detections):
      | class              | gts | mean_any | mean_same | med_same |
      |--------------------|-----:|----------:|-----------:|----------:|
      | baseball-diamond   | 364 |   0.7992 |    0.7992 |   0.8140 |
      | basketball-court   | 278 |   0.8853 |    0.8843 |   0.9056 |
      | bridge             | 665 |   0.7281 |    0.7281 |   0.7848 |
      | ground-track-field | 216 |   0.8259 |    0.8160 |   0.8642 |
      | harbor             | 4298 |   0.7099 |    0.7082 |   0.7710 |
      | helicopter         | 157 |   0.7652 |    0.7646 |   0.8073 |
      | large-vehicle      | 9398 |   0.7868 |    0.7808 |   0.8245 |
      | plane              | 4731 |   0.8374 |    0.8374 |   0.8798 |
      | roundabout         | 248 |   0.8201 |    0.8151 |   0.8709 |
      | ship               | 18534 |   0.7728 |    0.7724 |   0.8207 |
      | small-vehicle      | 11357 |   0.6947 |    0.6924 |   0.7812 |
      | soccer-ball-field  | 260 |   0.8250 |    0.8205 |   0.8796 |
      | storage-tank       | 5028 |   0.6135 |    0.6135 |   0.8175 |
      | swimming-pool      | 693 |   0.6602 |    0.6602 |   0.7115 |
      | tennis-court       | 1529 |   0.9082 |    0.9064 |   0.9248 |
      | global             | 57756 |   0.7495 |    0.7477 |   0.8175 |
    GTs with IoU≥thresh but no same-class hit (wrong-class / misaligned): 120
    GTs with no detection above IoU thresh (missed / poor loc): 5199
    GTs with 0% best IoU vs any detection (no spatial overlap): 2650 (4.59% of GTs)
    histogram best IoU (any class) [0,0.25)/[0.25,0.5)/[0.5,0.75)/[0.75,1]: 4323/876/10372/42185
    histogram best IoU (correct class) [0,0.25)/[0.25,0.5)/[0.5,0.75)/[0.75,1]: 4446/873/10344/42093
  Class-agnostic duplicate rate (post score thresh; IoU≥0.50 vs a higher-score box): micro=0.68% (456/67032 boxes), macro mean over images with detections=1.04% (3116 images)
  mAP: 0.8614  ↑0.0559 (86.14%)
  Per-Class AP:
    baseball-diamond: 0.9038  ↑0.0152 (90.38%)
    basketball-court: 0.9091  ↑0.0015 (90.91%)
    bridge: 0.7790  ↑0.1723 (77.90%)
    ground-track-field: 0.9020  ↑0.0993 (90.20%)
    harbor: 0.8058  ↑0.0331 (80.58%)
    helicopter: 0.9067  ↑0.0203 (90.67%)
    large-vehicle: 0.8939  ↑0.1059 (89.39%)
    plane: 0.9085  ↑0.0004 (90.85%)
    roundabout: 0.8929  ↑0.0879 (89.29%)
    ship: 0.9034  ↑0.0068 (90.34%)
    small-vehicle: 0.7982  ↑0.0392 (79.82%)
    soccer-ball-field: 0.8939  ↑0.1081 (89.39%)
    storage-tank: 0.7193  ↑0.0846 (71.93%)
    swimming-pool: 0.7948  ↑0.0635 (79.48%)
    tennis-court: 0.9091  ↑0.0002 (90.91%)
  Ground Truth Classes: 15 classes
  Predicted Classes: 15 classes
  Timing: 1h 9m this epoch (avg 57m 34s) | ETA ~7h 40m for 8 epoch(s) left, mAP every 4 epoch(s).

Epoch 29/36
--------------------------------------------------
Epoch 29/36 complete: 6846/6846 batches, loss: 0.3910
  Effective LR: ref=5.000e-04 (0=5.000e-04)
  ROI hints: pos=99.0, bg=429.6, ignore=0.0, sampled_fg=71.0, sampled_bg=356.2, matched_gt=17.7, match_rate=95.93%
Validation complete: 1561 batches
Validation Metrics:
--------------------------------------------------
  Eval thresholds (mAP / matching): score≥0.0500, IoU≥0.50
  Avg Detections per Image (score≥0.0500): 24.99  ↓0.15
  Avg Detections per Image (score≥0.5): 16.36  ↑0.03
  Max detection score: 1.000
  Mean detection score: 0.825
  Time per Step: 0.2592  ↑0.0004
  Accuracy / GT cover: (skipped — computed on mAP epochs)
  Ground Truth objects: 57768
  mAP: (skipped)
  Ground Truth Classes: 15 classes
  Predicted Classes: 15 classes
  Timing: 51m 13s this epoch (avg 57m 21s) | ETA ~6h 41m for 7 epoch(s) left, mAP every 4 epoch(s).

Epoch 30/36
--------------------------------------------------
Epoch 30/36 complete: 6846/6846 batches, loss: 0.3862
  Effective LR: ref=5.000e-04 (0=5.000e-04)
  ROI hints: pos=98.8, bg=428.9, ignore=0.0, sampled_fg=71.1, sampled_bg=355.3, matched_gt=17.7, match_rate=95.98%
Validation complete: 1561 batches
Validation Metrics:
--------------------------------------------------
  Eval thresholds (mAP / matching): score≥0.0500, IoU≥0.50
  Avg Detections per Image (score≥0.0500): 24.86  ↓0.13
  Avg Detections per Image (score≥0.5): 16.38  ↑0.03
  Max detection score: 1.000
  Mean detection score: 0.812
  Time per Step: 0.2588  ↑0.0004
  Accuracy / GT cover: (skipped — computed on mAP epochs)
  Ground Truth objects: 57768
  mAP: (skipped)
  Ground Truth Classes: 15 classes
  Predicted Classes: 15 classes
  Timing: 51m 4s this epoch (avg 57m 8s) | ETA ~5h 42m for 6 epoch(s) left, mAP every 4 epoch(s).

Epoch 31/36
--------------------------------------------------
Epoch 31/36 complete: 6846/6846 batches, loss: 0.3817
  Effective LR: ref=5.000e-04 (0=5.000e-04)
  ROI hints: pos=98.7, bg=428.2, ignore=0.0, sampled_fg=71.2, sampled_bg=354.4, matched_gt=17.7, match_rate=96.04%
Validation complete: 1561 batches
Validation Metrics:
--------------------------------------------------
  Eval thresholds (mAP / matching): score≥0.0500, IoU≥0.50
  Avg Detections per Image (score≥0.0500): 24.71  ↓0.15
  Avg Detections per Image (score≥0.5): 16.41  ↑0.02
  Max detection score: 1.000
  Mean detection score: 0.837
  Time per Step: 0.2584  ↑0.0004
  Accuracy / GT cover: (skipped — computed on mAP epochs)
  Ground Truth objects: 57768
  mAP: (skipped)
  Ground Truth Classes: 15 classes
  Predicted Classes: 15 classes
  Timing: 51m 6s this epoch (avg 56m 57s) | ETA ~4h 44m for 5 epoch(s) left, mAP every 4 epoch(s).

Epoch 32/36
--------------------------------------------------
Epoch 32/36 complete: 6846/6846 batches, loss: 0.3773
  Effective LR: ref=5.000e-04 (0=5.000e-04)
  ROI hints: pos=98.6, bg=427.8, ignore=0.0, sampled_fg=71.2, sampled_bg=353.6, matched_gt=17.7, match_rate=96.09%

Computing mAP (periodic evaluation: every 4 epoch(s))...
Validation complete: 1561 batches

Computing mAP (this may take a while)...
  Eval filters: score≥0.0500, IoU≥0.50
  Images: 3,121
  Total detections (post score filter): 63,043 (20.2 per image)
  Total ground truths: 57,768 (18.5 per image)
  Warning: Large number of detections may slow down mAP computation
  Consider increasing evaluation.score_threshold (current: 0.05) for faster mAP matching
mAP: exact rotated IoU on CPU (backend='shapely'; GPU sampling IoU disabled)
  Computing AP for baseball-diamond: 413 dets, 364 GTs (150,332 IoU calculations)
  Computing AP for bridge: 1,121 dets, 666 GTs (746,586 IoU calculations)
  WARNING: harbor has 20,312,348 IoU calculations (4,726 dets × 4,298 GTs). This will be slow!
  Computing AP for harbor: 4,726 dets, 4,298 GTs (20,312,348 IoU calculations)
    Using chunked batch IoU computation (CPU exact (shapely)) for harbor (20,312,348 calculations)
    Processing 4,726 detections in chunks of 1,163
  WARNING: large-vehicle has 102,964,488 IoU calculations (10,956 dets × 9,398 GTs). This will be slow!
  Computing AP for large-vehicle: 10,956 dets, 9,398 GTs (102,964,488 IoU calculations)
    Using chunked batch IoU computation (CPU exact (shapely)) for large-vehicle (102,964,488 calculations)
    Processing 10,956 detections in chunks of 532
  WARNING: plane has 22,841,268 IoU calculations (4,828 dets × 4,731 GTs). This will be slow!
  Computing AP for plane: 4,828 dets, 4,731 GTs (22,841,268 IoU calculations)
    Using chunked batch IoU computation (CPU exact (shapely)) for plane (22,841,268 calculations)
    Processing 4,828 detections in chunks of 1,056
  WARNING: ship has 355,889,868 IoU calculations (19,202 dets × 18,534 GTs). This will be slow!
  Computing AP for ship: 19,202 dets, 18,534 GTs (355,889,868 IoU calculations)
    Using chunked batch IoU computation (CPU exact (shapely)) for ship (355,889,868 calculations)
    Processing 19,202 detections in chunks of 269
  WARNING: small-vehicle has 155,579,543 IoU calculations (13,699 dets × 11,357 GTs). This will be slow!
  Computing AP for small-vehicle: 13,699 dets, 11,357 GTs (155,579,543 IoU calculations)
    Using chunked batch IoU computation (CPU exact (shapely)) for small-vehicle (155,579,543 calculations)
    Processing 13,699 detections in chunks of 440
  WARNING: storage-tank has 21,135,231 IoU calculations (4,201 dets × 5,031 GTs). This will be slow!
  Computing AP for storage-tank: 4,201 dets, 5,031 GTs (21,135,231 IoU calculations)
    Using chunked batch IoU computation (CPU exact (shapely)) for storage-tank (21,135,231 calculations)
    Processing 4,201 detections in chunks of 993
  Computing AP for swimming-pool: 907 dets, 693 GTs (628,551 IoU calculations)
  Computing AP for tennis-court: 1,561 dets, 1,529 GTs (2,386,769 IoU calculations)
  mAP computation completed in 16m 31s. mAP: 0.8750
Validation Metrics:
--------------------------------------------------
  Eval thresholds (mAP / matching): score≥0.0500, IoU≥0.50
  Avg Detections per Image (score≥0.0500): 24.57  ↓0.14
  Avg Detections per Image (score≥0.5): 16.43  ↑0.02
  Max detection score: 1.000
  Mean detection score: 0.837
  Time per Step: 0.2580  ↑0.0004
  Accuracy: 0.8332 (83.32%)
  Correct Predictions: 52526/63043 (matched detections)
  Ground Truth objects: 57768
  GT covered pre-eval-threshold: 52543/57768
  GT covered post-eval-threshold: 52543/57768
  GT lost by eval-threshold filtering: 0
  GT cover rate pre-eval-threshold: 90.96%
  GT cover rate post-eval-threshold: 90.96%
  GT IoU vs raw dets (eval IoU threshold=0.50; per-GT max IoU over all dets / over same-class dets):
    mean best IoU (any class): 0.7524, median: 0.8214
    mean best IoU (correct class): 0.7509, median: 0.8213
    per-class mean best IoU (raw detections):
      | class              | gts | mean_any | mean_same | med_same |
      |--------------------|-----:|----------:|-----------:|----------:|
      | baseball-diamond   | 364 |   0.8053 |    0.8053 |   0.8221 |
      | basketball-court   | 278 |   0.8865 |    0.8861 |   0.9053 |
      | bridge             | 664 |   0.7536 |    0.7536 |   0.7971 |
      | ground-track-field | 216 |   0.8306 |    0.8220 |   0.8796 |
      | harbor             | 4298 |   0.7264 |    0.7251 |   0.7842 |
      | helicopter         | 157 |   0.7835 |    0.7831 |   0.8073 |
      | large-vehicle      | 9398 |   0.7897 |    0.7858 |   0.8284 |
      | plane              | 4731 |   0.8379 |    0.8379 |   0.8796 |
      | roundabout         | 248 |   0.8234 |    0.8234 |   0.8701 |
      | ship               | 18533 |   0.7766 |    0.7763 |   0.8228 |
      | small-vehicle      | 11357 |   0.6912 |    0.6887 |   0.7829 |
      | soccer-ball-field  | 260 |   0.8262 |    0.8214 |   0.8807 |
      | storage-tank       | 5028 |   0.6131 |    0.6130 |   0.8229 |
      | swimming-pool      | 693 |   0.6622 |    0.6622 |   0.7227 |
      | tennis-court       | 1529 |   0.9143 |    0.9132 |   0.9299 |
      | global             | 57754 |   0.7524 |    0.7509 |   0.8213 |
    GTs with IoU≥thresh but no same-class hit (wrong-class / misaligned): 90
    GTs with no detection above IoU thresh (missed / poor loc): 5120
    GTs with 0% best IoU vs any detection (no spatial overlap): 2937 (5.09% of GTs)
    histogram best IoU (any class) [0,0.25)/[0.25,0.5)/[0.5,0.75)/[0.75,1]: 4383/737/9800/42834
    histogram best IoU (correct class) [0,0.25)/[0.25,0.5)/[0.5,0.75)/[0.75,1]: 4480/730/9785/42759
  Class-agnostic duplicate rate (post score thresh; IoU≥0.50 vs a higher-score box): micro=0.62% (392/63043 boxes), macro mean over images with detections=1.03% (3114 images)
  mAP: 0.8750  ↑0.0136 (87.50%)
  Per-Class AP:
    baseball-diamond: 0.9053  ↑0.0016 (90.53%)
    basketball-court: 0.9091  →0.0000 (90.91%)
    bridge: 0.8733  ↑0.0943 (87.33%)
    ground-track-field: 0.9034  ↑0.0015 (90.34%)
    harbor: 0.8877  ↑0.0819 (88.77%)
    helicopter: 0.9091  ↑0.0024 (90.91%)
    large-vehicle: 0.8971  ↑0.0032 (89.71%)
    plane: 0.9087  ↑0.0002 (90.87%)
    roundabout: 0.8963  ↑0.0034 (89.63%)
    ship: 0.9031  ↓0.0004 (90.31%)
    small-vehicle: 0.8035  ↑0.0052 (80.35%)
    soccer-ball-field: 0.8999  ↑0.0060 (89.99%)
    storage-tank: 0.7209  ↑0.0015 (72.09%)
    swimming-pool: 0.7984  ↑0.0036 (79.84%)
    tennis-court: 0.9091  →0.0000 (90.91%)
  Ground Truth Classes: 15 classes
  Predicted Classes: 15 classes
  Timing: 1h 9m this epoch (avg 57m 20s) | ETA ~3h 49m for 4 epoch(s) left, mAP every 4 epoch(s).

Epoch 33/36
--------------------------------------------------
Epoch 33/36 complete: 6846/6846 batches, loss: 0.3732
  Effective LR: ref=5.000e-04 (0=5.000e-04)
  ROI hints: pos=98.4, bg=427.3, ignore=0.0, sampled_fg=71.3, sampled_bg=352.8, matched_gt=17.7, match_rate=96.14%
Validation complete: 1561 batches
Validation Metrics:
--------------------------------------------------
  Eval thresholds (mAP / matching): score≥0.0500, IoU≥0.50
  Avg Detections per Image (score≥0.0500): 24.46  ↓0.11
  Avg Detections per Image (score≥0.5): 16.45  ↑0.03
  Max detection score: 1.000
  Mean detection score: 0.827
  Time per Step: 0.2577  ↑0.0004
  Accuracy / GT cover: (skipped — computed on mAP epochs)
  Ground Truth objects: 57768
  mAP: (skipped)
  Ground Truth Classes: 15 classes
  Predicted Classes: 15 classes
  Timing: 51m 14s this epoch (avg 57m 9s) | ETA ~2h 51m for 3 epoch(s) left, mAP every 4 epoch(s).

Epoch 34/36
--------------------------------------------------
Epoch 34/36 complete: 6846/6846 batches, loss: 0.3690
  Effective LR: ref=5.000e-05 (0=5.000e-05)
  ROI hints: pos=98.3, bg=426.7, ignore=0.0, sampled_fg=71.4, sampled_bg=352.1, matched_gt=17.7, match_rate=96.19%
Validation complete: 1561 batches
Validation Metrics:
--------------------------------------------------
  Eval thresholds (mAP / matching): score≥0.0500, IoU≥0.50
  Avg Detections per Image (score≥0.0500): 24.34  ↓0.12
  Avg Detections per Image (score≥0.5): 16.47  ↑0.02
  Max detection score: 1.000
  Mean detection score: 0.844
  Time per Step: 0.2573  ↑0.0004
  Accuracy / GT cover: (skipped — computed on mAP epochs)
  Ground Truth objects: 57768
  mAP: (skipped)
  Ground Truth Classes: 15 classes
  Predicted Classes: 15 classes
  Timing: 51m 1s this epoch (avg 56m 58s) | ETA ~1h 53m for 2 epoch(s) left, mAP every 4 epoch(s).

Epoch 35/36
--------------------------------------------------
Epoch 35/36 complete: 6846/6846 batches, loss: 0.3651
  Effective LR: ref=5.000e-05 (0=5.000e-05)
  ROI hints: pos=98.2, bg=426.2, ignore=0.0, sampled_fg=71.4, sampled_bg=351.4, matched_gt=17.8, match_rate=96.23%
Validation complete: 1561 batches
Validation Metrics:
--------------------------------------------------
  Eval thresholds (mAP / matching): score≥0.0500, IoU≥0.50
  Avg Detections per Image (score≥0.0500): 24.22  ↓0.12
  Avg Detections per Image (score≥0.5): 16.50  ↑0.02
  Max detection score: 1.000
  Mean detection score: 0.844
  Time per Step: 0.2569  ↑0.0003
  Accuracy / GT cover: (skipped — computed on mAP epochs)
  Ground Truth objects: 57768
  mAP: (skipped)
  Ground Truth Classes: 15 classes
  Predicted Classes: 15 classes
  Timing: 51m 1s this epoch (avg 56m 48s) | ETA ~56m 48s for 1 epoch(s) left, mAP every 4 epoch(s).

Epoch 36/36
--------------------------------------------------
Epoch 36/36 complete: 6846/6846 batches, loss: 0.3614
  Effective LR: ref=5.000e-05 (0=5.000e-05)
  ROI hints: pos=98.1, bg=425.8, ignore=0.0, sampled_fg=71.5, sampled_bg=350.7, matched_gt=17.8, match_rate=96.27%

Computing mAP (periodic evaluation: every 4 epoch(s))...
Validation complete: 1561 batches

Computing mAP (this may take a while)...
  Eval filters: score≥0.0500, IoU≥0.50
  Images: 3,121
  Total detections (post score filter): 62,995 (20.2 per image)
  Total ground truths: 57,768 (18.5 per image)
  Warning: Large number of detections may slow down mAP computation
  Consider increasing evaluation.score_threshold (current: 0.05) for faster mAP matching
mAP: exact rotated IoU on CPU (backend='shapely'; GPU sampling IoU disabled)
  Computing AP for baseball-diamond: 415 dets, 364 GTs (151,060 IoU calculations)
  Computing AP for bridge: 1,157 dets, 666 GTs (770,562 IoU calculations)
  WARNING: harbor has 20,118,938 IoU calculations (4,681 dets × 4,298 GTs). This will be slow!
  Computing AP for harbor: 4,681 dets, 4,298 GTs (20,118,938 IoU calculations)
    Using chunked batch IoU computation (CPU exact (shapely)) for harbor (20,118,938 calculations)
    Processing 4,681 detections in chunks of 1,163
  WARNING: large-vehicle has 99,891,342 IoU calculations (10,629 dets × 9,398 GTs). This will be slow!
  Computing AP for large-vehicle: 10,629 dets, 9,398 GTs (99,891,342 IoU calculations)
    Using chunked batch IoU computation (CPU exact (shapely)) for large-vehicle (99,891,342 calculations)
    Processing 10,629 detections in chunks of 532
  WARNING: plane has 22,741,917 IoU calculations (4,807 dets × 4,731 GTs). This will be slow!
  Computing AP for plane: 4,807 dets, 4,731 GTs (22,741,917 IoU calculations)
    Using chunked batch IoU computation (CPU exact (shapely)) for plane (22,741,917 calculations)
    Processing 4,807 detections in chunks of 1,056
  WARNING: ship has 356,983,374 IoU calculations (19,261 dets × 18,534 GTs). This will be slow!
  Computing AP for ship: 19,261 dets, 18,534 GTs (356,983,374 IoU calculations)
    Using chunked batch IoU computation (CPU exact (shapely)) for ship (356,983,374 calculations)
    Processing 19,261 detections in chunks of 269
  WARNING: small-vehicle has 158,691,361 IoU calculations (13,973 dets × 11,357 GTs). This will be slow!
  Computing AP for small-vehicle: 13,973 dets, 11,357 GTs (158,691,361 IoU calculations)
    Using chunked batch IoU computation (CPU exact (shapely)) for small-vehicle (158,691,361 calculations)
    Processing 13,973 detections in chunks of 440
  WARNING: storage-tank has 21,054,735 IoU calculations (4,185 dets × 5,031 GTs). This will be slow!
  Computing AP for storage-tank: 4,185 dets, 5,031 GTs (21,054,735 IoU calculations)
    Using chunked batch IoU computation (CPU exact (shapely)) for storage-tank (21,054,735 calculations)
    Processing 4,185 detections in chunks of 993
  Computing AP for swimming-pool: 906 dets, 693 GTs (627,858 IoU calculations)
  Computing AP for tennis-court: 1,564 dets, 1,529 GTs (2,391,356 IoU calculations)
  mAP computation completed in 16m 32s. mAP: 0.8798
Validation Metrics:
--------------------------------------------------
  Eval thresholds (mAP / matching): score≥0.0500, IoU≥0.50
  Avg Detections per Image (score≥0.0500): 24.11  ↓0.11
  Avg Detections per Image (score≥0.5): 16.51  ↑0.02
  Max detection score: 1.000
  Mean detection score: 0.846
  Time per Step: 0.2566  ↑0.0003
  Accuracy: 0.8340 (83.40%)
  Correct Predictions: 52537/62995 (matched detections)
  Ground Truth objects: 57768
  GT covered pre-eval-threshold: 52554/57768
  GT covered post-eval-threshold: 52554/57768
  GT lost by eval-threshold filtering: 0
  GT cover rate pre-eval-threshold: 90.97%
  GT cover rate post-eval-threshold: 90.97%
  GT IoU vs raw dets (eval IoU threshold=0.50; per-GT max IoU over all dets / over same-class dets):
    mean best IoU (any class): 0.7553, median: 0.8245
    mean best IoU (correct class): 0.7540, median: 0.8244
    per-class mean best IoU (raw detections):
      | class              | gts | mean_any | mean_same | med_same |
      |--------------------|-----:|----------:|-----------:|----------:|
      | baseball-diamond   | 364 |   0.8102 |    0.8102 |   0.8327 |
      | basketball-court   | 278 |   0.8921 |    0.8921 |   0.9108 |
      | bridge             | 664 |   0.7582 |    0.7582 |   0.8032 |
      | ground-track-field | 216 |   0.8360 |    0.8278 |   0.8841 |
      | harbor             | 4298 |   0.7290 |    0.7273 |   0.7914 |
      | helicopter         | 157 |   0.7842 |    0.7842 |   0.8075 |
      | large-vehicle      | 9398 |   0.7950 |    0.7911 |   0.8324 |
      | plane              | 4731 |   0.8417 |    0.8417 |   0.8838 |
      | roundabout         | 246 |   0.8415 |    0.8389 |   0.8869 |
      | ship               | 18533 |   0.7779 |    0.7777 |   0.8261 |
      | small-vehicle      | 11357 |   0.6956 |    0.6938 |   0.7858 |
      | soccer-ball-field  | 260 |   0.8271 |    0.8216 |   0.8865 |
      | storage-tank       | 5026 |   0.6126 |    0.6126 |   0.8220 |
      | swimming-pool      | 693 |   0.6636 |    0.6636 |   0.7189 |
      | tennis-court       | 1529 |   0.9175 |    0.9158 |   0.9325 |
      | global             | 57750 |   0.7553 |    0.7540 |   0.8244 |
    GTs with IoU≥thresh but no same-class hit (wrong-class / misaligned): 80
    GTs with no detection above IoU thresh (missed / poor loc): 5116
    GTs with 0% best IoU vs any detection (no spatial overlap): 2838 (4.91% of GTs)
    histogram best IoU (any class) [0,0.25)/[0.25,0.5)/[0.5,0.75)/[0.75,1]: 4366/750/9376/43258
    histogram best IoU (correct class) [0,0.25)/[0.25,0.5)/[0.5,0.75)/[0.75,1]: 4454/742/9361/43193
  Class-agnostic duplicate rate (post score thresh; IoU≥0.50 vs a higher-score box): micro=0.56% (350/62995 boxes), macro mean over images with detections=0.92% (3112 images)
  mAP: 0.8798  ↑0.0048 (87.98%)
  Per-Class AP:
    baseball-diamond: 0.9057  ↑0.0003 (90.57%)
    basketball-court: 0.9948  ↑0.0857 (99.48%)
    bridge: 0.8485  ↓0.0247 (84.85%)
    ground-track-field: 0.9049  ↑0.0015 (90.49%)
    harbor: 0.8902  ↑0.0025 (89.02%)
    helicopter: 0.9091  →0.0000 (90.91%)
    large-vehicle: 0.8977  ↑0.0007 (89.77%)
    plane: 0.9088  ↑0.0000 (90.88%)
    roundabout: 0.8970  ↑0.0007 (89.70%)
    ship: 0.9035  ↑0.0004 (90.35%)
    small-vehicle: 0.8058  ↑0.0023 (80.58%)
    soccer-ball-field: 0.9017  ↑0.0018 (90.17%)
    storage-tank: 0.7206  ↓0.0003 (72.06%)
    swimming-pool: 0.7995  ↑0.0011 (79.95%)
    tennis-court: 0.9091  →0.0000 (90.91%)
  Ground Truth Classes: 15 classes
  Predicted Classes: 15 classes
  Timing: 1h 8m this epoch (avg 57m 8s) | Training loop finished (no final mAP).

================================================================================
Training timing summary
================================================================================
  Started:   2026-09-01T09:58:40+00:00
  Finished:  2026-09-02T20:15:25+00:00
  Total wall: 1d 10h 16m (123404.5 s)
  Epochs:    36 completed (mean 57m 8s, min 51m 1s, max 1h 14m)
================================================================================

================================================================================
Training completed successfully!
================================================================================
Experiment directory: /home/jeffaudi/oriented-det/runs/rotated_faster_rcnn/20260901-095802
  Checkpoints saved to: /home/jeffaudi/oriented-det/runs/rotated_faster_rcnn/20260901-095802/checkpoints
  TensorBoard logs saved to: /home/jeffaudi/oriented-det/runs/rotated_faster_rcnn/20260901-095802
  Config saved to: /home/jeffaudi/oriented-det/runs/rotated_faster_rcnn/20260901-095802/config.json

View TensorBoard with:
  tensorboard --logdir /home/jeffaudi/oriented-det/runs/rotated_faster_rcnn
  tensorboard --logdir /home/jeffaudi/oriented-det/runs/rotated_faster_rcnn/20260901-095802
