Loading configuration from: configs/rotated_faster_rcnn/dota_le90_3x.json
Training log file: /home/jeffaudi/oriented-det/runs/rotated_faster_rcnn/20260703-075435/train.log
================================================================================
ROTATED_FASTER_RCNN Training
================================================================================
PyTorch Version: 2.3.0+cu121
CUDA Available: True
MPS (Apple Silicon) Available: False
CUDA Device: NVIDIA L4
Mixed Precision (AMP): False

Checking dataset directories...
Train tiles (2 root(s)):
  /path/to/data/DOTA-v1.0-tiled/train
    Images exist: True
    Labels exist: True
  /path/to/data/DOTA-v1.0-tiled/val
    Images exist: True
    Labels exist: True

Val tiles (1 root(s)):
  /path/to/data/DOTA-v1.0-tiled/val
    Images exist: True
    Labels exist: True


Loading datasets...
DOTA filter_empty_gt (MMRotate-style):
  train: filter_empty_gt dropped 19464 / 33155 tiles (13691 kept)
  val: filter_empty_gt dropped 4548 / 7669 tiles (3121 kept)

Found 15 classes:
  0: baseball-diamond
  1: basketball-court
  2: bridge
  3: ground-track-field
  4: harbor
  5: helicopter
  6: large-vehicle
  7: plane
  8: roundabout
  9: ship
  10: small-vehicle
  11: soccer-ball-field
  12: storage-tank
  13: swimming-pool
  14: tennis-court

Number of classes (foreground): 15
Class mapping: {'baseball-diamond': 1, 'basketball-court': 2, 'bridge': 3, 'ground-track-field': 4, 'harbor': 5, 'helicopter': 6, 'large-vehicle': 7, 'plane': 8, 'roundabout': 9, 'ship': 10, 'small-vehicle': 11, 'soccer-ball-field': 12, 'storage-tank': 13, 'swimming-pool': 14, 'tennis-court': 15}

Analyzing class distribution in training set...

================================================================================
Class Distribution Analysis - Training Set
================================================================================
Total objects: 264,176
Total classes: 15

Class Name           Count        Percentage  
--------------------------------------------------------------------------------
ship                     82,131       31.09%
small-vehicle            63,156       23.91%
large-vehicle            45,972       17.40%
plane                    20,023        7.58%
harbor                   17,028        6.45%
storage-tank             14,971        5.67%
tennis-court              6,149        2.33%
swimming-pool             4,273        1.62%
bridge                    4,122        1.56%
helicopter                1,286        0.49%
basketball-court          1,269        0.48%
baseball-diamond          1,120        0.42%
roundabout                1,017        0.38%
soccer-ball-field           874        0.33%
ground-track-field          785        0.30%
--------------------------------------------------------------------------------

Imbalance Ratio (max/min): 104.63x
Most frequent class: ship (82,131 instances)
Least frequent class: ground-track-field (785 instances)

Class weighting disabled (loss_type=cross_entropy)

Loss configuration: cross_entropy


Training configuration created:
  Model type: rotated_faster_rcnn
  Experiment timestamp: 20260703-075435
  Number of classes: 15
  Batch size: 2
  Learning rate: 0.005
  Epochs: 36

Creating collate functions...
  - Training: no Albumentations augmentation (flips: horizontal, vertical, diagonal)
  - Validation: no augmentation

Creating data loaders...
Training samples: 13691
Validation samples: 3121
Batches per epoch: 6846

Creating model...
Using device: cuda

Complete ROTATED_FASTER_RCNN model created:
  Backbone: resnet50
  Number of classes: 15 (foreground)
  Pretrained backbone: True
  Trainable backbone layers: 3 (last 3 stages) (frozen_stages=1)
  RPN anchor reference angles (fixed horizontal priors, not configurable): ['0.0°']
  Anchor scales: [8]
  Anchor ratios: [0.5, 1.0, 2.0]
  FPN strides: [4, 8, 16, 32, 64]
  FPN levels: 5 (P2, P3, P4, P5, P6)
  ROI Loss Type: cross_entropy

  Total parameters: 41,310,436
  Trainable parameters: 41,088,036

Configuration saved to: /home/jeffaudi/oriented-det/runs/rotated_faster_rcnn/20260703-075435/config.json

Learning rate warmup enabled: 500 optimizer steps
  Warmup: 0 → 0.005 over 500 steps
  After warmup: MultiStepLR at epochs [24, 33], gamma=0.1

Experiment directory: /home/jeffaudi/oriented-det/runs/rotated_faster_rcnn/20260703-075435
TensorBoard logging enabled. Logs saved to: /home/jeffaudi/oriented-det/runs/rotated_faster_rcnn/20260703-075435
View logs with: tensorboard --logdir /home/jeffaudi/oriented-det/runs/rotated_faster_rcnn
View this experiment with: tensorboard --logdir /home/jeffaudi/oriented-det/runs/rotated_faster_rcnn/20260703-075435

Training configuration:
  Epochs: 36
  Learning rate: 0.005000
  Batch size per GPU: 2
  Gradient accumulation: 1
  Best checkpoint metric: mAP (higher_is_better=True)
  Effective batch size: 2
  Mixed precision: False
  Eval (mAP / val matching): score_threshold=0.05, iou_threshold=0.5 (production.score_threshold overrides evaluation when set)
  Eval IoU backend (mAP / GT cover): exact CPU polygon
  Eval IoU backend (final mAP): exact CPU polygon

Starting training from scratch (no checkpoint loaded)

Starting epoch: 0

Profiling disabled

================================================================================
Starting training...
================================================================================
TensorBoard: tensorboard --logdir /home/jeffaudi/oriented-det/runs/rotated_faster_rcnn
================================================================================

Training started at: 2026-07-03T07:55:09+00:00

Epoch 1/36
--------------------------------------------------
/home/jeffaudi/.pyenv/versions/3.12.12/envs/oriented-det/lib/python3.12/site-packages/torch/nn/modules/conv.py:456: UserWarning: Plan failed with a cudnnException: CUDNN_BACKEND_EXECUTION_PLAN_DESCRIPTOR: cudnnFinalize Descriptor Failed cudnn_status: CUDNN_STATUS_NOT_SUPPORTED (Triggered internally at ../aten/src/ATen/native/cudnn/Conv_v8.cpp:919.)
  return F.conv2d(input, weight, bias, self.stride,
Epoch 1/36 complete: 6846/6846 batches, loss: 0.7472
  Effective LR: ref=5.000e-03 (0=5.000e-03)
  ROI hints: pos=97.0, bg=590.4, ignore=0.0, sampled_fg=61.6, sampled_bg=431.8, matched_gt=15.3, match_rate=84.63%
Validation complete: 1561 batches
Validation Metrics:
--------------------------------------------------
  Eval thresholds (mAP / matching): score≥0.0500, IoU≥0.50
  Avg Detections per Image (score≥0.0500): 31.54
  Avg Detections per Image (score≥0.5): 14.24
  Max detection score: 1.000
  Mean detection score: 0.478
  Time per Step: 0.2988
  Accuracy / GT cover: (skipped — computed on mAP epochs)
  Ground Truth objects: 57768
  mAP: (skipped)
  Ground Truth Classes: 15 classes
  Predicted Classes: 15 classes
  Timing: 56m 58s this epoch (avg 56m 58s) | ETA ~1d 9h 13m for 35 epoch(s) left, mAP every 4 epoch(s).

Epoch 2/36
--------------------------------------------------
Epoch 2/36 complete: 6846/6846 batches, loss: 0.6687
  Effective LR: ref=5.000e-03 (0=5.000e-03)
  ROI hints: pos=102.0, bg=542.4, ignore=0.0, sampled_fg=65.2, sampled_bg=415.3, matched_gt=16.1, match_rate=88.55%
Validation complete: 1561 batches
Validation Metrics:
--------------------------------------------------
  Eval thresholds (mAP / matching): score≥0.0500, IoU≥0.50
  Avg Detections per Image (score≥0.0500): 36.48  ↑4.94
  Avg Detections per Image (score≥0.5): 14.64  ↑0.40
  Max detection score: 1.000
  Mean detection score: 0.424
  Time per Step: 0.2990  ↓0.0002
  Accuracy / GT cover: (skipped — computed on mAP epochs)
  Ground Truth objects: 57768
  mAP: (skipped)
  Ground Truth Classes: 15 classes
  Predicted Classes: 15 classes
  Timing: 54m 46s this epoch (avg 55m 52s) | ETA ~1d 7h 39m for 34 epoch(s) left, mAP every 4 epoch(s).

Epoch 3/36
--------------------------------------------------
Epoch 3/36 complete: 6846/6846 batches, loss: 0.6275
  Effective LR: ref=5.000e-03 (0=5.000e-03)
  ROI hints: pos=103.6, bg=518.6, ignore=0.0, sampled_fg=66.7, sampled_bg=405.2, matched_gt=16.5, match_rate=90.42%
Validation complete: 1561 batches
Validation Metrics:
--------------------------------------------------
  Eval thresholds (mAP / matching): score≥0.0500, IoU≥0.50
  Avg Detections per Image (score≥0.0500): 37.82  ↑1.33
  Avg Detections per Image (score≥0.5): 15.04  ↑0.40
  Max detection score: 1.000
  Mean detection score: 0.435
  Time per Step: 0.2973  ↑0.0017
  Accuracy / GT cover: (skipped — computed on mAP epochs)
  Ground Truth objects: 57768
  mAP: (skipped)
  Ground Truth Classes: 15 classes
  Predicted Classes: 15 classes
  Timing: 54m 8s this epoch (avg 55m 17s) | ETA ~1d 6h 24m for 33 epoch(s) left, mAP every 4 epoch(s).

Epoch 4/36
--------------------------------------------------
Epoch 4/36 complete: 6846/6846 batches, loss: 0.5999
  Effective LR: ref=5.000e-03 (0=5.000e-03)
  ROI hints: pos=103.9, bg=502.8, ignore=0.0, sampled_fg=67.6, sampled_bg=398.2, matched_gt=16.7, match_rate=91.50%

Computing mAP (periodic evaluation: every 4 epoch(s))...
Validation complete: 1561 batches

Computing mAP (this may take a while)...
  Eval filters: score≥0.0500, IoU≥0.50
  Images: 3,121
  Total detections (post score filter): 91,063 (29.2 per image)
  Total ground truths: 57,768 (18.5 per image)
  Warning: Large number of detections may slow down mAP computation
  Consider increasing evaluation.score_threshold (current: 0.05) for faster mAP matching
mAP: exact rotated IoU on CPU (backend='shapely'; GPU sampling IoU disabled)
  Computing AP for baseball-diamond: 618 dets, 364 GTs (224,952 IoU calculations)
  Computing AP for basketball-court: 855 dets, 278 GTs (237,690 IoU calculations)
  Computing AP for bridge: 2,527 dets, 666 GTs (1,682,982 IoU calculations)
  WARNING: harbor has 29,179,122 IoU calculations (6,789 dets × 4,298 GTs). This will be slow!
  Computing AP for harbor: 6,789 dets, 4,298 GTs (29,179,122 IoU calculations)
    Using chunked batch IoU computation (CPU exact (shapely)) for harbor (29,179,122 calculations)
    Processing 6,789 detections in chunks of 1,163
  Computing AP for helicopter: 2,290 dets, 157 GTs (359,530 IoU calculations)
  WARNING: large-vehicle has 123,828,048 IoU calculations (13,176 dets × 9,398 GTs). This will be slow!
  Computing AP for large-vehicle: 13,176 dets, 9,398 GTs (123,828,048 IoU calculations)
    Using chunked batch IoU computation (CPU exact (shapely)) for large-vehicle (123,828,048 calculations)
    Processing 13,176 detections in chunks of 532
  WARNING: plane has 29,157,153 IoU calculations (6,163 dets × 4,731 GTs). This will be slow!
  Computing AP for plane: 6,163 dets, 4,731 GTs (29,157,153 IoU calculations)
    Using chunked batch IoU computation (CPU exact (shapely)) for plane (29,157,153 calculations)
    Processing 6,163 detections in chunks of 1,056
  Computing AP for roundabout: 493 dets, 256 GTs (126,208 IoU calculations)
  WARNING: ship has 442,295,376 IoU calculations (23,864 dets × 18,534 GTs). This will be slow!
  Computing AP for ship: 23,864 dets, 18,534 GTs (442,295,376 IoU calculations)
    Using chunked batch IoU computation (CPU exact (shapely)) for ship (442,295,376 calculations)
    Processing 23,864 detections in chunks of 269
  WARNING: small-vehicle has 283,266,294 IoU calculations (24,942 dets × 11,357 GTs). This will be slow!
  Computing AP for small-vehicle: 24,942 dets, 11,357 GTs (283,266,294 IoU calculations)
    Using chunked batch IoU computation (CPU exact (shapely)) for small-vehicle (283,266,294 calculations)
    Processing 24,942 detections in chunks of 440
  Computing AP for soccer-ball-field: 537 dets, 260 GTs (139,620 IoU calculations)
  WARNING: storage-tank has 26,070,642 IoU calculations (5,182 dets × 5,031 GTs). This will be slow!
  Computing AP for storage-tank: 5,182 dets, 5,031 GTs (26,070,642 IoU calculations)
    Using chunked batch IoU computation (CPU exact (shapely)) for storage-tank (26,070,642 calculations)
    Processing 5,182 detections in chunks of 993
  Computing AP for swimming-pool: 1,255 dets, 693 GTs (869,715 IoU calculations)
  Computing AP for tennis-court: 2,014 dets, 1,529 GTs (3,079,406 IoU calculations)
  mAP computation completed in 25m 24s. mAP: 0.6908
Validation Metrics:
--------------------------------------------------
  Eval thresholds (mAP / matching): score≥0.0500, IoU≥0.50
  Avg Detections per Image (score≥0.0500): 35.66  ↓2.16
  Avg Detections per Image (score≥0.5): 15.24  ↑0.20
  Max detection score: 1.000
  Mean detection score: 0.554
  Time per Step: 0.2929  ↑0.0044
  Accuracy: 0.5151 (51.51%)
  Correct Predictions: 46903/91063 (matched detections)
  Ground Truth objects: 57768
  GT covered pre-eval-threshold: 46921/57768
  GT covered post-eval-threshold: 46921/57768
  GT lost by eval-threshold filtering: 0
  GT cover rate pre-eval-threshold: 81.22%
  GT cover rate post-eval-threshold: 81.22%
  GT IoU vs raw dets (eval IoU threshold=0.50; per-GT max IoU over all dets / over same-class dets):
    mean best IoU (any class): 0.6285, median: 0.7036
    mean best IoU (correct class): 0.6224, median: 0.7022
    per-class mean best IoU (raw detections):
      | class              | gts | mean_any | mean_same | med_same |
      |--------------------|-----:|----------:|-----------:|----------:|
      | baseball-diamond   | 364 |   0.6788 |    0.6724 |   0.7252 |
      | basketball-court   | 278 |   0.7483 |    0.7436 |   0.7722 |
      | bridge             | 664 |   0.4954 |    0.4945 |   0.5563 |
      | ground-track-field | 216 |   0.7022 |    0.6801 |   0.7581 |
      | harbor             | 4298 |   0.5222 |    0.5138 |   0.5604 |
      | helicopter         | 157 |   0.6200 |    0.5247 |   0.6444 |
      | large-vehicle      | 9398 |   0.6342 |    0.6164 |   0.6795 |
      | plane              | 4731 |   0.7390 |    0.7390 |   0.7613 |
      | roundabout         | 256 |   0.6769 |    0.6571 |   0.7603 |
      | ship               | 18534 |   0.6545 |    0.6536 |   0.7077 |
      | small-vehicle      | 11357 |   0.6063 |    0.5989 |   0.7027 |
      | soccer-ball-field  | 260 |   0.6471 |    0.6078 |   0.7009 |
      | storage-tank       | 5031 |   0.5404 |    0.5398 |   0.7245 |
      | swimming-pool      | 693 |   0.5594 |    0.5594 |   0.6290 |
      | tennis-court       | 1529 |   0.7248 |    0.7200 |   0.7490 |
      | global             | 57766 |   0.6285 |    0.6224 |   0.7022 |
    GTs with IoU≥thresh but no same-class hit (wrong-class / misaligned): 433
    GTs with no detection above IoU thresh (missed / poor loc): 10396
    GTs with 0% best IoU vs any detection (no spatial overlap): 3571 (6.18% of GTs)
    histogram best IoU (any class) [0,0.25)/[0.25,0.5)/[0.5,0.75)/[0.75,1]: 5859/4537/27489/19881
    histogram best IoU (correct class) [0,0.25)/[0.25,0.5)/[0.5,0.75)/[0.75,1]: 6345/4484/27238/19699
  Class-agnostic duplicate rate (post score thresh; IoU≥0.50 vs a higher-score box): micro=2.24% (2039/91063 boxes), macro mean over images with detections=2.97% (3119 images)
  mAP: 0.6908 (69.08%)
  Per-Class AP:
    baseball-diamond: 0.7863 (78.63%)
    basketball-court: 0.8538 (85.38%)
    bridge: 0.4093 (40.93%)
    ground-track-field: 0.7777 (77.77%)
    harbor: 0.4204 (42.04%)
    helicopter: 0.5417 (54.17%)
    large-vehicle: 0.7026 (70.26%)
    plane: 0.9044 (90.44%)
    roundabout: 0.6881 (68.81%)
    ship: 0.7744 (77.44%)
    small-vehicle: 0.6525 (65.25%)
    soccer-ball-field: 0.7150 (71.50%)
    storage-tank: 0.6292 (62.92%)
    swimming-pool: 0.5979 (59.79%)
    tennis-court: 0.9086 (90.86%)
  Ground Truth Classes: 15 classes
  Predicted Classes: 15 classes
  Timing: 1h 20m this epoch (avg 1h 1m) | ETA ~1d 8h 50m for 32 epoch(s) left, mAP every 4 epoch(s).

Epoch 5/36
--------------------------------------------------
Epoch 5/36 complete: 6846/6846 batches, loss: 0.5789
  Effective LR: ref=5.000e-03 (0=5.000e-03)
  ROI hints: pos=103.9, bg=491.4, ignore=0.0, sampled_fg=68.2, sampled_bg=393.0, matched_gt=16.9, match_rate=92.24%
Validation complete: 1561 batches
Validation Metrics:
--------------------------------------------------
  Eval thresholds (mAP / matching): score≥0.0500, IoU≥0.50
  Avg Detections per Image (score≥0.0500): 35.51  ↓0.14
  Avg Detections per Image (score≥0.5): 15.76  ↑0.52
  Max detection score: 1.000
  Mean detection score: 0.540
  Time per Step: 0.2898  ↑0.0031
  Accuracy / GT cover: (skipped — computed on mAP epochs)
  Ground Truth objects: 57768
  mAP: (skipped)
  Ground Truth Classes: 15 classes
  Predicted Classes: 15 classes
  Timing: 52m 54s this epoch (avg 59m 51s) | ETA ~1d 6h 55m for 31 epoch(s) left, mAP every 4 epoch(s).

Epoch 6/36
--------------------------------------------------
Epoch 6/36 complete: 6846/6846 batches, loss: 0.5629
  Effective LR: ref=5.000e-03 (0=5.000e-03)
  ROI hints: pos=103.8, bg=482.7, ignore=0.0, sampled_fg=68.6, sampled_bg=388.7, matched_gt=17.0, match_rate=92.80%
Validation complete: 1561 batches
Validation Metrics:
--------------------------------------------------
  Eval thresholds (mAP / matching): score≥0.0500, IoU≥0.50
  Avg Detections per Image (score≥0.0500): 33.75  ↓1.77
  Avg Detections per Image (score≥0.5): 15.88  ↑0.12
  Max detection score: 1.000
  Mean detection score: 0.664
  Time per Step: 0.2864  ↑0.0034
  Accuracy / GT cover: (skipped — computed on mAP epochs)
  Ground Truth objects: 57768
  mAP: (skipped)
  Ground Truth Classes: 15 classes
  Predicted Classes: 15 classes
  Timing: 52m 35s this epoch (avg 58m 38s) | ETA ~1d 5h 19m for 30 epoch(s) left, mAP every 4 epoch(s).

Epoch 7/36
--------------------------------------------------
Epoch 7/36 complete: 6846/6846 batches, loss: 0.5494
  Effective LR: ref=5.000e-03 (0=5.000e-03)
  ROI hints: pos=103.6, bg=475.7, ignore=0.0, sampled_fg=68.9, sampled_bg=385.1, matched_gt=17.1, match_rate=93.22%
Validation complete: 1561 batches
Validation Metrics:
--------------------------------------------------
  Eval thresholds (mAP / matching): score≥0.0500, IoU≥0.50
  Avg Detections per Image (score≥0.0500): 32.46  ↓1.29
  Avg Detections per Image (score≥0.5): 15.85  ↓0.03
  Max detection score: 1.000
  Mean detection score: 0.627
  Time per Step: 0.2831  ↑0.0033
  Accuracy / GT cover: (skipped — computed on mAP epochs)
  Ground Truth objects: 57768
  mAP: (skipped)
  Ground Truth Classes: 15 classes
  Predicted Classes: 15 classes
  Timing: 52m 14s this epoch (avg 57m 43s) | ETA ~1d 3h 53m for 29 epoch(s) left, mAP every 4 epoch(s).

Epoch 8/36
--------------------------------------------------
Epoch 8/36 complete: 6846/6846 batches, loss: 0.5381
  Effective LR: ref=5.000e-03 (0=5.000e-03)
  ROI hints: pos=103.4, bg=470.2, ignore=0.0, sampled_fg=69.2, sampled_bg=382.2, matched_gt=17.2, match_rate=93.57%

Computing mAP (periodic evaluation: every 4 epoch(s))...
Validation complete: 1561 batches

Computing mAP (this may take a while)...
  Eval filters: score≥0.0500, IoU≥0.50
  Images: 3,121
  Total detections (post score filter): 87,956 (28.2 per image)
  Total ground truths: 57,768 (18.5 per image)
  Warning: Large number of detections may slow down mAP computation
  Consider increasing evaluation.score_threshold (current: 0.05) for faster mAP matching
mAP: exact rotated IoU on CPU (backend='shapely'; GPU sampling IoU disabled)
  Computing AP for baseball-diamond: 1,021 dets, 364 GTs (371,644 IoU calculations)
  Computing AP for basketball-court: 2,758 dets, 278 GTs (766,724 IoU calculations)
  Computing AP for bridge: 2,531 dets, 666 GTs (1,685,646 IoU calculations)
  Computing AP for ground-track-field: 932 dets, 216 GTs (201,312 IoU calculations)
  WARNING: harbor has 28,560,210 IoU calculations (6,645 dets × 4,298 GTs). This will be slow!
  Computing AP for harbor: 6,645 dets, 4,298 GTs (28,560,210 IoU calculations)
    Using chunked batch IoU computation (CPU exact (shapely)) for harbor (28,560,210 calculations)
    Processing 6,645 detections in chunks of 1,163
  WARNING: large-vehicle has 140,020,802 IoU calculations (14,899 dets × 9,398 GTs). This will be slow!
  Computing AP for large-vehicle: 14,899 dets, 9,398 GTs (140,020,802 IoU calculations)
    Using chunked batch IoU computation (CPU exact (shapely)) for large-vehicle (140,020,802 calculations)
    Processing 14,899 detections in chunks of 532
  WARNING: plane has 24,705,282 IoU calculations (5,222 dets × 4,731 GTs). This will be slow!
  Computing AP for plane: 5,222 dets, 4,731 GTs (24,705,282 IoU calculations)
    Using chunked batch IoU computation (CPU exact (shapely)) for plane (24,705,282 calculations)
    Processing 5,222 detections in chunks of 1,056
  Computing AP for roundabout: 732 dets, 256 GTs (187,392 IoU calculations)
  WARNING: ship has 420,981,276 IoU calculations (22,714 dets × 18,534 GTs). This will be slow!
  Computing AP for ship: 22,714 dets, 18,534 GTs (420,981,276 IoU calculations)
    Using chunked batch IoU computation (CPU exact (shapely)) for ship (420,981,276 calculations)
    Processing 22,714 detections in chunks of 269
  WARNING: small-vehicle has 215,078,866 IoU calculations (18,938 dets × 11,357 GTs). This will be slow!
  Computing AP for small-vehicle: 18,938 dets, 11,357 GTs (215,078,866 IoU calculations)
    Using chunked batch IoU computation (CPU exact (shapely)) for small-vehicle (215,078,866 calculations)
    Processing 18,938 detections in chunks of 440
  Computing AP for soccer-ball-field: 2,183 dets, 260 GTs (567,580 IoU calculations)
  WARNING: storage-tank has 23,474,646 IoU calculations (4,666 dets × 5,031 GTs). This will be slow!
  Computing AP for storage-tank: 4,666 dets, 5,031 GTs (23,474,646 IoU calculations)
    Using chunked batch IoU computation (CPU exact (shapely)) for storage-tank (23,474,646 calculations)
    Processing 4,666 detections in chunks of 993
  Computing AP for swimming-pool: 2,056 dets, 693 GTs (1,424,808 IoU calculations)
  Computing AP for tennis-court: 2,465 dets, 1,529 GTs (3,768,985 IoU calculations)
  mAP computation completed in 23m 12s. mAP: 0.7455
Validation Metrics:
--------------------------------------------------
  Eval thresholds (mAP / matching): score≥0.0500, IoU≥0.50
  Avg Detections per Image (score≥0.0500): 31.92  ↓0.54
  Avg Detections per Image (score≥0.5): 15.95  ↑0.10
  Max detection score: 1.000
  Mean detection score: 0.596
  Time per Step: 0.2819  ↑0.0012
  Accuracy: 0.5461 (54.61%)
  Correct Predictions: 48033/87956 (matched detections)
  Ground Truth objects: 57768
  GT covered pre-eval-threshold: 48041/57768
  GT covered post-eval-threshold: 48041/57768
  GT lost by eval-threshold filtering: 0
  GT cover rate pre-eval-threshold: 83.16%
  GT cover rate post-eval-threshold: 83.16%
  GT IoU vs raw dets (eval IoU threshold=0.50; per-GT max IoU over all dets / over same-class dets):
    mean best IoU (any class): 0.6510, median: 0.7222
    mean best IoU (correct class): 0.6461, median: 0.7209
    per-class mean best IoU (raw detections):
      | class              | gts | mean_any | mean_same | med_same |
      |--------------------|-----:|----------:|-----------:|----------:|
      | baseball-diamond   | 364 |   0.7133 |    0.7131 |   0.7251 |
      | basketball-court   | 278 |   0.7819 |    0.7817 |   0.8024 |
      | bridge             | 666 |   0.5674 |    0.5656 |   0.6200 |
      | ground-track-field | 216 |   0.7427 |    0.7284 |   0.7888 |
      | harbor             | 4298 |   0.5433 |    0.5356 |   0.5733 |
      | helicopter         | 157 |   0.6688 |    0.6146 |   0.6886 |
      | large-vehicle      | 9398 |   0.6462 |    0.6381 |   0.6883 |
      | plane              | 4731 |   0.7875 |    0.7874 |   0.8151 |
      | roundabout         | 256 |   0.7123 |    0.7059 |   0.7925 |
      | ship               | 18534 |   0.6866 |    0.6857 |   0.7351 |
      | small-vehicle      | 11357 |   0.5940 |    0.5832 |   0.7047 |
      | soccer-ball-field  | 260 |   0.6996 |    0.6839 |   0.7277 |
      | storage-tank       | 5031 |   0.5646 |    0.5640 |   0.7636 |
      | swimming-pool      | 693 |   0.6075 |    0.6075 |   0.6615 |
      | tennis-court       | 1529 |   0.8191 |    0.8125 |   0.8508 |
      | global             | 57768 |   0.6510 |    0.6461 |   0.7209 |
    GTs with IoU≥thresh but no same-class hit (wrong-class / misaligned): 330
    GTs with no detection above IoU thresh (missed / poor loc): 9393
    GTs with 0% best IoU vs any detection (no spatial overlap): 3707 (6.42% of GTs)
    histogram best IoU (any class) [0,0.25)/[0.25,0.5)/[0.5,0.75)/[0.75,1]: 5611/3782/24468/23907
    histogram best IoU (correct class) [0,0.25)/[0.25,0.5)/[0.5,0.75)/[0.75,1]: 5992/3731/24315/23730
  Class-agnostic duplicate rate (post score thresh; IoU≥0.50 vs a higher-score box): micro=2.41% (2119/87956 boxes), macro mean over images with detections=3.78% (3121 images)
  mAP: 0.7455  ↑0.0547 (74.55%)
  Per-Class AP:
    baseball-diamond: 0.8774  ↑0.0911 (87.74%)
    basketball-court: 0.8947  ↑0.0409 (89.47%)
    bridge: 0.5708  ↑0.1615 (57.08%)
    ground-track-field: 0.8434  ↑0.0657 (84.34%)
    harbor: 0.4487  ↑0.0283 (44.87%)
    helicopter: 0.8081  ↑0.2664 (80.81%)
    large-vehicle: 0.6921  ↓0.0105 (69.21%)
    plane: 0.9069  ↑0.0025 (90.69%)
    roundabout: 0.7673  ↑0.0792 (76.73%)
    ship: 0.7985  ↑0.0240 (79.85%)
    small-vehicle: 0.6514  ↓0.0011 (65.14%)
    soccer-ball-field: 0.7024  ↓0.0126 (70.24%)
    storage-tank: 0.6315  ↑0.0023 (63.15%)
    swimming-pool: 0.6809  ↑0.0830 (68.09%)
    tennis-court: 0.9088  ↑0.0003 (90.88%)
  Ground Truth Classes: 15 classes
  Predicted Classes: 15 classes
  Timing: 1h 17m this epoch (avg 1h 0m) | ETA ~1d 4h 4m for 28 epoch(s) left, mAP every 4 epoch(s).

Epoch 9/36
--------------------------------------------------
Epoch 9/36 complete: 6846/6846 batches, loss: 0.5284
  Effective LR: ref=5.000e-03 (0=5.000e-03)
  ROI hints: pos=103.1, bg=465.5, ignore=0.0, sampled_fg=69.4, sampled_bg=379.5, matched_gt=17.2, match_rate=93.85%
Validation complete: 1561 batches
Validation Metrics:
--------------------------------------------------
  Eval thresholds (mAP / matching): score≥0.0500, IoU≥0.50
  Avg Detections per Image (score≥0.0500): 31.50  ↓0.42
  Avg Detections per Image (score≥0.5): 15.97  ↑0.02
  Max detection score: 1.000
  Mean detection score: 0.582
  Time per Step: 0.2809  ↑0.0011
  Accuracy / GT cover: (skipped — computed on mAP epochs)
  Ground Truth objects: 57768
  mAP: (skipped)
  Ground Truth Classes: 15 classes
  Predicted Classes: 15 classes
  Timing: 52m 16s this epoch (avg 59m 18s) | ETA ~1d 2h 40m for 27 epoch(s) left, mAP every 4 epoch(s).

Epoch 10/36
--------------------------------------------------
Epoch 10/36 complete: 6846/6846 batches, loss: 0.5198
  Effective LR: ref=5.000e-03 (0=5.000e-03)
  ROI hints: pos=102.8, bg=461.6, ignore=0.0, sampled_fg=69.6, sampled_bg=377.2, matched_gt=17.3, match_rate=94.09%
Validation complete: 1561 batches
Validation Metrics:
--------------------------------------------------
  Eval thresholds (mAP / matching): score≥0.0500, IoU≥0.50
  Avg Detections per Image (score≥0.0500): 31.08  ↓0.42
  Avg Detections per Image (score≥0.5): 16.06  ↑0.09
  Max detection score: 1.000
  Mean detection score: 0.620
  Time per Step: 0.2796  ↑0.0013
  Accuracy / GT cover: (skipped — computed on mAP epochs)
  Ground Truth objects: 57768
  mAP: (skipped)
  Ground Truth Classes: 15 classes
  Predicted Classes: 15 classes
  Timing: 52m 10s this epoch (avg 58m 35s) | ETA ~1d 1h 23m for 26 epoch(s) left, mAP every 4 epoch(s).

Epoch 11/36
--------------------------------------------------
Epoch 11/36 complete: 6846/6846 batches, loss: 0.5126
  Effective LR: ref=5.000e-03 (0=5.000e-03)
  ROI hints: pos=102.5, bg=458.3, ignore=0.0, sampled_fg=69.7, sampled_bg=375.3, matched_gt=17.3, match_rate=94.29%
Validation complete: 1561 batches
Validation Metrics:
--------------------------------------------------
  Eval thresholds (mAP / matching): score≥0.0500, IoU≥0.50
  Avg Detections per Image (score≥0.0500): 30.59  ↓0.49
  Avg Detections per Image (score≥0.5): 16.14  ↑0.08
  Max detection score: 1.000
  Mean detection score: 0.665
  Time per Step: 0.2779  ↑0.0017
  Accuracy / GT cover: (skipped — computed on mAP epochs)
  Ground Truth objects: 57768
  mAP: (skipped)
  Ground Truth Classes: 15 classes
  Predicted Classes: 15 classes
  Timing: 51m 54s this epoch (avg 57m 58s) | ETA ~1d 0h 9m for 25 epoch(s) left, mAP every 4 epoch(s).

Epoch 12/36
--------------------------------------------------
Epoch 12/36 complete: 6846/6846 batches, loss: 0.5058
  Effective LR: ref=5.000e-03 (0=5.000e-03)
  ROI hints: pos=102.3, bg=455.3, ignore=0.0, sampled_fg=69.9, sampled_bg=373.5, matched_gt=17.4, match_rate=94.47%

Computing mAP (periodic evaluation: every 4 epoch(s))...
Validation complete: 1561 batches

Computing mAP (this may take a while)...
  Eval filters: score≥0.0500, IoU≥0.50
  Images: 3,121
  Total detections (post score filter): 75,793 (24.3 per image)
  Total ground truths: 57,768 (18.5 per image)
  Warning: Large number of detections may slow down mAP computation
  Consider increasing evaluation.score_threshold (current: 0.05) for faster mAP matching
mAP: exact rotated IoU on CPU (backend='shapely'; GPU sampling IoU disabled)
  Computing AP for baseball-diamond: 416 dets, 364 GTs (151,424 IoU calculations)
  Computing AP for basketball-court: 404 dets, 278 GTs (112,312 IoU calculations)
  Computing AP for bridge: 1,412 dets, 666 GTs (940,392 IoU calculations)
  WARNING: harbor has 26,639,004 IoU calculations (6,198 dets × 4,298 GTs). This will be slow!
  Computing AP for harbor: 6,198 dets, 4,298 GTs (26,639,004 IoU calculations)
    Using chunked batch IoU computation (CPU exact (shapely)) for harbor (26,639,004 calculations)
    Processing 6,198 detections in chunks of 1,163
  WARNING: large-vehicle has 127,042,164 IoU calculations (13,518 dets × 9,398 GTs). This will be slow!
  Computing AP for large-vehicle: 13,518 dets, 9,398 GTs (127,042,164 IoU calculations)
    Using chunked batch IoU computation (CPU exact (shapely)) for large-vehicle (127,042,164 calculations)
    Processing 13,518 detections in chunks of 532
  WARNING: plane has 27,572,268 IoU calculations (5,828 dets × 4,731 GTs). This will be slow!
  Computing AP for plane: 5,828 dets, 4,731 GTs (27,572,268 IoU calculations)
    Using chunked batch IoU computation (CPU exact (shapely)) for plane (27,572,268 calculations)
    Processing 5,828 detections in chunks of 1,056
  WARNING: ship has 400,575,342 IoU calculations (21,613 dets × 18,534 GTs). This will be slow!
  Computing AP for ship: 21,613 dets, 18,534 GTs (400,575,342 IoU calculations)
    Using chunked batch IoU computation (CPU exact (shapely)) for ship (400,575,342 calculations)
    Processing 21,613 detections in chunks of 269
  WARNING: small-vehicle has 197,168,877 IoU calculations (17,361 dets × 11,357 GTs). This will be slow!
  Computing AP for small-vehicle: 17,361 dets, 11,357 GTs (197,168,877 IoU calculations)
    Using chunked batch IoU computation (CPU exact (shapely)) for small-vehicle (197,168,877 calculations)
    Processing 17,361 detections in chunks of 440
  Computing AP for soccer-ball-field: 498 dets, 260 GTs (129,480 IoU calculations)
  WARNING: storage-tank has 23,192,910 IoU calculations (4,610 dets × 5,031 GTs). This will be slow!
  Computing AP for storage-tank: 4,610 dets, 5,031 GTs (23,192,910 IoU calculations)
    Using chunked batch IoU computation (CPU exact (shapely)) for storage-tank (23,192,910 calculations)
    Processing 4,610 detections in chunks of 993
  Computing AP for swimming-pool: 1,314 dets, 693 GTs (910,602 IoU calculations)
  Computing AP for tennis-court: 1,717 dets, 1,529 GTs (2,625,293 IoU calculations)
  mAP computation completed in 22m 36s. mAP: 0.7832
Validation Metrics:
--------------------------------------------------
  Eval thresholds (mAP / matching): score≥0.0500, IoU≥0.50
  Avg Detections per Image (score≥0.0500): 30.06  ↓0.53
  Avg Detections per Image (score≥0.5): 16.22  ↑0.09
  Max detection score: 1.000
  Mean detection score: 0.706
  Time per Step: 0.2770  ↑0.0010
  Accuracy: 0.6559 (65.59%)
  Correct Predictions: 49709/75793 (matched detections)
  Ground Truth objects: 57768
  GT covered pre-eval-threshold: 49718/57768
  GT covered post-eval-threshold: 49718/57768
  GT lost by eval-threshold filtering: 0
  GT cover rate pre-eval-threshold: 86.06%
  GT cover rate post-eval-threshold: 86.06%
  GT IoU vs raw dets (eval IoU threshold=0.50; per-GT max IoU over all dets / over same-class dets):
    mean best IoU (any class): 0.6755, median: 0.7450
    mean best IoU (correct class): 0.6711, median: 0.7439
    per-class mean best IoU (raw detections):
      | class              | gts | mean_any | mean_same | med_same |
      |--------------------|-----:|----------:|-----------:|----------:|
      | baseball-diamond   | 363 |   0.6962 |    0.6954 |   0.7238 |
      | basketball-court   | 278 |   0.7825 |    0.7823 |   0.7896 |
      | bridge             | 663 |   0.5533 |    0.5529 |   0.6030 |
      | ground-track-field | 216 |   0.7406 |    0.7310 |   0.7818 |
      | harbor             | 4298 |   0.6165 |    0.6130 |   0.6726 |
      | helicopter         | 157 |   0.6655 |    0.6240 |   0.6968 |
      | large-vehicle      | 9398 |   0.6774 |    0.6724 |   0.7199 |
      | plane              | 4730 |   0.8047 |    0.8047 |   0.8344 |
      | roundabout         | 250 |   0.7146 |    0.7088 |   0.7942 |
      | ship               | 18534 |   0.7133 |    0.7126 |   0.7545 |
      | small-vehicle      | 11357 |   0.6204 |    0.6070 |   0.7310 |
      | soccer-ball-field  | 259 |   0.6738 |    0.6422 |   0.7443 |
      | storage-tank       | 5031 |   0.5728 |    0.5720 |   0.7668 |
      | swimming-pool      | 693 |   0.5870 |    0.5867 |   0.6511 |
      | tennis-court       | 1529 |   0.7731 |    0.7701 |   0.7996 |
      | global             | 57756 |   0.6755 |    0.6711 |   0.7439 |
    GTs with IoU≥thresh but no same-class hit (wrong-class / misaligned): 316
    GTs with no detection above IoU thresh (missed / poor loc): 7720
    GTs with 0% best IoU vs any detection (no spatial overlap): 3422 (5.92% of GTs)
    histogram best IoU (any class) [0,0.25)/[0.25,0.5)/[0.5,0.75)/[0.75,1]: 5033/2687/22077/27959
    histogram best IoU (correct class) [0,0.25)/[0.25,0.5)/[0.5,0.75)/[0.75,1]: 5365/2671/21943/27777
  Class-agnostic duplicate rate (post score thresh; IoU≥0.50 vs a higher-score box): micro=1.61% (1220/75793 boxes), macro mean over images with detections=2.45% (3114 images)
  mAP: 0.7832  ↑0.0377 (78.32%)
  Per-Class AP:
    baseball-diamond: 0.8851  ↑0.0077 (88.51%)
    basketball-court: 0.8924  ↓0.0023 (89.24%)
    bridge: 0.6113  ↑0.0405 (61.13%)
    ground-track-field: 0.8634  ↑0.0200 (86.34%)
    harbor: 0.6665  ↑0.2178 (66.65%)
    helicopter: 0.8117  ↑0.0036 (81.17%)
    large-vehicle: 0.7156  ↑0.0236 (71.56%)
    plane: 0.9083  ↑0.0014 (90.83%)
    roundabout: 0.7968  ↑0.0295 (79.68%)
    ship: 0.8795  ↑0.0811 (87.95%)
    small-vehicle: 0.6789  ↑0.0275 (67.89%)
    soccer-ball-field: 0.7065  ↑0.0040 (70.65%)
    storage-tank: 0.7040  ↑0.0725 (70.40%)
    swimming-pool: 0.7197  ↑0.0388 (71.97%)
    tennis-court: 0.9090  ↑0.0001 (90.90%)
  Ground Truth Classes: 15 classes
  Predicted Classes: 15 classes
  Timing: 1h 16m this epoch (avg 59m 29s) | ETA ~23h 47m for 24 epoch(s) left, mAP every 4 epoch(s).

Epoch 13/36
--------------------------------------------------
Epoch 13/36 complete: 6846/6846 batches, loss: 0.4997
  Effective LR: ref=5.000e-03 (0=5.000e-03)
  ROI hints: pos=102.0, bg=452.5, ignore=0.0, sampled_fg=70.0, sampled_bg=371.9, matched_gt=17.4, match_rate=94.62%
Validation complete: 1561 batches
Validation Metrics:
--------------------------------------------------
  Eval thresholds (mAP / matching): score≥0.0500, IoU≥0.50
  Avg Detections per Image (score≥0.0500): 30.04  ↓0.02
  Avg Detections per Image (score≥0.5): 16.29  ↑0.07
  Max detection score: 1.000
  Mean detection score: 0.599
  Time per Step: 0.2763  ↑0.0007
  Accuracy / GT cover: (skipped — computed on mAP epochs)
  Ground Truth objects: 57768
  mAP: (skipped)
  Ground Truth Classes: 15 classes
  Predicted Classes: 15 classes
  Timing: 51m 49s this epoch (avg 58m 54s) | ETA ~22h 34m for 23 epoch(s) left, mAP every 4 epoch(s).

Epoch 14/36
--------------------------------------------------
Epoch 14/36 complete: 6846/6846 batches, loss: 0.4940
  Effective LR: ref=5.000e-03 (0=5.000e-03)
  ROI hints: pos=101.8, bg=450.1, ignore=0.0, sampled_fg=70.1, sampled_bg=370.5, matched_gt=17.4, match_rate=94.76%
Validation complete: 1561 batches
Validation Metrics:
--------------------------------------------------
  Eval thresholds (mAP / matching): score≥0.0500, IoU≥0.50
  Avg Detections per Image (score≥0.0500): 30.07  ↑0.03
  Avg Detections per Image (score≥0.5): 16.35  ↑0.06
  Max detection score: 1.000
  Mean detection score: 0.579
  Time per Step: 0.2759  ↑0.0004
  Accuracy / GT cover: (skipped — computed on mAP epochs)
  Ground Truth objects: 57768
  mAP: (skipped)
  Ground Truth Classes: 15 classes
  Predicted Classes: 15 classes
  Timing: 51m 47s this epoch (avg 58m 24s) | ETA ~21h 24m for 22 epoch(s) left, mAP every 4 epoch(s).

Epoch 15/36
--------------------------------------------------
Epoch 15/36 complete: 6846/6846 batches, loss: 0.4888
  Effective LR: ref=5.000e-03 (0=5.000e-03)
  ROI hints: pos=101.6, bg=447.6, ignore=0.0, sampled_fg=70.2, sampled_bg=369.1, matched_gt=17.5, match_rate=94.88%
Validation complete: 1561 batches
Validation Metrics:
--------------------------------------------------
  Eval thresholds (mAP / matching): score≥0.0500, IoU≥0.50
  Avg Detections per Image (score≥0.0500): 29.53  ↓0.54
  Avg Detections per Image (score≥0.5): 16.33  ↓0.02
  Max detection score: 1.000
  Mean detection score: 0.724
  Time per Step: 0.2749  ↑0.0010
  Accuracy / GT cover: (skipped — computed on mAP epochs)
  Ground Truth objects: 57768
  mAP: (skipped)
  Ground Truth Classes: 15 classes
  Predicted Classes: 15 classes
  Timing: 51m 26s this epoch (avg 57m 56s) | ETA ~20h 16m for 21 epoch(s) left, mAP every 4 epoch(s).

Epoch 16/36
--------------------------------------------------
Epoch 16/36 complete: 6846/6846 batches, loss: 0.4840
  Effective LR: ref=5.000e-03 (0=5.000e-03)
  ROI hints: pos=101.4, bg=445.6, ignore=0.0, sampled_fg=70.2, sampled_bg=367.9, matched_gt=17.5, match_rate=94.99%

Computing mAP (periodic evaluation: every 4 epoch(s))...
Validation complete: 1561 batches

Computing mAP (this may take a while)...
  Eval filters: score≥0.0500, IoU≥0.50
  Images: 3,121
  Total detections (post score filter): 82,294 (26.4 per image)
  Total ground truths: 57,768 (18.5 per image)
  Warning: Large number of detections may slow down mAP computation
  Consider increasing evaluation.score_threshold (current: 0.05) for faster mAP matching
mAP: exact rotated IoU on CPU (backend='shapely'; GPU sampling IoU disabled)
  Computing AP for baseball-diamond: 472 dets, 364 GTs (171,808 IoU calculations)
  Computing AP for basketball-court: 703 dets, 278 GTs (195,434 IoU calculations)
  Computing AP for bridge: 1,955 dets, 666 GTs (1,302,030 IoU calculations)
  Computing AP for ground-track-field: 571 dets, 216 GTs (123,336 IoU calculations)
  WARNING: harbor has 27,730,696 IoU calculations (6,452 dets × 4,298 GTs). This will be slow!
  Computing AP for harbor: 6,452 dets, 4,298 GTs (27,730,696 IoU calculations)
    Using chunked batch IoU computation (CPU exact (shapely)) for harbor (27,730,696 calculations)
    Processing 6,452 detections in chunks of 1,163
  WARNING: large-vehicle has 126,788,418 IoU calculations (13,491 dets × 9,398 GTs). This will be slow!
  Computing AP for large-vehicle: 13,491 dets, 9,398 GTs (126,788,418 IoU calculations)
    Using chunked batch IoU computation (CPU exact (shapely)) for large-vehicle (126,788,418 calculations)
    Processing 13,491 detections in chunks of 532
  WARNING: plane has 25,623,096 IoU calculations (5,416 dets × 4,731 GTs). This will be slow!
  Computing AP for plane: 5,416 dets, 4,731 GTs (25,623,096 IoU calculations)
    Using chunked batch IoU computation (CPU exact (shapely)) for plane (25,623,096 calculations)
    Processing 5,416 detections in chunks of 1,056
  WARNING: ship has 389,918,292 IoU calculations (21,038 dets × 18,534 GTs). This will be slow!
  Computing AP for ship: 21,038 dets, 18,534 GTs (389,918,292 IoU calculations)
    Using chunked batch IoU computation (CPU exact (shapely)) for ship (389,918,292 calculations)
    Processing 21,038 detections in chunks of 269
  WARNING: small-vehicle has 248,264,020 IoU calculations (21,860 dets × 11,357 GTs). This will be slow!
  Computing AP for small-vehicle: 21,860 dets, 11,357 GTs (248,264,020 IoU calculations)
    Using chunked batch IoU computation (CPU exact (shapely)) for small-vehicle (248,264,020 calculations)
    Processing 21,860 detections in chunks of 440
  Computing AP for soccer-ball-field: 743 dets, 260 GTs (193,180 IoU calculations)
  WARNING: storage-tank has 23,867,064 IoU calculations (4,744 dets × 5,031 GTs). This will be slow!
  Computing AP for storage-tank: 4,744 dets, 5,031 GTs (23,867,064 IoU calculations)
    Using chunked batch IoU computation (CPU exact (shapely)) for storage-tank (23,867,064 calculations)
    Processing 4,744 detections in chunks of 993
  Computing AP for swimming-pool: 2,158 dets, 693 GTs (1,495,494 IoU calculations)
  Computing AP for tennis-court: 2,007 dets, 1,529 GTs (3,068,703 IoU calculations)
  mAP computation completed in 22m 5s. mAP: 0.8116
Validation Metrics:
--------------------------------------------------
  Eval thresholds (mAP / matching): score≥0.0500, IoU≥0.50
  Avg Detections per Image (score≥0.0500): 29.33  ↓0.20
  Avg Detections per Image (score≥0.5): 16.43  ↑0.10
  Max detection score: 1.000
  Mean detection score: 0.689
  Time per Step: 0.2743  ↑0.0005
  Accuracy: 0.6161 (61.61%)
  Correct Predictions: 50705/82294 (matched detections)
  Ground Truth objects: 57768
  GT covered pre-eval-threshold: 50720/57768
  GT covered post-eval-threshold: 50720/57768
  GT lost by eval-threshold filtering: 0
  GT cover rate pre-eval-threshold: 87.80%
  GT cover rate post-eval-threshold: 87.80%
  GT IoU vs raw dets (eval IoU threshold=0.50; per-GT max IoU over all dets / over same-class dets):
    mean best IoU (any class): 0.6794, median: 0.7384
    mean best IoU (correct class): 0.6756, median: 0.7375
    per-class mean best IoU (raw detections):
      | class              | gts | mean_any | mean_same | med_same |
      |--------------------|-----:|----------:|-----------:|----------:|
      | baseball-diamond   | 364 |   0.7018 |    0.7018 |   0.7188 |
      | basketball-court   | 278 |   0.7609 |    0.7609 |   0.7728 |
      | bridge             | 665 |   0.5992 |    0.5976 |   0.6459 |
      | ground-track-field | 216 |   0.7054 |    0.6937 |   0.7411 |
      | harbor             | 4298 |   0.6224 |    0.6196 |   0.6732 |
      | helicopter         | 157 |   0.7140 |    0.6994 |   0.7268 |
      | large-vehicle      | 9396 |   0.6686 |    0.6631 |   0.7026 |
      | plane              | 4731 |   0.8030 |    0.8026 |   0.8337 |
      | roundabout         | 254 |   0.7453 |    0.7309 |   0.8126 |
      | ship               | 18534 |   0.7089 |    0.7080 |   0.7456 |
      | small-vehicle      | 11357 |   0.6440 |    0.6340 |   0.7269 |
      | soccer-ball-field  | 260 |   0.6787 |    0.6765 |   0.7054 |
      | storage-tank       | 5030 |   0.5610 |    0.5602 |   0.7388 |
      | swimming-pool      | 693 |   0.6197 |    0.6197 |   0.6775 |
      | tennis-court       | 1529 |   0.8400 |    0.8343 |   0.8640 |
      | global             | 57762 |   0.6794 |    0.6756 |   0.7375 |
    GTs with IoU≥thresh but no same-class hit (wrong-class / misaligned): 264
    GTs with no detection above IoU thresh (missed / poor loc): 6774
    GTs with 0% best IoU vs any detection (no spatial overlap): 2827 (4.89% of GTs)
    histogram best IoU (any class) [0,0.25)/[0.25,0.5)/[0.5,0.75)/[0.75,1]: 4362/2412/24430/26558
    histogram best IoU (correct class) [0,0.25)/[0.25,0.5)/[0.5,0.75)/[0.75,1]: 4650/2388/24313/26411
  Class-agnostic duplicate rate (post score thresh; IoU≥0.50 vs a higher-score box): micro=1.96% (1611/82294 boxes), macro mean over images with detections=2.71% (3117 images)
  mAP: 0.8116  ↑0.0283 (81.16%)
  Per-Class AP:
    baseball-diamond: 0.8868  ↑0.0017 (88.68%)
    basketball-court: 0.9027  ↑0.0103 (90.27%)
    bridge: 0.6371  ↑0.0258 (63.71%)
    ground-track-field: 0.8656  ↑0.0022 (86.56%)
    harbor: 0.7244  ↑0.0579 (72.44%)
    helicopter: 0.9079  ↑0.0962 (90.79%)
    large-vehicle: 0.7468  ↑0.0312 (74.68%)
    plane: 0.9083  ↑0.0001 (90.83%)
    roundabout: 0.7983  ↑0.0015 (79.83%)
    ship: 0.8902  ↑0.0107 (89.02%)
    small-vehicle: 0.7474  ↑0.0686 (74.74%)
    soccer-ball-field: 0.8529  ↑0.1464 (85.29%)
    storage-tank: 0.7063  ↑0.0023 (70.63%)
    swimming-pool: 0.6897  ↓0.0300 (68.97%)
    tennis-court: 0.9091  ↑0.0001 (90.91%)
  Ground Truth Classes: 15 classes
  Predicted Classes: 15 classes
  Timing: 1h 15m this epoch (avg 59m 1s) | ETA ~19h 40m for 20 epoch(s) left, mAP every 4 epoch(s).

Epoch 17/36
--------------------------------------------------
Epoch 17/36 complete: 6846/6846 batches, loss: 0.4795
  Effective LR: ref=5.000e-03 (0=5.000e-03)
  ROI hints: pos=101.3, bg=443.8, ignore=0.0, sampled_fg=70.3, sampled_bg=366.8, matched_gt=17.5, match_rate=95.09%
Validation complete: 1561 batches
Validation Metrics:
--------------------------------------------------
  Eval thresholds (mAP / matching): score≥0.0500, IoU≥0.50
  Avg Detections per Image (score≥0.0500): 28.93  ↓0.40
  Avg Detections per Image (score≥0.5): 16.40  ↓0.02
  Max detection score: 1.000
  Mean detection score: 0.706
  Time per Step: 0.2734  ↑0.0009
  Accuracy / GT cover: (skipped — computed on mAP epochs)
  Ground Truth objects: 57768
  mAP: (skipped)
  Ground Truth Classes: 15 classes
  Predicted Classes: 15 classes
  Timing: 51m 21s this epoch (avg 58m 34s) | ETA ~18h 32m for 19 epoch(s) left, mAP every 4 epoch(s).

Epoch 18/36
--------------------------------------------------
Epoch 18/36 complete: 6846/6846 batches, loss: 0.4756
  Effective LR: ref=5.000e-03 (0=5.000e-03)
  ROI hints: pos=101.1, bg=442.0, ignore=0.0, sampled_fg=70.4, sampled_bg=365.9, matched_gt=17.5, match_rate=95.18%
Validation complete: 1561 batches
Validation Metrics:
--------------------------------------------------
  Eval thresholds (mAP / matching): score≥0.0500, IoU≥0.50
  Avg Detections per Image (score≥0.0500): 28.71  ↓0.22
  Avg Detections per Image (score≥0.5): 16.43  ↑0.03
  Max detection score: 1.000
  Mean detection score: 0.680
  Time per Step: 0.2727  ↑0.0007
  Accuracy / GT cover: (skipped — computed on mAP epochs)
  Ground Truth objects: 57768
  mAP: (skipped)
  Ground Truth Classes: 15 classes
  Predicted Classes: 15 classes
  Timing: 51m 17s this epoch (avg 58m 10s) | ETA ~17h 26m for 18 epoch(s) left, mAP every 4 epoch(s).

Epoch 19/36
--------------------------------------------------
Epoch 19/36 complete: 6846/6846 batches, loss: 0.4721
  Effective LR: ref=5.000e-03 (0=5.000e-03)
  ROI hints: pos=100.9, bg=440.5, ignore=0.0, sampled_fg=70.4, sampled_bg=365.1, matched_gt=17.5, match_rate=95.26%
Validation complete: 1561 batches
Validation Metrics:
--------------------------------------------------
  Eval thresholds (mAP / matching): score≥0.0500, IoU≥0.50
  Avg Detections per Image (score≥0.0500): 28.63  ↓0.08
  Avg Detections per Image (score≥0.5): 16.48  ↑0.05
  Max detection score: 1.000
  Mean detection score: 0.653
  Time per Step: 0.2724  ↑0.0003
  Accuracy / GT cover: (skipped — computed on mAP epochs)
  Ground Truth objects: 57768
  mAP: (skipped)
  Ground Truth Classes: 15 classes
  Predicted Classes: 15 classes
  Timing: 51m 33s this epoch (avg 57m 49s) | ETA ~16h 22m for 17 epoch(s) left, mAP every 4 epoch(s).

Epoch 20/36
--------------------------------------------------
Epoch 20/36 complete: 6846/6846 batches, loss: 0.4685
  Effective LR: ref=5.000e-03 (0=5.000e-03)
  ROI hints: pos=100.8, bg=438.9, ignore=0.0, sampled_fg=70.4, sampled_bg=364.2, matched_gt=17.6, match_rate=95.34%

Computing mAP (periodic evaluation: every 4 epoch(s))...
Validation complete: 1561 batches

Computing mAP (this may take a while)...
  Eval filters: score≥0.0500, IoU≥0.50
  Images: 3,121
  Total detections (post score filter): 74,597 (23.9 per image)
  Total ground truths: 57,768 (18.5 per image)
  Warning: Large number of detections may slow down mAP computation
  Consider increasing evaluation.score_threshold (current: 0.05) for faster mAP matching
mAP: exact rotated IoU on CPU (backend='shapely'; GPU sampling IoU disabled)
  Computing AP for baseball-diamond: 858 dets, 364 GTs (312,312 IoU calculations)
  Computing AP for bridge: 1,500 dets, 666 GTs (999,000 IoU calculations)
  WARNING: harbor has 23,798,026 IoU calculations (5,537 dets × 4,298 GTs). This will be slow!
  Computing AP for harbor: 5,537 dets, 4,298 GTs (23,798,026 IoU calculations)
    Using chunked batch IoU computation (CPU exact (shapely)) for harbor (23,798,026 calculations)
    Processing 5,537 detections in chunks of 1,163
  WARNING: large-vehicle has 104,627,934 IoU calculations (11,133 dets × 9,398 GTs). This will be slow!
  Computing AP for large-vehicle: 11,133 dets, 9,398 GTs (104,627,934 IoU calculations)
    Using chunked batch IoU computation (CPU exact (shapely)) for large-vehicle (104,627,934 calculations)
    Processing 11,133 detections in chunks of 532
  WARNING: plane has 28,343,421 IoU calculations (5,991 dets × 4,731 GTs). This will be slow!
  Computing AP for plane: 5,991 dets, 4,731 GTs (28,343,421 IoU calculations)
    Using chunked batch IoU computation (CPU exact (shapely)) for plane (28,343,421 calculations)
    Processing 5,991 detections in chunks of 1,056
  Computing AP for roundabout: 446 dets, 256 GTs (114,176 IoU calculations)
  WARNING: ship has 392,587,188 IoU calculations (21,182 dets × 18,534 GTs). This will be slow!
  Computing AP for ship: 21,182 dets, 18,534 GTs (392,587,188 IoU calculations)
    Using chunked batch IoU computation (CPU exact (shapely)) for ship (392,587,188 calculations)
    Processing 21,182 detections in chunks of 269
  WARNING: small-vehicle has 211,069,845 IoU calculations (18,585 dets × 11,357 GTs). This will be slow!
  Computing AP for small-vehicle: 18,585 dets, 11,357 GTs (211,069,845 IoU calculations)
    Using chunked batch IoU computation (CPU exact (shapely)) for small-vehicle (211,069,845 calculations)
    Processing 18,585 detections in chunks of 440
  Computing AP for soccer-ball-field: 576 dets, 260 GTs (149,760 IoU calculations)
  WARNING: storage-tank has 23,590,359 IoU calculations (4,689 dets × 5,031 GTs). This will be slow!
  Computing AP for storage-tank: 4,689 dets, 5,031 GTs (23,590,359 IoU calculations)
    Using chunked batch IoU computation (CPU exact (shapely)) for storage-tank (23,590,359 calculations)
    Processing 4,689 detections in chunks of 993
  Computing AP for swimming-pool: 1,539 dets, 693 GTs (1,066,527 IoU calculations)
  Computing AP for tennis-court: 1,575 dets, 1,529 GTs (2,408,175 IoU calculations)
  mAP computation completed in 22m 23s. mAP: 0.8108
Validation Metrics:
--------------------------------------------------
  Eval thresholds (mAP / matching): score≥0.0500, IoU≥0.50
  Avg Detections per Image (score≥0.0500): 28.39  ↓0.24
  Avg Detections per Image (score≥0.5): 16.49  ↑0.01
  Max detection score: 1.000
  Mean detection score: 0.700
  Time per Step: 0.2718  ↑0.0006
  Accuracy: 0.6799 (67.99%)
  Correct Predictions: 50721/74597 (matched detections)
  Ground Truth objects: 57768
  GT covered pre-eval-threshold: 50734/57768
  GT covered post-eval-threshold: 50734/57768
  GT lost by eval-threshold filtering: 0
  GT cover rate pre-eval-threshold: 87.82%
  GT cover rate post-eval-threshold: 87.82%
  GT IoU vs raw dets (eval IoU threshold=0.50; per-GT max IoU over all dets / over same-class dets):
    mean best IoU (any class): 0.6874, median: 0.7544
    mean best IoU (correct class): 0.6844, median: 0.7536
    per-class mean best IoU (raw detections):
      | class              | gts | mean_any | mean_same | med_same |
      |--------------------|-----:|----------:|-----------:|----------:|
      | baseball-diamond   | 364 |   0.7285 |    0.7281 |   0.7446 |
      | basketball-court   | 278 |   0.7984 |    0.7982 |   0.8145 |
      | bridge             | 664 |   0.6131 |    0.6118 |   0.6715 |
      | ground-track-field | 216 |   0.7657 |    0.7510 |   0.7954 |
      | harbor             | 4298 |   0.6479 |    0.6443 |   0.6965 |
      | helicopter         | 157 |   0.6970 |    0.6704 |   0.7074 |
      | large-vehicle      | 9398 |   0.6940 |    0.6872 |   0.7417 |
      | plane              | 4731 |   0.7909 |    0.7909 |   0.8223 |
      | roundabout         | 256 |   0.7250 |    0.7236 |   0.8004 |
      | ship               | 18534 |   0.7131 |    0.7127 |   0.7573 |
      | small-vehicle      | 11357 |   0.6458 |    0.6396 |   0.7445 |
      | soccer-ball-field  | 260 |   0.7185 |    0.7094 |   0.7531 |
      | storage-tank       | 5031 |   0.5893 |    0.5889 |   0.7783 |
      | swimming-pool      | 693 |   0.5816 |    0.5816 |   0.6515 |
      | tennis-court       | 1529 |   0.7865 |    0.7820 |   0.8184 |
      | global             | 57766 |   0.6874 |    0.6844 |   0.7536 |
    GTs with IoU≥thresh but no same-class hit (wrong-class / misaligned): 211
    GTs with no detection above IoU thresh (missed / poor loc): 6818
    GTs with 0% best IoU vs any detection (no spatial overlap): 3261 (5.65% of GTs)
    histogram best IoU (any class) [0,0.25)/[0.25,0.5)/[0.5,0.75)/[0.75,1]: 4862/1956/21225/29723
    histogram best IoU (correct class) [0,0.25)/[0.25,0.5)/[0.5,0.75)/[0.75,1]: 5080/1949/21146/29591
  Class-agnostic duplicate rate (post score thresh; IoU≥0.50 vs a higher-score box): micro=1.32% (986/74597 boxes), macro mean over images with detections=2.12% (3119 images)
  mAP: 0.8108  ↓0.0007 (81.08%)
  Per-Class AP:
    baseball-diamond: 0.8742  ↓0.0125 (87.42%)
    basketball-court: 0.9058  ↑0.0031 (90.58%)
    bridge: 0.6526  ↑0.0154 (65.26%)
    ground-track-field: 0.8832  ↑0.0176 (88.32%)
    harbor: 0.7638  ↑0.0395 (76.38%)
    helicopter: 0.8849  ↓0.0230 (88.49%)
    large-vehicle: 0.7556  ↑0.0088 (75.56%)
    plane: 0.9081  ↓0.0002 (90.81%)
    roundabout: 0.8032  ↑0.0049 (80.32%)
    ship: 0.8838  ↓0.0064 (88.38%)
    small-vehicle: 0.7633  ↑0.0159 (76.33%)
    soccer-ball-field: 0.7902  ↓0.0627 (79.02%)
    storage-tank: 0.7148  ↑0.0085 (71.48%)
    swimming-pool: 0.6697  ↓0.0200 (66.97%)
    tennis-court: 0.9090  ↓0.0001 (90.90%)
  Ground Truth Classes: 15 classes
  Predicted Classes: 15 classes
  Timing: 1h 15m this epoch (avg 58m 42s) | ETA ~15h 39m for 16 epoch(s) left, mAP every 4 epoch(s).

Epoch 21/36
--------------------------------------------------
Epoch 21/36 complete: 6846/6846 batches, loss: 0.4649
  Effective LR: ref=5.000e-03 (0=5.000e-03)
  ROI hints: pos=100.6, bg=437.5, ignore=0.0, sampled_fg=70.5, sampled_bg=363.3, matched_gt=17.6, match_rate=95.41%
Validation complete: 1561 batches
Validation Metrics:
--------------------------------------------------
  Eval thresholds (mAP / matching): score≥0.0500, IoU≥0.50
  Avg Detections per Image (score≥0.0500): 28.16  ↓0.23
  Avg Detections per Image (score≥0.5): 16.44  ↓0.05
  Max detection score: 1.000
  Mean detection score: 0.647
  Time per Step: 0.2713  ↑0.0005
  Accuracy / GT cover: (skipped — computed on mAP epochs)
  Ground Truth objects: 57768
  mAP: (skipped)
  Ground Truth Classes: 15 classes
  Predicted Classes: 15 classes
  Timing: 51m 24s this epoch (avg 58m 21s) | ETA ~14h 35m for 15 epoch(s) left, mAP every 4 epoch(s).

Epoch 22/36
--------------------------------------------------
Epoch 22/36 complete: 6846/6846 batches, loss: 0.4616
  Effective LR: ref=5.000e-03 (0=5.000e-03)
  ROI hints: pos=100.5, bg=436.3, ignore=0.0, sampled_fg=70.5, sampled_bg=362.5, matched_gt=17.6, match_rate=95.48%
Validation complete: 1561 batches
Validation Metrics:
--------------------------------------------------
  Eval thresholds (mAP / matching): score≥0.0500, IoU≥0.50
  Avg Detections per Image (score≥0.0500): 28.02  ↓0.14
  Avg Detections per Image (score≥0.5): 16.46  ↑0.02
  Max detection score: 1.000
  Mean detection score: 0.686
  Time per Step: 0.2709  ↑0.0004
  Accuracy / GT cover: (skipped — computed on mAP epochs)
  Ground Truth objects: 57768
  mAP: (skipped)
  Ground Truth Classes: 15 classes
  Predicted Classes: 15 classes
  Timing: 51m 28s this epoch (avg 58m 2s) | ETA ~13h 32m for 14 epoch(s) left, mAP every 4 epoch(s).

Epoch 23/36
--------------------------------------------------
Epoch 23/36 complete: 6846/6846 batches, loss: 0.4586
  Effective LR: ref=5.000e-03 (0=5.000e-03)
  ROI hints: pos=100.3, bg=435.2, ignore=0.0, sampled_fg=70.6, sampled_bg=361.9, matched_gt=17.6, match_rate=95.54%
Validation complete: 1561 batches
Validation Metrics:
--------------------------------------------------
  Eval thresholds (mAP / matching): score≥0.0500, IoU≥0.50
  Avg Detections per Image (score≥0.0500): 27.91  ↓0.11
  Avg Detections per Image (score≥0.5): 16.48  ↑0.02
  Max detection score: 1.000
  Mean detection score: 0.676
  Time per Step: 0.2705  ↑0.0003
  Accuracy / GT cover: (skipped — computed on mAP epochs)
  Ground Truth objects: 57768
  mAP: (skipped)
  Ground Truth Classes: 15 classes
  Predicted Classes: 15 classes
  Timing: 51m 28s this epoch (avg 57m 45s) | ETA ~12h 30m for 13 epoch(s) left, mAP every 4 epoch(s).

Epoch 24/36
--------------------------------------------------
Epoch 24/36 complete: 6846/6846 batches, loss: 0.4560
  Effective LR: ref=5.000e-03 (0=5.000e-03)
  ROI hints: pos=100.2, bg=434.5, ignore=0.0, sampled_fg=70.6, sampled_bg=361.4, matched_gt=17.6, match_rate=95.59%

Computing mAP (periodic evaluation: every 4 epoch(s))...
Validation complete: 1561 batches

Computing mAP (this may take a while)...
  Eval filters: score≥0.0500, IoU≥0.50
  Images: 3,121
  Total detections (post score filter): 91,558 (29.3 per image)
  Total ground truths: 57,768 (18.5 per image)
  Warning: Large number of detections may slow down mAP computation
  Consider increasing evaluation.score_threshold (current: 0.05) for faster mAP matching
mAP: exact rotated IoU on CPU (backend='shapely'; GPU sampling IoU disabled)
  Computing AP for baseball-diamond: 558 dets, 364 GTs (203,112 IoU calculations)
  Computing AP for basketball-court: 453 dets, 278 GTs (125,934 IoU calculations)
  Computing AP for bridge: 2,261 dets, 666 GTs (1,505,826 IoU calculations)
  WARNING: harbor has 25,362,498 IoU calculations (5,901 dets × 4,298 GTs). This will be slow!
  Computing AP for harbor: 5,901 dets, 4,298 GTs (25,362,498 IoU calculations)
    Using chunked batch IoU computation (CPU exact (shapely)) for harbor (25,362,498 calculations)
    Processing 5,901 detections in chunks of 1,163
  WARNING: large-vehicle has 131,177,284 IoU calculations (13,958 dets × 9,398 GTs). This will be slow!
  Computing AP for large-vehicle: 13,958 dets, 9,398 GTs (131,177,284 IoU calculations)
    Using chunked batch IoU computation (CPU exact (shapely)) for large-vehicle (131,177,284 calculations)
    Processing 13,958 detections in chunks of 532
  WARNING: plane has 25,519,014 IoU calculations (5,394 dets × 4,731 GTs). This will be slow!
  Computing AP for plane: 5,394 dets, 4,731 GTs (25,519,014 IoU calculations)
    Using chunked batch IoU computation (CPU exact (shapely)) for plane (25,519,014 calculations)
    Processing 5,394 detections in chunks of 1,056
  WARNING: ship has 390,492,846 IoU calculations (21,069 dets × 18,534 GTs). This will be slow!
  Computing AP for ship: 21,069 dets, 18,534 GTs (390,492,846 IoU calculations)
    Using chunked batch IoU computation (CPU exact (shapely)) for ship (390,492,846 calculations)
    Processing 21,069 detections in chunks of 269
  WARNING: small-vehicle has 378,642,380 IoU calculations (33,340 dets × 11,357 GTs). This will be slow!
  Computing AP for small-vehicle: 33,340 dets, 11,357 GTs (378,642,380 IoU calculations)
    Using chunked batch IoU computation (CPU exact (shapely)) for small-vehicle (378,642,380 calculations)
    Processing 33,340 detections in chunks of 440
  Computing AP for soccer-ball-field: 597 dets, 260 GTs (155,220 IoU calculations)
  WARNING: storage-tank has 17,829,864 IoU calculations (3,544 dets × 5,031 GTs). This will be slow!
  Computing AP for storage-tank: 3,544 dets, 5,031 GTs (17,829,864 IoU calculations)
    Using chunked batch IoU computation (CPU exact (shapely)) for storage-tank (17,829,864 calculations)
    Processing 3,544 detections in chunks of 993
  Computing AP for swimming-pool: 1,509 dets, 693 GTs (1,045,737 IoU calculations)
  Computing AP for tennis-court: 1,987 dets, 1,529 GTs (3,038,123 IoU calculations)
  mAP computation completed in 24m 34s. mAP: 0.8193
Validation Metrics:
--------------------------------------------------
  Eval thresholds (mAP / matching): score≥0.0500, IoU≥0.50
  Avg Detections per Image (score≥0.0500): 27.97  ↑0.06
  Avg Detections per Image (score≥0.5): 16.49  ↑0.01
  Max detection score: 1.000
  Mean detection score: 0.595
  Time per Step: 0.2702  ↑0.0003
  Accuracy: 0.5600 (56.00%)
  Correct Predictions: 51276/91558 (matched detections)
  Ground Truth objects: 57768
  GT covered pre-eval-threshold: 51288/57768
  GT covered post-eval-threshold: 51288/57768
  GT lost by eval-threshold filtering: 0
  GT cover rate pre-eval-threshold: 88.78%
  GT cover rate post-eval-threshold: 88.78%
  GT IoU vs raw dets (eval IoU threshold=0.50; per-GT max IoU over all dets / over same-class dets):
    mean best IoU (any class): 0.6917, median: 0.7493
    mean best IoU (correct class): 0.6878, median: 0.7484
    per-class mean best IoU (raw detections):
      | class              | gts | mean_any | mean_same | med_same |
      |--------------------|-----:|----------:|-----------:|----------:|
      | baseball-diamond   | 364 |   0.7162 |    0.7162 |   0.7381 |
      | basketball-court   | 278 |   0.8145 |    0.8141 |   0.8202 |
      | bridge             | 665 |   0.6118 |    0.6116 |   0.6539 |
      | ground-track-field | 216 |   0.7719 |    0.7589 |   0.8013 |
      | harbor             | 4298 |   0.6285 |    0.6263 |   0.6790 |
      | helicopter         | 157 |   0.7140 |    0.6983 |   0.7239 |
      | large-vehicle      | 9398 |   0.7081 |    0.6921 |   0.7367 |
      | plane              | 4730 |   0.8004 |    0.8004 |   0.8271 |
      | roundabout         | 255 |   0.7351 |    0.7351 |   0.8189 |
      | ship               | 18534 |   0.7174 |    0.7169 |   0.7580 |
      | small-vehicle      | 11357 |   0.6671 |    0.6647 |   0.7272 |
      | soccer-ball-field  | 260 |   0.7396 |    0.7360 |   0.7947 |
      | storage-tank       | 5029 |   0.5426 |    0.5391 |   0.7573 |
      | swimming-pool      | 693 |   0.6135 |    0.6135 |   0.6671 |
      | tennis-court       | 1529 |   0.8068 |    0.8036 |   0.8361 |
      | global             | 57763 |   0.6917 |    0.6878 |   0.7484 |
    GTs with IoU≥thresh but no same-class hit (wrong-class / misaligned): 268
    GTs with no detection above IoU thresh (missed / poor loc): 6202
    GTs with 0% best IoU vs any detection (no spatial overlap): 2688 (4.65% of GTs)
    histogram best IoU (any class) [0,0.25)/[0.25,0.5)/[0.5,0.75)/[0.75,1]: 4029/2173/22820/28741
    histogram best IoU (correct class) [0,0.25)/[0.25,0.5)/[0.5,0.75)/[0.75,1]: 4326/2144/22721/28572
  Class-agnostic duplicate rate (post score thresh; IoU≥0.50 vs a higher-score box): micro=2.22% (2030/91558 boxes), macro mean over images with detections=2.79% (3116 images)
  mAP: 0.8193  ↑0.0085 (81.93%)
  Per-Class AP:
    baseball-diamond: 0.8947  ↑0.0205 (89.47%)
    basketball-court: 0.9066  ↑0.0008 (90.66%)
    bridge: 0.6498  ↓0.0028 (64.98%)
    ground-track-field: 0.8937  ↑0.0105 (89.37%)
    harbor: 0.7292  ↓0.0346 (72.92%)
    helicopter: 0.8911  ↑0.0062 (89.11%)
    large-vehicle: 0.8413  ↑0.0857 (84.13%)
    plane: 0.9084  ↑0.0003 (90.84%)
    roundabout: 0.8035  ↑0.0003 (80.35%)
    ship: 0.8891  ↑0.0053 (88.91%)
    small-vehicle: 0.7562  ↓0.0071 (75.62%)
    soccer-ball-field: 0.8457  ↑0.0555 (84.57%)
    storage-tank: 0.6316  ↓0.0832 (63.16%)
    swimming-pool: 0.7399  ↑0.0703 (73.99%)
    tennis-court: 0.9091  ↑0.0001 (90.91%)
  Ground Truth Classes: 15 classes
  Predicted Classes: 15 classes
  Timing: 1h 18m this epoch (avg 58m 36s) | ETA ~11h 43m for 12 epoch(s) left, mAP every 4 epoch(s).

Epoch 25/36
--------------------------------------------------
Epoch 25/36 complete: 6846/6846 batches, loss: 0.4509
  Effective LR: ref=5.000e-04 (0=5.000e-04)
  ROI hints: pos=100.0, bg=433.2, ignore=0.0, sampled_fg=70.7, sampled_bg=360.3, matched_gt=17.6, match_rate=95.67%
Validation complete: 1561 batches
Validation Metrics:
--------------------------------------------------
  Eval thresholds (mAP / matching): score≥0.0500, IoU≥0.50
  Avg Detections per Image (score≥0.0500): 27.72  ↓0.24
  Avg Detections per Image (score≥0.5): 16.52  ↑0.03
  Max detection score: 1.000
  Mean detection score: 0.787
  Time per Step: 0.2696  ↑0.0006
  Accuracy / GT cover: (skipped — computed on mAP epochs)
  Ground Truth objects: 57768
  mAP: (skipped)
  Ground Truth Classes: 15 classes
  Predicted Classes: 15 classes
  Timing: 51m 2s this epoch (avg 58m 18s) | ETA ~10h 41m for 11 epoch(s) left, mAP every 4 epoch(s).

Epoch 26/36
--------------------------------------------------
Epoch 26/36 complete: 6846/6846 batches, loss: 0.4455
  Effective LR: ref=5.000e-04 (0=5.000e-04)
  ROI hints: pos=99.9, bg=432.1, ignore=0.0, sampled_fg=70.8, sampled_bg=359.2, matched_gt=17.7, match_rate=95.74%
Validation complete: 1561 batches
Validation Metrics:
--------------------------------------------------
  Eval thresholds (mAP / matching): score≥0.0500, IoU≥0.50
  Avg Detections per Image (score≥0.0500): 27.47  ↓0.25
  Avg Detections per Image (score≥0.5): 16.55  ↑0.03
  Max detection score: 1.000
  Mean detection score: 0.811
  Time per Step: 0.2690  ↑0.0006
  Accuracy / GT cover: (skipped — computed on mAP epochs)
  Ground Truth objects: 57768
  mAP: (skipped)
  Ground Truth Classes: 15 classes
  Predicted Classes: 15 classes
  Timing: 50m 59s this epoch (avg 58m 1s) | ETA ~9h 40m for 10 epoch(s) left, mAP every 4 epoch(s).

Epoch 27/36
--------------------------------------------------
Epoch 27/36 complete: 6846/6846 batches, loss: 0.4404
  Effective LR: ref=5.000e-04 (0=5.000e-04)
  ROI hints: pos=99.7, bg=431.2, ignore=0.0, sampled_fg=70.9, sampled_bg=358.2, matched_gt=17.7, match_rate=95.80%
Validation complete: 1561 batches
Validation Metrics:
--------------------------------------------------
  Eval thresholds (mAP / matching): score≥0.0500, IoU≥0.50
  Avg Detections per Image (score≥0.0500): 27.25  ↓0.22
  Avg Detections per Image (score≥0.5): 16.58  ↑0.03
  Max detection score: 1.000
  Mean detection score: 0.808
  Time per Step: 0.2684  ↑0.0006
  Accuracy / GT cover: (skipped — computed on mAP epochs)
  Ground Truth objects: 57768
  mAP: (skipped)
  Ground Truth Classes: 15 classes
  Predicted Classes: 15 classes
  Timing: 50m 55s this epoch (avg 57m 45s) | ETA ~8h 39m for 9 epoch(s) left, mAP every 4 epoch(s).

Epoch 28/36
--------------------------------------------------
Epoch 28/36 complete: 6846/6846 batches, loss: 0.4355
  Effective LR: ref=5.000e-04 (0=5.000e-04)
  ROI hints: pos=99.5, bg=430.4, ignore=0.0, sampled_fg=71.0, sampled_bg=357.2, matched_gt=17.7, match_rate=95.87%

Computing mAP (periodic evaluation: every 4 epoch(s))...
Validation complete: 1561 batches

Computing mAP (this may take a while)...
  Eval filters: score≥0.0500, IoU≥0.50
  Images: 3,121
  Total detections (post score filter): 68,816 (22.0 per image)
  Total ground truths: 57,768 (18.5 per image)
  Warning: Large number of detections may slow down mAP computation
  Consider increasing evaluation.score_threshold (current: 0.05) for faster mAP matching
mAP: exact rotated IoU on CPU (backend='shapely'; GPU sampling IoU disabled)
  Computing AP for baseball-diamond: 445 dets, 364 GTs (161,980 IoU calculations)
  Computing AP for bridge: 1,218 dets, 666 GTs (811,188 IoU calculations)
  WARNING: harbor has 21,924,098 IoU calculations (5,101 dets × 4,298 GTs). This will be slow!
  Computing AP for harbor: 5,101 dets, 4,298 GTs (21,924,098 IoU calculations)
    Using chunked batch IoU computation (CPU exact (shapely)) for harbor (21,924,098 calculations)
    Processing 5,101 detections in chunks of 1,163
  WARNING: large-vehicle has 104,891,078 IoU calculations (11,161 dets × 9,398 GTs). This will be slow!
  Computing AP for large-vehicle: 11,161 dets, 9,398 GTs (104,891,078 IoU calculations)
    Using chunked batch IoU computation (CPU exact (shapely)) for large-vehicle (104,891,078 calculations)
    Processing 11,161 detections in chunks of 532
  WARNING: plane has 23,612,421 IoU calculations (4,991 dets × 4,731 GTs). This will be slow!
  Computing AP for plane: 4,991 dets, 4,731 GTs (23,612,421 IoU calculations)
    Using chunked batch IoU computation (CPU exact (shapely)) for plane (23,612,421 calculations)
    Processing 4,991 detections in chunks of 1,056
  WARNING: ship has 372,626,070 IoU calculations (20,105 dets × 18,534 GTs). This will be slow!
  Computing AP for ship: 20,105 dets, 18,534 GTs (372,626,070 IoU calculations)
    Using chunked batch IoU computation (CPU exact (shapely)) for ship (372,626,070 calculations)
    Processing 20,105 detections in chunks of 269
  WARNING: small-vehicle has 197,361,946 IoU calculations (17,378 dets × 11,357 GTs). This will be slow!
  Computing AP for small-vehicle: 17,378 dets, 11,357 GTs (197,361,946 IoU calculations)
    Using chunked batch IoU computation (CPU exact (shapely)) for small-vehicle (197,361,946 calculations)
    Processing 17,378 detections in chunks of 440
  WARNING: storage-tank has 21,879,819 IoU calculations (4,349 dets × 5,031 GTs). This will be slow!
  Computing AP for storage-tank: 4,349 dets, 5,031 GTs (21,879,819 IoU calculations)
    Using chunked batch IoU computation (CPU exact (shapely)) for storage-tank (21,879,819 calculations)
    Processing 4,349 detections in chunks of 993
  Computing AP for swimming-pool: 1,043 dets, 693 GTs (722,799 IoU calculations)
  Computing AP for tennis-court: 1,570 dets, 1,529 GTs (2,400,530 IoU calculations)
  mAP computation completed in 20m 31s. mAP: 0.8654
Validation Metrics:
--------------------------------------------------
  Eval thresholds (mAP / matching): score≥0.0500, IoU≥0.50
  Avg Detections per Image (score≥0.0500): 27.06  ↓0.19
  Avg Detections per Image (score≥0.5): 16.62  ↑0.04
  Max detection score: 1.000
  Mean detection score: 0.797
  Time per Step: 0.2679  ↑0.0005
  Accuracy: 0.7692 (76.92%)
  Correct Predictions: 52932/68816 (matched detections)
  Ground Truth objects: 57768
  GT covered pre-eval-threshold: 52945/57768
  GT covered post-eval-threshold: 52945/57768
  GT lost by eval-threshold filtering: 0
  GT cover rate pre-eval-threshold: 91.65%
  GT cover rate post-eval-threshold: 91.65%
  GT IoU vs raw dets (eval IoU threshold=0.50; per-GT max IoU over all dets / over same-class dets):
    mean best IoU (any class): 0.7424, median: 0.8009
    mean best IoU (correct class): 0.7406, median: 0.8006
    per-class mean best IoU (raw detections):
      | class              | gts | mean_any | mean_same | med_same |
      |--------------------|-----:|----------:|-----------:|----------:|
      | baseball-diamond   | 364 |   0.7694 |    0.7694 |   0.7861 |
      | basketball-court   | 278 |   0.8587 |    0.8580 |   0.8749 |
      | bridge             | 665 |   0.7189 |    0.7189 |   0.7645 |
      | ground-track-field | 216 |   0.8220 |    0.8102 |   0.8563 |
      | harbor             | 4298 |   0.7002 |    0.6978 |   0.7587 |
      | helicopter         | 157 |   0.7682 |    0.7530 |   0.7674 |
      | large-vehicle      | 9397 |   0.7749 |    0.7695 |   0.8089 |
      | plane              | 4731 |   0.8411 |    0.8410 |   0.8659 |
      | roundabout         | 254 |   0.7952 |    0.7952 |   0.8677 |
      | ship               | 18534 |   0.7611 |    0.7608 |   0.7987 |
      | small-vehicle      | 11357 |   0.6967 |    0.6945 |   0.7717 |
      | soccer-ball-field  | 260 |   0.7978 |    0.7941 |   0.8374 |
      | storage-tank       | 5026 |   0.6140 |    0.6140 |   0.8144 |
      | swimming-pool      | 693 |   0.6420 |    0.6420 |   0.7048 |
      | tennis-court       | 1529 |   0.8864 |    0.8853 |   0.9040 |
      | global             | 57759 |   0.7424 |    0.7406 |   0.8006 |
    GTs with IoU≥thresh but no same-class hit (wrong-class / misaligned): 110
    GTs with no detection above IoU thresh (missed / poor loc): 4702
    GTs with 0% best IoU vs any detection (no spatial overlap): 2548 (4.41% of GTs)
    histogram best IoU (any class) [0,0.25)/[0.25,0.5)/[0.5,0.75)/[0.75,1]: 3636/1066/13563/39494
    histogram best IoU (correct class) [0,0.25)/[0.25,0.5)/[0.5,0.75)/[0.75,1]: 3757/1055/13544/39403
  Class-agnostic duplicate rate (post score thresh; IoU≥0.50 vs a higher-score box): micro=0.61% (422/68816 boxes), macro mean over images with detections=1.04% (3115 images)
  mAP: 0.8654  ↑0.0461 (86.54%)
  Per-Class AP:
    baseball-diamond: 0.9044  ↑0.0096 (90.44%)
    basketball-court: 0.9925  ↑0.0859 (99.25%)
    bridge: 0.7756  ↑0.1259 (77.56%)
    ground-track-field: 0.9015  ↑0.0078 (90.15%)
    harbor: 0.8028  ↑0.0735 (80.28%)
    helicopter: 0.9091  ↑0.0180 (90.91%)
    large-vehicle: 0.8805  ↑0.0392 (88.05%)
    plane: 0.9088  ↑0.0004 (90.88%)
    roundabout: 0.8898  ↑0.0863 (88.98%)
    ship: 0.9008  ↑0.0116 (90.08%)
    small-vehicle: 0.7995  ↑0.0433 (79.95%)
    soccer-ball-field: 0.9014  ↑0.0557 (90.14%)
    storage-tank: 0.7187  ↑0.0871 (71.87%)
    swimming-pool: 0.7867  ↑0.0467 (78.67%)
    tennis-court: 0.9091  →0.0000 (90.91%)
  Ground Truth Classes: 15 classes
  Predicted Classes: 15 classes
  Timing: 1h 13m this epoch (avg 58m 18s) | ETA ~7h 46m for 8 epoch(s) left, mAP every 4 epoch(s).

Epoch 29/36
--------------------------------------------------
Epoch 29/36 complete: 6846/6846 batches, loss: 0.4308
  Effective LR: ref=5.000e-04 (0=5.000e-04)
  ROI hints: pos=99.3, bg=429.5, ignore=0.0, sampled_fg=71.1, sampled_bg=356.2, matched_gt=17.7, match_rate=95.93%
Validation complete: 1561 batches
Validation Metrics:
--------------------------------------------------
  Eval thresholds (mAP / matching): score≥0.0500, IoU≥0.50
  Avg Detections per Image (score≥0.0500): 26.86  ↓0.21
  Avg Detections per Image (score≥0.5): 16.64  ↑0.02
  Max detection score: 1.000
  Mean detection score: 0.815
  Time per Step: 0.2673  ↑0.0006
  Accuracy / GT cover: (skipped — computed on mAP epochs)
  Ground Truth objects: 57768
  mAP: (skipped)
  Ground Truth Classes: 15 classes
  Predicted Classes: 15 classes
  Timing: 50m 39s this epoch (avg 58m 2s) | ETA ~6h 46m for 7 epoch(s) left, mAP every 4 epoch(s).

Epoch 30/36
--------------------------------------------------
Epoch 30/36 complete: 6846/6846 batches, loss: 0.4262
  Effective LR: ref=5.000e-04 (0=5.000e-04)
  ROI hints: pos=99.2, bg=428.8, ignore=0.0, sampled_fg=71.2, sampled_bg=355.2, matched_gt=17.7, match_rate=95.98%
Validation complete: 1561 batches
Validation Metrics:
--------------------------------------------------
  Eval thresholds (mAP / matching): score≥0.0500, IoU≥0.50
  Avg Detections per Image (score≥0.0500): 26.67  ↓0.19
  Avg Detections per Image (score≥0.5): 16.67  ↑0.03
  Max detection score: 1.000
  Mean detection score: 0.822
  Time per Step: 0.2668  ↑0.0005
  Accuracy / GT cover: (skipped — computed on mAP epochs)
  Ground Truth objects: 57768
  mAP: (skipped)
  Ground Truth Classes: 15 classes
  Predicted Classes: 15 classes
  Timing: 50m 39s this epoch (avg 57m 47s) | ETA ~5h 46m for 6 epoch(s) left, mAP every 4 epoch(s).

Epoch 31/36
--------------------------------------------------
Epoch 31/36 complete: 6846/6846 batches, loss: 0.4218
  Effective LR: ref=5.000e-04 (0=5.000e-04)
  ROI hints: pos=99.0, bg=428.0, ignore=0.0, sampled_fg=71.2, sampled_bg=354.3, matched_gt=17.7, match_rate=96.03%
Validation complete: 1561 batches
Validation Metrics:
--------------------------------------------------
  Eval thresholds (mAP / matching): score≥0.0500, IoU≥0.50
  Avg Detections per Image (score≥0.0500): 26.49  ↓0.18
  Avg Detections per Image (score≥0.5): 16.69  ↑0.02
  Max detection score: 1.000
  Mean detection score: 0.825
  Time per Step: 0.2664  ↑0.0005
  Accuracy / GT cover: (skipped — computed on mAP epochs)
  Ground Truth objects: 57768
  mAP: (skipped)
  Ground Truth Classes: 15 classes
  Predicted Classes: 15 classes
  Timing: 50m 37s this epoch (avg 57m 33s) | ETA ~4h 47m for 5 epoch(s) left, mAP every 4 epoch(s).

Epoch 32/36
--------------------------------------------------
Epoch 32/36 complete: 6846/6846 batches, loss: 0.4177
  Effective LR: ref=5.000e-04 (0=5.000e-04)
  ROI hints: pos=98.9, bg=427.3, ignore=0.0, sampled_fg=71.3, sampled_bg=353.5, matched_gt=17.7, match_rate=96.08%

Computing mAP (periodic evaluation: every 4 epoch(s))...
Validation complete: 1561 batches

Computing mAP (this may take a while)...
  Eval filters: score≥0.0500, IoU≥0.50
  Images: 3,121
  Total detections (post score filter): 63,907 (20.5 per image)
  Total ground truths: 57,768 (18.5 per image)
  Warning: Large number of detections may slow down mAP computation
  Consider increasing evaluation.score_threshold (current: 0.05) for faster mAP matching
mAP: exact rotated IoU on CPU (backend='shapely'; GPU sampling IoU disabled)
  Computing AP for baseball-diamond: 432 dets, 364 GTs (157,248 IoU calculations)
  Computing AP for bridge: 1,284 dets, 666 GTs (855,144 IoU calculations)
  WARNING: harbor has 22,353,898 IoU calculations (5,201 dets × 4,298 GTs). This will be slow!
  Computing AP for harbor: 5,201 dets, 4,298 GTs (22,353,898 IoU calculations)
    Using chunked batch IoU computation (CPU exact (shapely)) for harbor (22,353,898 calculations)
    Processing 5,201 detections in chunks of 1,163
  WARNING: large-vehicle has 105,539,540 IoU calculations (11,230 dets × 9,398 GTs). This will be slow!
  Computing AP for large-vehicle: 11,230 dets, 9,398 GTs (105,539,540 IoU calculations)
    Using chunked batch IoU computation (CPU exact (shapely)) for large-vehicle (105,539,540 calculations)
    Processing 11,230 detections in chunks of 532
  WARNING: plane has 23,215,017 IoU calculations (4,907 dets × 4,731 GTs). This will be slow!
  Computing AP for plane: 4,907 dets, 4,731 GTs (23,215,017 IoU calculations)
    Using chunked batch IoU computation (CPU exact (shapely)) for plane (23,215,017 calculations)
    Processing 4,907 detections in chunks of 1,056
  WARNING: ship has 360,931,116 IoU calculations (19,474 dets × 18,534 GTs). This will be slow!
  Computing AP for ship: 19,474 dets, 18,534 GTs (360,931,116 IoU calculations)
    Using chunked batch IoU computation (CPU exact (shapely)) for ship (360,931,116 calculations)
    Processing 19,474 detections in chunks of 269
  WARNING: small-vehicle has 151,979,374 IoU calculations (13,382 dets × 11,357 GTs). This will be slow!
  Computing AP for small-vehicle: 13,382 dets, 11,357 GTs (151,979,374 IoU calculations)
    Using chunked batch IoU computation (CPU exact (shapely)) for small-vehicle (151,979,374 calculations)
    Processing 13,382 detections in chunks of 440
  WARNING: storage-tank has 20,954,115 IoU calculations (4,165 dets × 5,031 GTs). This will be slow!
  Computing AP for storage-tank: 4,165 dets, 5,031 GTs (20,954,115 IoU calculations)
    Using chunked batch IoU computation (CPU exact (shapely)) for storage-tank (20,954,115 calculations)
    Processing 4,165 detections in chunks of 993
  Computing AP for swimming-pool: 926 dets, 693 GTs (641,718 IoU calculations)
  Computing AP for tennis-court: 1,558 dets, 1,529 GTs (2,382,182 IoU calculations)
  mAP computation completed in 20m 29s. mAP: 0.8762
Validation Metrics:
--------------------------------------------------
  Eval thresholds (mAP / matching): score≥0.0500, IoU≥0.50
  Avg Detections per Image (score≥0.0500): 26.30  ↓0.19
  Avg Detections per Image (score≥0.5): 16.70  ↑0.01
  Max detection score: 1.000
  Mean detection score: 0.823
  Time per Step: 0.2659  ↑0.0005
  Accuracy: 0.8234 (82.34%)
  Correct Predictions: 52623/63907 (matched detections)
  Ground Truth objects: 57768
  GT covered pre-eval-threshold: 52636/57768
  GT covered post-eval-threshold: 52636/57768
  GT lost by eval-threshold filtering: 0
  GT cover rate pre-eval-threshold: 91.12%
  GT cover rate post-eval-threshold: 91.12%
  GT IoU vs raw dets (eval IoU threshold=0.50; per-GT max IoU over all dets / over same-class dets):
    mean best IoU (any class): 0.7382, median: 0.7993
    mean best IoU (correct class): 0.7368, median: 0.7991
    per-class mean best IoU (raw detections):
      | class              | gts | mean_any | mean_same | med_same |
      |--------------------|-----:|----------:|-----------:|----------:|
      | baseball-diamond   | 364 |   0.7785 |    0.7785 |   0.7834 |
      | basketball-court   | 278 |   0.8565 |    0.8565 |   0.8610 |
      | bridge             | 665 |   0.7306 |    0.7306 |   0.7753 |
      | ground-track-field | 216 |   0.8237 |    0.8127 |   0.8514 |
      | harbor             | 4298 |   0.7072 |    0.7057 |   0.7542 |
      | helicopter         | 157 |   0.7826 |    0.7717 |   0.7831 |
      | large-vehicle      | 9397 |   0.7682 |    0.7654 |   0.8031 |
      | plane              | 4731 |   0.8376 |    0.8376 |   0.8642 |
      | roundabout         | 250 |   0.8143 |    0.8143 |   0.8729 |
      | ship               | 18534 |   0.7602 |    0.7598 |   0.8002 |
      | small-vehicle      | 11357 |   0.6825 |    0.6792 |   0.7692 |
      | soccer-ball-field  | 260 |   0.7872 |    0.7806 |   0.8387 |
      | storage-tank       | 5024 |   0.6117 |    0.6117 |   0.8192 |
      | swimming-pool      | 693 |   0.6429 |    0.6429 |   0.7019 |
      | tennis-court       | 1529 |   0.8754 |    0.8743 |   0.8958 |
      | global             | 57753 |   0.7382 |    0.7368 |   0.7991 |
    GTs with IoU≥thresh but no same-class hit (wrong-class / misaligned): 88
    GTs with no detection above IoU thresh (missed / poor loc): 5027
    GTs with 0% best IoU vs any detection (no spatial overlap): 2820 (4.88% of GTs)
    histogram best IoU (any class) [0,0.25)/[0.25,0.5)/[0.5,0.75)/[0.75,1]: 3905/1122/13586/39140
    histogram best IoU (correct class) [0,0.25)/[0.25,0.5)/[0.5,0.75)/[0.75,1]: 4008/1107/13572/39066
  Class-agnostic duplicate rate (post score thresh; IoU≥0.50 vs a higher-score box): micro=0.61% (387/63907 boxes), macro mean over images with detections=1.00% (3112 images)
  mAP: 0.8762  ↑0.0108 (87.62%)
  Per-Class AP:
    baseball-diamond: 0.9049  ↑0.0005 (90.49%)
    basketball-court: 0.9962  ↑0.0037 (99.62%)
    bridge: 0.8454  ↑0.0698 (84.54%)
    ground-track-field: 0.9044  ↑0.0029 (90.44%)
    harbor: 0.8754  ↑0.0726 (87.54%)
    helicopter: 0.9091  →0.0000 (90.91%)
    large-vehicle: 0.8761  ↓0.0044 (87.61%)
    plane: 0.9087  ↓0.0001 (90.87%)
    roundabout: 0.8991  ↑0.0092 (89.91%)
    ship: 0.8953  ↓0.0054 (89.53%)
    small-vehicle: 0.8043  ↑0.0048 (80.43%)
    soccer-ball-field: 0.9016  ↑0.0002 (90.16%)
    storage-tank: 0.7202  ↑0.0015 (72.02%)
    swimming-pool: 0.7929  ↑0.0062 (79.29%)
    tennis-court: 0.9090  ↓0.0001 (90.90%)
  Ground Truth Classes: 15 classes
  Predicted Classes: 15 classes
  Timing: 1h 12m this epoch (avg 58m 2s) | ETA ~3h 52m for 4 epoch(s) left, mAP every 4 epoch(s).

Epoch 33/36
--------------------------------------------------
Epoch 33/36 complete: 6846/6846 batches, loss: 0.4138
  Effective LR: ref=5.000e-04 (0=5.000e-04)
  ROI hints: pos=98.7, bg=426.6, ignore=0.0, sampled_fg=71.4, sampled_bg=352.6, matched_gt=17.7, match_rate=96.13%
Validation complete: 1561 batches
Validation Metrics:
--------------------------------------------------
  Eval thresholds (mAP / matching): score≥0.0500, IoU≥0.50
  Avg Detections per Image (score≥0.0500): 26.13  ↓0.17
  Avg Detections per Image (score≥0.5): 16.72  ↑0.02
  Max detection score: 1.000
  Mean detection score: 0.830
  Time per Step: 0.2654  ↑0.0004
  Accuracy / GT cover: (skipped — computed on mAP epochs)
  Ground Truth objects: 57768
  mAP: (skipped)
  Ground Truth Classes: 15 classes
  Predicted Classes: 15 classes
  Timing: 50m 30s this epoch (avg 57m 48s) | ETA ~2h 53m for 3 epoch(s) left, mAP every 4 epoch(s).

Epoch 34/36
--------------------------------------------------
Epoch 34/36 complete: 6846/6846 batches, loss: 0.4099
  Effective LR: ref=5.000e-05 (0=5.000e-05)
  ROI hints: pos=98.6, bg=425.9, ignore=0.0, sampled_fg=71.4, sampled_bg=351.8, matched_gt=17.8, match_rate=96.17%
Validation complete: 1561 batches
Validation Metrics:
--------------------------------------------------
  Eval thresholds (mAP / matching): score≥0.0500, IoU≥0.50
  Avg Detections per Image (score≥0.0500): 25.97  ↓0.16
  Avg Detections per Image (score≥0.5): 16.74  ↑0.02
  Max detection score: 1.000
  Mean detection score: 0.843
  Time per Step: 0.2650  ↑0.0004
  Accuracy / GT cover: (skipped — computed on mAP epochs)
  Ground Truth objects: 57768
  mAP: (skipped)
  Ground Truth Classes: 15 classes
  Predicted Classes: 15 classes
  Timing: 50m 31s this epoch (avg 57m 35s) | ETA ~1h 55m for 2 epoch(s) left, mAP every 4 epoch(s).

Epoch 35/36
--------------------------------------------------
Epoch 35/36 complete: 6846/6846 batches, loss: 0.4061
  Effective LR: ref=5.000e-05 (0=5.000e-05)
  ROI hints: pos=98.4, bg=425.3, ignore=0.0, sampled_fg=71.5, sampled_bg=351.0, matched_gt=17.8, match_rate=96.21%
Validation complete: 1561 batches
Validation Metrics:
--------------------------------------------------
  Eval thresholds (mAP / matching): score≥0.0500, IoU≥0.50
  Avg Detections per Image (score≥0.0500): 25.82  ↓0.15
  Avg Detections per Image (score≥0.5): 16.76  ↑0.02
  Max detection score: 1.000
  Mean detection score: 0.842
  Time per Step: 0.2646  ↑0.0004
  Accuracy / GT cover: (skipped — computed on mAP epochs)
  Ground Truth objects: 57768
  mAP: (skipped)
  Ground Truth Classes: 15 classes
  Predicted Classes: 15 classes
  Timing: 50m 48s this epoch (avg 57m 23s) | ETA ~57m 23s for 1 epoch(s) left, mAP every 4 epoch(s).

Epoch 36/36
--------------------------------------------------
Epoch 36/36 complete: 6846/6846 batches, loss: 0.4025
  Effective LR: ref=5.000e-05 (0=5.000e-05)
  ROI hints: pos=98.3, bg=424.8, ignore=0.0, sampled_fg=71.5, sampled_bg=350.3, matched_gt=17.8, match_rate=96.26%

Computing mAP (periodic evaluation: every 4 epoch(s))...
Validation complete: 1561 batches

Computing mAP (this may take a while)...
  Eval filters: score≥0.0500, IoU≥0.50
  Images: 3,121
  Total detections (post score filter): 64,874 (20.8 per image)
  Total ground truths: 57,768 (18.5 per image)
  Warning: Large number of detections may slow down mAP computation
  Consider increasing evaluation.score_threshold (current: 0.05) for faster mAP matching
mAP: exact rotated IoU on CPU (backend='shapely'; GPU sampling IoU disabled)
  Computing AP for baseball-diamond: 436 dets, 364 GTs (158,704 IoU calculations)
  Computing AP for bridge: 1,208 dets, 666 GTs (804,528 IoU calculations)
  WARNING: harbor has 21,885,416 IoU calculations (5,092 dets × 4,298 GTs). This will be slow!
  Computing AP for harbor: 5,092 dets, 4,298 GTs (21,885,416 IoU calculations)
    Using chunked batch IoU computation (CPU exact (shapely)) for harbor (21,885,416 calculations)
    Processing 5,092 detections in chunks of 1,163
  WARNING: large-vehicle has 103,829,104 IoU calculations (11,048 dets × 9,398 GTs). This will be slow!
  Computing AP for large-vehicle: 11,048 dets, 9,398 GTs (103,829,104 IoU calculations)
    Using chunked batch IoU computation (CPU exact (shapely)) for large-vehicle (103,829,104 calculations)
    Processing 11,048 detections in chunks of 532
  WARNING: plane has 23,541,456 IoU calculations (4,976 dets × 4,731 GTs). This will be slow!
  Computing AP for plane: 4,976 dets, 4,731 GTs (23,541,456 IoU calculations)
    Using chunked batch IoU computation (CPU exact (shapely)) for plane (23,541,456 calculations)
    Processing 4,976 detections in chunks of 1,056
  WARNING: ship has 365,898,228 IoU calculations (19,742 dets × 18,534 GTs). This will be slow!
  Computing AP for ship: 19,742 dets, 18,534 GTs (365,898,228 IoU calculations)
    Using chunked batch IoU computation (CPU exact (shapely)) for ship (365,898,228 calculations)
    Processing 19,742 detections in chunks of 269
  WARNING: small-vehicle has 161,099,045 IoU calculations (14,185 dets × 11,357 GTs). This will be slow!
  Computing AP for small-vehicle: 14,185 dets, 11,357 GTs (161,099,045 IoU calculations)
    Using chunked batch IoU computation (CPU exact (shapely)) for small-vehicle (161,099,045 calculations)
    Processing 14,185 detections in chunks of 440
  WARNING: storage-tank has 21,376,719 IoU calculations (4,249 dets × 5,031 GTs). This will be slow!
  Computing AP for storage-tank: 4,249 dets, 5,031 GTs (21,376,719 IoU calculations)
    Using chunked batch IoU computation (CPU exact (shapely)) for storage-tank (21,376,719 calculations)
    Processing 4,249 detections in chunks of 993
  Computing AP for swimming-pool: 955 dets, 693 GTs (661,815 IoU calculations)
  Computing AP for tennis-court: 1,566 dets, 1,529 GTs (2,394,414 IoU calculations)
  mAP computation completed in 20m 24s. mAP: 0.8801
Validation Metrics:
--------------------------------------------------
  Eval thresholds (mAP / matching): score≥0.0500, IoU≥0.50
  Avg Detections per Image (score≥0.0500): 25.68  ↓0.14
  Avg Detections per Image (score≥0.5): 16.78  ↑0.02
  Max detection score: 1.000
  Mean detection score: 0.841
  Time per Step: 0.2642  ↑0.0004
  Accuracy: 0.8180 (81.80%)
  Correct Predictions: 53066/64874 (matched detections)
  Ground Truth objects: 57768
  GT covered pre-eval-threshold: 53069/57768
  GT covered post-eval-threshold: 53069/57768
  GT lost by eval-threshold filtering: 0
  GT cover rate pre-eval-threshold: 91.87%
  GT cover rate post-eval-threshold: 91.87%
  GT IoU vs raw dets (eval IoU threshold=0.50; per-GT max IoU over all dets / over same-class dets):
    mean best IoU (any class): 0.7527, median: 0.8137
    mean best IoU (correct class): 0.7512, median: 0.8136
    per-class mean best IoU (raw detections):
      | class              | gts | mean_any | mean_same | med_same |
      |--------------------|-----:|----------:|-----------:|----------:|
      | baseball-diamond   | 364 |   0.7807 |    0.7807 |   0.7822 |
      | basketball-court   | 278 |   0.8713 |    0.8711 |   0.8758 |
      | bridge             | 665 |   0.7420 |    0.7420 |   0.7892 |
      | ground-track-field | 216 |   0.8305 |    0.8195 |   0.8582 |
      | harbor             | 4298 |   0.7243 |    0.7223 |   0.7789 |
      | helicopter         | 157 |   0.7844 |    0.7740 |   0.7914 |
      | large-vehicle      | 9398 |   0.7875 |    0.7835 |   0.8220 |
      | plane              | 4731 |   0.8437 |    0.8435 |   0.8693 |
      | roundabout         | 252 |   0.8168 |    0.8168 |   0.8799 |
      | ship               | 18534 |   0.7761 |    0.7758 |   0.8160 |
      | small-vehicle      | 11357 |   0.6979 |    0.6959 |   0.7790 |
      | soccer-ball-field  | 260 |   0.7933 |    0.7878 |   0.8379 |
      | storage-tank       | 5027 |   0.6163 |    0.6162 |   0.8188 |
      | swimming-pool      | 693 |   0.6499 |    0.6499 |   0.7139 |
      | tennis-court       | 1529 |   0.8981 |    0.8970 |   0.9182 |
      | global             | 57759 |   0.7527 |    0.7512 |   0.8136 |
    GTs with IoU≥thresh but no same-class hit (wrong-class / misaligned): 90
    GTs with no detection above IoU thresh (missed / poor loc): 4599
    GTs with 0% best IoU vs any detection (no spatial overlap): 2652 (4.59% of GTs)
    histogram best IoU (any class) [0,0.25)/[0.25,0.5)/[0.5,0.75)/[0.75,1]: 3673/926/11452/41708
    histogram best IoU (correct class) [0,0.25)/[0.25,0.5)/[0.5,0.75)/[0.75,1]: 3775/914/11437/41633
  Class-agnostic duplicate rate (post score thresh; IoU≥0.50 vs a higher-score box): micro=0.58% (374/64874 boxes), macro mean over images with detections=1.02% (3115 images)
  mAP: 0.8801  ↑0.0039 (88.01%)
  Per-Class AP:
    baseball-diamond: 0.9059  ↑0.0010 (90.59%)
    basketball-court: 0.9945  ↓0.0018 (99.45%)
    bridge: 0.8662  ↑0.0208 (86.62%)
    ground-track-field: 0.9054  ↑0.0010 (90.54%)
    harbor: 0.8887  ↑0.0133 (88.87%)
    helicopter: 0.9091  →0.0000 (90.91%)
    large-vehicle: 0.8857  ↑0.0096 (88.57%)
    plane: 0.9089  ↑0.0002 (90.89%)
    roundabout: 0.8995  ↑0.0004 (89.95%)
    ship: 0.9006  ↑0.0053 (90.06%)
    small-vehicle: 0.8072  ↑0.0029 (80.72%)
    soccer-ball-field: 0.9035  ↑0.0019 (90.35%)
    storage-tank: 0.7195  ↓0.0006 (71.95%)
    swimming-pool: 0.7978  ↑0.0049 (79.78%)
    tennis-court: 0.9090  ↑0.0000 (90.90%)
  Ground Truth Classes: 15 classes
  Predicted Classes: 15 classes
  Timing: 1h 12m this epoch (avg 57m 49s) | Training loop finished (no final mAP).

================================================================================
Training timing summary
================================================================================
  Started:   2026-07-03T07:55:09+00:00
  Finished:  2026-07-04T18:36:33+00:00
  Total wall: 1d 10h 41m (124883.4 s)
  Epochs:    36 completed (mean 57m 49s, min 50m 30s, max 1h 20m)
================================================================================

================================================================================
Training completed successfully!
================================================================================
Experiment directory: /home/jeffaudi/oriented-det/runs/rotated_faster_rcnn/20260703-075435
  Checkpoints saved to: /home/jeffaudi/oriented-det/runs/rotated_faster_rcnn/20260703-075435/checkpoints
  TensorBoard logs saved to: /home/jeffaudi/oriented-det/runs/rotated_faster_rcnn/20260703-075435
  Config saved to: /home/jeffaudi/oriented-det/runs/rotated_faster_rcnn/20260703-075435/config.json

View TensorBoard with:
  tensorboard --logdir /home/jeffaudi/oriented-det/runs/rotated_faster_rcnn
  tensorboard --logdir /home/jeffaudi/oriented-det/runs/rotated_faster_rcnn/20260703-075435
