Loading configuration from: configs/rotated_fcos/dota_le90_3x.json
Training log file: /home/jeffaudi/oriented-det/runs/rotated_fcos/20260831-052647/train.log
================================================================================
ROTATED_FCOS Training
================================================================================
Source git: v0.2.0-dirty (dirty working tree)
Source branch: main
Source commit date: 2026-08-25T05:26:03+00:00
Package: oriented-det 0.1.0
PyTorch Version: 2.3.0+cu121
CUDA Available: True
MPS (Apple Silicon) Available: False
CUDA Device: NVIDIA L4
Mixed Precision (AMP): False

Checking dataset directories...
Train tiles (2 root(s)):
  /path/to/data/DOTA-v1.0-tiled/train
    Images exist: True
    Labels exist: True
  /path/to/data/DOTA-v1.0-tiled/val
    Images exist: True
    Labels exist: True

Val tiles (1 root(s)):
  /path/to/data/DOTA-v1.0-tiled/val
    Images exist: True
    Labels exist: True


Loading datasets...
DOTA filter_empty_gt (MMRotate-style):
  train: filter_empty_gt dropped 19464 / 33155 tiles (13691 kept)
  val: filter_empty_gt dropped 4548 / 7669 tiles (3121 kept)

Found 15 classes:
  0: baseball-diamond
  1: basketball-court
  2: bridge
  3: ground-track-field
  4: harbor
  5: helicopter
  6: large-vehicle
  7: plane
  8: roundabout
  9: ship
  10: small-vehicle
  11: soccer-ball-field
  12: storage-tank
  13: swimming-pool
  14: tennis-court

Number of classes (foreground): 15
Class mapping: {'baseball-diamond': 1, 'basketball-court': 2, 'bridge': 3, 'ground-track-field': 4, 'harbor': 5, 'helicopter': 6, 'large-vehicle': 7, 'plane': 8, 'roundabout': 9, 'ship': 10, 'small-vehicle': 11, 'soccer-ball-field': 12, 'storage-tank': 13, 'swimming-pool': 14, 'tennis-court': 15}

Analyzing class distribution in training set...

================================================================================
Class Distribution Analysis - Training Set
================================================================================
Total objects: 264,176
Total classes: 15

Class Name           Count        Percentage  
--------------------------------------------------------------------------------
ship                     82,131       31.09%
small-vehicle            63,156       23.91%
large-vehicle            45,972       17.40%
plane                    20,023        7.58%
harbor                   17,028        6.45%
storage-tank             14,971        5.67%
tennis-court              6,149        2.33%
swimming-pool             4,273        1.62%
bridge                    4,122        1.56%
helicopter                1,286        0.49%
basketball-court          1,269        0.48%
baseball-diamond          1,120        0.42%
roundabout                1,017        0.38%
soccer-ball-field           874        0.33%
ground-track-field          785        0.30%
--------------------------------------------------------------------------------

Imbalance Ratio (max/min): 104.63x
Most frequent class: ship (82,131 instances)
Least frequent class: ground-track-field (785 instances)

Class weighting disabled (loss_type=focal)

Loss configuration: focal
  Focal Loss Alpha: 0.25
  Focal Loss Gamma: 2.0


Training configuration created:
  Model type: rotated_fcos
  Experiment timestamp: 20260831-052647
  Number of classes: 15
  Batch size: 2
  Learning rate: 0.0025
  Epochs: 36

Creating collate functions...
  - Training: no Albumentations augmentation (flips: horizontal, vertical, diagonal; rotate off)
  - Validation: no augmentation

Creating data loaders...
Training samples: 13691
Validation samples: 3121
Batches per epoch: 6846

Creating model...
Using device: cuda

Complete ROTATED_FCOS model created:
  Backbone: resnet50
  Number of classes: 15 (foreground)
  Pretrained backbone: True
  Trainable backbone layers: 3 (last 3 stages) (frozen_stages=1)
  Anchor scales: [8, 16, 32]
  Anchor ratios: [0.5, 1.0, 2.0]
  FPN strides: [8, 16, 32, 64, 128]
  FPN levels: 5 (P3, P4, P5, P6, P7)
  ROI Loss Type: focal

  Total parameters: 36,223,451
  Trainable parameters: 36,001,051

Configuration saved to: /home/jeffaudi/oriented-det/runs/rotated_fcos/20260831-052647/config.json

Learning rate warmup enabled: 2000 optimizer steps
  Warmup: 0 → 0.0025 over 2000 steps
  After warmup: MultiStepLR at epochs [24, 33], gamma=0.1

Experiment directory: /home/jeffaudi/oriented-det/runs/rotated_fcos/20260831-052647
TensorBoard logging enabled. Logs saved to: /home/jeffaudi/oriented-det/runs/rotated_fcos/20260831-052647
View logs with: tensorboard --logdir /home/jeffaudi/oriented-det/runs/rotated_fcos
View this experiment with: tensorboard --logdir /home/jeffaudi/oriented-det/runs/rotated_fcos/20260831-052647

Training configuration:
  Epochs: 36
  Learning rate: 0.002500
  Batch size per GPU: 2
  Gradient accumulation: 1
  Best checkpoint metric: mAP (higher_is_better=True)
  Effective batch size: 2
  Mixed precision: False
  Eval (mAP / val matching): score_threshold=0.3, iou_threshold=0.5 (production.score_threshold overrides evaluation when set)
  Eval IoU backend (mAP / GT cover): GPU sampling (approx)
  Eval IoU backend (final mAP): exact CPU polygon

Starting training from scratch (no checkpoint loaded)

Starting epoch: 0

Profiling disabled

================================================================================
Starting training...
================================================================================
TensorBoard: tensorboard --logdir /home/jeffaudi/oriented-det/runs/rotated_fcos
================================================================================

Training started at: 2026-08-31T05:27:35+00:00

Epoch 1/36
--------------------------------------------------
/home/jeffaudi/.pyenv/versions/3.12.12/envs/oriented-det/lib/python3.12/site-packages/torch/nn/modules/conv.py:456: UserWarning: Plan failed with a cudnnException: CUDNN_BACKEND_EXECUTION_PLAN_DESCRIPTOR: cudnnFinalize Descriptor Failed cudnn_status: CUDNN_STATUS_NOT_SUPPORTED (Triggered internally at ../aten/src/ATen/native/cudnn/Conv_v8.cpp:919.)
  return F.conv2d(input, weight, bias, self.stride,
/home/jeffaudi/.pyenv/versions/3.12.12/envs/oriented-det/lib/python3.12/site-packages/torch/autograd/graph.py:744: UserWarning: Plan failed with a cudnnException: CUDNN_BACKEND_EXECUTION_PLAN_DESCRIPTOR: cudnnFinalize Descriptor Failed cudnn_status: CUDNN_STATUS_NOT_SUPPORTED (Triggered internally at ../aten/src/ATen/native/cudnn/Conv_v8.cpp:919.)
  return Variable._execution_engine.run_backward(  # Calls into the C++ engine to run the backward pass
Epoch 1/36 complete: 6846/6846 batches, loss: 1.5521
  Effective LR: ref=2.500e-03 (0=2.500e-03)
Validation complete: 1561 batches
Validation Metrics:
--------------------------------------------------
  Eval thresholds (mAP / matching): score≥0.3000, IoU≥0.50
  Avg Detections per Image (score≥0.3000): 5.61
  Avg Detections per Image (score≥0.5): 0.66
  Max detection score: 0.700
  Mean detection score: 0.160
  Time per Step: 0.2146
  Accuracy / GT cover: (skipped — computed on mAP epochs)
  Ground Truth objects: 57768
  mAP: (skipped)
  Ground Truth Classes: 15 classes
  Predicted Classes: 15 classes
  Timing: 33m 35s this epoch (avg 33m 35s) | ETA ~20h 9m for 35 epoch(s) left, mAP every 4 epoch(s) and final mAP.

Epoch 2/36
--------------------------------------------------
Epoch 2/36 complete: 6846/6846 batches, loss: 1.3959
  Effective LR: ref=2.500e-03 (0=2.500e-03)
Validation complete: 1561 batches
Validation Metrics:
--------------------------------------------------
  Eval thresholds (mAP / matching): score≥0.3000, IoU≥0.50
  Avg Detections per Image (score≥0.3000): 9.25  ↑3.64
  Avg Detections per Image (score≥0.5): 1.38  ↑0.71
  Max detection score: 0.802
  Mean detection score: 0.180
  Time per Step: 0.2454  ↓0.0307
  Accuracy / GT cover: (skipped — computed on mAP epochs)
  Ground Truth objects: 57768
  mAP: (skipped)
  Ground Truth Classes: 15 classes
  Predicted Classes: 14 classes
  Timing: 35m 7s this epoch (avg 34m 21s) | ETA ~20h 2m for 34 epoch(s) left, mAP every 4 epoch(s) and final mAP.

Epoch 3/36
--------------------------------------------------
Epoch 3/36 complete: 6846/6846 batches, loss: 1.3161
  Effective LR: ref=2.500e-03 (0=2.500e-03)
Validation complete: 1561 batches
Validation Metrics:
--------------------------------------------------
  Eval thresholds (mAP / matching): score≥0.3000, IoU≥0.50
  Avg Detections per Image (score≥0.3000): 9.76  ↑0.51
  Avg Detections per Image (score≥0.5): 1.63  ↑0.25
  Max detection score: 0.824
  Mean detection score: 0.204
  Time per Step: 0.2344  ↑0.0109
  Accuracy / GT cover: (skipped — computed on mAP epochs)
  Ground Truth objects: 57768
  mAP: (skipped)
  Ground Truth Classes: 15 classes
  Predicted Classes: 15 classes
  Timing: 33m 28s this epoch (avg 34m 4s) | ETA ~19h 18m for 33 epoch(s) left, mAP every 4 epoch(s) and final mAP.

Epoch 4/36
--------------------------------------------------
Epoch 4/36 complete: 6846/6846 batches, loss: 1.2665
  Effective LR: ref=2.500e-03 (0=2.500e-03)

Computing mAP (periodic evaluation: every 4 epoch(s))...
Validation complete: 1561 batches

Computing mAP (this may take a while)...
  Eval filters: score≥0.3000, IoU≥0.50
  Images: 3,121
  Total detections (post score filter): 33,295 (10.7 per image)
  Total ground truths: 57,768 (18.5 per image)
  Computing AP for baseball-diamond: 309 dets, 364 GTs (112,476 IoU calculations)
  Computing AP for bridge: 255 dets, 666 GTs (169,830 IoU calculations)
  WARNING: harbor has 12,704,888 IoU calculations (2,956 dets × 4,298 GTs). This will be slow!
  Computing AP for harbor: 2,956 dets, 4,298 GTs (12,704,888 IoU calculations)
    Using chunked batch IoU computation (GPU-accelerated) for harbor (12,704,888 calculations)
    Processing 2,956 detections in chunks of 1,163
  WARNING: large-vehicle has 59,959,240 IoU calculations (6,380 dets × 9,398 GTs). This will be slow!
  Computing AP for large-vehicle: 6,380 dets, 9,398 GTs (59,959,240 IoU calculations)
    Using chunked batch IoU computation (GPU-accelerated) for large-vehicle (59,959,240 calculations)
    Processing 6,380 detections in chunks of 532
  WARNING: plane has 20,788,014 IoU calculations (4,394 dets × 4,731 GTs). This will be slow!
  Computing AP for plane: 4,394 dets, 4,731 GTs (20,788,014 IoU calculations)
    Using chunked batch IoU computation (GPU-accelerated) for plane (20,788,014 calculations)
    Processing 4,394 detections in chunks of 1,056
  WARNING: ship has 127,069,104 IoU calculations (6,856 dets × 18,534 GTs). This will be slow!
  Computing AP for ship: 6,856 dets, 18,534 GTs (127,069,104 IoU calculations)
    Using chunked batch IoU computation (GPU-accelerated) for ship (127,069,104 calculations)
    Processing 6,856 detections in chunks of 269
  WARNING: small-vehicle has 78,033,947 IoU calculations (6,871 dets × 11,357 GTs). This will be slow!
  Computing AP for small-vehicle: 6,871 dets, 11,357 GTs (78,033,947 IoU calculations)
    Using chunked batch IoU computation (GPU-accelerated) for small-vehicle (78,033,947 calculations)
    Processing 6,871 detections in chunks of 440
  WARNING: storage-tank has 13,528,359 IoU calculations (2,689 dets × 5,031 GTs). This will be slow!
  Computing AP for storage-tank: 2,689 dets, 5,031 GTs (13,528,359 IoU calculations)
    Using chunked batch IoU computation (GPU-accelerated) for storage-tank (13,528,359 calculations)
    Processing 2,689 detections in chunks of 993
  Computing AP for swimming-pool: 417 dets, 693 GTs (288,981 IoU calculations)
  Computing AP for tennis-court: 1,388 dets, 1,529 GTs (2,122,252 IoU calculations)
  mAP computation completed in 12m 47s. mAP: 0.5198
Validation Metrics:
--------------------------------------------------
  Eval thresholds (mAP / matching): score≥0.3000, IoU≥0.50
  Avg Detections per Image (score≥0.3000): 9.99  ↑0.23
  Avg Detections per Image (score≥0.5): 1.85  ↑0.23
  Max detection score: 0.837
  Mean detection score: 0.223
  Time per Step: 0.2271  ↑0.0073
  Accuracy: 0.9061 (90.61%)
  Correct Predictions: 30170/33295 (matched detections)
  Ground Truth objects: 57768
  GT covered pre-eval-threshold: 50218/57768
  GT covered post-eval-threshold: 30189/57768
  GT lost by eval-threshold filtering: 20029
  GT cover rate pre-eval-threshold: 86.93%
  GT cover rate post-eval-threshold: 52.26%
  GT IoU vs raw dets (eval IoU threshold=0.50; per-GT max IoU over all dets / over same-class dets):
    mean best IoU (any class): 0.6876, median: 0.7484
    mean best IoU (correct class): 0.6810, median: 0.7472
    per-class mean best IoU (raw detections):
      | class              | gts | mean_any | mean_same | med_same |
      |--------------------|-----:|----------:|-----------:|----------:|
      | baseball-diamond   | 364 |   0.6850 |    0.6848 |   0.7168 |
      | basketball-court   | 278 |   0.7961 |    0.7919 |   0.8258 |
      | bridge             | 666 |   0.5289 |    0.5218 |   0.5926 |
      | ground-track-field | 216 |   0.7057 |    0.5340 |   0.7014 |
      | harbor             | 4298 |   0.5993 |    0.5951 |   0.6229 |
      | helicopter         | 157 |   0.6063 |    0.5058 |   0.6678 |
      | large-vehicle      | 9398 |   0.7121 |    0.6977 |   0.7495 |
      | plane              | 4731 |   0.7611 |    0.7607 |   0.8095 |
      | roundabout         | 256 |   0.6917 |    0.6855 |   0.7736 |
      | ship               | 18534 |   0.7279 |    0.7261 |   0.7634 |
      | small-vehicle      | 11357 |   0.6318 |    0.6221 |   0.7151 |
      | soccer-ball-field  | 260 |   0.6841 |    0.6725 |   0.7177 |
      | storage-tank       | 5031 |   0.6137 |    0.6127 |   0.7451 |
      | swimming-pool      | 693 |   0.5886 |    0.5886 |   0.6469 |
      | tennis-court       | 1529 |   0.8264 |    0.8184 |   0.8650 |
      | global             | 57768 |   0.6876 |    0.6810 |   0.7472 |
    GTs with IoU≥thresh but no same-class hit (wrong-class / misaligned): 509
    GTs with no detection above IoU thresh (missed / poor loc): 7034
    GTs with 0% best IoU vs any detection (no spatial overlap): 2095 (3.63% of GTs)
    histogram best IoU (any class) [0,0.25)/[0.25,0.5)/[0.5,0.75)/[0.75,1]: 3861/3173/22148/28586
    histogram best IoU (correct class) [0,0.25)/[0.25,0.5)/[0.5,0.75)/[0.75,1]: 4390/3153/21870/28355
  Class-agnostic duplicate rate (post score thresh; IoU≥0.50 vs a higher-score box): micro=0.07% (23/33295 boxes), macro mean over images with detections=0.23% (2779 images)
  mAP: 0.5198 (51.98%)
  Per-Class AP:
    baseball-diamond: 0.6925 (69.25%)
    basketball-court: 0.6263 (62.63%)
    bridge: 0.2501 (25.01%)
    ground-track-field: 0.1794 (17.94%)
    harbor: 0.4914 (49.14%)
    helicopter: 0.3473 (34.73%)
    large-vehicle: 0.6091 (60.91%)
    plane: 0.8107 (81.07%)
    roundabout: 0.5998 (59.98%)
    ship: 0.3550 (35.50%)
    small-vehicle: 0.5044 (50.44%)
    soccer-ball-field: 0.5725 (57.25%)
    storage-tank: 0.5398 (53.98%)
    swimming-pool: 0.4015 (40.15%)
    tennis-court: 0.8180 (81.80%)
  Ground Truth Classes: 15 classes
  Predicted Classes: 15 classes
  Timing: 47m 29s this epoch (avg 37m 25s) | ETA ~20h 34m for 32 epoch(s) left, mAP every 4 epoch(s) and final mAP.

Epoch 5/36
--------------------------------------------------
Epoch 5/36 complete: 6846/6846 batches, loss: 1.2307
  Effective LR: ref=2.500e-03 (0=2.500e-03)
Validation complete: 1561 batches
Validation Metrics:
--------------------------------------------------
  Eval thresholds (mAP / matching): score≥0.3000, IoU≥0.50
  Avg Detections per Image (score≥0.3000): 10.28  ↑0.29
  Avg Detections per Image (score≥0.5): 2.10  ↑0.24
  Max detection score: 0.861
  Mean detection score: 0.206
  Time per Step: 0.2217  ↑0.0055
  Accuracy / GT cover: (skipped — computed on mAP epochs)
  Ground Truth objects: 57768
  mAP: (skipped)
  Ground Truth Classes: 15 classes
  Predicted Classes: 15 classes
  Timing: 33m 12s this epoch (avg 36m 34s) | ETA ~19h 30m for 31 epoch(s) left, mAP every 4 epoch(s) and final mAP.

Epoch 6/36
--------------------------------------------------
Epoch 6/36 complete: 6846/6846 batches, loss: 1.2029
  Effective LR: ref=2.500e-03 (0=2.500e-03)
Validation complete: 1561 batches
Validation Metrics:
--------------------------------------------------
  Eval thresholds (mAP / matching): score≥0.3000, IoU≥0.50
  Avg Detections per Image (score≥0.3000): 10.93  ↑0.65
  Avg Detections per Image (score≥0.5): 2.46  ↑0.36
  Max detection score: 0.873
  Mean detection score: 0.227
  Time per Step: 0.2158  ↑0.0059
  Accuracy / GT cover: (skipped — computed on mAP epochs)
  Ground Truth objects: 57768
  mAP: (skipped)
  Ground Truth Classes: 15 classes
  Predicted Classes: 15 classes
  Timing: 32m 36s this epoch (avg 35m 54s) | ETA ~18h 33m for 30 epoch(s) left, mAP every 4 epoch(s) and final mAP.

Epoch 7/36
--------------------------------------------------
Epoch 7/36 complete: 6846/6846 batches, loss: 1.1804
  Effective LR: ref=2.500e-03 (0=2.500e-03)
Validation complete: 1561 batches
Validation Metrics:
--------------------------------------------------
  Eval thresholds (mAP / matching): score≥0.3000, IoU≥0.50
  Avg Detections per Image (score≥0.3000): 11.48  ↑0.55
  Avg Detections per Image (score≥0.5): 3.05  ↑0.59
  Max detection score: 0.896
  Mean detection score: 0.269
  Time per Step: 0.2113  ↑0.0044
  Accuracy / GT cover: (skipped — computed on mAP epochs)
  Ground Truth objects: 57768
  mAP: (skipped)
  Ground Truth Classes: 15 classes
  Predicted Classes: 15 classes
  Timing: 32m 32s this epoch (avg 35m 26s) | ETA ~17h 42m for 29 epoch(s) left, mAP every 4 epoch(s) and final mAP.

Epoch 8/36
--------------------------------------------------
Epoch 8/36 complete: 6846/6846 batches, loss: 1.1621
  Effective LR: ref=2.500e-03 (0=2.500e-03)

Computing mAP (periodic evaluation: every 4 epoch(s))...
Validation complete: 1561 batches

Computing mAP (this may take a while)...
  Eval filters: score≥0.3000, IoU≥0.50
  Images: 3,121
  Total detections (post score filter): 48,740 (15.6 per image)
  Total ground truths: 57,768 (18.5 per image)
  Computing AP for baseball-diamond: 293 dets, 364 GTs (106,652 IoU calculations)
  Computing AP for bridge: 579 dets, 666 GTs (385,614 IoU calculations)
  WARNING: harbor has 14,776,524 IoU calculations (3,438 dets × 4,298 GTs). This will be slow!
  Computing AP for harbor: 3,438 dets, 4,298 GTs (14,776,524 IoU calculations)
    Using chunked batch IoU computation (GPU-accelerated) for harbor (14,776,524 calculations)
    Processing 3,438 detections in chunks of 1,163
  WARNING: large-vehicle has 62,788,038 IoU calculations (6,681 dets × 9,398 GTs). This will be slow!
  Computing AP for large-vehicle: 6,681 dets, 9,398 GTs (62,788,038 IoU calculations)
    Using chunked batch IoU computation (GPU-accelerated) for large-vehicle (62,788,038 calculations)
    Processing 6,681 detections in chunks of 532
  WARNING: plane has 21,223,266 IoU calculations (4,486 dets × 4,731 GTs). This will be slow!
  Computing AP for plane: 4,486 dets, 4,731 GTs (21,223,266 IoU calculations)
    Using chunked batch IoU computation (GPU-accelerated) for plane (21,223,266 calculations)
    Processing 4,486 detections in chunks of 1,056
  WARNING: ship has 326,068,662 IoU calculations (17,593 dets × 18,534 GTs). This will be slow!
  Computing AP for ship: 17,593 dets, 18,534 GTs (326,068,662 IoU calculations)
    Using chunked batch IoU computation (GPU-accelerated) for ship (326,068,662 calculations)
    Processing 17,593 detections in chunks of 269
  WARNING: small-vehicle has 105,461,102 IoU calculations (9,286 dets × 11,357 GTs). This will be slow!
  Computing AP for small-vehicle: 9,286 dets, 11,357 GTs (105,461,102 IoU calculations)
    Using chunked batch IoU computation (GPU-accelerated) for small-vehicle (105,461,102 calculations)
    Processing 9,286 detections in chunks of 440
  WARNING: storage-tank has 16,823,664 IoU calculations (3,344 dets × 5,031 GTs). This will be slow!
  Computing AP for storage-tank: 3,344 dets, 5,031 GTs (16,823,664 IoU calculations)
    Using chunked batch IoU computation (GPU-accelerated) for storage-tank (16,823,664 calculations)
    Processing 3,344 detections in chunks of 993
  Computing AP for swimming-pool: 632 dets, 693 GTs (437,976 IoU calculations)
  Computing AP for tennis-court: 1,450 dets, 1,529 GTs (2,217,050 IoU calculations)
  mAP computation completed in 22m 16s. mAP: 0.6600
Validation Metrics:
--------------------------------------------------
  Eval thresholds (mAP / matching): score≥0.3000, IoU≥0.50
  Avg Detections per Image (score≥0.3000): 12.00  ↑0.52
  Avg Detections per Image (score≥0.5): 3.55  ↑0.50
  Max detection score: 0.851
  Mean detection score: 0.276
  Time per Step: 0.2079  ↑0.0034
  Accuracy: 0.9024 (90.24%)
  Correct Predictions: 43982/48740 (matched detections)
  Ground Truth objects: 57768
  GT covered pre-eval-threshold: 52137/57768
  GT covered post-eval-threshold: 44002/57768
  GT lost by eval-threshold filtering: 8135
  GT cover rate pre-eval-threshold: 90.25%
  GT cover rate post-eval-threshold: 76.17%
  GT IoU vs raw dets (eval IoU threshold=0.50; per-GT max IoU over all dets / over same-class dets):
    mean best IoU (any class): 0.7182, median: 0.7621
    mean best IoU (correct class): 0.7100, median: 0.7607
    per-class mean best IoU (raw detections):
      | class              | gts | mean_any | mean_same | med_same |
      |--------------------|-----:|----------:|-----------:|----------:|
      | baseball-diamond   | 364 |   0.7034 |    0.7024 |   0.7317 |
      | basketball-court   | 278 |   0.8126 |    0.8079 |   0.8388 |
      | bridge             | 666 |   0.5924 |    0.5893 |   0.6399 |
      | ground-track-field | 216 |   0.7068 |    0.6205 |   0.7535 |
      | harbor             | 4298 |   0.6396 |    0.6364 |   0.6689 |
      | helicopter         | 157 |   0.6953 |    0.5943 |   0.7095 |
      | large-vehicle      | 9398 |   0.7372 |    0.7084 |   0.7683 |
      | plane              | 4731 |   0.7911 |    0.7908 |   0.8366 |
      | roundabout         | 256 |   0.7219 |    0.7140 |   0.8063 |
      | ship               | 18534 |   0.7426 |    0.7412 |   0.7680 |
      | small-vehicle      | 11357 |   0.6777 |    0.6682 |   0.7326 |
      | soccer-ball-field  | 260 |   0.7348 |    0.7140 |   0.7907 |
      | storage-tank       | 5031 |   0.6689 |    0.6687 |   0.7561 |
      | swimming-pool      | 693 |   0.6137 |    0.6137 |   0.6608 |
      | tennis-court       | 1529 |   0.8524 |    0.8470 |   0.8886 |
      | global             | 57768 |   0.7182 |    0.7100 |   0.7607 |
    GTs with IoU≥thresh but no same-class hit (wrong-class / misaligned): 607
    GTs with no detection above IoU thresh (missed / poor loc): 5014
    GTs with 0% best IoU vs any detection (no spatial overlap): 688 (1.19% of GTs)
    histogram best IoU (any class) [0,0.25)/[0.25,0.5)/[0.5,0.75)/[0.75,1]: 2286/2728/21099/31655
    histogram best IoU (correct class) [0,0.25)/[0.25,0.5)/[0.5,0.75)/[0.75,1]: 2932/2689/20815/31332
  Class-agnostic duplicate rate (post score thresh; IoU≥0.50 vs a higher-score box): micro=0.06% (30/48740 boxes), macro mean over images with detections=0.25% (2947 images)
  mAP: 0.6600  ↑0.1401 (66.00%)
  Per-Class AP:
    baseball-diamond: 0.7153  ↑0.0228 (71.53%)
    basketball-court: 0.8855  ↑0.2592 (88.55%)
    bridge: 0.4707  ↑0.2206 (47.07%)
    ground-track-field: 0.5326  ↑0.3532 (53.26%)
    harbor: 0.5929  ↑0.1015 (59.29%)
    helicopter: 0.4507  ↑0.1034 (45.07%)
    large-vehicle: 0.6237  ↑0.0146 (62.37%)
    plane: 0.9021  ↑0.0914 (90.21%)
    roundabout: 0.6163  ↑0.0165 (61.63%)
    ship: 0.8034  ↑0.4483 (80.34%)
    small-vehicle: 0.6024  ↑0.0980 (60.24%)
    soccer-ball-field: 0.6092  ↑0.0366 (60.92%)
    storage-tank: 0.6313  ↑0.0915 (63.13%)
    swimming-pool: 0.5556  ↑0.1540 (55.56%)
    tennis-court: 0.9078  ↑0.0898 (90.78%)
  Ground Truth Classes: 15 classes
  Predicted Classes: 15 classes
  Timing: 57m 7s this epoch (avg 38m 8s) | ETA ~18h 25m for 28 epoch(s) left, mAP every 4 epoch(s) and final mAP.

Epoch 9/36
--------------------------------------------------
Epoch 9/36 complete: 6846/6846 batches, loss: 1.1460
  Effective LR: ref=2.500e-03 (0=2.500e-03)
Validation complete: 1561 batches
Validation Metrics:
--------------------------------------------------
  Eval thresholds (mAP / matching): score≥0.3000, IoU≥0.50
  Avg Detections per Image (score≥0.3000): 12.28  ↑0.28
  Avg Detections per Image (score≥0.5): 3.90  ↑0.35
  Max detection score: 0.790
  Mean detection score: 0.281
  Time per Step: 0.2037  ↑0.0042
  Accuracy / GT cover: (skipped — computed on mAP epochs)
  Ground Truth objects: 57768
  mAP: (skipped)
  Ground Truth Classes: 15 classes
  Predicted Classes: 15 classes
  Timing: 32m 8s this epoch (avg 37m 28s) | ETA ~17h 29m for 27 epoch(s) left, mAP every 4 epoch(s) and final mAP.

Epoch 10/36
--------------------------------------------------
Epoch 10/36 complete: 6846/6846 batches, loss: 1.1320
  Effective LR: ref=2.500e-03 (0=2.500e-03)
Validation complete: 1561 batches
Validation Metrics:
--------------------------------------------------
  Eval thresholds (mAP / matching): score≥0.3000, IoU≥0.50
  Avg Detections per Image (score≥0.3000): 12.65  ↑0.36
  Avg Detections per Image (score≥0.5): 4.30  ↑0.40
  Max detection score: 0.841
  Mean detection score: 0.290
  Time per Step: 0.2004  ↑0.0033
  Accuracy / GT cover: (skipped — computed on mAP epochs)
  Ground Truth objects: 57768
  mAP: (skipped)
  Ground Truth Classes: 15 classes
  Predicted Classes: 15 classes
  Timing: 32m 13s this epoch (avg 36m 57s) | ETA ~16h 37m for 26 epoch(s) left, mAP every 4 epoch(s) and final mAP.

Epoch 11/36
--------------------------------------------------
Epoch 11/36 complete: 6846/6846 batches, loss: 1.1194
  Effective LR: ref=2.500e-03 (0=2.500e-03)
Validation complete: 1561 batches
Validation Metrics:
--------------------------------------------------
  Eval thresholds (mAP / matching): score≥0.3000, IoU≥0.50
  Avg Detections per Image (score≥0.3000): 12.96  ↑0.31
  Avg Detections per Image (score≥0.5): 4.59  ↑0.29
  Max detection score: 0.816
  Mean detection score: 0.288
  Time per Step: 0.1974  ↑0.0030
  Accuracy / GT cover: (skipped — computed on mAP epochs)
  Ground Truth objects: 57768
  mAP: (skipped)
  Ground Truth Classes: 15 classes
  Predicted Classes: 15 classes
  Timing: 32m 8s this epoch (avg 36m 30s) | ETA ~15h 49m for 25 epoch(s) left, mAP every 4 epoch(s) and final mAP.

Epoch 12/36
--------------------------------------------------
Epoch 12/36 complete: 6846/6846 batches, loss: 1.1084
  Effective LR: ref=2.500e-03 (0=2.500e-03)

Computing mAP (periodic evaluation: every 4 epoch(s))...
Validation complete: 1561 batches

Computing mAP (this may take a while)...
  Eval filters: score≥0.3000, IoU≥0.50
  Images: 3,121
  Total detections (post score filter): 47,065 (15.1 per image)
  Total ground truths: 57,768 (18.5 per image)
  Computing AP for baseball-diamond: 326 dets, 364 GTs (118,664 IoU calculations)
  Computing AP for bridge: 359 dets, 666 GTs (239,094 IoU calculations)
  WARNING: harbor has 12,017,208 IoU calculations (2,796 dets × 4,298 GTs). This will be slow!
  Computing AP for harbor: 2,796 dets, 4,298 GTs (12,017,208 IoU calculations)
    Using chunked batch IoU computation (GPU-accelerated) for harbor (12,017,208 calculations)
    Processing 2,796 detections in chunks of 1,163
  WARNING: large-vehicle has 80,305,910 IoU calculations (8,545 dets × 9,398 GTs). This will be slow!
  Computing AP for large-vehicle: 8,545 dets, 9,398 GTs (80,305,910 IoU calculations)
    Using chunked batch IoU computation (GPU-accelerated) for large-vehicle (80,305,910 calculations)
    Processing 8,545 detections in chunks of 532
  WARNING: plane has 21,062,412 IoU calculations (4,452 dets × 4,731 GTs). This will be slow!
  Computing AP for plane: 4,452 dets, 4,731 GTs (21,062,412 IoU calculations)
    Using chunked batch IoU computation (GPU-accelerated) for plane (21,062,412 calculations)
    Processing 4,452 detections in chunks of 1,056
  WARNING: ship has 314,040,096 IoU calculations (16,944 dets × 18,534 GTs). This will be slow!
  Computing AP for ship: 16,944 dets, 18,534 GTs (314,040,096 IoU calculations)
    Using chunked batch IoU computation (GPU-accelerated) for ship (314,040,096 calculations)
    Processing 16,944 detections in chunks of 269
  WARNING: small-vehicle has 84,643,721 IoU calculations (7,453 dets × 11,357 GTs). This will be slow!
  Computing AP for small-vehicle: 7,453 dets, 11,357 GTs (84,643,721 IoU calculations)
    Using chunked batch IoU computation (GPU-accelerated) for small-vehicle (84,643,721 calculations)
    Processing 7,453 detections in chunks of 440
  WARNING: storage-tank has 15,983,487 IoU calculations (3,177 dets × 5,031 GTs). This will be slow!
  Computing AP for storage-tank: 3,177 dets, 5,031 GTs (15,983,487 IoU calculations)
    Using chunked batch IoU computation (GPU-accelerated) for storage-tank (15,983,487 calculations)
    Processing 3,177 detections in chunks of 993
  Computing AP for swimming-pool: 500 dets, 693 GTs (346,500 IoU calculations)
  Computing AP for tennis-court: 1,503 dets, 1,529 GTs (2,298,087 IoU calculations)
  mAP computation completed in 21m 29s. mAP: 0.6796
Validation Metrics:
--------------------------------------------------
  Eval thresholds (mAP / matching): score≥0.3000, IoU≥0.50
  Avg Detections per Image (score≥0.3000): 13.13  ↑0.18
  Avg Detections per Image (score≥0.5): 4.84  ↑0.24
  Max detection score: 0.893
  Mean detection score: 0.288
  Time per Step: 0.1941  ↑0.0033
  Accuracy: 0.9337 (93.37%)
  Correct Predictions: 43943/47065 (matched detections)
  Ground Truth objects: 57768
  GT covered pre-eval-threshold: 53343/57768
  GT covered post-eval-threshold: 43967/57768
  GT lost by eval-threshold filtering: 9376
  GT cover rate pre-eval-threshold: 92.34%
  GT cover rate post-eval-threshold: 76.11%
  GT IoU vs raw dets (eval IoU threshold=0.50; per-GT max IoU over all dets / over same-class dets):
    mean best IoU (any class): 0.7274, median: 0.7629
    mean best IoU (correct class): 0.7218, median: 0.7621
    per-class mean best IoU (raw detections):
      | class              | gts | mean_any | mean_same | med_same |
      |--------------------|-----:|----------:|-----------:|----------:|
      | baseball-diamond   | 364 |   0.7113 |    0.7110 |   0.7161 |
      | basketball-court   | 278 |   0.8090 |    0.8072 |   0.8384 |
      | bridge             | 666 |   0.6013 |    0.6003 |   0.6474 |
      | ground-track-field | 216 |   0.6480 |    0.6035 |   0.7014 |
      | harbor             | 4298 |   0.6454 |    0.6353 |   0.6734 |
      | helicopter         | 157 |   0.7134 |    0.7132 |   0.7345 |
      | large-vehicle      | 9398 |   0.7514 |    0.7443 |   0.7713 |
      | plane              | 4731 |   0.7957 |    0.7926 |   0.8351 |
      | roundabout         | 256 |   0.7309 |    0.7278 |   0.8034 |
      | ship               | 18534 |   0.7486 |    0.7482 |   0.7683 |
      | small-vehicle      | 11357 |   0.6980 |    0.6855 |   0.7347 |
      | soccer-ball-field  | 260 |   0.7636 |    0.6710 |   0.8126 |
      | storage-tank       | 5031 |   0.6715 |    0.6708 |   0.7564 |
      | swimming-pool      | 693 |   0.6163 |    0.6127 |   0.6734 |
      | tennis-court       | 1529 |   0.8446 |    0.8391 |   0.8681 |
      | global             | 57768 |   0.7274 |    0.7218 |   0.7621 |
    GTs with IoU≥thresh but no same-class hit (wrong-class / misaligned): 404
    GTs with no detection above IoU thresh (missed / poor loc): 4015
    GTs with 0% best IoU vs any detection (no spatial overlap): 464 (0.80% of GTs)
    histogram best IoU (any class) [0,0.25)/[0.25,0.5)/[0.5,0.75)/[0.75,1]: 1604/2411/21864/31889
    histogram best IoU (correct class) [0,0.25)/[0.25,0.5)/[0.5,0.75)/[0.75,1]: 2080/2339/21664/31685
  Class-agnostic duplicate rate (post score thresh; IoU≥0.50 vs a higher-score box): micro=0.08% (40/47065 boxes), macro mean over images with detections=0.37% (2893 images)
  mAP: 0.6796  ↑0.0196 (67.96%)
  Per-Class AP:
    baseball-diamond: 0.8042  ↑0.0889 (80.42%)
    basketball-court: 0.8112  ↓0.0743 (81.12%)
    bridge: 0.4329  ↓0.0378 (43.29%)
    ground-track-field: 0.5290  ↓0.0036 (52.90%)
    harbor: 0.5152  ↓0.0777 (51.52%)
    helicopter: 0.7188  ↑0.2681 (71.88%)
    large-vehicle: 0.8026  ↑0.1789 (80.26%)
    plane: 0.9047  ↑0.0026 (90.47%)
    roundabout: 0.6253  ↑0.0090 (62.53%)
    ship: 0.8075  ↑0.0042 (80.75%)
    small-vehicle: 0.5277  ↓0.0748 (52.77%)
    soccer-ball-field: 0.6807  ↑0.0715 (68.07%)
    storage-tank: 0.6328  ↑0.0016 (63.28%)
    swimming-pool: 0.4921  ↓0.0635 (49.21%)
    tennis-court: 0.9088  ↑0.0010 (90.88%)
  Ground Truth Classes: 15 classes
  Predicted Classes: 15 classes
  Timing: 55m 32s this epoch (avg 38m 5s) | ETA ~15h 52m for 24 epoch(s) left, mAP every 4 epoch(s) and final mAP.

Epoch 13/36
--------------------------------------------------
Epoch 13/36 complete: 6846/6846 batches, loss: 1.0987
  Effective LR: ref=2.500e-03 (0=2.500e-03)
Validation complete: 1561 batches
Validation Metrics:
--------------------------------------------------
  Eval thresholds (mAP / matching): score≥0.3000, IoU≥0.50
  Avg Detections per Image (score≥0.3000): 13.26  ↑0.13
  Avg Detections per Image (score≥0.5): 4.92  ↑0.08
  Max detection score: 0.863
  Mean detection score: 0.291
  Time per Step: 0.1918  ↑0.0023
  Accuracy / GT cover: (skipped — computed on mAP epochs)
  Ground Truth objects: 57768
  mAP: (skipped)
  Ground Truth Classes: 15 classes
  Predicted Classes: 15 classes
  Timing: 32m 0s this epoch (avg 37m 37s) | ETA ~15h 2m for 23 epoch(s) left, mAP every 4 epoch(s) and final mAP.

Epoch 14/36
--------------------------------------------------
Epoch 14/36 complete: 6846/6846 batches, loss: 1.0895
  Effective LR: ref=2.500e-03 (0=2.500e-03)
Validation complete: 1561 batches
Validation Metrics:
--------------------------------------------------
  Eval thresholds (mAP / matching): score≥0.3000, IoU≥0.50
  Avg Detections per Image (score≥0.3000): 13.41  ↑0.15
  Avg Detections per Image (score≥0.5): 5.08  ↑0.16
  Max detection score: 0.886
  Mean detection score: 0.252
  Time per Step: 0.1895  ↑0.0023
  Accuracy / GT cover: (skipped — computed on mAP epochs)
  Ground Truth objects: 57768
  mAP: (skipped)
  Ground Truth Classes: 15 classes
  Predicted Classes: 15 classes
  Timing: 31m 52s this epoch (avg 37m 13s) | ETA ~14h 15m for 22 epoch(s) left, mAP every 4 epoch(s) and final mAP.

Epoch 15/36
--------------------------------------------------
Epoch 15/36 complete: 6846/6846 batches, loss: 1.0814
  Effective LR: ref=2.500e-03 (0=2.500e-03)
Validation complete: 1561 batches
Validation Metrics:
--------------------------------------------------
  Eval thresholds (mAP / matching): score≥0.3000, IoU≥0.50
  Avg Detections per Image (score≥0.3000): 13.54  ↑0.13
  Avg Detections per Image (score≥0.5): 5.24  ↑0.16
  Max detection score: 0.895
  Mean detection score: 0.299
  Time per Step: 0.1876  ↑0.0019
  Accuracy / GT cover: (skipped — computed on mAP epochs)
  Ground Truth objects: 57768
  mAP: (skipped)
  Ground Truth Classes: 15 classes
  Predicted Classes: 15 classes
  Timing: 31m 50s this epoch (avg 36m 51s) | ETA ~13h 30m for 21 epoch(s) left, mAP every 4 epoch(s) and final mAP.

Epoch 16/36
--------------------------------------------------
Epoch 16/36 complete: 6846/6846 batches, loss: 1.0739
  Effective LR: ref=2.500e-03 (0=2.500e-03)

Computing mAP (periodic evaluation: every 4 epoch(s))...
Validation complete: 1561 batches

Computing mAP (this may take a while)...
  Eval filters: score≥0.3000, IoU≥0.50
  Images: 3,121
  Total detections (post score filter): 48,402 (15.5 per image)
  Total ground truths: 57,768 (18.5 per image)
  Computing AP for baseball-diamond: 381 dets, 364 GTs (138,684 IoU calculations)
  Computing AP for bridge: 529 dets, 666 GTs (352,314 IoU calculations)
  WARNING: harbor has 14,015,778 IoU calculations (3,261 dets × 4,298 GTs). This will be slow!
  Computing AP for harbor: 3,261 dets, 4,298 GTs (14,015,778 IoU calculations)
    Using chunked batch IoU computation (GPU-accelerated) for harbor (14,015,778 calculations)
    Processing 3,261 detections in chunks of 1,163
  WARNING: large-vehicle has 80,277,716 IoU calculations (8,542 dets × 9,398 GTs). This will be slow!
  Computing AP for large-vehicle: 8,542 dets, 9,398 GTs (80,277,716 IoU calculations)
    Using chunked batch IoU computation (GPU-accelerated) for large-vehicle (80,277,716 calculations)
    Processing 8,542 detections in chunks of 532
  WARNING: plane has 20,953,599 IoU calculations (4,429 dets × 4,731 GTs). This will be slow!
  Computing AP for plane: 4,429 dets, 4,731 GTs (20,953,599 IoU calculations)
    Using chunked batch IoU computation (GPU-accelerated) for plane (20,953,599 calculations)
    Processing 4,429 detections in chunks of 1,056
  WARNING: ship has 301,974,462 IoU calculations (16,293 dets × 18,534 GTs). This will be slow!
  Computing AP for ship: 16,293 dets, 18,534 GTs (301,974,462 IoU calculations)
    Using chunked batch IoU computation (GPU-accelerated) for ship (301,974,462 calculations)
    Processing 16,293 detections in chunks of 269
  WARNING: small-vehicle has 93,581,680 IoU calculations (8,240 dets × 11,357 GTs). This will be slow!
  Computing AP for small-vehicle: 8,240 dets, 11,357 GTs (93,581,680 IoU calculations)
    Using chunked batch IoU computation (GPU-accelerated) for small-vehicle (93,581,680 calculations)
    Processing 8,240 detections in chunks of 440
  WARNING: storage-tank has 18,031,104 IoU calculations (3,584 dets × 5,031 GTs). This will be slow!
  Computing AP for storage-tank: 3,584 dets, 5,031 GTs (18,031,104 IoU calculations)
    Using chunked batch IoU computation (GPU-accelerated) for storage-tank (18,031,104 calculations)
    Processing 3,584 detections in chunks of 993
  Computing AP for swimming-pool: 637 dets, 693 GTs (441,441 IoU calculations)
  Computing AP for tennis-court: 1,483 dets, 1,529 GTs (2,267,507 IoU calculations)
  mAP computation completed in 21m 32s. mAP: 0.7398
Validation Metrics:
--------------------------------------------------
  Eval thresholds (mAP / matching): score≥0.3000, IoU≥0.50
  Avg Detections per Image (score≥0.3000): 13.66  ↑0.12
  Avg Detections per Image (score≥0.5): 5.37  ↑0.14
  Max detection score: 0.883
  Mean detection score: 0.327
  Time per Step: 0.1852  ↑0.0023
  Accuracy: 0.9400 (94.00%)
  Correct Predictions: 45500/48402 (matched detections)
  Ground Truth objects: 57768
  GT covered pre-eval-threshold: 53937/57768
  GT covered post-eval-threshold: 45522/57768
  GT lost by eval-threshold filtering: 8415
  GT cover rate pre-eval-threshold: 93.37%
  GT cover rate post-eval-threshold: 78.80%
  GT IoU vs raw dets (eval IoU threshold=0.50; per-GT max IoU over all dets / over same-class dets):
    mean best IoU (any class): 0.7532, median: 0.7916
    mean best IoU (correct class): 0.7494, median: 0.7911
    per-class mean best IoU (raw detections):
      | class              | gts | mean_any | mean_same | med_same |
      |--------------------|-----:|----------:|-----------:|----------:|
      | baseball-diamond   | 364 |   0.7385 |    0.7385 |   0.7477 |
      | basketball-court   | 278 |   0.8581 |    0.8581 |   0.8757 |
      | bridge             | 666 |   0.6390 |    0.6387 |   0.6872 |
      | ground-track-field | 216 |   0.7151 |    0.5890 |   0.7823 |
      | harbor             | 4298 |   0.6816 |    0.6793 |   0.7188 |
      | helicopter         | 157 |   0.7402 |    0.7227 |   0.7616 |
      | large-vehicle      | 9398 |   0.7792 |    0.7726 |   0.7977 |
      | plane              | 4731 |   0.8079 |    0.8079 |   0.8535 |
      | roundabout         | 256 |   0.7663 |    0.7663 |   0.8162 |
      | ship               | 18534 |   0.7746 |    0.7737 |   0.7979 |
      | small-vehicle      | 11357 |   0.7175 |    0.7093 |   0.7605 |
      | soccer-ball-field  | 260 |   0.7732 |    0.7576 |   0.8315 |
      | storage-tank       | 5031 |   0.7067 |    0.7064 |   0.7931 |
      | swimming-pool      | 693 |   0.6471 |    0.6471 |   0.6981 |
      | tennis-court       | 1529 |   0.8693 |    0.8651 |   0.8919 |
      | global             | 57768 |   0.7532 |    0.7494 |   0.7911 |
    GTs with IoU≥thresh but no same-class hit (wrong-class / misaligned): 260
    GTs with no detection above IoU thresh (missed / poor loc): 3566
    GTs with 0% best IoU vs any detection (no spatial overlap): 297 (0.51% of GTs)
    histogram best IoU (any class) [0,0.25)/[0.25,0.5)/[0.5,0.75)/[0.75,1]: 1587/1979/15722/38480
    histogram best IoU (correct class) [0,0.25)/[0.25,0.5)/[0.5,0.75)/[0.75,1]: 1902/1924/15622/38320
  Class-agnostic duplicate rate (post score thresh; IoU≥0.50 vs a higher-score box): micro=0.04% (17/48402 boxes), macro mean over images with detections=0.14% (2990 images)
  mAP: 0.7398  ↑0.0602 (73.98%)
  Per-Class AP:
    baseball-diamond: 0.8824  ↑0.0782 (88.24%)
    basketball-court: 0.9010  ↑0.0898 (90.10%)
    bridge: 0.5986  ↑0.1657 (59.86%)
    ground-track-field: 0.5389  ↑0.0099 (53.89%)
    harbor: 0.6040  ↑0.0888 (60.40%)
    helicopter: 0.7203  ↑0.0015 (72.03%)
    large-vehicle: 0.8054  ↑0.0028 (80.54%)
    plane: 0.9053  ↑0.0006 (90.53%)
    roundabout: 0.8017  ↑0.1764 (80.17%)
    ship: 0.8089  ↑0.0014 (80.89%)
    small-vehicle: 0.6148  ↑0.0871 (61.48%)
    soccer-ball-field: 0.7172  ↑0.0366 (71.72%)
    storage-tank: 0.6335  ↑0.0007 (63.35%)
    swimming-pool: 0.6558  ↑0.1637 (65.58%)
    tennis-court: 0.9090  ↑0.0003 (90.90%)
  Ground Truth Classes: 15 classes
  Predicted Classes: 15 classes
  Timing: 55m 21s this epoch (avg 38m 1s) | ETA ~13h 18m for 20 epoch(s) left, mAP every 4 epoch(s) and final mAP.

Epoch 17/36
--------------------------------------------------
Epoch 17/36 complete: 6846/6846 batches, loss: 1.0670
  Effective LR: ref=2.500e-03 (0=2.500e-03)
Validation complete: 1561 batches
Validation Metrics:
--------------------------------------------------
  Eval thresholds (mAP / matching): score≥0.3000, IoU≥0.50
  Avg Detections per Image (score≥0.3000): 13.79  ↑0.12
  Avg Detections per Image (score≥0.5): 5.53  ↑0.16
  Max detection score: 0.845
  Mean detection score: 0.319
  Time per Step: 0.1832  ↑0.0020
  Accuracy / GT cover: (skipped — computed on mAP epochs)
  Ground Truth objects: 57768
  mAP: (skipped)
  Ground Truth Classes: 15 classes
  Predicted Classes: 15 classes
  Timing: 31m 33s this epoch (avg 37m 38s) | ETA ~12h 32m for 19 epoch(s) left, mAP every 4 epoch(s) and final mAP.

Epoch 18/36
--------------------------------------------------
Epoch 18/36 complete: 6846/6846 batches, loss: 1.0605
  Effective LR: ref=2.500e-03 (0=2.500e-03)
Validation complete: 1561 batches
Validation Metrics:
--------------------------------------------------
  Eval thresholds (mAP / matching): score≥0.3000, IoU≥0.50
  Avg Detections per Image (score≥0.3000): 13.88  ↑0.09
  Avg Detections per Image (score≥0.5): 5.63  ↑0.09
  Max detection score: 0.868
  Mean detection score: 0.302
  Time per Step: 0.1818  ↑0.0014
  Accuracy / GT cover: (skipped — computed on mAP epochs)
  Ground Truth objects: 57768
  mAP: (skipped)
  Ground Truth Classes: 15 classes
  Predicted Classes: 15 classes
  Timing: 31m 44s this epoch (avg 37m 18s) | ETA ~11h 48m for 18 epoch(s) left, mAP every 4 epoch(s) and final mAP.

Epoch 19/36
--------------------------------------------------
Epoch 19/36 complete: 6846/6846 batches, loss: 1.0544
  Effective LR: ref=2.500e-03 (0=2.500e-03)
Validation complete: 1561 batches
Validation Metrics:
--------------------------------------------------
  Eval thresholds (mAP / matching): score≥0.3000, IoU≥0.50
  Avg Detections per Image (score≥0.3000): 14.01  ↑0.13
  Avg Detections per Image (score≥0.5): 5.82  ↑0.19
  Max detection score: 0.883
  Mean detection score: 0.317
  Time per Step: 0.1801  ↑0.0017
  Accuracy / GT cover: (skipped — computed on mAP epochs)
  Ground Truth objects: 57768
  mAP: (skipped)
  Ground Truth Classes: 15 classes
  Predicted Classes: 15 classes
  Timing: 31m 30s this epoch (avg 37m 0s) | ETA ~11h 5m for 17 epoch(s) left, mAP every 4 epoch(s) and final mAP.

Epoch 20/36
--------------------------------------------------
Epoch 20/36 complete: 6846/6846 batches, loss: 1.0487
  Effective LR: ref=2.500e-03 (0=2.500e-03)

Computing mAP (periodic evaluation: every 4 epoch(s))...
Validation complete: 1561 batches

Computing mAP (this may take a while)...
  Eval filters: score≥0.3000, IoU≥0.50
  Images: 3,121
  Total detections (post score filter): 49,747 (15.9 per image)
  Total ground truths: 57,768 (18.5 per image)
  Computing AP for baseball-diamond: 381 dets, 364 GTs (138,684 IoU calculations)
  Computing AP for bridge: 330 dets, 666 GTs (219,780 IoU calculations)
  WARNING: harbor has 15,442,714 IoU calculations (3,593 dets × 4,298 GTs). This will be slow!
  Computing AP for harbor: 3,593 dets, 4,298 GTs (15,442,714 IoU calculations)
    Using chunked batch IoU computation (GPU-accelerated) for harbor (15,442,714 calculations)
    Processing 3,593 detections in chunks of 1,163
  WARNING: large-vehicle has 83,106,514 IoU calculations (8,843 dets × 9,398 GTs). This will be slow!
  Computing AP for large-vehicle: 8,843 dets, 9,398 GTs (83,106,514 IoU calculations)
    Using chunked batch IoU computation (GPU-accelerated) for large-vehicle (83,106,514 calculations)
    Processing 8,843 detections in chunks of 532
  WARNING: plane has 21,157,032 IoU calculations (4,472 dets × 4,731 GTs). This will be slow!
  Computing AP for plane: 4,472 dets, 4,731 GTs (21,157,032 IoU calculations)
    Using chunked batch IoU computation (GPU-accelerated) for plane (21,157,032 calculations)
    Processing 4,472 detections in chunks of 1,056
  WARNING: ship has 320,638,200 IoU calculations (17,300 dets × 18,534 GTs). This will be slow!
  Computing AP for ship: 17,300 dets, 18,534 GTs (320,638,200 IoU calculations)
    Using chunked batch IoU computation (GPU-accelerated) for ship (320,638,200 calculations)
    Processing 17,300 detections in chunks of 269
  WARNING: small-vehicle has 92,480,051 IoU calculations (8,143 dets × 11,357 GTs). This will be slow!
  Computing AP for small-vehicle: 8,143 dets, 11,357 GTs (92,480,051 IoU calculations)
    Using chunked batch IoU computation (GPU-accelerated) for small-vehicle (92,480,051 calculations)
    Processing 8,143 detections in chunks of 440
  WARNING: storage-tank has 17,865,081 IoU calculations (3,551 dets × 5,031 GTs). This will be slow!
  Computing AP for storage-tank: 3,551 dets, 5,031 GTs (17,865,081 IoU calculations)
    Using chunked batch IoU computation (GPU-accelerated) for storage-tank (17,865,081 calculations)
    Processing 3,551 detections in chunks of 993
  Computing AP for swimming-pool: 579 dets, 693 GTs (401,247 IoU calculations)
  Computing AP for tennis-court: 1,482 dets, 1,529 GTs (2,265,978 IoU calculations)
  mAP computation completed in 22m 23s. mAP: 0.7348
Validation Metrics:
--------------------------------------------------
  Eval thresholds (mAP / matching): score≥0.3000, IoU≥0.50
  Avg Detections per Image (score≥0.3000): 14.10  ↑0.10
  Avg Detections per Image (score≥0.5): 5.98  ↑0.16
  Max detection score: 0.862
  Mean detection score: 0.333
  Time per Step: 0.1786  ↑0.0014
  Accuracy: 0.9369 (93.69%)
  Correct Predictions: 46610/49747 (matched detections)
  Ground Truth objects: 57768
  GT covered pre-eval-threshold: 54132/57768
  GT covered post-eval-threshold: 46627/57768
  GT lost by eval-threshold filtering: 7505
  GT cover rate pre-eval-threshold: 93.71%
  GT cover rate post-eval-threshold: 80.71%
  GT IoU vs raw dets (eval IoU threshold=0.50; per-GT max IoU over all dets / over same-class dets):
    mean best IoU (any class): 0.7465, median: 0.7814
    mean best IoU (correct class): 0.7420, median: 0.7808
    per-class mean best IoU (raw detections):
      | class              | gts | mean_any | mean_same | med_same |
      |--------------------|-----:|----------:|-----------:|----------:|
      | baseball-diamond   | 364 |   0.7713 |    0.7713 |   0.7920 |
      | basketball-court   | 278 |   0.8555 |    0.8552 |   0.8705 |
      | bridge             | 666 |   0.6348 |    0.6344 |   0.6816 |
      | ground-track-field | 216 |   0.7466 |    0.6807 |   0.7963 |
      | harbor             | 4298 |   0.6903 |    0.6877 |   0.7279 |
      | helicopter         | 157 |   0.7298 |    0.7214 |   0.7511 |
      | large-vehicle      | 9398 |   0.7683 |    0.7630 |   0.7902 |
      | plane              | 4731 |   0.8172 |    0.8171 |   0.8547 |
      | roundabout         | 256 |   0.7607 |    0.7606 |   0.8226 |
      | ship               | 18534 |   0.7614 |    0.7607 |   0.7816 |
      | small-vehicle      | 11357 |   0.7108 |    0.6969 |   0.7458 |
      | soccer-ball-field  | 260 |   0.7734 |    0.7530 |   0.8327 |
      | storage-tank       | 5031 |   0.6933 |    0.6926 |   0.7823 |
      | swimming-pool      | 693 |   0.6554 |    0.6544 |   0.6780 |
      | tennis-court       | 1529 |   0.8692 |    0.8666 |   0.8902 |
      | global             | 57768 |   0.7465 |    0.7420 |   0.7808 |
    GTs with IoU≥thresh but no same-class hit (wrong-class / misaligned): 318
    GTs with no detection above IoU thresh (missed / poor loc): 3311
    GTs with 0% best IoU vs any detection (no spatial overlap): 443 (0.77% of GTs)
    histogram best IoU (any class) [0,0.25)/[0.25,0.5)/[0.5,0.75)/[0.75,1]: 1420/1891/18371/36086
    histogram best IoU (correct class) [0,0.25)/[0.25,0.5)/[0.5,0.75)/[0.75,1]: 1777/1852/18254/35885
  Class-agnostic duplicate rate (post score thresh; IoU≥0.50 vs a higher-score box): micro=0.02% (10/49747 boxes), macro mean over images with detections=0.08% (2935 images)
  mAP: 0.7348  ↓0.0050 (73.48%)
  Per-Class AP:
    baseball-diamond: 0.8839  ↑0.0014 (88.39%)
    basketball-court: 0.9036  ↑0.0026 (90.36%)
    bridge: 0.4309  ↓0.1677 (43.09%)
    ground-track-field: 0.5349  ↓0.0040 (53.49%)
    harbor: 0.7002  ↑0.0962 (70.02%)
    helicopter: 0.8129  ↑0.0926 (81.29%)
    large-vehicle: 0.8050  ↓0.0004 (80.50%)
    plane: 0.9062  ↑0.0009 (90.62%)
    roundabout: 0.7641  ↓0.0376 (76.41%)
    ship: 0.8104  ↑0.0015 (81.04%)
    small-vehicle: 0.6194  ↑0.0046 (61.94%)
    soccer-ball-field: 0.7176  ↑0.0004 (71.76%)
    storage-tank: 0.6339  ↑0.0004 (63.39%)
    swimming-pool: 0.5900  ↓0.0658 (59.00%)
    tennis-court: 0.9090  ↓0.0000 (90.90%)
  Ground Truth Classes: 15 classes
  Predicted Classes: 15 classes
  Timing: 56m 20s this epoch (avg 37m 58s) | ETA ~10h 45m for 16 epoch(s) left, mAP every 4 epoch(s) and final mAP.

Epoch 21/36
--------------------------------------------------
Epoch 21/36 complete: 6846/6846 batches, loss: 1.0437
  Effective LR: ref=2.500e-03 (0=2.500e-03)
Validation complete: 1561 batches
Validation Metrics:
--------------------------------------------------
  Eval thresholds (mAP / matching): score≥0.3000, IoU≥0.50
  Avg Detections per Image (score≥0.3000): 14.17  ↑0.06
  Avg Detections per Image (score≥0.5): 6.06  ↑0.08
  Max detection score: 0.873
  Mean detection score: 0.337
  Time per Step: 0.1773  ↑0.0014
  Accuracy / GT cover: (skipped — computed on mAP epochs)
  Ground Truth objects: 57768
  mAP: (skipped)
  Ground Truth Classes: 15 classes
  Predicted Classes: 15 classes
  Timing: 31m 29s this epoch (avg 37m 39s) | ETA ~10h 2m for 15 epoch(s) left, mAP every 4 epoch(s) and final mAP.

Epoch 22/36
--------------------------------------------------
Epoch 22/36 complete: 6846/6846 batches, loss: 1.0388
  Effective LR: ref=2.500e-03 (0=2.500e-03)
Validation complete: 1561 batches
Validation Metrics:
--------------------------------------------------
  Eval thresholds (mAP / matching): score≥0.3000, IoU≥0.50
  Avg Detections per Image (score≥0.3000): 14.23  ↑0.06
  Avg Detections per Image (score≥0.5): 6.16  ↑0.09
  Max detection score: 0.879
  Mean detection score: 0.342
  Time per Step: 0.1760  ↑0.0012
  Accuracy / GT cover: (skipped — computed on mAP epochs)
  Ground Truth objects: 57768
  mAP: (skipped)
  Ground Truth Classes: 15 classes
  Predicted Classes: 15 classes
  Timing: 31m 29s this epoch (avg 37m 22s) | ETA ~9h 20m for 14 epoch(s) left, mAP every 4 epoch(s) and final mAP.

Epoch 23/36
--------------------------------------------------
Epoch 23/36 complete: 6846/6846 batches, loss: 1.0340
  Effective LR: ref=2.500e-03 (0=2.500e-03)
Validation complete: 1561 batches
Validation Metrics:
--------------------------------------------------
  Eval thresholds (mAP / matching): score≥0.3000, IoU≥0.50
  Avg Detections per Image (score≥0.3000): 14.31  ↑0.08
  Avg Detections per Image (score≥0.5): 6.28  ↑0.12
  Max detection score: 0.881
  Mean detection score: 0.349
  Time per Step: 0.1750  ↑0.0010
  Accuracy / GT cover: (skipped — computed on mAP epochs)
  Ground Truth objects: 57768
  mAP: (skipped)
  Ground Truth Classes: 15 classes
  Predicted Classes: 15 classes
  Timing: 31m 32s this epoch (avg 37m 7s) | ETA ~8h 39m for 13 epoch(s) left, mAP every 4 epoch(s) and final mAP.

Epoch 24/36
--------------------------------------------------
Epoch 24/36 complete: 6846/6846 batches, loss: 1.0294
  Effective LR: ref=2.500e-03 (0=2.500e-03)

Computing mAP (periodic evaluation: every 4 epoch(s))...
Validation complete: 1561 batches

Computing mAP (this may take a while)...
  Eval filters: score≥0.3000, IoU≥0.50
  Images: 3,121
  Total detections (post score filter): 50,845 (16.3 per image)
  Total ground truths: 57,768 (18.5 per image)
  Warning: Large number of detections may slow down mAP computation
  Consider increasing evaluation.score_threshold (current: 0.3) for faster mAP matching
  Computing AP for baseball-diamond: 324 dets, 364 GTs (117,936 IoU calculations)
  Computing AP for bridge: 454 dets, 666 GTs (302,364 IoU calculations)
  WARNING: harbor has 16,100,308 IoU calculations (3,746 dets × 4,298 GTs). This will be slow!
  Computing AP for harbor: 3,746 dets, 4,298 GTs (16,100,308 IoU calculations)
    Using chunked batch IoU computation (GPU-accelerated) for harbor (16,100,308 calculations)
    Processing 3,746 detections in chunks of 1,163
  WARNING: large-vehicle has 80,841,596 IoU calculations (8,602 dets × 9,398 GTs). This will be slow!
  Computing AP for large-vehicle: 8,602 dets, 9,398 GTs (80,841,596 IoU calculations)
    Using chunked batch IoU computation (GPU-accelerated) for large-vehicle (80,841,596 calculations)
    Processing 8,602 detections in chunks of 532
  WARNING: plane has 21,194,880 IoU calculations (4,480 dets × 4,731 GTs). This will be slow!
  Computing AP for plane: 4,480 dets, 4,731 GTs (21,194,880 IoU calculations)
    Using chunked batch IoU computation (GPU-accelerated) for plane (21,194,880 calculations)
    Processing 4,480 detections in chunks of 1,056
  WARNING: ship has 322,917,882 IoU calculations (17,423 dets × 18,534 GTs). This will be slow!
  Computing AP for ship: 17,423 dets, 18,534 GTs (322,917,882 IoU calculations)
    Using chunked batch IoU computation (GPU-accelerated) for ship (322,917,882 calculations)
    Processing 17,423 detections in chunks of 269
  WARNING: small-vehicle has 107,198,723 IoU calculations (9,439 dets × 11,357 GTs). This will be slow!
  Computing AP for small-vehicle: 9,439 dets, 11,357 GTs (107,198,723 IoU calculations)
    Using chunked batch IoU computation (GPU-accelerated) for small-vehicle (107,198,723 calculations)
    Processing 9,439 detections in chunks of 440
  WARNING: storage-tank has 17,663,841 IoU calculations (3,511 dets × 5,031 GTs). This will be slow!
  Computing AP for storage-tank: 3,511 dets, 5,031 GTs (17,663,841 IoU calculations)
    Using chunked batch IoU computation (GPU-accelerated) for storage-tank (17,663,841 calculations)
    Processing 3,511 detections in chunks of 993
  Computing AP for swimming-pool: 508 dets, 693 GTs (352,044 IoU calculations)
  Computing AP for tennis-court: 1,481 dets, 1,529 GTs (2,264,449 IoU calculations)
  mAP computation completed in 22m 59s. mAP: 0.7156
Validation Metrics:
--------------------------------------------------
  Eval thresholds (mAP / matching): score≥0.3000, IoU≥0.50
  Avg Detections per Image (score≥0.3000): 14.39  ↑0.08
  Avg Detections per Image (score≥0.5): 6.42  ↑0.14
  Max detection score: 0.892
  Mean detection score: 0.341
  Time per Step: 0.1738  ↑0.0012
  Accuracy: 0.9394 (93.94%)
  Correct Predictions: 47762/50845 (matched detections)
  Ground Truth objects: 57768
  GT covered pre-eval-threshold: 54698/57768
  GT covered post-eval-threshold: 47779/57768
  GT lost by eval-threshold filtering: 6919
  GT cover rate pre-eval-threshold: 94.69%
  GT cover rate post-eval-threshold: 82.71%
  GT IoU vs raw dets (eval IoU threshold=0.50; per-GT max IoU over all dets / over same-class dets):
    mean best IoU (any class): 0.7601, median: 0.7924
    mean best IoU (correct class): 0.7565, median: 0.7920
    per-class mean best IoU (raw detections):
      | class              | gts | mean_any | mean_same | med_same |
      |--------------------|-----:|----------:|-----------:|----------:|
      | baseball-diamond   | 364 |   0.7555 |    0.7555 |   0.7739 |
      | basketball-court   | 278 |   0.8380 |    0.8378 |   0.8517 |
      | bridge             | 666 |   0.6647 |    0.6644 |   0.7132 |
      | ground-track-field | 216 |   0.7090 |    0.6364 |   0.7651 |
      | harbor             | 4298 |   0.6897 |    0.6870 |   0.7199 |
      | helicopter         | 157 |   0.7260 |    0.6879 |   0.7690 |
      | large-vehicle      | 9398 |   0.7809 |    0.7692 |   0.7992 |
      | plane              | 4731 |   0.8165 |    0.8165 |   0.8547 |
      | roundabout         | 256 |   0.7730 |    0.7730 |   0.8346 |
      | ship               | 18534 |   0.7791 |    0.7783 |   0.7958 |
      | small-vehicle      | 11357 |   0.7318 |    0.7280 |   0.7651 |
      | soccer-ball-field  | 260 |   0.7981 |    0.7942 |   0.8349 |
      | storage-tank       | 5031 |   0.7157 |    0.7152 |   0.8002 |
      | swimming-pool      | 693 |   0.6420 |    0.6418 |   0.6789 |
      | tennis-court       | 1529 |   0.8646 |    0.8641 |   0.8822 |
      | global             | 57768 |   0.7601 |    0.7565 |   0.7920 |
    GTs with IoU≥thresh but no same-class hit (wrong-class / misaligned): 247
    GTs with no detection above IoU thresh (missed / poor loc): 2806
    GTs with 0% best IoU vs any detection (no spatial overlap): 324 (0.56% of GTs)
    histogram best IoU (any class) [0,0.25)/[0.25,0.5)/[0.5,0.75)/[0.75,1]: 1204/1602/16035/38927
    histogram best IoU (correct class) [0,0.25)/[0.25,0.5)/[0.5,0.75)/[0.75,1]: 1494/1559/15950/38765
  Class-agnostic duplicate rate (post score thresh; IoU≥0.50 vs a higher-score box): micro=0.04% (18/50845 boxes), macro mean over images with detections=0.18% (2994 images)
  mAP: 0.7156  ↓0.0192 (71.56%)
  Per-Class AP:
    baseball-diamond: 0.8114  ↓0.0725 (81.14%)
    basketball-court: 0.9069  ↑0.0033 (90.69%)
    bridge: 0.6134  ↑0.1826 (61.34%)
    ground-track-field: 0.5438  ↑0.0089 (54.38%)
    harbor: 0.6907  ↓0.0095 (69.07%)
    helicopter: 0.4534  ↓0.3595 (45.34%)
    large-vehicle: 0.8079  ↑0.0029 (80.79%)
    plane: 0.9072  ↑0.0010 (90.72%)
    roundabout: 0.5421  ↓0.2220 (54.21%)
    ship: 0.8117  ↑0.0012 (81.17%)
    small-vehicle: 0.6995  ↑0.0801 (69.95%)
    soccer-ball-field: 0.8095  ↑0.0918 (80.95%)
    storage-tank: 0.6351  ↑0.0011 (63.51%)
    swimming-pool: 0.5920  ↑0.0021 (59.20%)
    tennis-court: 0.9089  ↓0.0001 (90.89%)
  Ground Truth Classes: 15 classes
  Predicted Classes: 15 classes
  Timing: 56m 49s this epoch (avg 37m 56s) | ETA ~8h 13m for 12 epoch(s) left, mAP every 4 epoch(s) and final mAP.

Epoch 25/36
--------------------------------------------------
Epoch 25/36 complete: 6846/6846 batches, loss: 1.0232
  Effective LR: ref=2.500e-04 (0=2.500e-04)
Validation complete: 1561 batches
Validation Metrics:
--------------------------------------------------
  Eval thresholds (mAP / matching): score≥0.3000, IoU≥0.50
  Avg Detections per Image (score≥0.3000): 14.48  ↑0.09
  Avg Detections per Image (score≥0.5): 6.60  ↑0.18
  Max detection score: 0.897
  Mean detection score: 0.399
  Time per Step: 0.1725  ↑0.0013
  Accuracy / GT cover: (skipped — computed on mAP epochs)
  Ground Truth objects: 57768
  mAP: (skipped)
  Ground Truth Classes: 15 classes
  Predicted Classes: 15 classes
  Timing: 31m 13s this epoch (avg 37m 40s) | ETA ~7h 32m for 11 epoch(s) left, mAP every 4 epoch(s) and final mAP.

Epoch 26/36
--------------------------------------------------
Epoch 26/36 complete: 6846/6846 batches, loss: 1.0170
  Effective LR: ref=2.500e-04 (0=2.500e-04)
Validation complete: 1561 batches
Validation Metrics:
--------------------------------------------------
  Eval thresholds (mAP / matching): score≥0.3000, IoU≥0.50
  Avg Detections per Image (score≥0.3000): 14.56  ↑0.08
  Avg Detections per Image (score≥0.5): 6.75  ↑0.15
  Max detection score: 0.905
  Mean detection score: 0.396
  Time per Step: 0.1713  ↑0.0012
  Accuracy / GT cover: (skipped — computed on mAP epochs)
  Ground Truth objects: 57768
  mAP: (skipped)
  Ground Truth Classes: 15 classes
  Predicted Classes: 15 classes
  Timing: 31m 15s this epoch (avg 37m 25s) | ETA ~6h 51m for 10 epoch(s) left, mAP every 4 epoch(s) and final mAP.

Epoch 27/36
--------------------------------------------------
Epoch 27/36 complete: 6846/6846 batches, loss: 1.0112
  Effective LR: ref=2.500e-04 (0=2.500e-04)
Validation complete: 1561 batches
Validation Metrics:
--------------------------------------------------
  Eval thresholds (mAP / matching): score≥0.3000, IoU≥0.50
  Avg Detections per Image (score≥0.3000): 14.64  ↑0.08
  Avg Detections per Image (score≥0.5): 6.89  ↑0.14
  Max detection score: 0.905
  Mean detection score: 0.403
  Time per Step: 0.1701  ↑0.0012
  Accuracy / GT cover: (skipped — computed on mAP epochs)
  Ground Truth objects: 57768
  mAP: (skipped)
  Ground Truth Classes: 15 classes
  Predicted Classes: 15 classes
  Timing: 31m 12s this epoch (avg 37m 12s) | ETA ~6h 11m for 9 epoch(s) left, mAP every 4 epoch(s) and final mAP.

Epoch 28/36
--------------------------------------------------
Epoch 28/36 complete: 6846/6846 batches, loss: 1.0056
  Effective LR: ref=2.500e-04 (0=2.500e-04)

Computing mAP (periodic evaluation: every 4 epoch(s))...
Validation complete: 1561 batches

Computing mAP (this may take a while)...
  Eval filters: score≥0.3000, IoU≥0.50
  Images: 3,121
  Total detections (post score filter): 52,213 (16.7 per image)
  Total ground truths: 57,768 (18.5 per image)
  Warning: Large number of detections may slow down mAP computation
  Consider increasing evaluation.score_threshold (current: 0.3) for faster mAP matching
  Computing AP for baseball-diamond: 372 dets, 364 GTs (135,408 IoU calculations)
  Computing AP for bridge: 548 dets, 666 GTs (364,968 IoU calculations)
  WARNING: harbor has 16,805,180 IoU calculations (3,910 dets × 4,298 GTs). This will be slow!
  Computing AP for harbor: 3,910 dets, 4,298 GTs (16,805,180 IoU calculations)
    Using chunked batch IoU computation (GPU-accelerated) for harbor (16,805,180 calculations)
    Processing 3,910 detections in chunks of 1,163
  WARNING: large-vehicle has 84,093,304 IoU calculations (8,948 dets × 9,398 GTs). This will be slow!
  Computing AP for large-vehicle: 8,948 dets, 9,398 GTs (84,093,304 IoU calculations)
    Using chunked batch IoU computation (GPU-accelerated) for large-vehicle (84,093,304 calculations)
    Processing 8,948 detections in chunks of 532
  WARNING: plane has 21,180,687 IoU calculations (4,477 dets × 4,731 GTs). This will be slow!
  Computing AP for plane: 4,477 dets, 4,731 GTs (21,180,687 IoU calculations)
    Using chunked batch IoU computation (GPU-accelerated) for plane (21,180,687 calculations)
    Processing 4,477 detections in chunks of 1,056
  WARNING: ship has 330,220,278 IoU calculations (17,817 dets × 18,534 GTs). This will be slow!
  Computing AP for ship: 17,817 dets, 18,534 GTs (330,220,278 IoU calculations)
    Using chunked batch IoU computation (GPU-accelerated) for ship (330,220,278 calculations)
    Processing 17,817 detections in chunks of 269
  WARNING: small-vehicle has 105,972,167 IoU calculations (9,331 dets × 11,357 GTs). This will be slow!
  Computing AP for small-vehicle: 9,331 dets, 11,357 GTs (105,972,167 IoU calculations)
    Using chunked batch IoU computation (GPU-accelerated) for small-vehicle (105,972,167 calculations)
    Processing 9,331 detections in chunks of 440
  WARNING: storage-tank has 18,524,142 IoU calculations (3,682 dets × 5,031 GTs). This will be slow!
  Computing AP for storage-tank: 3,682 dets, 5,031 GTs (18,524,142 IoU calculations)
    Using chunked batch IoU computation (GPU-accelerated) for storage-tank (18,524,142 calculations)
    Processing 3,682 detections in chunks of 993
  Computing AP for swimming-pool: 601 dets, 693 GTs (416,493 IoU calculations)
  Computing AP for tennis-court: 1,496 dets, 1,529 GTs (2,287,384 IoU calculations)
  mAP computation completed in 23m 25s. mAP: 0.8171
Validation Metrics:
--------------------------------------------------
  Eval thresholds (mAP / matching): score≥0.3000, IoU≥0.50
  Avg Detections per Image (score≥0.3000): 14.71  ↑0.07
  Avg Detections per Image (score≥0.5): 7.04  ↑0.14
  Max detection score: 0.919
  Mean detection score: 0.406
  Time per Step: 0.1691  ↑0.0011
  Accuracy: 0.9509 (95.09%)
  Correct Predictions: 49649/52213 (matched detections)
  Ground Truth objects: 57768
  GT covered pre-eval-threshold: 55382/57768
  GT covered post-eval-threshold: 49664/57768
  GT lost by eval-threshold filtering: 5718
  GT cover rate pre-eval-threshold: 95.87%
  GT cover rate post-eval-threshold: 85.97%
  GT IoU vs raw dets (eval IoU threshold=0.50; per-GT max IoU over all dets / over same-class dets):
    mean best IoU (any class): 0.7865, median: 0.8169
    mean best IoU (correct class): 0.7842, median: 0.8167
    per-class mean best IoU (raw detections):
      | class              | gts | mean_any | mean_same | med_same |
      |--------------------|-----:|----------:|-----------:|----------:|
      | baseball-diamond   | 364 |   0.7997 |    0.7997 |   0.8194 |
      | basketball-court   | 278 |   0.8914 |    0.8913 |   0.8993 |
      | bridge             | 666 |   0.7097 |    0.7096 |   0.7583 |
      | ground-track-field | 216 |   0.7436 |    0.6732 |   0.8283 |
      | harbor             | 4298 |   0.7478 |    0.7467 |   0.7866 |
      | helicopter         | 157 |   0.7848 |    0.7760 |   0.8158 |
      | large-vehicle      | 9398 |   0.8131 |    0.8069 |   0.8316 |
      | plane              | 4731 |   0.8370 |    0.8370 |   0.8737 |
      | roundabout         | 256 |   0.8197 |    0.8197 |   0.8576 |
      | ship               | 18534 |   0.7984 |    0.7979 |   0.8168 |
      | small-vehicle      | 11357 |   0.7498 |    0.7466 |   0.7789 |
      | soccer-ball-field  | 260 |   0.8400 |    0.8375 |   0.8894 |
      | storage-tank       | 5031 |   0.7366 |    0.7363 |   0.8157 |
      | swimming-pool      | 693 |   0.6945 |    0.6945 |   0.7255 |
      | tennis-court       | 1529 |   0.9113 |    0.9108 |   0.9251 |
      | global             | 57768 |   0.7865 |    0.7842 |   0.8167 |
    GTs with IoU≥thresh but no same-class hit (wrong-class / misaligned): 141
    GTs with no detection above IoU thresh (missed / poor loc): 2242
    GTs with 0% best IoU vs any detection (no spatial overlap): 205 (0.35% of GTs)
    histogram best IoU (any class) [0,0.25)/[0.25,0.5)/[0.5,0.75)/[0.75,1]: 965/1277/11934/43592
    histogram best IoU (correct class) [0,0.25)/[0.25,0.5)/[0.5,0.75)/[0.75,1]: 1144/1239/11909/43476
  Class-agnostic duplicate rate (post score thresh; IoU≥0.50 vs a higher-score box): micro=0.02% (12/52213 boxes), macro mean over images with detections=0.05% (3077 images)
  mAP: 0.8171  ↑0.1016 (81.71%)
  Per-Class AP:
    baseball-diamond: 0.9015  ↑0.0901 (90.15%)
    basketball-court: 0.9997  ↑0.0927 (99.97%)
    bridge: 0.7174  ↑0.1039 (71.74%)
    ground-track-field: 0.5446  ↑0.0008 (54.46%)
    harbor: 0.7987  ↑0.1080 (79.87%)
    helicopter: 0.8155  ↑0.3621 (81.55%)
    large-vehicle: 0.8968  ↑0.0890 (89.68%)
    plane: 0.9083  ↑0.0011 (90.83%)
    roundabout: 0.8141  ↑0.2720 (81.41%)
    ship: 0.9014  ↑0.0897 (90.14%)
    small-vehicle: 0.7109  ↑0.0114 (71.09%)
    soccer-ball-field: 0.9052  ↑0.0958 (90.52%)
    storage-tank: 0.7250  ↑0.0899 (72.50%)
    swimming-pool: 0.7086  ↑0.1166 (70.86%)
    tennis-court: 0.9090  ↑0.0001 (90.90%)
  Ground Truth Classes: 15 classes
  Predicted Classes: 15 classes
  Timing: 57m 8s this epoch (avg 37m 54s) | ETA ~5h 41m for 8 epoch(s) left, mAP every 4 epoch(s) and final mAP.

Epoch 29/36
--------------------------------------------------
Epoch 29/36 complete: 6846/6846 batches, loss: 1.0003
  Effective LR: ref=2.500e-04 (0=2.500e-04)
Validation complete: 1561 batches
Validation Metrics:
--------------------------------------------------
  Eval thresholds (mAP / matching): score≥0.3000, IoU≥0.50
  Avg Detections per Image (score≥0.3000): 14.78  ↑0.07
  Avg Detections per Image (score≥0.5): 7.16  ↑0.13
  Max detection score: 0.915
  Mean detection score: 0.407
  Time per Step: 0.1680  ↑0.0010
  Accuracy / GT cover: (skipped — computed on mAP epochs)
  Ground Truth objects: 57768
  mAP: (skipped)
  Ground Truth Classes: 15 classes
  Predicted Classes: 15 classes
  Timing: 31m 12s this epoch (avg 37m 40s) | ETA ~5h 1m for 7 epoch(s) left, mAP every 4 epoch(s) and final mAP.

Epoch 30/36
--------------------------------------------------
Epoch 30/36 complete: 6846/6846 batches, loss: 0.9953
  Effective LR: ref=2.500e-04 (0=2.500e-04)
Validation complete: 1561 batches
Validation Metrics:
--------------------------------------------------
  Eval thresholds (mAP / matching): score≥0.3000, IoU≥0.50
  Avg Detections per Image (score≥0.3000): 14.84  ↑0.06
  Avg Detections per Image (score≥0.5): 7.29  ↑0.13
  Max detection score: 0.917
  Mean detection score: 0.416
  Time per Step: 0.1670  ↑0.0010
  Accuracy / GT cover: (skipped — computed on mAP epochs)
  Ground Truth objects: 57768
  mAP: (skipped)
  Ground Truth Classes: 15 classes
  Predicted Classes: 15 classes
  Timing: 31m 11s this epoch (avg 37m 28s) | ETA ~4h 22m for 6 epoch(s) left, mAP every 4 epoch(s) and final mAP.

Epoch 31/36
--------------------------------------------------
Epoch 31/36 complete: 6846/6846 batches, loss: 0.9905
  Effective LR: ref=2.500e-04 (0=2.500e-04)
Validation complete: 1561 batches
Validation Metrics:
--------------------------------------------------
  Eval thresholds (mAP / matching): score≥0.3000, IoU≥0.50
  Avg Detections per Image (score≥0.3000): 14.90  ↑0.06
  Avg Detections per Image (score≥0.5): 7.42  ↑0.13
  Max detection score: 0.919
  Mean detection score: 0.420
  Time per Step: 0.1661  ↑0.0009
  Accuracy / GT cover: (skipped — computed on mAP epochs)
  Ground Truth objects: 57768
  mAP: (skipped)
  Ground Truth Classes: 15 classes
  Predicted Classes: 15 classes
  Timing: 31m 12s this epoch (avg 37m 15s) | ETA ~3h 43m for 5 epoch(s) left, mAP every 4 epoch(s) and final mAP.

Epoch 32/36
--------------------------------------------------
Epoch 32/36 complete: 6846/6846 batches, loss: 0.9860
  Effective LR: ref=2.500e-04 (0=2.500e-04)

Computing mAP (periodic evaluation: every 4 epoch(s))...
Validation complete: 1561 batches

Computing mAP (this may take a while)...
  Eval filters: score≥0.3000, IoU≥0.50
  Images: 3,121
  Total detections (post score filter): 52,242 (16.7 per image)
  Total ground truths: 57,768 (18.5 per image)
  Warning: Large number of detections may slow down mAP computation
  Consider increasing evaluation.score_threshold (current: 0.3) for faster mAP matching
  Computing AP for baseball-diamond: 370 dets, 364 GTs (134,680 IoU calculations)
  Computing AP for bridge: 545 dets, 666 GTs (362,970 IoU calculations)
  WARNING: harbor has 16,710,624 IoU calculations (3,888 dets × 4,298 GTs). This will be slow!
  Computing AP for harbor: 3,888 dets, 4,298 GTs (16,710,624 IoU calculations)
    Using chunked batch IoU computation (GPU-accelerated) for harbor (16,710,624 calculations)
    Processing 3,888 detections in chunks of 1,163
  WARNING: large-vehicle has 84,582,000 IoU calculations (9,000 dets × 9,398 GTs). This will be slow!
  Computing AP for large-vehicle: 9,000 dets, 9,398 GTs (84,582,000 IoU calculations)
    Using chunked batch IoU computation (GPU-accelerated) for large-vehicle (84,582,000 calculations)
    Processing 9,000 detections in chunks of 532
  WARNING: plane has 21,175,956 IoU calculations (4,476 dets × 4,731 GTs). This will be slow!
  Computing AP for plane: 4,476 dets, 4,731 GTs (21,175,956 IoU calculations)
    Using chunked batch IoU computation (GPU-accelerated) for plane (21,175,956 calculations)
    Processing 4,476 detections in chunks of 1,056
  WARNING: ship has 328,366,878 IoU calculations (17,717 dets × 18,534 GTs). This will be slow!
  Computing AP for ship: 17,717 dets, 18,534 GTs (328,366,878 IoU calculations)
    Using chunked batch IoU computation (GPU-accelerated) for ship (328,366,878 calculations)
    Processing 17,717 detections in chunks of 269
  WARNING: small-vehicle has 107,403,149 IoU calculations (9,457 dets × 11,357 GTs). This will be slow!
  Computing AP for small-vehicle: 9,457 dets, 11,357 GTs (107,403,149 IoU calculations)
    Using chunked batch IoU computation (GPU-accelerated) for small-vehicle (107,403,149 calculations)
    Processing 9,457 detections in chunks of 440
  WARNING: storage-tank has 18,418,491 IoU calculations (3,661 dets × 5,031 GTs). This will be slow!
  Computing AP for storage-tank: 3,661 dets, 5,031 GTs (18,418,491 IoU calculations)
    Using chunked batch IoU computation (GPU-accelerated) for storage-tank (18,418,491 calculations)
    Processing 3,661 detections in chunks of 993
  Computing AP for swimming-pool: 581 dets, 693 GTs (402,633 IoU calculations)
  Computing AP for tennis-court: 1,505 dets, 1,529 GTs (2,301,145 IoU calculations)
  mAP computation completed in 23m 25s. mAP: 0.8244
Validation Metrics:
--------------------------------------------------
  Eval thresholds (mAP / matching): score≥0.3000, IoU≥0.50
  Avg Detections per Image (score≥0.3000): 14.96  ↑0.06
  Avg Detections per Image (score≥0.5): 7.53  ↑0.12
  Max detection score: 0.922
  Mean detection score: 0.412
  Time per Step: 0.1653  ↑0.0009
  Accuracy: 0.9535 (95.35%)
  Correct Predictions: 49812/52242 (matched detections)
  Ground Truth objects: 57768
  GT covered pre-eval-threshold: 55409/57768
  GT covered post-eval-threshold: 49829/57768
  GT lost by eval-threshold filtering: 5580
  GT cover rate pre-eval-threshold: 95.92%
  GT cover rate post-eval-threshold: 86.26%
  GT IoU vs raw dets (eval IoU threshold=0.50; per-GT max IoU over all dets / over same-class dets):
    mean best IoU (any class): 0.7877, median: 0.8178
    mean best IoU (correct class): 0.7855, median: 0.8176
    per-class mean best IoU (raw detections):
      | class              | gts | mean_any | mean_same | med_same |
      |--------------------|-----:|----------:|-----------:|----------:|
      | baseball-diamond   | 364 |   0.8124 |    0.8124 |   0.8339 |
      | basketball-court   | 278 |   0.8947 |    0.8946 |   0.9048 |
      | bridge             | 666 |   0.7182 |    0.7181 |   0.7621 |
      | ground-track-field | 216 |   0.7510 |    0.6854 |   0.8333 |
      | harbor             | 4298 |   0.7534 |    0.7518 |   0.7910 |
      | helicopter         | 157 |   0.7867 |    0.7774 |   0.8194 |
      | large-vehicle      | 9398 |   0.8143 |    0.8093 |   0.8318 |
      | plane              | 4730 |   0.8355 |    0.8355 |   0.8747 |
      | roundabout         | 256 |   0.8270 |    0.8270 |   0.8629 |
      | ship               | 18534 |   0.7989 |    0.7984 |   0.8174 |
      | small-vehicle      | 11357 |   0.7512 |    0.7477 |   0.7789 |
      | soccer-ball-field  | 260 |   0.8482 |    0.8455 |   0.8944 |
      | storage-tank       | 5031 |   0.7361 |    0.7355 |   0.8151 |
      | swimming-pool      | 693 |   0.6959 |    0.6959 |   0.7268 |
      | tennis-court       | 1529 |   0.9111 |    0.9110 |   0.9241 |
      | global             | 57767 |   0.7877 |    0.7855 |   0.8176 |
    GTs with IoU≥thresh but no same-class hit (wrong-class / misaligned): 134
    GTs with no detection above IoU thresh (missed / poor loc): 2220
    GTs with 0% best IoU vs any detection (no spatial overlap): 223 (0.39% of GTs)
    histogram best IoU (any class) [0,0.25)/[0.25,0.5)/[0.5,0.75)/[0.75,1]: 960/1260/11665/43882
    histogram best IoU (correct class) [0,0.25)/[0.25,0.5)/[0.5,0.75)/[0.75,1]: 1133/1221/11635/43778
  Class-agnostic duplicate rate (post score thresh; IoU≥0.50 vs a higher-score box): micro=0.04% (19/52242 boxes), macro mean over images with detections=0.16% (3079 images)
  mAP: 0.8244  ↑0.0073 (82.44%)
  Per-Class AP:
    baseball-diamond: 0.9042  ↑0.0027 (90.42%)
    basketball-court: 0.9994  ↓0.0003 (99.94%)
    bridge: 0.7226  ↑0.0052 (72.26%)
    ground-track-field: 0.5447  ↑0.0001 (54.47%)
    harbor: 0.8001  ↑0.0014 (80.01%)
    helicopter: 0.8169  ↑0.0014 (81.69%)
    large-vehicle: 0.8981  ↑0.0012 (89.81%)
    plane: 0.9084  ↑0.0001 (90.84%)
    roundabout: 0.9033  ↑0.0892 (90.33%)
    ship: 0.9022  ↑0.0008 (90.22%)
    small-vehicle: 0.7122  ↑0.0012 (71.22%)
    soccer-ball-field: 0.9064  ↑0.0012 (90.64%)
    storage-tank: 0.7253  ↑0.0003 (72.53%)
    swimming-pool: 0.7135  ↑0.0048 (71.35%)
    tennis-court: 0.9091  ↑0.0001 (90.91%)
  Ground Truth Classes: 15 classes
  Predicted Classes: 15 classes
  Timing: 57m 6s this epoch (avg 37m 53s) | ETA ~3h 9m for 4 epoch(s) left, mAP every 4 epoch(s) and final mAP.

Epoch 33/36
--------------------------------------------------
Epoch 33/36 complete: 6846/6846 batches, loss: 0.9817
  Effective LR: ref=2.500e-04 (0=2.500e-04)
Validation complete: 1561 batches
Validation Metrics:
--------------------------------------------------
  Eval thresholds (mAP / matching): score≥0.3000, IoU≥0.50
  Avg Detections per Image (score≥0.3000): 15.01  ↑0.06
  Avg Detections per Image (score≥0.5): 7.65  ↑0.11
  Max detection score: 0.918
  Mean detection score: 0.421
  Time per Step: 0.1645  ↑0.0008
  Accuracy / GT cover: (skipped — computed on mAP epochs)
  Ground Truth objects: 57768
  mAP: (skipped)
  Ground Truth Classes: 15 classes
  Predicted Classes: 15 classes
  Timing: 31m 33s this epoch (avg 37m 41s) | ETA ~2h 30m for 3 epoch(s) left, mAP every 4 epoch(s) and final mAP.

Epoch 34/36
--------------------------------------------------
Epoch 34/36 complete: 6846/6846 batches, loss: 0.9775
  Effective LR: ref=2.500e-05 (0=2.500e-05)
Validation complete: 1561 batches
Validation Metrics:
--------------------------------------------------
  Eval thresholds (mAP / matching): score≥0.3000, IoU≥0.50
  Avg Detections per Image (score≥0.3000): 15.06  ↑0.05
  Avg Detections per Image (score≥0.5): 7.75  ↑0.10
  Max detection score: 0.922
  Mean detection score: 0.422
  Time per Step: 0.1638  ↑0.0008
  Accuracy / GT cover: (skipped — computed on mAP epochs)
  Ground Truth objects: 57768
  mAP: (skipped)
  Ground Truth Classes: 15 classes
  Predicted Classes: 15 classes
  Timing: 31m 32s this epoch (avg 37m 30s) | ETA ~1h 52m for 2 epoch(s) left, mAP every 4 epoch(s) and final mAP.

Epoch 35/36
--------------------------------------------------
Epoch 35/36 complete: 6846/6846 batches, loss: 0.9735
  Effective LR: ref=2.500e-05 (0=2.500e-05)
Validation complete: 1561 batches
Validation Metrics:
--------------------------------------------------
  Eval thresholds (mAP / matching): score≥0.3000, IoU≥0.50
  Avg Detections per Image (score≥0.3000): 15.11  ↑0.05
  Avg Detections per Image (score≥0.5): 7.85  ↑0.10
  Max detection score: 0.924
  Mean detection score: 0.425
  Time per Step: 0.1630  ↑0.0007
  Accuracy / GT cover: (skipped — computed on mAP epochs)
  Ground Truth objects: 57768
  mAP: (skipped)
  Ground Truth Classes: 15 classes
  Predicted Classes: 15 classes
  Timing: 31m 33s this epoch (avg 37m 20s) | ETA ~1h 14m for 1 epoch(s) left, mAP every 4 epoch(s) and final mAP.

Epoch 36/36
--------------------------------------------------
Epoch 36/36 complete: 6846/6846 batches, loss: 0.9697
  Effective LR: ref=2.500e-05 (0=2.500e-05)

Computing mAP (periodic evaluation: every 4 epoch(s))...
Validation complete: 1561 batches

Computing mAP (this may take a while)...
  Eval filters: score≥0.3000, IoU≥0.50
  Images: 3,121
  Total detections (post score filter): 52,395 (16.8 per image)
  Total ground truths: 57,768 (18.5 per image)
  Warning: Large number of detections may slow down mAP computation
  Consider increasing evaluation.score_threshold (current: 0.3) for faster mAP matching
  Computing AP for baseball-diamond: 367 dets, 364 GTs (133,588 IoU calculations)
  Computing AP for bridge: 555 dets, 666 GTs (369,630 IoU calculations)
  WARNING: harbor has 17,080,252 IoU calculations (3,974 dets × 4,298 GTs). This will be slow!
  Computing AP for harbor: 3,974 dets, 4,298 GTs (17,080,252 IoU calculations)
    Using chunked batch IoU computation (GPU-accelerated) for harbor (17,080,252 calculations)
    Processing 3,974 detections in chunks of 1,163
  WARNING: large-vehicle has 83,567,016 IoU calculations (8,892 dets × 9,398 GTs). This will be slow!
  Computing AP for large-vehicle: 8,892 dets, 9,398 GTs (83,567,016 IoU calculations)
    Using chunked batch IoU computation (GPU-accelerated) for large-vehicle (83,567,016 calculations)
    Processing 8,892 detections in chunks of 532
  WARNING: plane has 21,157,032 IoU calculations (4,472 dets × 4,731 GTs). This will be slow!
  Computing AP for plane: 4,472 dets, 4,731 GTs (21,157,032 IoU calculations)
    Using chunked batch IoU computation (GPU-accelerated) for plane (21,157,032 calculations)
    Processing 4,472 detections in chunks of 1,056
  WARNING: ship has 332,666,766 IoU calculations (17,949 dets × 18,534 GTs). This will be slow!
  Computing AP for ship: 17,949 dets, 18,534 GTs (332,666,766 IoU calculations)
    Using chunked batch IoU computation (GPU-accelerated) for ship (332,666,766 calculations)
    Processing 17,949 detections in chunks of 269
  WARNING: small-vehicle has 106,244,735 IoU calculations (9,355 dets × 11,357 GTs). This will be slow!
  Computing AP for small-vehicle: 9,355 dets, 11,357 GTs (106,244,735 IoU calculations)
    Using chunked batch IoU computation (GPU-accelerated) for small-vehicle (106,244,735 calculations)
    Processing 9,355 detections in chunks of 440
  WARNING: storage-tank has 18,675,072 IoU calculations (3,712 dets × 5,031 GTs). This will be slow!
  Computing AP for storage-tank: 3,712 dets, 5,031 GTs (18,675,072 IoU calculations)
    Using chunked batch IoU computation (GPU-accelerated) for storage-tank (18,675,072 calculations)
    Processing 3,712 detections in chunks of 993
  Computing AP for swimming-pool: 581 dets, 693 GTs (402,633 IoU calculations)
  Computing AP for tennis-court: 1,504 dets, 1,529 GTs (2,299,616 IoU calculations)
  mAP computation completed in 23m 30s. mAP: 0.8248
Validation Metrics:
--------------------------------------------------
  Eval thresholds (mAP / matching): score≥0.3000, IoU≥0.50
  Avg Detections per Image (score≥0.3000): 15.16  ↑0.05
  Avg Detections per Image (score≥0.5): 7.95  ↑0.10
  Max detection score: 0.924
  Mean detection score: 0.427
  Time per Step: 0.1624  ↑0.0007
  Accuracy: 0.9554 (95.54%)
  Correct Predictions: 50056/52395 (matched detections)
  Ground Truth objects: 57768
  GT covered pre-eval-threshold: 55513/57768
  GT covered post-eval-threshold: 50074/57768
  GT lost by eval-threshold filtering: 5439
  GT cover rate pre-eval-threshold: 96.10%
  GT cover rate post-eval-threshold: 86.68%
  GT IoU vs raw dets (eval IoU threshold=0.50; per-GT max IoU over all dets / over same-class dets):
    mean best IoU (any class): 0.7919, median: 0.8217
    mean best IoU (correct class): 0.7899, median: 0.8215
    per-class mean best IoU (raw detections):
      | class              | gts | mean_any | mean_same | med_same |
      |--------------------|-----:|----------:|-----------:|----------:|
      | baseball-diamond   | 364 |   0.8142 |    0.8142 |   0.8335 |
      | basketball-court   | 278 |   0.8995 |    0.8995 |   0.9099 |
      | bridge             | 666 |   0.7253 |    0.7252 |   0.7698 |
      | ground-track-field | 216 |   0.7446 |    0.6895 |   0.8347 |
      | harbor             | 4298 |   0.7604 |    0.7589 |   0.7979 |
      | helicopter         | 157 |   0.7948 |    0.7858 |   0.8307 |
      | large-vehicle      | 9398 |   0.8182 |    0.8129 |   0.8366 |
      | plane              | 4731 |   0.8391 |    0.8391 |   0.8781 |
      | roundabout         | 256 |   0.8292 |    0.8292 |   0.8700 |
      | ship               | 18534 |   0.8027 |    0.8022 |   0.8203 |
      | small-vehicle      | 11357 |   0.7551 |    0.7522 |   0.7838 |
      | soccer-ball-field  | 260 |   0.8532 |    0.8445 |   0.8963 |
      | storage-tank       | 5031 |   0.7418 |    0.7414 |   0.8199 |
      | swimming-pool      | 693 |   0.7005 |    0.7005 |   0.7310 |
      | tennis-court       | 1529 |   0.9161 |    0.9160 |   0.9290 |
      | global             | 57768 |   0.7919 |    0.7899 |   0.8215 |
    GTs with IoU≥thresh but no same-class hit (wrong-class / misaligned): 128
    GTs with no detection above IoU thresh (missed / poor loc): 2125
    GTs with 0% best IoU vs any detection (no spatial overlap): 213 (0.37% of GTs)
    histogram best IoU (any class) [0,0.25)/[0.25,0.5)/[0.5,0.75)/[0.75,1]: 935/1190/11089/44554
    histogram best IoU (correct class) [0,0.25)/[0.25,0.5)/[0.5,0.75)/[0.75,1]: 1095/1158/11058/44457
  Class-agnostic duplicate rate (post score thresh; IoU≥0.50 vs a higher-score box): micro=0.03% (18/52395 boxes), macro mean over images with detections=0.15% (3081 images)
  mAP: 0.8248  ↑0.0004 (82.48%)
  Per-Class AP:
    baseball-diamond: 0.9045  ↑0.0003 (90.45%)
    basketball-court: 0.9994  →0.0000 (99.94%)
    bridge: 0.7209  ↓0.0017 (72.09%)
    ground-track-field: 0.5447  ↓0.0000 (54.47%)
    harbor: 0.8024  ↑0.0024 (80.24%)
    helicopter: 0.8175  ↑0.0007 (81.75%)
    large-vehicle: 0.8998  ↑0.0018 (89.98%)
    plane: 0.9085  ↑0.0001 (90.85%)
    roundabout: 0.9043  ↑0.0010 (90.43%)
    ship: 0.9021  ↓0.0000 (90.21%)
    small-vehicle: 0.7126  ↑0.0004 (71.26%)
    soccer-ball-field: 0.9068  ↑0.0003 (90.68%)
    storage-tank: 0.7253  ↑0.0000 (72.53%)
    swimming-pool: 0.7143  ↑0.0008 (71.43%)
    tennis-court: 0.9091  →0.0000 (90.91%)
  Ground Truth Classes: 15 classes
  Predicted Classes: 15 classes
  Timing: 57m 30s this epoch (avg 37m 54s) | ETA ~37m 54s for final mAP on best checkpoint.

Computing final mAP using best checkpoint...
  Final mAP IoU backend: exact CPU polygon
Validation complete: 1561 batches

Computing mAP (this may take a while)...
  Eval filters: score≥0.3000, IoU≥0.50
  Images: 3,121
  Total detections (post score filter): 52,395 (16.8 per image)
  Total ground truths: 57,768 (18.5 per image)
  Warning: Large number of detections may slow down mAP computation
  Consider increasing evaluation.score_threshold (current: 0.3) for faster mAP matching
mAP: exact rotated IoU on CPU (backend='shapely'; GPU sampling IoU disabled)
  Computing AP for baseball-diamond: 367 dets, 364 GTs (133,588 IoU calculations)
  Computing AP for bridge: 555 dets, 666 GTs (369,630 IoU calculations)
  WARNING: harbor has 17,080,252 IoU calculations (3,974 dets × 4,298 GTs). This will be slow!
  Computing AP for harbor: 3,974 dets, 4,298 GTs (17,080,252 IoU calculations)
    Using chunked batch IoU computation (CPU exact (shapely)) for harbor (17,080,252 calculations)
    Processing 3,974 detections in chunks of 1,163
  WARNING: large-vehicle has 83,567,016 IoU calculations (8,892 dets × 9,398 GTs). This will be slow!
  Computing AP for large-vehicle: 8,892 dets, 9,398 GTs (83,567,016 IoU calculations)
    Using chunked batch IoU computation (CPU exact (shapely)) for large-vehicle (83,567,016 calculations)
    Processing 8,892 detections in chunks of 532
  WARNING: plane has 21,157,032 IoU calculations (4,472 dets × 4,731 GTs). This will be slow!
  Computing AP for plane: 4,472 dets, 4,731 GTs (21,157,032 IoU calculations)
    Using chunked batch IoU computation (CPU exact (shapely)) for plane (21,157,032 calculations)
    Processing 4,472 detections in chunks of 1,056
  WARNING: ship has 332,666,766 IoU calculations (17,949 dets × 18,534 GTs). This will be slow!
  Computing AP for ship: 17,949 dets, 18,534 GTs (332,666,766 IoU calculations)
    Using chunked batch IoU computation (CPU exact (shapely)) for ship (332,666,766 calculations)
    Processing 17,949 detections in chunks of 269
  WARNING: small-vehicle has 106,244,735 IoU calculations (9,355 dets × 11,357 GTs). This will be slow!
  Computing AP for small-vehicle: 9,355 dets, 11,357 GTs (106,244,735 IoU calculations)
    Using chunked batch IoU computation (CPU exact (shapely)) for small-vehicle (106,244,735 calculations)
    Processing 9,355 detections in chunks of 440
  WARNING: storage-tank has 18,675,072 IoU calculations (3,712 dets × 5,031 GTs). This will be slow!
  Computing AP for storage-tank: 3,712 dets, 5,031 GTs (18,675,072 IoU calculations)
    Using chunked batch IoU computation (CPU exact (shapely)) for storage-tank (18,675,072 calculations)
    Processing 3,712 detections in chunks of 993
  Computing AP for swimming-pool: 581 dets, 693 GTs (402,633 IoU calculations)
  Computing AP for tennis-court: 1,504 dets, 1,529 GTs (2,299,616 IoU calculations)
  mAP computation completed in 15m 10s. mAP: 0.8249
Validation Metrics:
--------------------------------------------------
  Eval thresholds (mAP / matching): score≥0.3000, IoU≥0.50
  Avg Detections per Image (score≥0.3000): 15.20
  Avg Detections per Image (score≥0.5): 8.05
  Max detection score: 0.924
  Mean detection score: 0.427
  Time per Step: 0.1617
  Accuracy: 0.9557 (95.57%)
  Correct Predictions: 50075/52395 (matched detections)
  Ground Truth objects: 57768
  GT covered pre-eval-threshold: 55578/57768
  GT covered post-eval-threshold: 50093/57768
  GT lost by eval-threshold filtering: 5485
  GT cover rate pre-eval-threshold: 96.21%
  GT cover rate post-eval-threshold: 86.71%
  GT IoU vs raw dets (eval IoU threshold=0.50; per-GT max IoU over all dets / over same-class dets):
    mean best IoU (any class): 0.8104, median: 0.8418
    mean best IoU (correct class): 0.8084, median: 0.8416
    per-class mean best IoU (raw detections):
      | class              | gts | mean_any | mean_same | med_same |
      |--------------------|-----:|----------:|-----------:|----------:|
      | baseball-diamond   | 364 |   0.8381 |    0.8381 |   0.8601 |
      | basketball-court   | 278 |   0.9199 |    0.9199 |   0.9336 |
      | bridge             | 666 |   0.7452 |    0.7451 |   0.7941 |
      | ground-track-field | 216 |   0.7601 |    0.7050 |   0.8524 |
      | harbor             | 4298 |   0.7772 |    0.7756 |   0.8176 |
      | helicopter         | 157 |   0.8180 |    0.8088 |   0.8539 |
      | large-vehicle      | 9398 |   0.8366 |    0.8311 |   0.8560 |
      | plane              | 4731 |   0.8626 |    0.8626 |   0.9035 |
      | roundabout         | 256 |   0.8546 |    0.8546 |   0.9000 |
      | ship               | 18534 |   0.8213 |    0.8208 |   0.8400 |
      | small-vehicle      | 11357 |   0.7716 |    0.7687 |   0.8018 |
      | soccer-ball-field  | 260 |   0.8739 |    0.8651 |   0.9260 |
      | storage-tank       | 5031 |   0.7600 |    0.7597 |   0.8418 |
      | swimming-pool      | 693 |   0.7200 |    0.7200 |   0.7542 |
      | tennis-court       | 1529 |   0.9342 |    0.9341 |   0.9510 |
      | global             | 57768 |   0.8104 |    0.8084 |   0.8416 |
    GTs with IoU≥thresh but no same-class hit (wrong-class / misaligned): 129
    GTs with no detection above IoU thresh (missed / poor loc): 2059
    GTs with 0% best IoU vs any detection (no spatial overlap): 212 (0.37% of GTs)
    histogram best IoU (any class) [0,0.25)/[0.25,0.5)/[0.5,0.75)/[0.75,1]: 935/1124/9068/46641
    histogram best IoU (correct class) [0,0.25)/[0.25,0.5)/[0.5,0.75)/[0.75,1]: 1095/1093/9041/46539
  Class-agnostic duplicate rate (post score thresh; IoU≥0.50 vs a higher-score box): micro=0.03% (18/52395 boxes), macro mean over images with detections=0.15% (3081 images)
  mAP: 0.8249 (82.49%)
  Per-Class AP:
    baseball-diamond: 0.9045 (90.45%)
    basketball-court: 0.9994 (99.94%)
    bridge: 0.7209 (72.09%)
    ground-track-field: 0.5447 (54.47%)
    harbor: 0.8028 (80.28%)
    helicopter: 0.8175 (81.75%)
    large-vehicle: 0.8998 (89.98%)
    plane: 0.9085 (90.85%)
    roundabout: 0.9043 (90.43%)
    ship: 0.9022 (90.22%)
    small-vehicle: 0.7128 (71.28%)
    soccer-ball-field: 0.9068 (90.68%)
    storage-tank: 0.7254 (72.54%)
    swimming-pool: 0.7143 (71.43%)
    tennis-court: 0.9091 (90.91%)
  Ground Truth Classes: 15 classes
  Predicted Classes: 15 classes

================================================================================
Training timing summary
================================================================================
  Started:   2026-08-31T05:27:35+00:00
  Finished:  2026-09-01T04:32:02+00:00
  Total wall: 23h 4m (83067.3 s)
  Epochs:    36 completed (mean 37m 54s, min 31m 11s, max 57m 30s)
================================================================================

================================================================================
Training completed successfully!
================================================================================
Experiment directory: /home/jeffaudi/oriented-det/runs/rotated_fcos/20260831-052647
  Checkpoints saved to: /home/jeffaudi/oriented-det/runs/rotated_fcos/20260831-052647/checkpoints
  TensorBoard logs saved to: /home/jeffaudi/oriented-det/runs/rotated_fcos/20260831-052647
  Config saved to: /home/jeffaudi/oriented-det/runs/rotated_fcos/20260831-052647/config.json

View TensorBoard with:
  tensorboard --logdir /home/jeffaudi/oriented-det/runs/rotated_fcos
  tensorboard --logdir /home/jeffaudi/oriented-det/runs/rotated_fcos/20260831-052647
