Loading configuration from: configs/rotated_fcos/hrsc2016_le90_3x.json
Training log file: /home/jeffaudi/oriented-det/runs/rotated_fcos/20260831-020019/train.log
================================================================================
ROTATED_FCOS Training
================================================================================
Source git: v0.2.0-dirty (dirty working tree)
Source branch: main
Source commit date: 2026-08-25T05:26:03+00:00
Package: oriented-det 0.1.0
PyTorch Version: 2.3.0+cu121
CUDA Available: True
MPS (Apple Silicon) Available: False
CUDA Device: NVIDIA L4
Mixed Precision (AMP): False

Loading datasets...

Using HRSC2016 dataset: /path/to/data/HRSC2016 (train ImageSets=trainval, val ImageSets=test)
HRSC2016 filter_empty_gt:
  train: filter_empty_gt dropped 0 / 617 images (617 kept)
  val: filter_empty_gt dropped 15 / 453 images (438 kept)

Found 1 classes:
  0: ship

Number of classes (foreground): 1
Class mapping: {'ship': 1}

Analyzing class distribution in training set...

================================================================================
Class Distribution Analysis - Training Set
================================================================================
Total objects: 1,748
Total classes: 1

Class Name           Count        Percentage  
--------------------------------------------------------------------------------
ship                      1,748      100.00%
--------------------------------------------------------------------------------

Imbalance Ratio (max/min): 1.00x
Most frequent class: ship (1,748 instances)
Least frequent class: ship (1,748 instances)

Class weighting disabled (loss_type=focal)

Loss configuration: focal
  Focal Loss Alpha: 0.25
  Focal Loss Gamma: 2.0


Training configuration created:
  Model type: rotated_fcos
  Experiment timestamp: 20260831-020019
  Number of classes: 1
  Batch size: 2
  Learning rate: 0.0025
  Epochs: 36

Creating collate functions...
  - Training: no Albumentations augmentation (flips: horizontal, vertical, diagonal; rotate p=0.5 ±20°)
  - Validation: no augmentation

Creating data loaders...
Training samples: 617
Validation samples: 438
Batches per epoch: 309

Creating model...
Using device: cuda

Complete ROTATED_FCOS model created:
  Backbone: resnet50
  Number of classes: 1 (foreground)
  Pretrained backbone: True
  Trainable backbone layers: 3 (last 3 stages) (frozen_stages=1)
  Anchor scales: [8, 16, 32]
  Anchor ratios: [0.5, 1.0, 2.0]
  FPN strides: [8, 16, 32, 64, 128]
  FPN levels: 5 (P3, P4, P5, P6, P7)
  ROI Loss Type: focal

  Total parameters: 36,191,181
  Trainable parameters: 35,968,781

Configuration saved to: /home/jeffaudi/oriented-det/runs/rotated_fcos/20260831-020019/config.json

Learning rate warmup enabled: 500 optimizer steps
  Warmup: 0 → 0.0025 over 500 steps
  After warmup: MultiStepLR at epochs [24, 33], gammas=[0.1, 0.5]

Experiment directory: /home/jeffaudi/oriented-det/runs/rotated_fcos/20260831-020019
TensorBoard logging enabled. Logs saved to: /home/jeffaudi/oriented-det/runs/rotated_fcos/20260831-020019
View logs with: tensorboard --logdir /home/jeffaudi/oriented-det/runs/rotated_fcos
View this experiment with: tensorboard --logdir /home/jeffaudi/oriented-det/runs/rotated_fcos/20260831-020019

Training configuration:
  Epochs: 36
  Learning rate: 0.002500
  Batch size per GPU: 2
  Gradient accumulation: 1
  Best checkpoint metric: mAP (higher_is_better=True)
  Effective batch size: 2
  Mixed precision: False
  Eval (mAP / val matching): score_threshold=0.05, iou_threshold=0.5 (production.score_threshold overrides evaluation when set)
  Eval IoU backend (mAP / GT cover): GPU sampling (approx)
  Eval IoU backend (final mAP): GPU sampling (approx)

Starting training from scratch (no checkpoint loaded)

Starting epoch: 0

Profiling disabled

================================================================================
Starting training...
================================================================================
TensorBoard: tensorboard --logdir /home/jeffaudi/oriented-det/runs/rotated_fcos
================================================================================

Training started at: 2026-08-31T02:00:20+00:00

Epoch 1/36
--------------------------------------------------
/home/jeffaudi/.pyenv/versions/3.12.12/envs/oriented-det/lib/python3.12/site-packages/torch/nn/modules/conv.py:456: UserWarning: Plan failed with a cudnnException: CUDNN_BACKEND_EXECUTION_PLAN_DESCRIPTOR: cudnnFinalize Descriptor Failed cudnn_status: CUDNN_STATUS_NOT_SUPPORTED (Triggered internally at ../aten/src/ATen/native/cudnn/Conv_v8.cpp:919.)
  return F.conv2d(input, weight, bias, self.stride,
/home/jeffaudi/.pyenv/versions/3.12.12/envs/oriented-det/lib/python3.12/site-packages/torch/autograd/graph.py:744: UserWarning: Plan failed with a cudnnException: CUDNN_BACKEND_EXECUTION_PLAN_DESCRIPTOR: cudnnFinalize Descriptor Failed cudnn_status: CUDNN_STATUS_NOT_SUPPORTED (Triggered internally at ../aten/src/ATen/native/cudnn/Conv_v8.cpp:919.)
  return Variable._execution_engine.run_backward(  # Calls into the C++ engine to run the backward pass
Epoch 1/36 complete: 309/309 batches, loss: 1.9810
  Effective LR: ref=1.545e-03 (0=1.545e-03)
Validation complete: 219 batches
Validation Metrics:
--------------------------------------------------
  Eval thresholds (mAP / matching): score≥0.0500, IoU≥0.50
  Avg Detections per Image (score≥0.0500): 11.04
  Avg Detections per Image (score≥0.5): 0.00
  Max detection score: 0.274
  Mean detection score: 0.091
  Time per Step: 0.1545
  Accuracy / GT cover: (skipped — computed on mAP epochs)
  Ground Truth objects: 1228
  mAP: (skipped)
  Ground Truth Classes: 1 classes
    ship
  Predicted Classes: 1 classes
    ship
  Timing: 73.7s this epoch (avg 73.7s) | ETA ~42m 59s for 35 epoch(s) left, mAP every 4 epoch(s).

Epoch 2/36
--------------------------------------------------
Epoch 2/36 complete: 309/309 batches, loss: 1.8742
  Effective LR: ref=2.500e-03 (0=2.500e-03)
Validation complete: 219 batches
Validation Metrics:
--------------------------------------------------
  Eval thresholds (mAP / matching): score≥0.0500, IoU≥0.50
  Avg Detections per Image (score≥0.0500): 13.17  ↑2.14
  Avg Detections per Image (score≥0.5): 0.00  ↑0.00
  Max detection score: 0.534
  Mean detection score: 0.140
  Time per Step: 0.1559  ↓0.0014
  Accuracy / GT cover: (skipped — computed on mAP epochs)
  Ground Truth objects: 1228
  mAP: (skipped)
  Ground Truth Classes: 1 classes
    ship
  Predicted Classes: 1 classes
    ship
  Timing: 73.3s this epoch (avg 73.5s) | ETA ~41m 38s for 34 epoch(s) left, mAP every 4 epoch(s).

Epoch 3/36
--------------------------------------------------
Epoch 3/36 complete: 309/309 batches, loss: 1.8143
  Effective LR: ref=2.500e-03 (0=2.500e-03)
Validation complete: 219 batches
Validation Metrics:
--------------------------------------------------
  Eval thresholds (mAP / matching): score≥0.0500, IoU≥0.50
  Avg Detections per Image (score≥0.0500): 11.89  ↓1.29
  Avg Detections per Image (score≥0.5): 0.08  ↑0.08
  Max detection score: 0.629
  Mean detection score: 0.190
  Time per Step: 0.1366  ↑0.0193
  Accuracy / GT cover: (skipped — computed on mAP epochs)
  Ground Truth objects: 1228
  mAP: (skipped)
  Ground Truth Classes: 1 classes
    ship
  Predicted Classes: 1 classes
    ship
  Timing: 60.4s this epoch (avg 69.1s) | ETA ~38m 1s for 33 epoch(s) left, mAP every 4 epoch(s).

Epoch 4/36
--------------------------------------------------
Epoch 4/36 complete: 309/309 batches, loss: 1.7607
  Effective LR: ref=2.500e-03 (0=2.500e-03)

Computing mAP (periodic evaluation: every 4 epoch(s))...
Validation complete: 219 batches

Computing mAP (this may take a while)...
  Eval filters: score≥0.0500, IoU≥0.50
  Images: 438
  Total detections (post score filter): 2,093 (4.8 per image)
  Total ground truths: 1,228 (2.8 per image)
  mAP computation completed in 0.9s. mAP: 0.0026
Validation Metrics:
--------------------------------------------------
  Eval thresholds (mAP / matching): score≥0.0500, IoU≥0.50
  Avg Detections per Image (score≥0.0500): 10.11  ↓1.78
  Avg Detections per Image (score≥0.5): 0.06  ↓0.02
  Max detection score: 0.425
  Mean detection score: 0.154
  Time per Step: 0.1201  ↑0.0165
  Accuracy: 0.0139 (1.39%)
  Correct Predictions: 29/2093 (matched detections)
  Ground Truth objects: 1228
  GT covered pre-eval-threshold: 29/1228
  GT covered post-eval-threshold: 29/1228
  GT lost by eval-threshold filtering: 0
  GT cover rate pre-eval-threshold: 2.36%
  GT cover rate post-eval-threshold: 2.36%
  GT IoU vs raw dets (eval IoU threshold=0.50; per-GT max IoU over all dets / over same-class dets):
    mean best IoU (any class): 0.3025, median: 0.3042
    mean best IoU (correct class): 0.3025, median: 0.3042
    per-class mean best IoU (raw detections):
      | class | gts | mean_any | mean_same | med_same |
      |-------|-----:|----------:|-----------:|----------:|
      | ship  | 1228 |   0.3025 |    0.3025 |   0.3042 |
      | global | 1228 |   0.3025 |    0.3025 |   0.3042 |
    GTs with IoU≥thresh but no same-class hit (wrong-class / misaligned): 0
    GTs with no detection above IoU thresh (missed / poor loc): 1199
    GTs with 0% best IoU vs any detection (no spatial overlap): 18 (1.47% of GTs)
    histogram best IoU (any class) [0,0.25)/[0.25,0.5)/[0.5,0.75)/[0.75,1]: 365/834/29/0
    histogram best IoU (correct class) [0,0.25)/[0.25,0.5)/[0.5,0.75)/[0.75,1]: 365/834/29/0
  Class-agnostic duplicate rate (post score thresh; IoU≥0.50 vs a higher-score box): micro=0.00% (0/2093 boxes), macro mean over images with detections=0.00% (438 images)
  mAP: 0.0026 (0.26%)
  Per-Class AP:
    ship: 0.0026 (0.26%)
  Ground Truth Classes: 1 classes
    ship
  Predicted Classes: 1 classes
    ship
  Timing: 62.4s this epoch (avg 67.4s) | ETA ~35m 58s for 32 epoch(s) left, mAP every 4 epoch(s).

Epoch 5/36
--------------------------------------------------
Epoch 5/36 complete: 309/309 batches, loss: 1.7122
  Effective LR: ref=2.500e-03 (0=2.500e-03)
Validation complete: 219 batches
Validation Metrics:
--------------------------------------------------
  Eval thresholds (mAP / matching): score≥0.0500, IoU≥0.50
  Avg Detections per Image (score≥0.0500): 9.47  ↓0.64
  Avg Detections per Image (score≥0.5): 0.05  ↓0.00
  Max detection score: 0.655
  Mean detection score: 0.190
  Time per Step: 0.1105  ↑0.0095
  Accuracy / GT cover: (skipped — computed on mAP epochs)
  Ground Truth objects: 1228
  mAP: (skipped)
  Ground Truth Classes: 1 classes
    ship
  Predicted Classes: 1 classes
    ship
  Timing: 54.8s this epoch (avg 64.9s) | ETA ~33m 32s for 31 epoch(s) left, mAP every 4 epoch(s).

Epoch 6/36
--------------------------------------------------
Epoch 6/36 complete: 309/309 batches, loss: 1.6666
  Effective LR: ref=2.500e-03 (0=2.500e-03)
Validation complete: 219 batches
Validation Metrics:
--------------------------------------------------
  Eval thresholds (mAP / matching): score≥0.0500, IoU≥0.50
  Avg Detections per Image (score≥0.0500): 8.99  ↓0.48
  Avg Detections per Image (score≥0.5): 0.07  ↑0.02
  Max detection score: 0.640
  Mean detection score: 0.205
  Time per Step: 0.1046  ↑0.0060
  Accuracy / GT cover: (skipped — computed on mAP epochs)
  Ground Truth objects: 1228
  mAP: (skipped)
  Ground Truth Classes: 1 classes
    ship
  Predicted Classes: 1 classes
    ship
  Timing: 55.5s this epoch (avg 63.3s) | ETA ~31m 40s for 30 epoch(s) left, mAP every 4 epoch(s).

Epoch 7/36
--------------------------------------------------
Epoch 7/36 complete: 309/309 batches, loss: 1.6267
  Effective LR: ref=2.500e-03 (0=2.500e-03)
Validation complete: 219 batches
Validation Metrics:
--------------------------------------------------
  Eval thresholds (mAP / matching): score≥0.0500, IoU≥0.50
  Avg Detections per Image (score≥0.0500): 8.60  ↓0.39
  Avg Detections per Image (score≥0.5): 0.06  ↓0.01
  Max detection score: 0.464
  Mean detection score: 0.144
  Time per Step: 0.0992  ↑0.0053
  Accuracy / GT cover: (skipped — computed on mAP epochs)
  Ground Truth objects: 1228
  mAP: (skipped)
  Ground Truth Classes: 1 classes
    ship
  Predicted Classes: 1 classes
    ship
  Timing: 53.9s this epoch (avg 62.0s) | ETA ~29m 58s for 29 epoch(s) left, mAP every 4 epoch(s).

Epoch 8/36
--------------------------------------------------
Epoch 8/36 complete: 309/309 batches, loss: 1.6027
  Effective LR: ref=2.500e-03 (0=2.500e-03)

Computing mAP (periodic evaluation: every 4 epoch(s))...
Validation complete: 219 batches

Computing mAP (this may take a while)...
  Eval filters: score≥0.0500, IoU≥0.50
  Images: 438
  Total detections (post score filter): 2,276 (5.2 per image)
  Total ground truths: 1,228 (2.8 per image)
  mAP computation completed in 0.7s. mAP: 0.2675
Validation Metrics:
--------------------------------------------------
  Eval thresholds (mAP / matching): score≥0.0500, IoU≥0.50
  Avg Detections per Image (score≥0.0500): 8.17  ↓0.43
  Avg Detections per Image (score≥0.5): 0.12  ↑0.06
  Max detection score: 0.727
  Mean detection score: 0.264
  Time per Step: 0.0957  ↑0.0036
  Accuracy: 0.2236 (22.36%)
  Correct Predictions: 509/2276 (matched detections)
  Ground Truth objects: 1228
  GT covered pre-eval-threshold: 509/1228
  GT covered post-eval-threshold: 509/1228
  GT lost by eval-threshold filtering: 0
  GT cover rate pre-eval-threshold: 41.45%
  GT cover rate post-eval-threshold: 41.45%
  GT IoU vs raw dets (eval IoU threshold=0.50; per-GT max IoU over all dets / over same-class dets):
    mean best IoU (any class): 0.4648, median: 0.4801
    mean best IoU (correct class): 0.4648, median: 0.4801
    per-class mean best IoU (raw detections):
      | class | gts | mean_any | mean_same | med_same |
      |-------|-----:|----------:|-----------:|----------:|
      | ship  | 1228 |   0.4648 |    0.4648 |   0.4801 |
      | global | 1228 |   0.4648 |    0.4648 |   0.4801 |
    GTs with IoU≥thresh but no same-class hit (wrong-class / misaligned): 0
    GTs with no detection above IoU thresh (missed / poor loc): 719
    GTs with 0% best IoU vs any detection (no spatial overlap): 3 (0.24% of GTs)
    histogram best IoU (any class) [0,0.25)/[0.25,0.5)/[0.5,0.75)/[0.75,1]: 92/627/496/13
    histogram best IoU (correct class) [0,0.25)/[0.25,0.5)/[0.5,0.75)/[0.75,1]: 92/627/496/13
  Class-agnostic duplicate rate (post score thresh; IoU≥0.50 vs a higher-score box): micro=0.00% (0/2276 boxes), macro mean over images with detections=0.00% (438 images)
  mAP: 0.2675  ↑0.2649 (26.75%)
  Per-Class AP:
    ship: 0.2675  ↑0.2649 (26.75%)
  Ground Truth Classes: 1 classes
    ship
  Predicted Classes: 1 classes
    ship
  Timing: 62.7s this epoch (avg 62.1s) | ETA ~28m 58s for 28 epoch(s) left, mAP every 4 epoch(s).

Epoch 9/36
--------------------------------------------------
Epoch 9/36 complete: 309/309 batches, loss: 1.5704
  Effective LR: ref=2.500e-03 (0=2.500e-03)
Validation complete: 219 batches
Validation Metrics:
--------------------------------------------------
  Eval thresholds (mAP / matching): score≥0.0500, IoU≥0.50
  Avg Detections per Image (score≥0.0500): 7.85  ↓0.33
  Avg Detections per Image (score≥0.5): 0.16  ↑0.04
  Max detection score: 0.687
  Mean detection score: 0.268
  Time per Step: 0.0931  ↑0.0026
  Accuracy / GT cover: (skipped — computed on mAP epochs)
  Ground Truth objects: 1228
  mAP: (skipped)
  Ground Truth Classes: 1 classes
    ship
  Predicted Classes: 1 classes
    ship
  Timing: 54.9s this epoch (avg 61.3s) | ETA ~27m 34s for 27 epoch(s) left, mAP every 4 epoch(s).

Epoch 10/36
--------------------------------------------------
Epoch 10/36 complete: 309/309 batches, loss: 1.5418
  Effective LR: ref=2.500e-03 (0=2.500e-03)
Validation complete: 219 batches
Validation Metrics:
--------------------------------------------------
  Eval thresholds (mAP / matching): score≥0.0500, IoU≥0.50
  Avg Detections per Image (score≥0.0500): 7.70  ↓0.14
  Avg Detections per Image (score≥0.5): 0.20  ↑0.04
  Max detection score: 0.700
  Mean detection score: 0.242
  Time per Step: 0.0906  ↑0.0025
  Accuracy / GT cover: (skipped — computed on mAP epochs)
  Ground Truth objects: 1228
  mAP: (skipped)
  Ground Truth Classes: 1 classes
    ship
  Predicted Classes: 1 classes
    ship
  Timing: 54.2s this epoch (avg 60.6s) | ETA ~26m 15s for 26 epoch(s) left, mAP every 4 epoch(s).

Epoch 11/36
--------------------------------------------------
Epoch 11/36 complete: 309/309 batches, loss: 1.5170
  Effective LR: ref=2.500e-03 (0=2.500e-03)
Validation complete: 219 batches
Validation Metrics:
--------------------------------------------------
  Eval thresholds (mAP / matching): score≥0.0500, IoU≥0.50
  Avg Detections per Image (score≥0.0500): 7.43  ↓0.27
  Avg Detections per Image (score≥0.5): 0.23  ↑0.03
  Max detection score: 0.700
  Mean detection score: 0.285
  Time per Step: 0.0887  ↑0.0020
  Accuracy / GT cover: (skipped — computed on mAP epochs)
  Ground Truth objects: 1228
  mAP: (skipped)
  Ground Truth Classes: 1 classes
    ship
  Predicted Classes: 1 classes
    ship
  Timing: 54.0s this epoch (avg 60.0s) | ETA ~24m 59s for 25 epoch(s) left, mAP every 4 epoch(s).

Epoch 12/36
--------------------------------------------------
Epoch 12/36 complete: 309/309 batches, loss: 1.4945
  Effective LR: ref=2.500e-03 (0=2.500e-03)

Computing mAP (periodic evaluation: every 4 epoch(s))...
Validation complete: 219 batches

Computing mAP (this may take a while)...
  Eval filters: score≥0.0500, IoU≥0.50
  Images: 438
  Total detections (post score filter): 1,759 (4.0 per image)
  Total ground truths: 1,228 (2.8 per image)
  mAP computation completed in 0.6s. mAP: 0.4771
Validation Metrics:
--------------------------------------------------
  Eval thresholds (mAP / matching): score≥0.0500, IoU≥0.50
  Avg Detections per Image (score≥0.0500): 7.15  ↓0.28
  Avg Detections per Image (score≥0.5): 0.28  ↑0.05
  Max detection score: 0.720
  Mean detection score: 0.328
  Time per Step: 0.0870  ↑0.0017
  Accuracy: 0.4486 (44.86%)
  Correct Predictions: 789/1759 (matched detections)
  Ground Truth objects: 1228
  GT covered pre-eval-threshold: 789/1228
  GT covered post-eval-threshold: 789/1228
  GT lost by eval-threshold filtering: 0
  GT cover rate pre-eval-threshold: 64.25%
  GT cover rate post-eval-threshold: 64.25%
  GT IoU vs raw dets (eval IoU threshold=0.50; per-GT max IoU over all dets / over same-class dets):
    mean best IoU (any class): 0.5308, median: 0.5566
    mean best IoU (correct class): 0.5308, median: 0.5566
    per-class mean best IoU (raw detections):
      | class | gts | mean_any | mean_same | med_same |
      |-------|-----:|----------:|-----------:|----------:|
      | ship  | 1228 |   0.5308 |    0.5308 |   0.5566 |
      | global | 1228 |   0.5308 |    0.5308 |   0.5566 |
    GTs with IoU≥thresh but no same-class hit (wrong-class / misaligned): 0
    GTs with no detection above IoU thresh (missed / poor loc): 439
    GTs with 0% best IoU vs any detection (no spatial overlap): 12 (0.98% of GTs)
    histogram best IoU (any class) [0,0.25)/[0.25,0.5)/[0.5,0.75)/[0.75,1]: 78/361/731/58
    histogram best IoU (correct class) [0,0.25)/[0.25,0.5)/[0.5,0.75)/[0.75,1]: 78/361/731/58
  Class-agnostic duplicate rate (post score thresh; IoU≥0.50 vs a higher-score box): micro=0.00% (0/1759 boxes), macro mean over images with detections=0.00% (438 images)
  mAP: 0.4771  ↑0.2096 (47.71%)
  Per-Class AP:
    ship: 0.4771  ↑0.2096 (47.71%)
  Ground Truth Classes: 1 classes
    ship
  Predicted Classes: 1 classes
    ship
  Timing: 60.6s this epoch (avg 60.0s) | ETA ~24m 0s for 24 epoch(s) left, mAP every 4 epoch(s).

Epoch 13/36
--------------------------------------------------
Epoch 13/36 complete: 309/309 batches, loss: 1.4750
  Effective LR: ref=2.500e-03 (0=2.500e-03)
Validation complete: 219 batches
Validation Metrics:
--------------------------------------------------
  Eval thresholds (mAP / matching): score≥0.0500, IoU≥0.50
  Avg Detections per Image (score≥0.0500): 6.92  ↓0.22
  Avg Detections per Image (score≥0.5): 0.29  ↑0.01
  Max detection score: 0.714
  Mean detection score: 0.277
  Time per Step: 0.0854  ↑0.0016
  Accuracy / GT cover: (skipped — computed on mAP epochs)
  Ground Truth objects: 1228
  mAP: (skipped)
  Ground Truth Classes: 1 classes
    ship
  Predicted Classes: 1 classes
    ship
  Timing: 53.6s this epoch (avg 59.5s) | ETA ~22m 49s for 23 epoch(s) left, mAP every 4 epoch(s).

Epoch 14/36
--------------------------------------------------
Epoch 14/36 complete: 309/309 batches, loss: 1.4552
  Effective LR: ref=2.500e-03 (0=2.500e-03)
Validation complete: 219 batches
Validation Metrics:
--------------------------------------------------
  Eval thresholds (mAP / matching): score≥0.0500, IoU≥0.50
  Avg Detections per Image (score≥0.0500): 6.78  ↓0.15
  Avg Detections per Image (score≥0.5): 0.33  ↑0.04
  Max detection score: 0.760
  Mean detection score: 0.294
  Time per Step: 0.0841  ↑0.0013
  Accuracy / GT cover: (skipped — computed on mAP epochs)
  Ground Truth objects: 1228
  mAP: (skipped)
  Ground Truth Classes: 1 classes
    ship
  Predicted Classes: 1 classes
    ship
  Timing: 53.8s this epoch (avg 59.1s) | ETA ~21m 40s for 22 epoch(s) left, mAP every 4 epoch(s).

Epoch 15/36
--------------------------------------------------
Epoch 15/36 complete: 309/309 batches, loss: 1.4416
  Effective LR: ref=2.500e-03 (0=2.500e-03)
Validation complete: 219 batches
Validation Metrics:
--------------------------------------------------
  Eval thresholds (mAP / matching): score≥0.0500, IoU≥0.50
  Avg Detections per Image (score≥0.0500): 6.82  ↑0.04
  Avg Detections per Image (score≥0.5): 0.40  ↑0.07
  Max detection score: 0.779
  Mean detection score: 0.260
  Time per Step: 0.0831  ↑0.0010
  Accuracy / GT cover: (skipped — computed on mAP epochs)
  Ground Truth objects: 1228
  mAP: (skipped)
  Ground Truth Classes: 1 classes
    ship
  Predicted Classes: 1 classes
    ship
  Timing: 54.3s this epoch (avg 58.8s) | ETA ~20m 35s for 21 epoch(s) left, mAP every 4 epoch(s).

Epoch 16/36
--------------------------------------------------
Epoch 16/36 complete: 309/309 batches, loss: 1.4236
  Effective LR: ref=2.500e-03 (0=2.500e-03)

Computing mAP (periodic evaluation: every 4 epoch(s))...
Validation complete: 219 batches

Computing mAP (this may take a while)...
  Eval filters: score≥0.0500, IoU≥0.50
  Images: 438
  Total detections (post score filter): 1,738 (4.0 per image)
  Total ground truths: 1,228 (2.8 per image)
  mAP computation completed in 0.5s. mAP: 0.7409
Validation Metrics:
--------------------------------------------------
  Eval thresholds (mAP / matching): score≥0.0500, IoU≥0.50
  Avg Detections per Image (score≥0.0500): 6.64  ↓0.18
  Avg Detections per Image (score≥0.5): 0.47  ↑0.07
  Max detection score: 0.795
  Mean detection score: 0.397
  Time per Step: 0.0822  ↑0.0009
  Accuracy: 0.5949 (59.49%)
  Correct Predictions: 1034/1738 (matched detections)
  Ground Truth objects: 1228
  GT covered pre-eval-threshold: 1034/1228
  GT covered post-eval-threshold: 1034/1228
  GT lost by eval-threshold filtering: 0
  GT cover rate pre-eval-threshold: 84.20%
  GT cover rate post-eval-threshold: 84.20%
  GT IoU vs raw dets (eval IoU threshold=0.50; per-GT max IoU over all dets / over same-class dets):
    mean best IoU (any class): 0.6235, median: 0.6456
    mean best IoU (correct class): 0.6235, median: 0.6456
    per-class mean best IoU (raw detections):
      | class | gts | mean_any | mean_same | med_same |
      |-------|-----:|----------:|-----------:|----------:|
      | ship  | 1228 |   0.6235 |    0.6235 |   0.6456 |
      | global | 1228 |   0.6235 |    0.6235 |   0.6456 |
    GTs with IoU≥thresh but no same-class hit (wrong-class / misaligned): 0
    GTs with no detection above IoU thresh (missed / poor loc): 194
    GTs with 0% best IoU vs any detection (no spatial overlap): 2 (0.16% of GTs)
    histogram best IoU (any class) [0,0.25)/[0.25,0.5)/[0.5,0.75)/[0.75,1]: 43/151/815/219
    histogram best IoU (correct class) [0,0.25)/[0.25,0.5)/[0.5,0.75)/[0.75,1]: 43/151/815/219
  Class-agnostic duplicate rate (post score thresh; IoU≥0.50 vs a higher-score box): micro=0.00% (0/1738 boxes), macro mean over images with detections=0.00% (438 images)
  mAP: 0.7409  ↑0.2638 (74.09%)
  Per-Class AP:
    ship: 0.7409  ↑0.2638 (74.09%)
  Ground Truth Classes: 1 classes
    ship
  Predicted Classes: 1 classes
    ship
  Timing: 59.9s this epoch (avg 58.9s) | ETA ~19m 37s for 20 epoch(s) left, mAP every 4 epoch(s).

Epoch 17/36
--------------------------------------------------
Epoch 17/36 complete: 309/309 batches, loss: 1.4088
  Effective LR: ref=2.500e-03 (0=2.500e-03)
Validation complete: 219 batches
Validation Metrics:
--------------------------------------------------
  Eval thresholds (mAP / matching): score≥0.0500, IoU≥0.50
  Avg Detections per Image (score≥0.0500): 6.47  ↓0.17
  Avg Detections per Image (score≥0.5): 0.47  ↑0.00
  Max detection score: 0.663
  Mean detection score: 0.312
  Time per Step: 0.0813  ↑0.0009
  Accuracy / GT cover: (skipped — computed on mAP epochs)
  Ground Truth objects: 1228
  mAP: (skipped)
  Ground Truth Classes: 1 classes
    ship
  Predicted Classes: 1 classes
    ship
  Timing: 53.4s this epoch (avg 58.5s) | ETA ~18m 32s for 19 epoch(s) left, mAP every 4 epoch(s).

Epoch 18/36
--------------------------------------------------
Epoch 18/36 complete: 309/309 batches, loss: 1.3933
  Effective LR: ref=2.500e-03 (0=2.500e-03)
Validation complete: 219 batches
Validation Metrics:
--------------------------------------------------
  Eval thresholds (mAP / matching): score≥0.0500, IoU≥0.50
  Avg Detections per Image (score≥0.0500): 6.34  ↓0.13
  Avg Detections per Image (score≥0.5): 0.51  ↑0.03
  Max detection score: 0.756
  Mean detection score: 0.345
  Time per Step: 0.0805  ↑0.0008
  Accuracy / GT cover: (skipped — computed on mAP epochs)
  Ground Truth objects: 1228
  mAP: (skipped)
  Ground Truth Classes: 1 classes
    ship
  Predicted Classes: 1 classes
    ship
  Timing: 53.8s this epoch (avg 58.3s) | ETA ~17m 29s for 18 epoch(s) left, mAP every 4 epoch(s).

Epoch 19/36
--------------------------------------------------
Epoch 19/36 complete: 309/309 batches, loss: 1.3789
  Effective LR: ref=2.500e-03 (0=2.500e-03)
Validation complete: 219 batches
Validation Metrics:
--------------------------------------------------
  Eval thresholds (mAP / matching): score≥0.0500, IoU≥0.50
  Avg Detections per Image (score≥0.0500): 6.24  ↓0.10
  Avg Detections per Image (score≥0.5): 0.55  ↑0.04
  Max detection score: 0.773
  Mean detection score: 0.351
  Time per Step: 0.0798  ↑0.0007
  Accuracy / GT cover: (skipped — computed on mAP epochs)
  Ground Truth objects: 1228
  mAP: (skipped)
  Ground Truth Classes: 1 classes
    ship
  Predicted Classes: 1 classes
    ship
  Timing: 53.9s this epoch (avg 58.0s) | ETA ~16m 27s for 17 epoch(s) left, mAP every 4 epoch(s).

Epoch 20/36
--------------------------------------------------
Epoch 20/36 complete: 309/309 batches, loss: 1.3692
  Effective LR: ref=2.500e-03 (0=2.500e-03)

Computing mAP (periodic evaluation: every 4 epoch(s))...
Validation complete: 219 batches

Computing mAP (this may take a while)...
  Eval filters: score≥0.0500, IoU≥0.50
  Images: 438
  Total detections (post score filter): 1,863 (4.3 per image)
  Total ground truths: 1,228 (2.8 per image)
  mAP computation completed in 0.6s. mAP: 0.3744
Validation Metrics:
--------------------------------------------------
  Eval thresholds (mAP / matching): score≥0.0500, IoU≥0.50
  Avg Detections per Image (score≥0.0500): 6.14  ↓0.10
  Avg Detections per Image (score≥0.5): 0.58  ↑0.03
  Max detection score: 0.771
  Mean detection score: 0.338
  Time per Step: 0.0792  ↑0.0006
  Accuracy: 0.3435 (34.35%)
  Correct Predictions: 640/1863 (matched detections)
  Ground Truth objects: 1228
  GT covered pre-eval-threshold: 640/1228
  GT covered post-eval-threshold: 640/1228
  GT lost by eval-threshold filtering: 0
  GT cover rate pre-eval-threshold: 52.12%
  GT cover rate post-eval-threshold: 52.12%
  GT IoU vs raw dets (eval IoU threshold=0.50; per-GT max IoU over all dets / over same-class dets):
    mean best IoU (any class): 0.5104, median: 0.5158
    mean best IoU (correct class): 0.5104, median: 0.5158
    per-class mean best IoU (raw detections):
      | class | gts | mean_any | mean_same | med_same |
      |-------|-----:|----------:|-----------:|----------:|
      | ship  | 1228 |   0.5104 |    0.5104 |   0.5158 |
      | global | 1228 |   0.5104 |    0.5104 |   0.5158 |
    GTs with IoU≥thresh but no same-class hit (wrong-class / misaligned): 0
    GTs with no detection above IoU thresh (missed / poor loc): 588
    GTs with 0% best IoU vs any detection (no spatial overlap): 3 (0.24% of GTs)
    histogram best IoU (any class) [0,0.25)/[0.25,0.5)/[0.5,0.75)/[0.75,1]: 105/483/499/141
    histogram best IoU (correct class) [0,0.25)/[0.25,0.5)/[0.5,0.75)/[0.75,1]: 105/483/499/141
  Class-agnostic duplicate rate (post score thresh; IoU≥0.50 vs a higher-score box): micro=0.00% (0/1863 boxes), macro mean over images with detections=0.00% (438 images)
  mAP: 0.3744  ↓0.3665 (37.44%)
  Per-Class AP:
    ship: 0.3744  ↓0.3665 (37.44%)
  Ground Truth Classes: 1 classes
    ship
  Predicted Classes: 1 classes
    ship
  Timing: 59.9s this epoch (avg 58.1s) | ETA ~15m 30s for 16 epoch(s) left, mAP every 4 epoch(s).

Epoch 21/36
--------------------------------------------------
Epoch 21/36 complete: 309/309 batches, loss: 1.3574
  Effective LR: ref=2.500e-03 (0=2.500e-03)
Validation complete: 219 batches
Validation Metrics:
--------------------------------------------------
  Eval thresholds (mAP / matching): score≥0.0500, IoU≥0.50
  Avg Detections per Image (score≥0.0500): 6.03  ↓0.12
  Avg Detections per Image (score≥0.5): 0.60  ↑0.02
  Max detection score: 0.737
  Mean detection score: 0.357
  Time per Step: 0.0786  ↑0.0006
  Accuracy / GT cover: (skipped — computed on mAP epochs)
  Ground Truth objects: 1228
  mAP: (skipped)
  Ground Truth Classes: 1 classes
    ship
  Predicted Classes: 1 classes
    ship
  Timing: 53.9s this epoch (avg 57.9s) | ETA ~14m 29s for 15 epoch(s) left, mAP every 4 epoch(s).

Epoch 22/36
--------------------------------------------------
Epoch 22/36 complete: 309/309 batches, loss: 1.3454
  Effective LR: ref=2.500e-03 (0=2.500e-03)
Validation complete: 219 batches
Validation Metrics:
--------------------------------------------------
  Eval thresholds (mAP / matching): score≥0.0500, IoU≥0.50
  Avg Detections per Image (score≥0.0500): 5.93  ↓0.09
  Avg Detections per Image (score≥0.5): 0.62  ↑0.02
  Max detection score: 0.735
  Mean detection score: 0.342
  Time per Step: 0.0781  ↑0.0005
  Accuracy / GT cover: (skipped — computed on mAP epochs)
  Ground Truth objects: 1228
  mAP: (skipped)
  Ground Truth Classes: 1 classes
    ship
  Predicted Classes: 1 classes
    ship
  Timing: 53.7s this epoch (avg 57.7s) | ETA ~13m 28s for 14 epoch(s) left, mAP every 4 epoch(s).

Epoch 23/36
--------------------------------------------------
Epoch 23/36 complete: 309/309 batches, loss: 1.3347
  Effective LR: ref=2.500e-03 (0=2.500e-03)
Validation complete: 219 batches
Validation Metrics:
--------------------------------------------------
  Eval thresholds (mAP / matching): score≥0.0500, IoU≥0.50
  Avg Detections per Image (score≥0.0500): 5.86  ↓0.08
  Avg Detections per Image (score≥0.5): 0.66  ↑0.04
  Max detection score: 0.793
  Mean detection score: 0.383
  Time per Step: 0.0777  ↑0.0004
  Accuracy / GT cover: (skipped — computed on mAP epochs)
  Ground Truth objects: 1228
  mAP: (skipped)
  Ground Truth Classes: 1 classes
    ship
  Predicted Classes: 1 classes
    ship
  Timing: 54.1s this epoch (avg 57.6s) | ETA ~12m 29s for 13 epoch(s) left, mAP every 4 epoch(s).

Epoch 24/36
--------------------------------------------------
Epoch 24/36 complete: 309/309 batches, loss: 1.3239
  Effective LR: ref=2.500e-03 (0=2.500e-03)

Computing mAP (periodic evaluation: every 4 epoch(s))...
Validation complete: 219 batches

Computing mAP (this may take a while)...
  Eval filters: score≥0.0500, IoU≥0.50
  Images: 438
  Total detections (post score filter): 1,582 (3.6 per image)
  Total ground truths: 1,228 (2.8 per image)
  mAP computation completed in 0.5s. mAP: 0.7181
Validation Metrics:
--------------------------------------------------
  Eval thresholds (mAP / matching): score≥0.0500, IoU≥0.50
  Avg Detections per Image (score≥0.0500): 5.76  ↓0.09
  Avg Detections per Image (score≥0.5): 0.66  ↑0.01
  Max detection score: 0.756
  Mean detection score: 0.342
  Time per Step: 0.0773  ↑0.0004
  Accuracy: 0.6258 (62.58%)
  Correct Predictions: 990/1582 (matched detections)
  Ground Truth objects: 1228
  GT covered pre-eval-threshold: 990/1228
  GT covered post-eval-threshold: 990/1228
  GT lost by eval-threshold filtering: 0
  GT cover rate pre-eval-threshold: 80.62%
  GT cover rate post-eval-threshold: 80.62%
  GT IoU vs raw dets (eval IoU threshold=0.50; per-GT max IoU over all dets / over same-class dets):
    mean best IoU (any class): 0.6300, median: 0.6655
    mean best IoU (correct class): 0.6300, median: 0.6655
    per-class mean best IoU (raw detections):
      | class | gts | mean_any | mean_same | med_same |
      |-------|-----:|----------:|-----------:|----------:|
      | ship  | 1227 |   0.6300 |    0.6300 |   0.6655 |
      | global | 1227 |   0.6300 |    0.6300 |   0.6655 |
    GTs with IoU≥thresh but no same-class hit (wrong-class / misaligned): 0
    GTs with no detection above IoU thresh (missed / poor loc): 237
    GTs with 0% best IoU vs any detection (no spatial overlap): 8 (0.65% of GTs)
    histogram best IoU (any class) [0,0.25)/[0.25,0.5)/[0.5,0.75)/[0.75,1]: 55/182/668/322
    histogram best IoU (correct class) [0,0.25)/[0.25,0.5)/[0.5,0.75)/[0.75,1]: 55/182/668/322
  Class-agnostic duplicate rate (post score thresh; IoU≥0.50 vs a higher-score box): micro=0.00% (0/1582 boxes), macro mean over images with detections=0.00% (437 images)
  mAP: 0.7181  ↑0.3437 (71.81%)
  Per-Class AP:
    ship: 0.7181  ↑0.3437 (71.81%)
  Ground Truth Classes: 1 classes
    ship
  Predicted Classes: 1 classes
    ship
  Timing: 59.2s this epoch (avg 57.7s) | ETA ~11m 32s for 12 epoch(s) left, mAP every 4 epoch(s).

Epoch 25/36
--------------------------------------------------
Epoch 25/36 complete: 309/309 batches, loss: 1.3140
  Effective LR: ref=2.500e-03 (0=2.500e-03)
Validation complete: 219 batches
Validation Metrics:
--------------------------------------------------
  Eval thresholds (mAP / matching): score≥0.0500, IoU≥0.50
  Avg Detections per Image (score≥0.0500): 5.69  ↓0.07
  Avg Detections per Image (score≥0.5): 0.69  ↑0.03
  Max detection score: 0.801
  Mean detection score: 0.381
  Time per Step: 0.0768  ↑0.0004
  Accuracy / GT cover: (skipped — computed on mAP epochs)
  Ground Truth objects: 1228
  mAP: (skipped)
  Ground Truth Classes: 1 classes
    ship
  Predicted Classes: 1 classes
    ship
  Timing: 53.5s this epoch (avg 57.5s) | ETA ~10m 32s for 11 epoch(s) left, mAP every 4 epoch(s).

Epoch 26/36
--------------------------------------------------
Epoch 26/36 complete: 309/309 batches, loss: 1.2992
  Effective LR: ref=2.500e-04 (0=2.500e-04)
Validation complete: 219 batches
Validation Metrics:
--------------------------------------------------
  Eval thresholds (mAP / matching): score≥0.0500, IoU≥0.50
  Avg Detections per Image (score≥0.0500): 5.61  ↓0.08
  Avg Detections per Image (score≥0.5): 0.73  ↑0.03
  Max detection score: 0.787
  Mean detection score: 0.418
  Time per Step: 0.0764  ↑0.0004
  Accuracy / GT cover: (skipped — computed on mAP epochs)
  Ground Truth objects: 1228
  mAP: (skipped)
  Ground Truth Classes: 1 classes
    ship
  Predicted Classes: 1 classes
    ship
  Timing: 53.5s this epoch (avg 57.3s) | ETA ~9m 33s for 10 epoch(s) left, mAP every 4 epoch(s).

Epoch 27/36
--------------------------------------------------
Epoch 27/36 complete: 309/309 batches, loss: 1.2845
  Effective LR: ref=2.500e-04 (0=2.500e-04)
Validation complete: 219 batches
Validation Metrics:
--------------------------------------------------
  Eval thresholds (mAP / matching): score≥0.0500, IoU≥0.50
  Avg Detections per Image (score≥0.0500): 5.53  ↓0.08
  Avg Detections per Image (score≥0.5): 0.76  ↑0.04
  Max detection score: 0.794
  Mean detection score: 0.435
  Time per Step: 0.0760  ↑0.0004
  Accuracy / GT cover: (skipped — computed on mAP epochs)
  Ground Truth objects: 1228
  mAP: (skipped)
  Ground Truth Classes: 1 classes
    ship
  Predicted Classes: 1 classes
    ship
  Timing: 53.6s this epoch (avg 57.2s) | ETA ~8m 35s for 9 epoch(s) left, mAP every 4 epoch(s).

Epoch 28/36
--------------------------------------------------
Epoch 28/36 complete: 309/309 batches, loss: 1.2705
  Effective LR: ref=2.500e-04 (0=2.500e-04)

Computing mAP (periodic evaluation: every 4 epoch(s))...
Validation complete: 219 batches

Computing mAP (this may take a while)...
  Eval filters: score≥0.0500, IoU≥0.50
  Images: 438
  Total detections (post score filter): 1,549 (3.5 per image)
  Total ground truths: 1,228 (2.8 per image)
  mAP computation completed in 0.4s. mAP: 0.8853
Validation Metrics:
--------------------------------------------------
  Eval thresholds (mAP / matching): score≥0.0500, IoU≥0.50
  Avg Detections per Image (score≥0.0500): 5.46  ↓0.07
  Avg Detections per Image (score≥0.5): 0.79  ↑0.03
  Max detection score: 0.799
  Mean detection score: 0.440
  Time per Step: 0.0757  ↑0.0003
  Accuracy: 0.7405 (74.05%)
  Correct Predictions: 1147/1549 (matched detections)
  Ground Truth objects: 1228
  GT covered pre-eval-threshold: 1147/1228
  GT covered post-eval-threshold: 1147/1228
  GT lost by eval-threshold filtering: 0
  GT cover rate pre-eval-threshold: 93.40%
  GT cover rate post-eval-threshold: 93.40%
  GT IoU vs raw dets (eval IoU threshold=0.50; per-GT max IoU over all dets / over same-class dets):
    mean best IoU (any class): 0.7517, median: 0.7930
    mean best IoU (correct class): 0.7517, median: 0.7930
    per-class mean best IoU (raw detections):
      | class | gts | mean_any | mean_same | med_same |
      |-------|-----:|----------:|-----------:|----------:|
      | ship  | 1227 |   0.7517 |    0.7517 |   0.7930 |
      | global | 1227 |   0.7517 |    0.7517 |   0.7930 |
    GTs with IoU≥thresh but no same-class hit (wrong-class / misaligned): 0
    GTs with no detection above IoU thresh (missed / poor loc): 80
    GTs with 0% best IoU vs any detection (no spatial overlap): 6 (0.49% of GTs)
    histogram best IoU (any class) [0,0.25)/[0.25,0.5)/[0.5,0.75)/[0.75,1]: 35/45/324/823
    histogram best IoU (correct class) [0,0.25)/[0.25,0.5)/[0.5,0.75)/[0.75,1]: 35/45/324/823
  Class-agnostic duplicate rate (post score thresh; IoU≥0.50 vs a higher-score box): micro=0.00% (0/1549 boxes), macro mean over images with detections=0.00% (437 images)
  mAP: 0.8853  ↑0.1671 (88.53%)
  Per-Class AP:
    ship: 0.8853  ↑0.1671 (88.53%)
  Ground Truth Classes: 1 classes
    ship
  Predicted Classes: 1 classes
    ship
  Timing: 59.3s this epoch (avg 57.3s) | ETA ~7m 38s for 8 epoch(s) left, mAP every 4 epoch(s).

Epoch 29/36
--------------------------------------------------
Epoch 29/36 complete: 309/309 batches, loss: 1.2572
  Effective LR: ref=2.500e-04 (0=2.500e-04)
Validation complete: 219 batches
Validation Metrics:
--------------------------------------------------
  Eval thresholds (mAP / matching): score≥0.0500, IoU≥0.50
  Avg Detections per Image (score≥0.0500): 5.39  ↓0.07
  Avg Detections per Image (score≥0.5): 0.83  ↑0.03
  Max detection score: 0.829
  Mean detection score: 0.465
  Time per Step: 0.0754  ↑0.0003
  Accuracy / GT cover: (skipped — computed on mAP epochs)
  Ground Truth objects: 1228
  mAP: (skipped)
  Ground Truth Classes: 1 classes
    ship
  Predicted Classes: 1 classes
    ship
  Timing: 53.4s this epoch (avg 57.1s) | ETA ~6m 40s for 7 epoch(s) left, mAP every 4 epoch(s).

Epoch 30/36
--------------------------------------------------
Epoch 30/36 complete: 309/309 batches, loss: 1.2448
  Effective LR: ref=2.500e-04 (0=2.500e-04)
Validation complete: 219 batches
Validation Metrics:
--------------------------------------------------
  Eval thresholds (mAP / matching): score≥0.0500, IoU≥0.50
  Avg Detections per Image (score≥0.0500): 5.32  ↓0.06
  Avg Detections per Image (score≥0.5): 0.86  ↑0.03
  Max detection score: 0.816
  Mean detection score: 0.456
  Time per Step: 0.0751  ↑0.0003
  Accuracy / GT cover: (skipped — computed on mAP epochs)
  Ground Truth objects: 1228
  mAP: (skipped)
  Ground Truth Classes: 1 classes
    ship
  Predicted Classes: 1 classes
    ship
  Timing: 53.7s this epoch (avg 57.0s) | ETA ~5m 42s for 6 epoch(s) left, mAP every 4 epoch(s).

Epoch 31/36
--------------------------------------------------
Epoch 31/36 complete: 309/309 batches, loss: 1.2331
  Effective LR: ref=2.500e-04 (0=2.500e-04)
Validation complete: 219 batches
Validation Metrics:
--------------------------------------------------
  Eval thresholds (mAP / matching): score≥0.0500, IoU≥0.50
  Avg Detections per Image (score≥0.0500): 5.26  ↓0.06
  Avg Detections per Image (score≥0.5): 0.89  ↑0.03
  Max detection score: 0.817
  Mean detection score: 0.453
  Time per Step: 0.0748  ↑0.0003
  Accuracy / GT cover: (skipped — computed on mAP epochs)
  Ground Truth objects: 1228
  mAP: (skipped)
  Ground Truth Classes: 1 classes
    ship
  Predicted Classes: 1 classes
    ship
  Timing: 53.6s this epoch (avg 56.9s) | ETA ~4m 45s for 5 epoch(s) left, mAP every 4 epoch(s).

Epoch 32/36
--------------------------------------------------
Epoch 32/36 complete: 309/309 batches, loss: 1.2219
  Effective LR: ref=2.500e-04 (0=2.500e-04)

Computing mAP (periodic evaluation: every 4 epoch(s))...
Validation complete: 219 batches

Computing mAP (this may take a while)...
  Eval filters: score≥0.0500, IoU≥0.50
  Images: 438
  Total detections (post score filter): 1,531 (3.5 per image)
  Total ground truths: 1,228 (2.8 per image)
  mAP computation completed in 0.4s. mAP: 0.8862
Validation Metrics:
--------------------------------------------------
  Eval thresholds (mAP / matching): score≥0.0500, IoU≥0.50
  Avg Detections per Image (score≥0.0500): 5.21  ↓0.06
  Avg Detections per Image (score≥0.5): 0.92  ↑0.03
  Max detection score: 0.824
  Mean detection score: 0.459
  Time per Step: 0.0746  ↑0.0002
  Accuracy: 0.7524 (75.24%)
  Correct Predictions: 1152/1531 (matched detections)
  Ground Truth objects: 1228
  GT covered pre-eval-threshold: 1152/1228
  GT covered post-eval-threshold: 1152/1228
  GT lost by eval-threshold filtering: 0
  GT cover rate pre-eval-threshold: 93.81%
  GT cover rate post-eval-threshold: 93.81%
  GT IoU vs raw dets (eval IoU threshold=0.50; per-GT max IoU over all dets / over same-class dets):
    mean best IoU (any class): 0.7473, median: 0.7852
    mean best IoU (correct class): 0.7473, median: 0.7852
    per-class mean best IoU (raw detections):
      | class | gts | mean_any | mean_same | med_same |
      |-------|-----:|----------:|-----------:|----------:|
      | ship  | 1227 |   0.7473 |    0.7473 |   0.7852 |
      | global | 1227 |   0.7473 |    0.7473 |   0.7852 |
    GTs with IoU≥thresh but no same-class hit (wrong-class / misaligned): 0
    GTs with no detection above IoU thresh (missed / poor loc): 75
    GTs with 0% best IoU vs any detection (no spatial overlap): 2 (0.16% of GTs)
    histogram best IoU (any class) [0,0.25)/[0.25,0.5)/[0.5,0.75)/[0.75,1]: 42/33/353/799
    histogram best IoU (correct class) [0,0.25)/[0.25,0.5)/[0.5,0.75)/[0.75,1]: 42/33/353/799
  Class-agnostic duplicate rate (post score thresh; IoU≥0.50 vs a higher-score box): micro=0.00% (0/1531 boxes), macro mean over images with detections=0.00% (437 images)
  mAP: 0.8862  ↑0.0009 (88.62%)
  Per-Class AP:
    ship: 0.8862  ↑0.0009 (88.62%)
  Ground Truth Classes: 1 classes
    ship
  Predicted Classes: 1 classes
    ship
  Timing: 59.4s this epoch (avg 57.0s) | ETA ~3m 48s for 4 epoch(s) left, mAP every 4 epoch(s).

Epoch 33/36
--------------------------------------------------
Epoch 33/36 complete: 309/309 batches, loss: 1.2115
  Effective LR: ref=2.500e-04 (0=2.500e-04)
Validation complete: 219 batches
Validation Metrics:
--------------------------------------------------
  Eval thresholds (mAP / matching): score≥0.0500, IoU≥0.50
  Avg Detections per Image (score≥0.0500): 5.15  ↓0.06
  Avg Detections per Image (score≥0.5): 0.94  ↑0.03
  Max detection score: 0.821
  Mean detection score: 0.470
  Time per Step: 0.0744  ↑0.0002
  Accuracy / GT cover: (skipped — computed on mAP epochs)
  Ground Truth objects: 1228
  mAP: (skipped)
  Ground Truth Classes: 1 classes
    ship
  Predicted Classes: 1 classes
    ship
  Timing: 53.6s this epoch (avg 56.9s) | ETA ~2m 51s for 3 epoch(s) left, mAP every 4 epoch(s).

Epoch 34/36
--------------------------------------------------
Epoch 34/36 complete: 309/309 batches, loss: 1.2015
  Effective LR: ref=2.500e-04 (0=2.500e-04)
Validation complete: 219 batches
Validation Metrics:
--------------------------------------------------
  Eval thresholds (mAP / matching): score≥0.0500, IoU≥0.50
  Avg Detections per Image (score≥0.0500): 5.10  ↓0.05
  Avg Detections per Image (score≥0.5): 0.97  ↑0.02
  Max detection score: 0.820
  Mean detection score: 0.470
  Time per Step: 0.0742  ↑0.0002
  Accuracy / GT cover: (skipped — computed on mAP epochs)
  Ground Truth objects: 1228
  mAP: (skipped)
  Ground Truth Classes: 1 classes
    ship
  Predicted Classes: 1 classes
    ship
  Timing: 54.6s this epoch (avg 56.8s) | ETA ~1m 54s for 2 epoch(s) left, mAP every 4 epoch(s).

Epoch 35/36
--------------------------------------------------
Epoch 35/36 complete: 309/309 batches, loss: 1.1916
  Effective LR: ref=1.250e-04 (0=1.250e-04)
Validation complete: 219 batches
Validation Metrics:
--------------------------------------------------
  Eval thresholds (mAP / matching): score≥0.0500, IoU≥0.50
  Avg Detections per Image (score≥0.0500): 5.05  ↓0.05
  Avg Detections per Image (score≥0.5): 0.99  ↑0.02
  Max detection score: 0.820
  Mean detection score: 0.476
  Time per Step: 0.0740  ↑0.0002
  Accuracy / GT cover: (skipped — computed on mAP epochs)
  Ground Truth objects: 1228
  mAP: (skipped)
  Ground Truth Classes: 1 classes
    ship
  Predicted Classes: 1 classes
    ship
  Timing: 54.5s this epoch (avg 56.8s) | ETA ~56.8s for 1 epoch(s) left, mAP every 4 epoch(s).

Epoch 36/36
--------------------------------------------------
Epoch 36/36 complete: 309/309 batches, loss: 1.1824
  Effective LR: ref=1.250e-04 (0=1.250e-04)

Computing mAP (periodic evaluation: every 4 epoch(s))...
Validation complete: 219 batches

Computing mAP (this may take a while)...
  Eval filters: score≥0.0500, IoU≥0.50
  Images: 438
  Total detections (post score filter): 1,471 (3.4 per image)
  Total ground truths: 1,228 (2.8 per image)
  mAP computation completed in 0.4s. mAP: 0.8822
Validation Metrics:
--------------------------------------------------
  Eval thresholds (mAP / matching): score≥0.0500, IoU≥0.50
  Avg Detections per Image (score≥0.0500): 5.00  ↓0.05
  Avg Detections per Image (score≥0.5): 1.01  ↑0.02
  Max detection score: 0.821
  Mean detection score: 0.471
  Time per Step: 0.0738  ↑0.0002
  Accuracy: 0.7818 (78.18%)
  Correct Predictions: 1150/1471 (matched detections)
  Ground Truth objects: 1228
  GT covered pre-eval-threshold: 1150/1228
  GT covered post-eval-threshold: 1150/1228
  GT lost by eval-threshold filtering: 0
  GT cover rate pre-eval-threshold: 93.65%
  GT cover rate post-eval-threshold: 93.65%
  GT IoU vs raw dets (eval IoU threshold=0.50; per-GT max IoU over all dets / over same-class dets):
    mean best IoU (any class): 0.7615, median: 0.8058
    mean best IoU (correct class): 0.7615, median: 0.8058
    per-class mean best IoU (raw detections):
      | class | gts | mean_any | mean_same | med_same |
      |-------|-----:|----------:|-----------:|----------:|
      | ship  | 1227 |   0.7615 |    0.7615 |   0.8058 |
      | global | 1227 |   0.7615 |    0.7615 |   0.8058 |
    GTs with IoU≥thresh but no same-class hit (wrong-class / misaligned): 0
    GTs with no detection above IoU thresh (missed / poor loc): 77
    GTs with 0% best IoU vs any detection (no spatial overlap): 6 (0.49% of GTs)
    histogram best IoU (any class) [0,0.25)/[0.25,0.5)/[0.5,0.75)/[0.75,1]: 38/39/281/869
    histogram best IoU (correct class) [0,0.25)/[0.25,0.5)/[0.5,0.75)/[0.75,1]: 38/39/281/869
  Class-agnostic duplicate rate (post score thresh; IoU≥0.50 vs a higher-score box): micro=0.00% (0/1471 boxes), macro mean over images with detections=0.00% (437 images)
  mAP: 0.8822  ↓0.0041 (88.22%)
  Per-Class AP:
    ship: 0.8822  ↓0.0041 (88.22%)
  Ground Truth Classes: 1 classes
    ship
  Predicted Classes: 1 classes
    ship
  Timing: 59.1s this epoch (avg 56.8s) | Training loop finished (no final mAP).

================================================================================
Training timing summary
================================================================================
  Started:   2026-08-31T02:00:20+00:00
  Finished:  2026-08-31T02:34:27+00:00
  Total wall: 34m 7s (2046.8 s)
  Epochs:    36 completed (mean 56.8s, min 53.4s, max 73.7s)
================================================================================

================================================================================
Training completed successfully!
================================================================================
Experiment directory: /home/jeffaudi/oriented-det/runs/rotated_fcos/20260831-020019
  Checkpoints saved to: /home/jeffaudi/oriented-det/runs/rotated_fcos/20260831-020019/checkpoints
  TensorBoard logs saved to: /home/jeffaudi/oriented-det/runs/rotated_fcos/20260831-020019
  Config saved to: /home/jeffaudi/oriented-det/runs/rotated_fcos/20260831-020019/config.json

View TensorBoard with:
  tensorboard --logdir /home/jeffaudi/oriented-det/runs/rotated_fcos
  tensorboard --logdir /home/jeffaudi/oriented-det/runs/rotated_fcos/20260831-020019
