Loading configuration from: configs/rotated_retinanet/dota_le90_mmrotate_3x.json
Training log file: /home/jeffaudi/oriented-det/runs/rotated_retinanet/20260612-121232/train.log
================================================================================
ROTATED_RETINANET Training
================================================================================
PyTorch Version: 2.3.0+cu121
CUDA Available: True
MPS (Apple Silicon) Available: False
CUDA Device: NVIDIA L4
Mixed Precision (AMP): False

Checking dataset directories...
Train tiles (2 root(s)):
  /path/to/data/DOTA-v1.0-tiled/train
    Images exist: True
    Labels exist: True
  /path/to/data/DOTA-v1.0-tiled/val
    Images exist: True
    Labels exist: True

Val tiles (1 root(s)):
  /path/to/data/DOTA-v1.0-tiled/val
    Images exist: True
    Labels exist: True


Loading datasets...
DOTA filter_empty_gt (MMRotate-style):
  train: filter_empty_gt dropped 19464 / 33155 tiles (13691 kept)
  val: filter_empty_gt dropped 4548 / 7669 tiles (3121 kept)

Found 15 classes:
  0: baseball-diamond
  1: basketball-court
  2: bridge
  3: ground-track-field
  4: harbor
  5: helicopter
  6: large-vehicle
  7: plane
  8: roundabout
  9: ship
  10: small-vehicle
  11: soccer-ball-field
  12: storage-tank
  13: swimming-pool
  14: tennis-court

Number of classes (foreground): 15
Class mapping: {'baseball-diamond': 1, 'basketball-court': 2, 'bridge': 3, 'ground-track-field': 4, 'harbor': 5, 'helicopter': 6, 'large-vehicle': 7, 'plane': 8, 'roundabout': 9, 'ship': 10, 'small-vehicle': 11, 'soccer-ball-field': 12, 'storage-tank': 13, 'swimming-pool': 14, 'tennis-court': 15}

Analyzing class distribution in training set...

================================================================================
Class Distribution Analysis - Training Set
================================================================================
Total objects: 264,176
Total classes: 15

Class Name           Count        Percentage
--------------------------------------------------------------------------------
ship                     82,131       31.09%
small-vehicle            63,156       23.91%
large-vehicle            45,972       17.40%
plane                    20,023        7.58%
harbor                   17,028        6.45%
storage-tank             14,971        5.67%
tennis-court              6,149        2.33%
swimming-pool             4,273        1.62%
bridge                    4,122        1.56%
helicopter                1,286        0.49%
basketball-court          1,269        0.48%
baseball-diamond          1,120        0.42%
roundabout                1,017        0.38%
soccer-ball-field           874        0.33%
ground-track-field          785        0.30%
--------------------------------------------------------------------------------

Imbalance Ratio (max/min): 104.63x
Most frequent class: ship (82,131 instances)
Least frequent class: ground-track-field (785 instances)

Class weighting disabled (loss_type=focal)

Loss configuration: focal
  Focal Loss Alpha: 0.25
  Focal Loss Gamma: 2.0


Training configuration created:
  Model type: rotated_retinanet
  Experiment timestamp: 20260612-121232
  Number of classes: 15
  Batch size: 2
  Learning rate: 0.0025
  Epochs: 36

Creating collate functions...
  - Training: no Albumentations augmentation (flips: horizontal, vertical, diagonal)
  - Validation: no augmentation

Creating data loaders...
Training samples: 13691
Validation samples: 3121
Batches per epoch: 6846

Creating model...
Using device: cuda

Complete ROTATED_RETINANET model created:
  Backbone: resnet50
  Number of classes: 15 (foreground)
  Pretrained backbone: True
  Trainable backbone layers: 3 (last 3 stages) (frozen_stages=1)
  RPN anchor reference angles (fixed horizontal priors, not configurable): ['0.0°']
  Anchor scales: [8]
  Anchor ratios: [0.5, 1.0, 2.0]
  FPN strides: [8, 16, 32, 64, 128]
  FPN levels: 5 (P3, P4, P5, P6, P7)
  ROI Loss Type: focal

  Total parameters: 29,140,084
  Trainable parameters: 28,917,684

Configuration saved to: /home/jeffaudi/oriented-det/runs/rotated_retinanet/20260612-121232/config.json

Learning rate warmup enabled: 500 optimizer steps
  Warmup: 0 → 0.0025 over 500 steps
  After warmup: MultiStepLR at epochs [24, 33], gamma=0.1

Experiment directory: /home/jeffaudi/oriented-det/runs/rotated_retinanet/20260612-121232
TensorBoard logging enabled. Logs saved to: /home/jeffaudi/oriented-det/runs/rotated_retinanet/20260612-121232
View logs with: tensorboard --logdir /home/jeffaudi/oriented-det/runs/rotated_retinanet
View this experiment with: tensorboard --logdir /home/jeffaudi/oriented-det/runs/rotated_retinanet/20260612-121232

Training configuration:
  Epochs: 36
  Learning rate: 0.002500
  Batch size per GPU: 2
  Gradient accumulation: 1
  Best checkpoint metric: mAP (higher_is_better=True)
  Effective batch size: 2
  Mixed precision: False
  Eval (mAP / val matching): score_threshold=0.3, iou_threshold=0.5 (production.score_threshold overrides evaluation when set)
  Eval IoU backend (mAP / GT cover): GPU sampling (approx)
  Eval IoU backend (final mAP): exact CPU polygon

Starting training from scratch (no checkpoint loaded)

Starting epoch: 0

Profiling disabled

================================================================================
Starting training...
================================================================================
TensorBoard: tensorboard --logdir /home/jeffaudi/oriented-det/runs/rotated_retinanet
================================================================================

Training started at: 2026-06-12T12:13:06+00:00

Epoch 1/36
--------------------------------------------------
/home/jeffaudi/.pyenv/versions/3.12.12/envs/oriented-det/lib/python3.12/site-packages/torch/nn/modules/conv.py:456: UserWarning: Plan failed with a cudnnException: CUDNN_BACKEND_EXECUTION_PLAN_DESCRIPTOR: cudnnFinalize Descriptor Failed cudnn_status: CUDNN_STATUS_NOT_SUPPORTED (Triggered internally at ../aten/src/ATen/native/cudnn/Conv_v8.cpp:919.)
  return F.conv2d(input, weight, bias, self.stride,
Epoch 1/36 complete: 6846/6846 batches, loss: 1.7844
  Effective LR: ref=2.500e-03 (0=2.500e-03)
Validation complete: 1561 batches
Validation Metrics:
--------------------------------------------------
  Eval thresholds (mAP / matching): score≥0.3000, IoU≥0.50
  Avg Detections per Image (score≥0.3000): 6.41
  Avg Detections per Image (score≥0.5): 0.96
  Max detection score: 0.830
  Mean detection score: 0.110
  Time per Step: 1.7364
  Accuracy / GT cover: (skipped — computed on mAP epochs)
  Ground Truth objects: 57768
  mAP: (skipped)
  Ground Truth Classes: 15 classes
  Predicted Classes: 11 classes
  Timing: 1h 12m this epoch (avg 1h 12m) | ETA ~1d 19h 44m for 35 epoch(s) left, mAP every 4 epoch(s) and final mAP.

Epoch 2/36
--------------------------------------------------
Epoch 2/36 complete: 6846/6846 batches, loss: 1.5205
  Effective LR: ref=2.500e-03 (0=2.500e-03)
Validation complete: 1561 batches
Validation Metrics:
--------------------------------------------------
  Eval thresholds (mAP / matching): score≥0.3000, IoU≥0.50
  Avg Detections per Image (score≥0.3000): 9.78  ↑3.37
  Avg Detections per Image (score≥0.5): 2.53  ↑1.57
  Max detection score: 0.939
  Mean detection score: 0.120
  Time per Step: 2.2627  ↓0.5262
  Accuracy / GT cover: (skipped — computed on mAP epochs)
  Ground Truth objects: 57768
  mAP: (skipped)
  Ground Truth Classes: 15 classes
  Predicted Classes: 14 classes
  Timing: 1h 40m this epoch (avg 1h 26m) | ETA ~2d 2h 30m for 34 epoch(s) left, mAP every 4 epoch(s) and final mAP.

Epoch 3/36
--------------------------------------------------
Epoch 3/36 complete: 6846/6846 batches, loss: 1.3718
  Effective LR: ref=2.500e-03 (0=2.500e-03)
Validation complete: 1561 batches
Validation Metrics:
--------------------------------------------------
  Eval thresholds (mAP / matching): score≥0.3000, IoU≥0.50
  Avg Detections per Image (score≥0.3000): 11.78  ↑2.00
  Avg Detections per Image (score≥0.5): 3.94  ↑1.40
  Max detection score: 0.883
  Mean detection score: 0.127
  Time per Step: 2.1503  ↑0.1123
  Accuracy / GT cover: (skipped — computed on mAP epochs)
  Ground Truth objects: 57768
  mAP: (skipped)
  Ground Truth Classes: 15 classes
  Predicted Classes: 15 classes
  Timing: 1h 17m this epoch (avg 1h 23m) | ETA ~1d 23h 24m for 33 epoch(s) left, mAP every 4 epoch(s) and final mAP.

Epoch 4/36
--------------------------------------------------
Epoch 4/36 complete: 6846/6846 batches, loss: 1.2727
  Effective LR: ref=2.500e-03 (0=2.500e-03)

Computing mAP (periodic evaluation: every 4 epoch(s))...
Validation complete: 1561 batches

Computing mAP (this may take a while)...
  Eval filters: score≥0.3000, IoU≥0.50
  Images: 3,121
  Total detections (post score filter): 54,847 (17.6 per image)
  Total ground truths: 57,768 (18.5 per image)
  Warning: Large number of detections may slow down mAP computation
  Consider increasing evaluation.score_threshold (current: 0.3) for faster mAP matching
  Computing AP for baseball-diamond: 342 dets, 364 GTs (124,488 IoU calculations)
  Computing AP for bridge: 378 dets, 666 GTs (251,748 IoU calculations)
  WARNING: harbor has 18,116,070 IoU calculations (4,215 dets × 4,298 GTs). This will be slow!
  Computing AP for harbor: 4,215 dets, 4,298 GTs (18,116,070 IoU calculations)
    Using chunked batch IoU computation (GPU-accelerated) for harbor (18,116,070 calculations)
    Processing 4,215 detections in chunks of 1,163
  WARNING: large-vehicle has 85,925,914 IoU calculations (9,143 dets × 9,398 GTs). This will be slow!
  Computing AP for large-vehicle: 9,143 dets, 9,398 GTs (85,925,914 IoU calculations)
    Using chunked batch IoU computation (GPU-accelerated) for large-vehicle (85,925,914 calculations)
    Processing 9,143 detections in chunks of 532
  WARNING: plane has 23,262,327 IoU calculations (4,917 dets × 4,731 GTs). This will be slow!
  Computing AP for plane: 4,917 dets, 4,731 GTs (23,262,327 IoU calculations)
    Using chunked batch IoU computation (GPU-accelerated) for plane (23,262,327 calculations)
    Processing 4,917 detections in chunks of 1,056
  WARNING: ship has 312,835,386 IoU calculations (16,879 dets × 18,534 GTs). This will be slow!
  Computing AP for ship: 16,879 dets, 18,534 GTs (312,835,386 IoU calculations)
    Using chunked batch IoU computation (GPU-accelerated) for ship (312,835,386 calculations)
    Processing 16,879 detections in chunks of 269
  WARNING: small-vehicle has 142,757,490 IoU calculations (12,570 dets × 11,357 GTs). This will be slow!
  Computing AP for small-vehicle: 12,570 dets, 11,357 GTs (142,757,490 IoU calculations)
    Using chunked batch IoU computation (GPU-accelerated) for small-vehicle (142,757,490 calculations)
    Processing 12,570 detections in chunks of 440
  WARNING: storage-tank has 17,004,780 IoU calculations (3,380 dets × 5,031 GTs). This will be slow!
  Computing AP for storage-tank: 3,380 dets, 5,031 GTs (17,004,780 IoU calculations)
    Using chunked batch IoU computation (GPU-accelerated) for storage-tank (17,004,780 calculations)
    Processing 3,380 detections in chunks of 993
  Computing AP for swimming-pool: 513 dets, 693 GTs (355,509 IoU calculations)
  Computing AP for tennis-court: 1,823 dets, 1,529 GTs (2,787,367 IoU calculations)
  mAP computation completed in 24m 18s. mAP: 0.3952
Validation Metrics:
--------------------------------------------------
  Eval thresholds (mAP / matching): score≥0.3000, IoU≥0.50
  Avg Detections per Image (score≥0.3000): 13.23  ↑1.45
  Avg Detections per Image (score≥0.5): 5.57  ↑1.64
  Max detection score: 0.954
  Mean detection score: 0.141
  Time per Step: 2.1718  ↓0.0215
  Accuracy: 0.6069 (60.69%)
  Correct Predictions: 33285/54847 (matched detections)
  Ground Truth objects: 57768
  GT covered pre-eval-threshold: 36884/57768
  GT covered post-eval-threshold: 33308/57768
  GT lost by eval-threshold filtering: 3576
  GT cover rate pre-eval-threshold: 63.85%
  GT cover rate post-eval-threshold: 57.66%
  GT IoU vs raw dets (eval IoU threshold=0.50; per-GT max IoU over all dets / over same-class dets):
    mean best IoU (any class): 0.5305, median: 0.5868
    mean best IoU (correct class): 0.5094, median: 0.5768
    GTs with IoU≥thresh but no same-class hit (wrong-class / misaligned): 1565
    GTs with no detection above IoU thresh (missed / poor loc): 19319
    GTs with 0% best IoU vs any detection (no spatial overlap): 2298 (3.98% of GTs)
    histogram best IoU (any class) [0,0.25)/[0.25,0.5)/[0.5,0.75)/[0.75,1]: 7418/11901/32212/6237
    histogram best IoU (correct class) [0,0.25)/[0.25,0.5)/[0.5,0.75)/[0.75,1]: 9236/11648/31179/5705
  Class-agnostic duplicate rate (post score thresh; IoU≥0.50 vs a higher-score box): micro=2.08% (1142/54847 boxes), macro mean over images with detections=2.72% (2883 images)
  mAP: 0.3952 (39.52%)
  Per-Class AP:
    baseball-diamond: 0.6049 (60.49%)
    basketball-court: 0.2021 (20.21%)
    bridge: 0.2051 (20.51%)
    ground-track-field: 0.1709 (17.09%)
    harbor: 0.2311 (23.11%)
    helicopter: 0.0000 (0.00%)
    large-vehicle: 0.2300 (23.00%)
    plane: 0.8106 (81.06%)
    roundabout: 0.5092 (50.92%)
    ship: 0.4732 (47.32%)
    small-vehicle: 0.4983 (49.83%)
    soccer-ball-field: 0.2801 (28.01%)
    storage-tank: 0.5237 (52.37%)
    swimming-pool: 0.3718 (37.18%)
    tennis-court: 0.8169 (81.69%)
  Ground Truth Classes: 15 classes
  Predicted Classes: 15 classes
  Timing: 1h 52m this epoch (avg 1h 30m) | ETA ~2d 1h 59m for 32 epoch(s) left, mAP every 4 epoch(s) and final mAP.

Epoch 5/36
--------------------------------------------------
Epoch 5/36 complete: 6846/6846 batches, loss: 1.1988
  Effective LR: ref=2.500e-03 (0=2.500e-03)
Validation complete: 1561 batches
Validation Metrics:
--------------------------------------------------
  Eval thresholds (mAP / matching): score≥0.3000, IoU≥0.50
  Avg Detections per Image (score≥0.3000): 14.01  ↑0.78
  Avg Detections per Image (score≥0.5): 6.52  ↑0.95
  Max detection score: 0.954
  Mean detection score: 0.153
  Time per Step: 2.1204  ↑0.0515
  Accuracy / GT cover: (skipped — computed on mAP epochs)
  Ground Truth objects: 57768
  mAP: (skipped)
  Ground Truth Classes: 15 classes
  Predicted Classes: 15 classes
  Timing: 1h 17m this epoch (avg 1h 28m) | ETA ~1d 23h 1m for 31 epoch(s) left, mAP every 4 epoch(s) and final mAP.

Epoch 6/36
--------------------------------------------------
Epoch 6/36 complete: 6846/6846 batches, loss: 1.1428
  Effective LR: ref=2.500e-03 (0=2.500e-03)
Validation complete: 1561 batches
Validation Metrics:
--------------------------------------------------
  Eval thresholds (mAP / matching): score≥0.3000, IoU≥0.50
  Avg Detections per Image (score≥0.3000): 14.62  ↑0.61
  Avg Detections per Image (score≥0.5): 7.24  ↑0.72
  Max detection score: 0.970
  Mean detection score: 0.151
  Time per Step: 2.1060  ↑0.0144
  Accuracy / GT cover: (skipped — computed on mAP epochs)
  Ground Truth objects: 57768
  mAP: (skipped)
  Ground Truth Classes: 15 classes
  Predicted Classes: 15 classes
  Timing: 1h 20m this epoch (avg 1h 26m) | ETA ~1d 20h 53m for 30 epoch(s) left, mAP every 4 epoch(s) and final mAP.

Epoch 7/36
--------------------------------------------------
Epoch 7/36 complete: 6846/6846 batches, loss: 1.0962
  Effective LR: ref=2.500e-03 (0=2.500e-03)
Validation complete: 1561 batches
Validation Metrics:
--------------------------------------------------
  Eval thresholds (mAP / matching): score≥0.3000, IoU≥0.50
  Avg Detections per Image (score≥0.3000): 15.18  ↑0.56
  Avg Detections per Image (score≥0.5): 7.89  ↑0.65
  Max detection score: 0.986
  Mean detection score: 0.169
  Time per Step: 2.0993  ↑0.0067
  Accuracy / GT cover: (skipped — computed on mAP epochs)
  Ground Truth objects: 57768
  mAP: (skipped)
  Ground Truth Classes: 15 classes
  Predicted Classes: 15 classes
  Timing: 1h 21m this epoch (avg 1h 26m) | ETA ~1d 19h 2m for 29 epoch(s) left, mAP every 4 epoch(s) and final mAP.

Epoch 8/36
--------------------------------------------------
Epoch 8/36 complete: 6846/6846 batches, loss: 1.0579
  Effective LR: ref=2.500e-03 (0=2.500e-03)

Computing mAP (periodic evaluation: every 4 epoch(s))...
Validation complete: 1561 batches

Computing mAP (this may take a while)...
  Eval filters: score≥0.3000, IoU≥0.50
  Images: 3,121
  Total detections (post score filter): 66,345 (21.3 per image)
  Total ground truths: 57,768 (18.5 per image)
  Warning: Large number of detections may slow down mAP computation
  Consider increasing evaluation.score_threshold (current: 0.3) for faster mAP matching
  Computing AP for baseball-diamond: 316 dets, 364 GTs (115,024 IoU calculations)
  Computing AP for bridge: 839 dets, 666 GTs (558,774 IoU calculations)
  WARNING: harbor has 24,240,720 IoU calculations (5,640 dets × 4,298 GTs). This will be slow!
  Computing AP for harbor: 5,640 dets, 4,298 GTs (24,240,720 IoU calculations)
    Using chunked batch IoU computation (GPU-accelerated) for harbor (24,240,720 calculations)
    Processing 5,640 detections in chunks of 1,163
  WARNING: large-vehicle has 100,210,874 IoU calculations (10,663 dets × 9,398 GTs). This will be slow!
  Computing AP for large-vehicle: 10,663 dets, 9,398 GTs (100,210,874 IoU calculations)
    Using chunked batch IoU computation (GPU-accelerated) for large-vehicle (100,210,874 calculations)
    Processing 10,663 detections in chunks of 532
  WARNING: plane has 23,901,012 IoU calculations (5,052 dets × 4,731 GTs). This will be slow!
  Computing AP for plane: 5,052 dets, 4,731 GTs (23,901,012 IoU calculations)
    Using chunked batch IoU computation (GPU-accelerated) for plane (23,901,012 calculations)
    Processing 5,052 detections in chunks of 1,056
  WARNING: ship has 351,756,786 IoU calculations (18,979 dets × 18,534 GTs). This will be slow!
  Computing AP for ship: 18,979 dets, 18,534 GTs (351,756,786 IoU calculations)
    Using chunked batch IoU computation (GPU-accelerated) for ship (351,756,786 calculations)
    Processing 18,979 detections in chunks of 269
  WARNING: small-vehicle has 202,018,316 IoU calculations (17,788 dets × 11,357 GTs). This will be slow!
  Computing AP for small-vehicle: 17,788 dets, 11,357 GTs (202,018,316 IoU calculations)
    Using chunked batch IoU computation (GPU-accelerated) for small-vehicle (202,018,316 calculations)
    Processing 17,788 detections in chunks of 440
  WARNING: storage-tank has 16,758,261 IoU calculations (3,331 dets × 5,031 GTs). This will be slow!
  Computing AP for storage-tank: 3,331 dets, 5,031 GTs (16,758,261 IoU calculations)
    Using chunked batch IoU computation (GPU-accelerated) for storage-tank (16,758,261 calculations)
    Processing 3,331 detections in chunks of 993
  Computing AP for swimming-pool: 704 dets, 693 GTs (487,872 IoU calculations)
  Computing AP for tennis-court: 1,646 dets, 1,529 GTs (2,516,734 IoU calculations)
  mAP computation completed in 28m 56s. mAP: 0.5836
Validation Metrics:
--------------------------------------------------
  Eval thresholds (mAP / matching): score≥0.3000, IoU≥0.50
  Avg Detections per Image (score≥0.3000): 15.94  ↑0.76
  Avg Detections per Image (score≥0.5): 8.56  ↑0.67
  Max detection score: 0.970
  Mean detection score: 0.166
  Time per Step: 2.1042  ↓0.0049
  Accuracy: 0.6068 (60.68%)
  Correct Predictions: 40256/66345 (matched detections)
  Ground Truth objects: 57768
  GT covered pre-eval-threshold: 42721/57768
  GT covered post-eval-threshold: 40295/57768
  GT lost by eval-threshold filtering: 2426
  GT cover rate pre-eval-threshold: 73.95%
  GT cover rate post-eval-threshold: 69.75%
  GT IoU vs raw dets (eval IoU threshold=0.50; per-GT max IoU over all dets / over same-class dets):
    mean best IoU (any class): 0.5923, median: 0.6622
    mean best IoU (correct class): 0.5774, median: 0.6570
    GTs with IoU≥thresh but no same-class hit (wrong-class / misaligned): 1121
    GTs with no detection above IoU thresh (missed / poor loc): 13926
    GTs with 0% best IoU vs any detection (no spatial overlap): 2447 (4.24% of GTs)
    histogram best IoU (any class) [0,0.25)/[0.25,0.5)/[0.5,0.75)/[0.75,1]: 6063/7863/29719/14123
    histogram best IoU (correct class) [0,0.25)/[0.25,0.5)/[0.5,0.75)/[0.75,1]: 7290/7757/29101/13620
  Class-agnostic duplicate rate (post score thresh; IoU≥0.50 vs a higher-score box): micro=1.70% (1127/66345 boxes), macro mean over images with detections=3.36% (3021 images)
  mAP: 0.5836  ↑0.1884 (58.36%)
  Per-Class AP:
    baseball-diamond: 0.5779  ↓0.0270 (57.79%)
    basketball-court: 0.7668  ↑0.5647 (76.68%)
    bridge: 0.3458  ↑0.1407 (34.58%)
    ground-track-field: 0.5452  ↑0.3742 (54.52%)
    harbor: 0.3975  ↑0.1664 (39.75%)
    helicopter: 0.4996  ↑0.4996 (49.96%)
    large-vehicle: 0.3751  ↑0.1451 (37.51%)
    plane: 0.8972  ↑0.0866 (89.72%)
    roundabout: 0.6961  ↑0.1870 (69.61%)
    ship: 0.6836  ↑0.2105 (68.36%)
    small-vehicle: 0.5699  ↑0.0716 (56.99%)
    soccer-ball-field: 0.5058  ↑0.2258 (50.58%)
    storage-tank: 0.5381  ↑0.0143 (53.81%)
    swimming-pool: 0.4481  ↑0.0763 (44.81%)
    tennis-court: 0.9075  ↑0.0906 (90.75%)
  Ground Truth Classes: 15 classes
  Predicted Classes: 15 classes
  Timing: 1h 54m this epoch (avg 1h 29m) | ETA ~1d 19h 20m for 28 epoch(s) left, mAP every 4 epoch(s) and final mAP.

Epoch 9/36
--------------------------------------------------
Epoch 9/36 complete: 6846/6846 batches, loss: 1.0247
  Effective LR: ref=2.500e-03 (0=2.500e-03)
Validation complete: 1561 batches
Validation Metrics:
--------------------------------------------------
  Eval thresholds (mAP / matching): score≥0.3000, IoU≥0.50
  Avg Detections per Image (score≥0.3000): 16.20  ↑0.27
  Avg Detections per Image (score≥0.5): 8.94  ↑0.38
  Max detection score: 0.981
  Mean detection score: 0.176
  Time per Step: 2.0767  ↑0.0275
  Accuracy / GT cover: (skipped — computed on mAP epochs)
  Ground Truth objects: 57768
  mAP: (skipped)
  Ground Truth Classes: 15 classes
  Predicted Classes: 15 classes
  Timing: 1h 15m this epoch (avg 1h 28m) | ETA ~1d 17h 7m for 27 epoch(s) left, mAP every 4 epoch(s) and final mAP.

Epoch 10/36
--------------------------------------------------
Epoch 10/36 complete: 6846/6846 batches, loss: 0.9966
  Effective LR: ref=2.500e-03 (0=2.500e-03)
Validation complete: 1561 batches
Validation Metrics:
--------------------------------------------------
  Eval thresholds (mAP / matching): score≥0.3000, IoU≥0.50
  Avg Detections per Image (score≥0.3000): 16.59  ↑0.38
  Avg Detections per Image (score≥0.5): 9.39  ↑0.45
  Max detection score: 0.985
  Mean detection score: 0.177
  Time per Step: 2.0858  ↓0.0091
  Accuracy / GT cover: (skipped — computed on mAP epochs)
  Ground Truth objects: 57768
  mAP: (skipped)
  Ground Truth Classes: 15 classes
  Predicted Classes: 15 classes
  Timing: 1h 23m this epoch (avg 1h 27m) | ETA ~1d 15h 28m for 26 epoch(s) left, mAP every 4 epoch(s) and final mAP.

Epoch 11/36
--------------------------------------------------
Epoch 11/36 complete: 6846/6846 batches, loss: 0.9708
  Effective LR: ref=2.500e-03 (0=2.500e-03)
Validation complete: 1561 batches
Validation Metrics:
--------------------------------------------------
  Eval thresholds (mAP / matching): score≥0.3000, IoU≥0.50
  Avg Detections per Image (score≥0.3000): 16.85  ↑0.26
  Avg Detections per Image (score≥0.5): 9.75  ↑0.37
  Max detection score: 0.983
  Mean detection score: 0.171
  Time per Step: 2.0847  ↑0.0011
  Accuracy / GT cover: (skipped — computed on mAP epochs)
  Ground Truth objects: 57768
  mAP: (skipped)
  Ground Truth Classes: 15 classes
  Predicted Classes: 15 classes
  Timing: 1h 21m this epoch (avg 1h 27m) | ETA ~1d 13h 45m for 25 epoch(s) left, mAP every 4 epoch(s) and final mAP.

Epoch 12/36
--------------------------------------------------
Epoch 12/36 complete: 6846/6846 batches, loss: 0.9483
  Effective LR: ref=2.500e-03 (0=2.500e-03)

Computing mAP (periodic evaluation: every 4 epoch(s))...
Validation complete: 1561 batches

Computing mAP (this may take a while)...
  Eval filters: score≥0.3000, IoU≥0.50
  Images: 3,121
  Total detections (post score filter): 54,683 (17.5 per image)
  Total ground truths: 57,768 (18.5 per image)
  Warning: Large number of detections may slow down mAP computation
  Consider increasing evaluation.score_threshold (current: 0.3) for faster mAP matching
  Computing AP for basketball-court: 413 dets, 278 GTs (114,814 IoU calculations)
  Computing AP for bridge: 771 dets, 666 GTs (513,486 IoU calculations)
  WARNING: harbor has 21,283,696 IoU calculations (4,952 dets × 4,298 GTs). This will be slow!
  Computing AP for harbor: 4,952 dets, 4,298 GTs (21,283,696 IoU calculations)
    Using chunked batch IoU computation (GPU-accelerated) for harbor (21,283,696 calculations)
    Processing 4,952 detections in chunks of 1,163
  WARNING: large-vehicle has 71,058,278 IoU calculations (7,561 dets × 9,398 GTs). This will be slow!
  Computing AP for large-vehicle: 7,561 dets, 9,398 GTs (71,058,278 IoU calculations)
    Using chunked batch IoU computation (GPU-accelerated) for large-vehicle (71,058,278 calculations)
    Processing 7,561 detections in chunks of 532
  WARNING: plane has 24,151,755 IoU calculations (5,105 dets × 4,731 GTs). This will be slow!
  Computing AP for plane: 5,105 dets, 4,731 GTs (24,151,755 IoU calculations)
    Using chunked batch IoU computation (GPU-accelerated) for plane (24,151,755 calculations)
    Processing 5,105 detections in chunks of 1,056
  WARNING: ship has 347,642,238 IoU calculations (18,757 dets × 18,534 GTs). This will be slow!
  Computing AP for ship: 18,757 dets, 18,534 GTs (347,642,238 IoU calculations)
    Using chunked batch IoU computation (GPU-accelerated) for ship (347,642,238 calculations)
    Processing 18,757 detections in chunks of 269
  WARNING: small-vehicle has 92,729,905 IoU calculations (8,165 dets × 11,357 GTs). This will be slow!
  Computing AP for small-vehicle: 8,165 dets, 11,357 GTs (92,729,905 IoU calculations)
    Using chunked batch IoU computation (GPU-accelerated) for small-vehicle (92,729,905 calculations)
    Processing 8,165 detections in chunks of 440
  WARNING: storage-tank has 31,086,549 IoU calculations (6,179 dets × 5,031 GTs). This will be slow!
  Computing AP for storage-tank: 6,179 dets, 5,031 GTs (31,086,549 IoU calculations)
    Using chunked batch IoU computation (GPU-accelerated) for storage-tank (31,086,549 calculations)
    Processing 6,179 detections in chunks of 993
  Computing AP for swimming-pool: 532 dets, 693 GTs (368,676 IoU calculations)
  Computing AP for tennis-court: 1,516 dets, 1,529 GTs (2,317,964 IoU calculations)
  mAP computation completed in 23m 42s. mAP: 0.5708
Validation Metrics:
--------------------------------------------------
  Eval thresholds (mAP / matching): score≥0.3000, IoU≥0.50
  Avg Detections per Image (score≥0.3000): 16.90  ↑0.06
  Avg Detections per Image (score≥0.5): 9.80  ↑0.04
  Max detection score: 0.969
  Mean detection score: 0.175
  Time per Step: 2.0645  ↑0.0202
  Accuracy: 0.7166 (71.66%)
  Correct Predictions: 39188/54683 (matched detections)
  Ground Truth objects: 57768
  GT covered pre-eval-threshold: 43300/57768
  GT covered post-eval-threshold: 39207/57768
  GT lost by eval-threshold filtering: 4093
  GT cover rate pre-eval-threshold: 74.95%
  GT cover rate post-eval-threshold: 67.87%
  GT IoU vs raw dets (eval IoU threshold=0.50; per-GT max IoU over all dets / over same-class dets):
    mean best IoU (any class): 0.6029, median: 0.6831
    mean best IoU (correct class): 0.5918, median: 0.6787
    GTs with IoU≥thresh but no same-class hit (wrong-class / misaligned): 879
    GTs with no detection above IoU thresh (missed / poor loc): 13589
    GTs with 0% best IoU vs any detection (no spatial overlap): 2564 (4.44% of GTs)
    histogram best IoU (any class) [0,0.25)/[0.25,0.5)/[0.5,0.75)/[0.75,1]: 6526/7063/26863/17316
    histogram best IoU (correct class) [0,0.25)/[0.25,0.5)/[0.5,0.75)/[0.75,1]: 7329/7139/26432/16868
  Class-agnostic duplicate rate (post score thresh; IoU≥0.50 vs a higher-score box): micro=0.51% (277/54683 boxes), macro mean over images with detections=1.25% (2948 images)
  mAP: 0.5708  ↓0.0128 (57.08%)
  Per-Class AP:
    baseball-diamond: 0.5173  ↓0.0605 (51.73%)
    basketball-court: 0.7920  ↑0.0252 (79.20%)
    bridge: 0.4339  ↑0.0881 (43.39%)
    ground-track-field: 0.5287  ↓0.0165 (52.87%)
    harbor: 0.5360  ↑0.1385 (53.60%)
    helicopter: 0.4545  ↓0.0450 (45.45%)
    large-vehicle: 0.3774  ↑0.0023 (37.74%)
    plane: 0.9004  ↑0.0032 (90.04%)
    roundabout: 0.6896  ↓0.0065 (68.96%)
    ship: 0.6723  ↓0.0113 (67.23%)
    small-vehicle: 0.4923  ↓0.0777 (49.23%)
    soccer-ball-field: 0.1584  ↓0.3474 (15.84%)
    storage-tank: 0.6113  ↑0.0733 (61.13%)
    swimming-pool: 0.4907  ↑0.0426 (49.07%)
    tennis-court: 0.9066  ↓0.0009 (90.66%)
  Ground Truth Classes: 15 classes
  Predicted Classes: 15 classes
  Timing: 1h 41m this epoch (avg 1h 28m) | ETA ~1d 12h 48m for 24 epoch(s) left, mAP every 4 epoch(s) and final mAP.

Epoch 13/36
--------------------------------------------------
Epoch 13/36 complete: 6846/6846 batches, loss: 0.9282
  Effective LR: ref=2.500e-03 (0=2.500e-03)
Validation complete: 1561 batches
Validation Metrics:
--------------------------------------------------
  Eval thresholds (mAP / matching): score≥0.3000, IoU≥0.50
  Avg Detections per Image (score≥0.3000): 17.14  ↑0.23
  Avg Detections per Image (score≥0.5): 10.09  ↑0.30
  Max detection score: 0.986
  Mean detection score: 0.184
  Time per Step: 2.0591  ↑0.0054
  Accuracy / GT cover: (skipped — computed on mAP epochs)
  Ground Truth objects: 57768
  mAP: (skipped)
  Ground Truth Classes: 15 classes
  Predicted Classes: 15 classes
  Timing: 1h 19m this epoch (avg 1h 27m) | ETA ~1d 11h 4m for 23 epoch(s) left, mAP every 4 epoch(s) and final mAP.

Epoch 14/36
--------------------------------------------------
Epoch 14/36 complete: 6846/6846 batches, loss: 0.9101
  Effective LR: ref=2.500e-03 (0=2.500e-03)
Validation complete: 1561 batches
Validation Metrics:
--------------------------------------------------
  Eval thresholds (mAP / matching): score≥0.3000, IoU≥0.50
  Avg Detections per Image (score≥0.3000): 17.29  ↑0.16
  Avg Detections per Image (score≥0.5): 10.35  ↑0.26
  Max detection score: 0.990
  Mean detection score: 0.205
  Time per Step: 2.0555  ↑0.0036
  Accuracy / GT cover: (skipped — computed on mAP epochs)
  Ground Truth objects: 57768
  mAP: (skipped)
  Ground Truth Classes: 15 classes
  Predicted Classes: 15 classes
  Timing: 1h 19m this epoch (avg 1h 27m) | ETA ~1d 9h 23m for 22 epoch(s) left, mAP every 4 epoch(s) and final mAP.

Epoch 15/36
--------------------------------------------------
Epoch 15/36 complete: 6846/6846 batches, loss: 0.8937
  Effective LR: ref=2.500e-03 (0=2.500e-03)
Validation complete: 1561 batches
Validation Metrics:
--------------------------------------------------
  Eval thresholds (mAP / matching): score≥0.3000, IoU≥0.50
  Avg Detections per Image (score≥0.3000): 17.42  ↑0.13
  Avg Detections per Image (score≥0.5): 10.56  ↑0.20
  Max detection score: 0.990
  Mean detection score: 0.171
  Time per Step: 2.0543  ↑0.0011
  Accuracy / GT cover: (skipped — computed on mAP epochs)
  Ground Truth objects: 57768
  mAP: (skipped)
  Ground Truth Classes: 15 classes
  Predicted Classes: 15 classes
  Timing: 1h 20m this epoch (avg 1h 26m) | ETA ~1d 7h 46m for 21 epoch(s) left, mAP every 4 epoch(s) and final mAP.

Epoch 16/36
--------------------------------------------------
Epoch 16/36 complete: 6846/6846 batches, loss: 0.8784
  Effective LR: ref=2.500e-03 (0=2.500e-03)

Computing mAP (periodic evaluation: every 4 epoch(s))...
Validation complete: 1561 batches

Computing mAP (this may take a while)...
  Eval filters: score≥0.3000, IoU≥0.50
  Images: 3,121
  Total detections (post score filter): 68,009 (21.8 per image)
  Total ground truths: 57,768 (18.5 per image)
  Warning: Large number of detections may slow down mAP computation
  Consider increasing evaluation.score_threshold (current: 0.3) for faster mAP matching
  Computing AP for bridge: 1,060 dets, 666 GTs (705,960 IoU calculations)
  WARNING: harbor has 23,415,504 IoU calculations (5,448 dets × 4,298 GTs). This will be slow!
  Computing AP for harbor: 5,448 dets, 4,298 GTs (23,415,504 IoU calculations)
    Using chunked batch IoU computation (GPU-accelerated) for harbor (23,415,504 calculations)
    Processing 5,448 detections in chunks of 1,163
  WARNING: large-vehicle has 110,050,580 IoU calculations (11,710 dets × 9,398 GTs). This will be slow!
  Computing AP for large-vehicle: 11,710 dets, 9,398 GTs (110,050,580 IoU calculations)
    Using chunked batch IoU computation (GPU-accelerated) for large-vehicle (110,050,580 calculations)
    Processing 11,710 detections in chunks of 532
  WARNING: plane has 25,079,031 IoU calculations (5,301 dets × 4,731 GTs). This will be slow!
  Computing AP for plane: 5,301 dets, 4,731 GTs (25,079,031 IoU calculations)
    Using chunked batch IoU computation (GPU-accelerated) for plane (25,079,031 calculations)
    Processing 5,301 detections in chunks of 1,056
  WARNING: ship has 370,068,378 IoU calculations (19,967 dets × 18,534 GTs). This will be slow!
  Computing AP for ship: 19,967 dets, 18,534 GTs (370,068,378 IoU calculations)
    Using chunked batch IoU computation (GPU-accelerated) for ship (370,068,378 calculations)
    Processing 19,967 detections in chunks of 269
  WARNING: small-vehicle has 139,293,605 IoU calculations (12,265 dets × 11,357 GTs). This will be slow!
  Computing AP for small-vehicle: 12,265 dets, 11,357 GTs (139,293,605 IoU calculations)
    Using chunked batch IoU computation (GPU-accelerated) for small-vehicle (139,293,605 calculations)
    Processing 12,265 detections in chunks of 440
  WARNING: storage-tank has 43,452,747 IoU calculations (8,637 dets × 5,031 GTs). This will be slow!
  Computing AP for storage-tank: 8,637 dets, 5,031 GTs (43,452,747 IoU calculations)
    Using chunked batch IoU computation (GPU-accelerated) for storage-tank (43,452,747 calculations)
    Processing 8,637 detections in chunks of 993
  Computing AP for swimming-pool: 622 dets, 693 GTs (431,046 IoU calculations)
  Computing AP for tennis-court: 1,593 dets, 1,529 GTs (2,435,697 IoU calculations)
  mAP computation completed in 28m 38s. mAP: 0.6411
Validation Metrics:
--------------------------------------------------
  Eval thresholds (mAP / matching): score≥0.3000, IoU≥0.50
  Avg Detections per Image (score≥0.3000): 17.70  ↑0.27
  Avg Detections per Image (score≥0.5): 10.76  ↑0.20
  Max detection score: 0.989
  Mean detection score: 0.179
  Time per Step: 2.0590  ↓0.0046
  Accuracy: 0.6147 (61.47%)
  Correct Predictions: 41805/68009 (matched detections)
  Ground Truth objects: 57768
  GT covered pre-eval-threshold: 43951/57768
  GT covered post-eval-threshold: 41838/57768
  GT lost by eval-threshold filtering: 2113
  GT cover rate pre-eval-threshold: 76.08%
  GT cover rate post-eval-threshold: 72.42%
  GT IoU vs raw dets (eval IoU threshold=0.50; per-GT max IoU over all dets / over same-class dets):
    mean best IoU (any class): 0.6026, median: 0.6704
    mean best IoU (correct class): 0.5939, median: 0.6667
    GTs with IoU≥thresh but no same-class hit (wrong-class / misaligned): 658
    GTs with no detection above IoU thresh (missed / poor loc): 13159
    GTs with 0% best IoU vs any detection (no spatial overlap): 2252 (3.90% of GTs)
    histogram best IoU (any class) [0,0.25)/[0.25,0.5)/[0.5,0.75)/[0.75,1]: 5843/7316/29047/15562
    histogram best IoU (correct class) [0,0.25)/[0.25,0.5)/[0.5,0.75)/[0.75,1]: 6469/7348/28798/15153
  Class-agnostic duplicate rate (post score thresh; IoU≥0.50 vs a higher-score box): micro=1.02% (697/68009 boxes), macro mean over images with detections=1.68% (3023 images)
  mAP: 0.6411  ↑0.0703 (64.11%)
  Per-Class AP:
    baseball-diamond: 0.5328  ↑0.0155 (53.28%)
    basketball-court: 0.7663  ↓0.0257 (76.63%)
    bridge: 0.4866  ↑0.0527 (48.66%)
    ground-track-field: 0.8044  ↑0.2757 (80.44%)
    harbor: 0.5287  ↓0.0073 (52.87%)
    helicopter: 0.6064  ↑0.1518 (60.64%)
    large-vehicle: 0.5076  ↑0.1302 (50.76%)
    plane: 0.9049  ↑0.0045 (90.49%)
    roundabout: 0.6671  ↓0.0225 (66.71%)
    ship: 0.6187  ↓0.0537 (61.87%)
    small-vehicle: 0.5497  ↑0.0574 (54.97%)
    soccer-ball-field: 0.5895  ↑0.4311 (58.95%)
    storage-tank: 0.5795  ↓0.0318 (57.95%)
    swimming-pool: 0.5655  ↑0.0748 (56.55%)
    tennis-court: 0.9091  ↑0.0025 (90.91%)
  Ground Truth Classes: 15 classes
  Predicted Classes: 15 classes
  Timing: 1h 54m this epoch (avg 1h 28m) | ETA ~1d 6h 56m for 20 epoch(s) left, mAP every 4 epoch(s) and final mAP.

Epoch 17/36
--------------------------------------------------
Epoch 17/36 complete: 6846/6846 batches, loss: 0.8644
  Effective LR: ref=2.500e-03 (0=2.500e-03)
Validation complete: 1561 batches
Validation Metrics:
--------------------------------------------------
  Eval thresholds (mAP / matching): score≥0.3000, IoU≥0.50
  Avg Detections per Image (score≥0.3000): 17.85  ↑0.15
  Avg Detections per Image (score≥0.5): 10.95  ↑0.19
  Max detection score: 0.984
  Mean detection score: 0.191
  Time per Step: 2.0536  ↑0.0054
  Accuracy / GT cover: (skipped — computed on mAP epochs)
  Ground Truth objects: 57768
  mAP: (skipped)
  Ground Truth Classes: 15 classes
  Predicted Classes: 15 classes
  Timing: 1h 18m this epoch (avg 1h 27m) | ETA ~1d 5h 17m for 19 epoch(s) left, mAP every 4 epoch(s) and final mAP.

Epoch 18/36
--------------------------------------------------
Epoch 18/36 complete: 6846/6846 batches, loss: 0.8514
  Effective LR: ref=2.500e-03 (0=2.500e-03)
Validation complete: 1561 batches
Validation Metrics:
--------------------------------------------------
  Eval thresholds (mAP / matching): score≥0.3000, IoU≥0.50
  Avg Detections per Image (score≥0.3000): 17.99  ↑0.14
  Avg Detections per Image (score≥0.5): 11.07  ↑0.12
  Max detection score: 0.987
  Mean detection score: 0.184
  Time per Step: 2.0572  ↓0.0036
  Accuracy / GT cover: (skipped — computed on mAP epochs)
  Ground Truth objects: 57768
  mAP: (skipped)
  Ground Truth Classes: 15 classes
  Predicted Classes: 15 classes
  Timing: 1h 22m this epoch (avg 1h 27m) | ETA ~1d 3h 43m for 18 epoch(s) left, mAP every 4 epoch(s) and final mAP.

Epoch 19/36
--------------------------------------------------
Epoch 19/36 complete: 6846/6846 batches, loss: 0.8395
  Effective LR: ref=2.500e-03 (0=2.500e-03)
Validation complete: 1561 batches
Validation Metrics:
--------------------------------------------------
  Eval thresholds (mAP / matching): score≥0.3000, IoU≥0.50
  Avg Detections per Image (score≥0.3000): 18.19  ↑0.20
  Avg Detections per Image (score≥0.5): 11.28  ↑0.22
  Max detection score: 0.992
  Mean detection score: 0.183
  Time per Step: 2.0620  ↓0.0048
  Accuracy / GT cover: (skipped — computed on mAP epochs)
  Ground Truth objects: 57768
  mAP: (skipped)
  Ground Truth Classes: 15 classes
  Predicted Classes: 15 classes
  Timing: 1h 23m this epoch (avg 1h 27m) | ETA ~1d 2h 12m for 17 epoch(s) left, mAP every 4 epoch(s) and final mAP.

Epoch 20/36
--------------------------------------------------
Epoch 20/36 complete: 6846/6846 batches, loss: 0.8281
  Effective LR: ref=2.500e-03 (0=2.500e-03)

Computing mAP (periodic evaluation: every 4 epoch(s))...
Validation complete: 1561 batches

Computing mAP (this may take a while)...
  Eval filters: score≥0.3000, IoU≥0.50
  Images: 3,121
  Total detections (post score filter): 64,311 (20.6 per image)
  Total ground truths: 57,768 (18.5 per image)
  Warning: Large number of detections may slow down mAP computation
  Consider increasing evaluation.score_threshold (current: 0.3) for faster mAP matching
  Computing AP for baseball-diamond: 402 dets, 364 GTs (146,328 IoU calculations)
  Computing AP for bridge: 788 dets, 666 GTs (524,808 IoU calculations)
  WARNING: harbor has 26,209,204 IoU calculations (6,098 dets × 4,298 GTs). This will be slow!
  Computing AP for harbor: 6,098 dets, 4,298 GTs (26,209,204 IoU calculations)
    Using chunked batch IoU computation (GPU-accelerated) for harbor (26,209,204 calculations)
    Processing 6,098 detections in chunks of 1,163
  WARNING: large-vehicle has 98,810,572 IoU calculations (10,514 dets × 9,398 GTs). This will be slow!
  Computing AP for large-vehicle: 10,514 dets, 9,398 GTs (98,810,572 IoU calculations)
    Using chunked batch IoU computation (GPU-accelerated) for large-vehicle (98,810,572 calculations)
    Processing 10,514 detections in chunks of 532
  WARNING: plane has 24,265,299 IoU calculations (5,129 dets × 4,731 GTs). This will be slow!
  Computing AP for plane: 5,129 dets, 4,731 GTs (24,265,299 IoU calculations)
    Using chunked batch IoU computation (GPU-accelerated) for plane (24,265,299 calculations)
    Processing 5,129 detections in chunks of 1,056
  WARNING: ship has 368,530,056 IoU calculations (19,884 dets × 18,534 GTs). This will be slow!
  Computing AP for ship: 19,884 dets, 18,534 GTs (368,530,056 IoU calculations)
    Using chunked batch IoU computation (GPU-accelerated) for ship (368,530,056 calculations)
    Processing 19,884 detections in chunks of 269
  WARNING: small-vehicle has 149,878,329 IoU calculations (13,197 dets × 11,357 GTs). This will be slow!
  Computing AP for small-vehicle: 13,197 dets, 11,357 GTs (149,878,329 IoU calculations)
    Using chunked batch IoU computation (GPU-accelerated) for small-vehicle (149,878,329 calculations)
    Processing 13,197 detections in chunks of 440
  WARNING: storage-tank has 23,529,987 IoU calculations (4,677 dets × 5,031 GTs). This will be slow!
  Computing AP for storage-tank: 4,677 dets, 5,031 GTs (23,529,987 IoU calculations)
    Using chunked batch IoU computation (GPU-accelerated) for storage-tank (23,529,987 calculations)
    Processing 4,677 detections in chunks of 993
  Computing AP for swimming-pool: 810 dets, 693 GTs (561,330 IoU calculations)
  Computing AP for tennis-court: 1,605 dets, 1,529 GTs (2,454,045 IoU calculations)
  mAP computation completed in 27m 48s. mAP: 0.6841
Validation Metrics:
--------------------------------------------------
  Eval thresholds (mAP / matching): score≥0.3000, IoU≥0.50
  Avg Detections per Image (score≥0.3000): 18.31  ↑0.12
  Avg Detections per Image (score≥0.5): 11.41  ↑0.13
  Max detection score: 0.986
  Mean detection score: 0.200
  Time per Step: 2.0520  ↑0.0100
  Accuracy: 0.6555 (65.55%)
  Correct Predictions: 42154/64311 (matched detections)
  Ground Truth objects: 57768
  GT covered pre-eval-threshold: 44422/57768
  GT covered post-eval-threshold: 42193/57768
  GT lost by eval-threshold filtering: 2229
  GT cover rate pre-eval-threshold: 76.90%
  GT cover rate post-eval-threshold: 73.04%
  GT IoU vs raw dets (eval IoU threshold=0.50; per-GT max IoU over all dets / over same-class dets):
    mean best IoU (any class): 0.6153, median: 0.6927
    mean best IoU (correct class): 0.6069, median: 0.6892
    GTs with IoU≥thresh but no same-class hit (wrong-class / misaligned): 607
    GTs with no detection above IoU thresh (missed / poor loc): 12739
    GTs with 0% best IoU vs any detection (no spatial overlap): 1918 (3.32% of GTs)
    histogram best IoU (any class) [0,0.25)/[0.25,0.5)/[0.5,0.75)/[0.75,1]: 5946/6793/26535/18494
    histogram best IoU (correct class) [0,0.25)/[0.25,0.5)/[0.5,0.75)/[0.75,1]: 6551/6795/26305/18117
  Class-agnostic duplicate rate (post score thresh; IoU≥0.50 vs a higher-score box): micro=1.09% (698/64311 boxes), macro mean over images with detections=2.12% (3050 images)
  mAP: 0.6841  ↑0.0430 (68.41%)
  Per-Class AP:
    baseball-diamond: 0.8690  ↑0.3362 (86.90%)
    basketball-court: 0.8404  ↑0.0741 (84.04%)
    bridge: 0.4653  ↓0.0213 (46.53%)
    ground-track-field: 0.8034  ↓0.0010 (80.34%)
    harbor: 0.5745  ↑0.0458 (57.45%)
    helicopter: 0.6150  ↑0.0087 (61.50%)
    large-vehicle: 0.4592  ↓0.0484 (45.92%)
    plane: 0.9044  ↓0.0004 (90.44%)
    roundabout: 0.7154  ↑0.0483 (71.54%)
    ship: 0.6657  ↑0.0470 (66.57%)
    small-vehicle: 0.5739  ↑0.0242 (57.39%)
    soccer-ball-field: 0.6135  ↑0.0240 (61.35%)
    storage-tank: 0.6188  ↑0.0393 (61.88%)
    swimming-pool: 0.6336  ↑0.0681 (63.36%)
    tennis-court: 0.9088  ↓0.0003 (90.88%)
  Ground Truth Classes: 15 classes
  Predicted Classes: 15 classes
  Timing: 1h 46m this epoch (avg 1h 28m) | ETA ~1d 1h 1m for 16 epoch(s) left, mAP every 4 epoch(s) and final mAP.

Epoch 21/36
--------------------------------------------------
Epoch 21/36 complete: 6846/6846 batches, loss: 0.8176
  Effective LR: ref=2.500e-03 (0=2.500e-03)
Validation complete: 1561 batches
Validation Metrics:
--------------------------------------------------
  Eval thresholds (mAP / matching): score≥0.3000, IoU≥0.50
  Avg Detections per Image (score≥0.3000): 18.47  ↑0.16
  Avg Detections per Image (score≥0.5): 11.58  ↑0.16
  Max detection score: 0.990
  Mean detection score: 0.203
  Time per Step: 2.0523  ↓0.0003
  Accuracy / GT cover: (skipped — computed on mAP epochs)
  Ground Truth objects: 57768
  mAP: (skipped)
  Ground Truth Classes: 15 classes
  Predicted Classes: 15 classes
  Timing: 1h 21m this epoch (avg 1h 27m) | ETA ~23h 27m for 15 epoch(s) left, mAP every 4 epoch(s) and final mAP.

Epoch 22/36
--------------------------------------------------
Epoch 22/36 complete: 6846/6846 batches, loss: 0.8076
  Effective LR: ref=2.500e-03 (0=2.500e-03)
Validation complete: 1561 batches
Validation Metrics:
--------------------------------------------------
  Eval thresholds (mAP / matching): score≥0.3000, IoU≥0.50
  Avg Detections per Image (score≥0.3000): 18.50  ↑0.03
  Avg Detections per Image (score≥0.5): 11.64  ↑0.06
  Max detection score: 0.988
  Mean detection score: 0.179
  Time per Step: 2.0486  ↑0.0037
  Accuracy / GT cover: (skipped — computed on mAP epochs)
  Ground Truth objects: 57768
  mAP: (skipped)
  Ground Truth Classes: 15 classes
  Predicted Classes: 15 classes
  Timing: 1h 18m this epoch (avg 1h 27m) | ETA ~21h 53m for 14 epoch(s) left, mAP every 4 epoch(s) and final mAP.

Epoch 23/36
--------------------------------------------------
Epoch 23/36 complete: 6846/6846 batches, loss: 0.7984
  Effective LR: ref=2.500e-03 (0=2.500e-03)
Validation complete: 1561 batches
Validation Metrics:
--------------------------------------------------
  Eval thresholds (mAP / matching): score≥0.3000, IoU≥0.50
  Avg Detections per Image (score≥0.3000): 18.61  ↑0.11
  Avg Detections per Image (score≥0.5): 11.74  ↑0.10
  Max detection score: 0.990
  Mean detection score: 0.191
  Time per Step: 2.0540  ↓0.0055
  Accuracy / GT cover: (skipped — computed on mAP epochs)
  Ground Truth objects: 57768
  mAP: (skipped)
  Ground Truth Classes: 15 classes
  Predicted Classes: 15 classes
  Timing: 1h 24m this epoch (avg 1h 27m) | ETA ~20h 23m for 13 epoch(s) left, mAP every 4 epoch(s) and final mAP.

Epoch 24/36
--------------------------------------------------
Epoch 24/36 complete: 6846/6846 batches, loss: 0.7895
  Effective LR: ref=2.500e-03 (0=2.500e-03)

Computing mAP (periodic evaluation: every 4 epoch(s))...
Validation complete: 1561 batches

Computing mAP (this may take a while)...
  Eval filters: score≥0.3000, IoU≥0.50
  Images: 3,121
  Total detections (post score filter): 60,514 (19.4 per image)
  Total ground truths: 57,768 (18.5 per image)
  Warning: Large number of detections may slow down mAP computation
  Consider increasing evaluation.score_threshold (current: 0.3) for faster mAP matching
  Computing AP for baseball-diamond: 361 dets, 364 GTs (131,404 IoU calculations)
  Computing AP for bridge: 915 dets, 666 GTs (609,390 IoU calculations)
  WARNING: harbor has 27,524,392 IoU calculations (6,404 dets × 4,298 GTs). This will be slow!
  Computing AP for harbor: 6,404 dets, 4,298 GTs (27,524,392 IoU calculations)
    Using chunked batch IoU computation (GPU-accelerated) for harbor (27,524,392 calculations)
    Processing 6,404 detections in chunks of 1,163
  WARNING: large-vehicle has 99,562,412 IoU calculations (10,594 dets × 9,398 GTs). This will be slow!
  Computing AP for large-vehicle: 10,594 dets, 9,398 GTs (99,562,412 IoU calculations)
    Using chunked batch IoU computation (GPU-accelerated) for large-vehicle (99,562,412 calculations)
    Processing 10,594 detections in chunks of 532
  WARNING: plane has 24,605,931 IoU calculations (5,201 dets × 4,731 GTs). This will be slow!
  Computing AP for plane: 5,201 dets, 4,731 GTs (24,605,931 IoU calculations)
    Using chunked batch IoU computation (GPU-accelerated) for plane (24,605,931 calculations)
    Processing 5,201 detections in chunks of 1,056
  WARNING: ship has 334,835,244 IoU calculations (18,066 dets × 18,534 GTs). This will be slow!
  Computing AP for ship: 18,066 dets, 18,534 GTs (334,835,244 IoU calculations)
    Using chunked batch IoU computation (GPU-accelerated) for ship (334,835,244 calculations)
    Processing 18,066 detections in chunks of 269
  WARNING: small-vehicle has 110,492,253 IoU calculations (9,729 dets × 11,357 GTs). This will be slow!
  Computing AP for small-vehicle: 9,729 dets, 11,357 GTs (110,492,253 IoU calculations)
    Using chunked batch IoU computation (GPU-accelerated) for small-vehicle (110,492,253 calculations)
    Processing 9,729 detections in chunks of 440
  WARNING: storage-tank has 27,036,594 IoU calculations (5,374 dets × 5,031 GTs). This will be slow!
  Computing AP for storage-tank: 5,374 dets, 5,031 GTs (27,036,594 IoU calculations)
    Using chunked batch IoU computation (GPU-accelerated) for storage-tank (27,036,594 calculations)
    Processing 5,374 detections in chunks of 993
  Computing AP for swimming-pool: 951 dets, 693 GTs (659,043 IoU calculations)
  Computing AP for tennis-court: 1,564 dets, 1,529 GTs (2,391,356 IoU calculations)
  mAP computation completed in 25m 8s. mAP: 0.7113
Validation Metrics:
--------------------------------------------------
  Eval thresholds (mAP / matching): score≥0.3000, IoU≥0.50
  Avg Detections per Image (score≥0.3000): 18.64  ↑0.03
  Avg Detections per Image (score≥0.5): 11.82  ↑0.07
  Max detection score: 0.986
  Mean detection score: 0.182
  Time per Step: 2.0483  ↑0.0057
  Accuracy: 0.7008 (70.08%)
  Correct Predictions: 42407/60514 (matched detections)
  Ground Truth objects: 57768
  GT covered pre-eval-threshold: 45026/57768
  GT covered post-eval-threshold: 42450/57768
  GT lost by eval-threshold filtering: 2576
  GT cover rate pre-eval-threshold: 77.94%
  GT cover rate post-eval-threshold: 73.48%
  GT IoU vs raw dets (eval IoU threshold=0.50; per-GT max IoU over all dets / over same-class dets):
    mean best IoU (any class): 0.6206, median: 0.7002
    mean best IoU (correct class): 0.6111, median: 0.6973
    GTs with IoU≥thresh but no same-class hit (wrong-class / misaligned): 646
    GTs with no detection above IoU thresh (missed / poor loc): 12096
    GTs with 0% best IoU vs any detection (no spatial overlap): 1916 (3.32% of GTs)
    histogram best IoU (any class) [0,0.25)/[0.25,0.5)/[0.5,0.75)/[0.75,1]: 6173/5923/26143/19529
    histogram best IoU (correct class) [0,0.25)/[0.25,0.5)/[0.5,0.75)/[0.75,1]: 6804/5938/25962/19064
  Class-agnostic duplicate rate (post score thresh; IoU≥0.50 vs a higher-score box): micro=1.15% (695/60514 boxes), macro mean over images with detections=2.50% (3075 images)
  mAP: 0.7113  ↑0.0272 (71.13%)
  Per-Class AP:
    baseball-diamond: 0.7956  ↓0.0734 (79.56%)
    basketball-court: 0.8944  ↑0.0541 (89.44%)
    bridge: 0.4823  ↑0.0170 (48.23%)
    ground-track-field: 0.8709  ↑0.0675 (87.09%)
    harbor: 0.6086  ↑0.0340 (60.86%)
    helicopter: 0.7088  ↑0.0937 (70.88%)
    large-vehicle: 0.5640  ↑0.1048 (56.40%)
    plane: 0.9047  ↑0.0002 (90.47%)
    roundabout: 0.7975  ↑0.0820 (79.75%)
    ship: 0.6457  ↓0.0201 (64.57%)
    small-vehicle: 0.5825  ↑0.0086 (58.25%)
    soccer-ball-field: 0.6592  ↑0.0456 (65.92%)
    storage-tank: 0.6070  ↓0.0118 (60.70%)
    swimming-pool: 0.6431  ↑0.0095 (64.31%)
    tennis-court: 0.9049  ↓0.0039 (90.49%)
  Ground Truth Classes: 15 classes
  Predicted Classes: 15 classes
  Timing: 1h 45m this epoch (avg 1h 28m) | ETA ~19h 6m for 12 epoch(s) left, mAP every 4 epoch(s) and final mAP.

Epoch 25/36
--------------------------------------------------
Epoch 25/36 complete: 6846/6846 batches, loss: 0.7775
  Effective LR: ref=2.500e-04 (0=2.500e-04)
Validation complete: 1561 batches
Validation Metrics:
--------------------------------------------------
  Eval thresholds (mAP / matching): score≥0.3000, IoU≥0.50
  Avg Detections per Image (score≥0.3000): 18.74  ↑0.09
  Avg Detections per Image (score≥0.5): 11.94  ↑0.12
  Max detection score: 0.993
  Mean detection score: 0.219
  Time per Step: 2.0387  ↑0.0097
  Accuracy / GT cover: (skipped — computed on mAP epochs)
  Ground Truth objects: 57768
  mAP: (skipped)
  Ground Truth Classes: 15 classes
  Predicted Classes: 15 classes
  Timing: 1h 14m this epoch (avg 1h 27m) | ETA ~17h 31m for 11 epoch(s) left, mAP every 4 epoch(s) and final mAP.

Epoch 26/36
--------------------------------------------------
Epoch 26/36 complete: 6846/6846 batches, loss: 0.7657
  Effective LR: ref=2.500e-04 (0=2.500e-04)
Validation complete: 1561 batches
Validation Metrics:
--------------------------------------------------
  Eval thresholds (mAP / matching): score≥0.3000, IoU≥0.50
  Avg Detections per Image (score≥0.3000): 18.82  ↑0.08
  Avg Detections per Image (score≥0.5): 12.05  ↑0.11
  Max detection score: 0.995
  Mean detection score: 0.226
  Time per Step: 2.0282  ↑0.0105
  Accuracy / GT cover: (skipped — computed on mAP epochs)
  Ground Truth objects: 57768
  mAP: (skipped)
  Ground Truth Classes: 15 classes
  Predicted Classes: 15 classes
  Timing: 1h 13m this epoch (avg 1h 27m) | ETA ~15h 57m for 10 epoch(s) left, mAP every 4 epoch(s) and final mAP.

Epoch 27/36
--------------------------------------------------
Epoch 27/36 complete: 6846/6846 batches, loss: 0.7543
  Effective LR: ref=2.500e-04 (0=2.500e-04)
Validation complete: 1561 batches
Validation Metrics:
--------------------------------------------------
  Eval thresholds (mAP / matching): score≥0.3000, IoU≥0.50
  Avg Detections per Image (score≥0.3000): 18.90  ↑0.08
  Avg Detections per Image (score≥0.5): 12.15  ↑0.11
  Max detection score: 0.995
  Mean detection score: 0.229
  Time per Step: 2.0192  ↑0.0090
  Accuracy / GT cover: (skipped — computed on mAP epochs)
  Ground Truth objects: 57768
  mAP: (skipped)
  Ground Truth Classes: 15 classes
  Predicted Classes: 15 classes
  Timing: 1h 14m this epoch (avg 1h 26m) | ETA ~14h 26m for 9 epoch(s) left, mAP every 4 epoch(s) and final mAP.

Epoch 28/36
--------------------------------------------------
Epoch 28/36 complete: 6846/6846 batches, loss: 0.7434
  Effective LR: ref=2.500e-04 (0=2.500e-04)

Computing mAP (periodic evaluation: every 4 epoch(s))...
Validation complete: 1561 batches

Computing mAP (this may take a while)...
  Eval filters: score≥0.3000, IoU≥0.50
  Images: 3,121
  Total detections (post score filter): 66,618 (21.3 per image)
  Total ground truths: 57,768 (18.5 per image)
  Warning: Large number of detections may slow down mAP computation
  Consider increasing evaluation.score_threshold (current: 0.3) for faster mAP matching
  Computing AP for baseball-diamond: 392 dets, 364 GTs (142,688 IoU calculations)
  Computing AP for bridge: 1,004 dets, 666 GTs (668,664 IoU calculations)
  WARNING: harbor has 28,886,858 IoU calculations (6,721 dets × 4,298 GTs). This will be slow!
  Computing AP for harbor: 6,721 dets, 4,298 GTs (28,886,858 IoU calculations)
    Using chunked batch IoU computation (GPU-accelerated) for harbor (28,886,858 calculations)
    Processing 6,721 detections in chunks of 1,163
  WARNING: large-vehicle has 104,599,740 IoU calculations (11,130 dets × 9,398 GTs). This will be slow!
  Computing AP for large-vehicle: 11,130 dets, 9,398 GTs (104,599,740 IoU calculations)
    Using chunked batch IoU computation (GPU-accelerated) for large-vehicle (104,599,740 calculations)
    Processing 11,130 detections in chunks of 532
  WARNING: plane has 25,192,575 IoU calculations (5,325 dets × 4,731 GTs). This will be slow!
  Computing AP for plane: 5,325 dets, 4,731 GTs (25,192,575 IoU calculations)
    Using chunked batch IoU computation (GPU-accelerated) for plane (25,192,575 calculations)
    Processing 5,325 detections in chunks of 1,056
  WARNING: ship has 352,424,010 IoU calculations (19,015 dets × 18,534 GTs). This will be slow!
  Computing AP for ship: 19,015 dets, 18,534 GTs (352,424,010 IoU calculations)
    Using chunked batch IoU computation (GPU-accelerated) for ship (352,424,010 calculations)
    Processing 19,015 detections in chunks of 269
  WARNING: small-vehicle has 144,858,535 IoU calculations (12,755 dets × 11,357 GTs). This will be slow!
  Computing AP for small-vehicle: 12,755 dets, 11,357 GTs (144,858,535 IoU calculations)
    Using chunked batch IoU computation (GPU-accelerated) for small-vehicle (144,858,535 calculations)
    Processing 12,755 detections in chunks of 440
  WARNING: storage-tank has 32,359,392 IoU calculations (6,432 dets × 5,031 GTs). This will be slow!
  Computing AP for storage-tank: 6,432 dets, 5,031 GTs (32,359,392 IoU calculations)
    Using chunked batch IoU computation (GPU-accelerated) for storage-tank (32,359,392 calculations)
    Processing 6,432 detections in chunks of 993
  Computing AP for swimming-pool: 902 dets, 693 GTs (625,086 IoU calculations)
  Computing AP for tennis-court: 1,675 dets, 1,529 GTs (2,561,075 IoU calculations)
  mAP computation completed in 27m 42s. mAP: 0.7586
Validation Metrics:
--------------------------------------------------
  Eval thresholds (mAP / matching): score≥0.3000, IoU≥0.50
  Avg Detections per Image (score≥0.3000): 18.98  ↑0.09
  Avg Detections per Image (score≥0.5): 12.26  ↑0.11
  Max detection score: 0.996
  Mean detection score: 0.235
  Time per Step: 2.0104  ↑0.0088
  Accuracy: 0.6631 (66.31%)
  Correct Predictions: 44176/66618 (matched detections)
  Ground Truth objects: 57768
  GT covered pre-eval-threshold: 45891/57768
  GT covered post-eval-threshold: 44207/57768
  GT lost by eval-threshold filtering: 1684
  GT cover rate pre-eval-threshold: 79.44%
  GT cover rate post-eval-threshold: 76.53%
  GT IoU vs raw dets (eval IoU threshold=0.50; per-GT max IoU over all dets / over same-class dets):
    mean best IoU (any class): 0.6544, median: 0.7433
    mean best IoU (correct class): 0.6478, median: 0.7415
    GTs with IoU≥thresh but no same-class hit (wrong-class / misaligned): 449
    GTs with no detection above IoU thresh (missed / poor loc): 11428
    GTs with 0% best IoU vs any detection (no spatial overlap): 1780 (3.08% of GTs)
    histogram best IoU (any class) [0,0.25)/[0.25,0.5)/[0.5,0.75)/[0.75,1]: 5859/5569/18597/27743
    histogram best IoU (correct class) [0,0.25)/[0.25,0.5)/[0.5,0.75)/[0.75,1]: 6334/5543/18429/27462
  Class-agnostic duplicate rate (post score thresh; IoU≥0.50 vs a higher-score box): micro=0.99% (657/66618 boxes), macro mean over images with detections=2.20% (3094 images)
  mAP: 0.7586  ↑0.0473 (75.86%)
  Per-Class AP:
    baseball-diamond: 0.8974  ↑0.1017 (89.74%)
    basketball-court: 0.8880  ↓0.0064 (88.80%)
    bridge: 0.6464  ↑0.1641 (64.64%)
    ground-track-field: 0.8981  ↑0.0272 (89.81%)
    harbor: 0.7421  ↑0.1335 (74.21%)
    helicopter: 0.8109  ↑0.1022 (81.09%)
    large-vehicle: 0.5750  ↑0.0110 (57.50%)
    plane: 0.9056  ↑0.0009 (90.56%)
    roundabout: 0.8017  ↑0.0043 (80.17%)
    ship: 0.6502  ↑0.0045 (65.02%)
    small-vehicle: 0.5879  ↑0.0054 (58.79%)
    soccer-ball-field: 0.7145  ↑0.0553 (71.45%)
    storage-tank: 0.6665  ↑0.0595 (66.65%)
    swimming-pool: 0.6857  ↑0.0426 (68.57%)
    tennis-court: 0.9090  ↑0.0041 (90.90%)
  Ground Truth Classes: 15 classes
  Predicted Classes: 15 classes
  Timing: 1h 44m this epoch (avg 1h 27m) | ETA ~13h 5m for 8 epoch(s) left, mAP every 4 epoch(s) and final mAP.

Epoch 29/36
--------------------------------------------------
Epoch 29/36 complete: 6846/6846 batches, loss: 0.7332
  Effective LR: ref=2.500e-04 (0=2.500e-04)
Validation complete: 1561 batches
Validation Metrics:
--------------------------------------------------
  Eval thresholds (mAP / matching): score≥0.3000, IoU≥0.50
  Avg Detections per Image (score≥0.3000): 19.06  ↑0.07
  Avg Detections per Image (score≥0.5): 12.35  ↑0.09
  Max detection score: 0.996
  Mean detection score: 0.233
  Time per Step: 2.0014  ↑0.0090
  Accuracy / GT cover: (skipped — computed on mAP epochs)
  Ground Truth objects: 57768
  mAP: (skipped)
  Ground Truth Classes: 15 classes
  Predicted Classes: 15 classes
  Timing: 1h 13m this epoch (avg 1h 26m) | ETA ~11h 33m for 7 epoch(s) left, mAP every 4 epoch(s) and final mAP.

Epoch 30/36
--------------------------------------------------
Epoch 30/36 complete: 6846/6846 batches, loss: 0.7235
  Effective LR: ref=2.500e-04 (0=2.500e-04)
Validation complete: 1561 batches
Validation Metrics:
--------------------------------------------------
  Eval thresholds (mAP / matching): score≥0.3000, IoU≥0.50
  Avg Detections per Image (score≥0.3000): 19.15  ↑0.09
  Avg Detections per Image (score≥0.5): 12.44  ↑0.09
  Max detection score: 0.997
  Mean detection score: 0.227
  Time per Step: 1.9940  ↑0.0073
  Accuracy / GT cover: (skipped — computed on mAP epochs)
  Ground Truth objects: 57768
  mAP: (skipped)
  Ground Truth Classes: 15 classes
  Predicted Classes: 15 classes
  Timing: 1h 14m this epoch (avg 1h 26m) | ETA ~10h 4m for 6 epoch(s) left, mAP every 4 epoch(s) and final mAP.

Epoch 31/36
--------------------------------------------------
Epoch 31/36 complete: 6846/6846 batches, loss: 0.7141
  Effective LR: ref=2.500e-04 (0=2.500e-04)
Validation complete: 1561 batches
Validation Metrics:
--------------------------------------------------
  Eval thresholds (mAP / matching): score≥0.3000, IoU≥0.50
  Avg Detections per Image (score≥0.3000): 19.21  ↑0.07
  Avg Detections per Image (score≥0.5): 12.53  ↑0.08
  Max detection score: 0.996
  Mean detection score: 0.237
  Time per Step: 1.9864  ↑0.0076
  Accuracy / GT cover: (skipped — computed on mAP epochs)
  Ground Truth objects: 57768
  mAP: (skipped)
  Ground Truth Classes: 15 classes
  Predicted Classes: 15 classes
  Timing: 1h 13m this epoch (avg 1h 25m) | ETA ~8h 35m for 5 epoch(s) left, mAP every 4 epoch(s) and final mAP.

Epoch 32/36
--------------------------------------------------
Epoch 32/36 complete: 6846/6846 batches, loss: 0.7051
  Effective LR: ref=2.500e-04 (0=2.500e-04)

Computing mAP (periodic evaluation: every 4 epoch(s))...
Validation complete: 1561 batches

Computing mAP (this may take a while)...
  Eval filters: score≥0.3000, IoU≥0.50
  Images: 3,121
  Total detections (post score filter): 65,989 (21.1 per image)
  Total ground truths: 57,768 (18.5 per image)
  Warning: Large number of detections may slow down mAP computation
  Consider increasing evaluation.score_threshold (current: 0.3) for faster mAP matching
  Computing AP for baseball-diamond: 393 dets, 364 GTs (143,052 IoU calculations)
  Computing AP for bridge: 1,008 dets, 666 GTs (671,328 IoU calculations)
  WARNING: harbor has 30,322,390 IoU calculations (7,055 dets × 4,298 GTs). This will be slow!
  Computing AP for harbor: 7,055 dets, 4,298 GTs (30,322,390 IoU calculations)
    Using chunked batch IoU computation (GPU-accelerated) for harbor (30,322,390 calculations)
    Processing 7,055 detections in chunks of 1,163
  WARNING: large-vehicle has 104,327,198 IoU calculations (11,101 dets × 9,398 GTs). This will be slow!
  Computing AP for large-vehicle: 11,101 dets, 9,398 GTs (104,327,198 IoU calculations)
    Using chunked batch IoU computation (GPU-accelerated) for large-vehicle (104,327,198 calculations)
    Processing 11,101 detections in chunks of 532
  WARNING: plane has 24,989,142 IoU calculations (5,282 dets × 4,731 GTs). This will be slow!
  Computing AP for plane: 5,282 dets, 4,731 GTs (24,989,142 IoU calculations)
    Using chunked batch IoU computation (GPU-accelerated) for plane (24,989,142 calculations)
    Processing 5,282 detections in chunks of 1,056
  WARNING: ship has 350,959,824 IoU calculations (18,936 dets × 18,534 GTs). This will be slow!
  Computing AP for ship: 18,936 dets, 18,534 GTs (350,959,824 IoU calculations)
    Using chunked batch IoU computation (GPU-accelerated) for ship (350,959,824 calculations)
    Processing 18,936 detections in chunks of 269
  WARNING: small-vehicle has 138,487,258 IoU calculations (12,194 dets × 11,357 GTs). This will be slow!
  Computing AP for small-vehicle: 12,194 dets, 11,357 GTs (138,487,258 IoU calculations)
    Using chunked batch IoU computation (GPU-accelerated) for small-vehicle (138,487,258 calculations)
    Processing 12,194 detections in chunks of 440
  WARNING: storage-tank has 31,272,696 IoU calculations (6,216 dets × 5,031 GTs). This will be slow!
  Computing AP for storage-tank: 6,216 dets, 5,031 GTs (31,272,696 IoU calculations)
    Using chunked batch IoU computation (GPU-accelerated) for storage-tank (31,272,696 calculations)
    Processing 6,216 detections in chunks of 993
  Computing AP for swimming-pool: 873 dets, 693 GTs (604,989 IoU calculations)
  Computing AP for tennis-court: 1,676 dets, 1,529 GTs (2,562,604 IoU calculations)
  mAP computation completed in 27m 24s. mAP: 0.7539
Validation Metrics:
--------------------------------------------------
  Eval thresholds (mAP / matching): score≥0.3000, IoU≥0.50
  Avg Detections per Image (score≥0.3000): 19.27  ↑0.06
  Avg Detections per Image (score≥0.5): 12.60  ↑0.07
  Max detection score: 0.996
  Mean detection score: 0.236
  Time per Step: 1.9780  ↑0.0083
  Accuracy: 0.6638 (66.38%)
  Correct Predictions: 43802/65989 (matched detections)
  Ground Truth objects: 57768
  GT covered pre-eval-threshold: 45648/57768
  GT covered post-eval-threshold: 43837/57768
  GT lost by eval-threshold filtering: 1812
  GT cover rate pre-eval-threshold: 79.02%
  GT cover rate post-eval-threshold: 75.88%
  GT IoU vs raw dets (eval IoU threshold=0.50; per-GT max IoU over all dets / over same-class dets):
    mean best IoU (any class): 0.6518, median: 0.7431
    mean best IoU (correct class): 0.6455, median: 0.7414
    GTs with IoU≥thresh but no same-class hit (wrong-class / misaligned): 444
    GTs with no detection above IoU thresh (missed / poor loc): 11676
    GTs with 0% best IoU vs any detection (no spatial overlap): 1927 (3.34% of GTs)
    histogram best IoU (any class) [0,0.25)/[0.25,0.5)/[0.5,0.75)/[0.75,1]: 6008/5668/18374/27718
    histogram best IoU (correct class) [0,0.25)/[0.25,0.5)/[0.5,0.75)/[0.75,1]: 6455/5665/18190/27458
  Class-agnostic duplicate rate (post score thresh; IoU≥0.50 vs a higher-score box): micro=0.89% (590/65989 boxes), macro mean over images with detections=2.05% (3085 images)
  mAP: 0.7539  ↓0.0047 (75.39%)
  Per-Class AP:
    baseball-diamond: 0.9017  ↑0.0043 (90.17%)
    basketball-court: 0.8869  ↓0.0011 (88.69%)
    bridge: 0.6450  ↓0.0014 (64.50%)
    ground-track-field: 0.9004  ↑0.0024 (90.04%)
    harbor: 0.7336  ↓0.0085 (73.36%)
    helicopter: 0.8059  ↓0.0051 (80.59%)
    large-vehicle: 0.5535  ↓0.0215 (55.35%)
    plane: 0.9058  ↑0.0002 (90.58%)
    roundabout: 0.8081  ↑0.0064 (80.81%)
    ship: 0.6573  ↑0.0071 (65.73%)
    small-vehicle: 0.5914  ↑0.0035 (59.14%)
    soccer-ball-field: 0.7149  ↑0.0005 (71.49%)
    storage-tank: 0.6065  ↓0.0600 (60.65%)
    swimming-pool: 0.6891  ↑0.0035 (68.91%)
    tennis-court: 0.9089  ↓0.0001 (90.89%)
  Ground Truth Classes: 15 classes
  Predicted Classes: 15 classes
  Timing: 1h 42m this epoch (avg 1h 26m) | ETA ~7h 12m for 4 epoch(s) left, mAP every 4 epoch(s) and final mAP.

Epoch 33/36
--------------------------------------------------
Epoch 33/36 complete: 6846/6846 batches, loss: 0.6966
  Effective LR: ref=2.500e-04 (0=2.500e-04)
Validation complete: 1561 batches
Validation Metrics:
--------------------------------------------------
  Eval thresholds (mAP / matching): score≥0.3000, IoU≥0.50
  Avg Detections per Image (score≥0.3000): 19.33  ↑0.06
  Avg Detections per Image (score≥0.5): 12.68  ↑0.08
  Max detection score: 0.996
  Mean detection score: 0.239
  Time per Step: 1.9699  ↑0.0081
  Accuracy / GT cover: (skipped — computed on mAP epochs)
  Ground Truth objects: 57768
  mAP: (skipped)
  Ground Truth Classes: 15 classes
  Predicted Classes: 15 classes
  Timing: 1h 12m this epoch (avg 1h 25m) | ETA ~5h 43m for 3 epoch(s) left, mAP every 4 epoch(s) and final mAP.

Epoch 34/36
--------------------------------------------------
Epoch 34/36 complete: 6846/6846 batches, loss: 0.6882
  Effective LR: ref=2.500e-05 (0=2.500e-05)
Validation complete: 1561 batches
Validation Metrics:
--------------------------------------------------
  Eval thresholds (mAP / matching): score≥0.3000, IoU≥0.50
  Avg Detections per Image (score≥0.3000): 19.39  ↑0.06
  Avg Detections per Image (score≥0.5): 12.75  ↑0.07
  Max detection score: 0.997
  Mean detection score: 0.239
  Time per Step: 1.9626  ↑0.0073
  Accuracy / GT cover: (skipped — computed on mAP epochs)
  Ground Truth objects: 57768
  mAP: (skipped)
  Ground Truth Classes: 15 classes
  Predicted Classes: 15 classes
  Timing: 1h 12m this epoch (avg 1h 25m) | ETA ~4h 16m for 2 epoch(s) left, mAP every 4 epoch(s) and final mAP.

Epoch 35/36
--------------------------------------------------
Epoch 35/36 complete: 6846/6846 batches, loss: 0.6803
  Effective LR: ref=2.500e-05 (0=2.500e-05)
Validation complete: 1561 batches
Validation Metrics:
--------------------------------------------------
  Eval thresholds (mAP / matching): score≥0.3000, IoU≥0.50
  Avg Detections per Image (score≥0.3000): 19.44  ↑0.05
  Avg Detections per Image (score≥0.5): 12.82  ↑0.07
  Max detection score: 0.997
  Mean detection score: 0.241
  Time per Step: 1.9557  ↑0.0069
  Accuracy / GT cover: (skipped — computed on mAP epochs)
  Ground Truth objects: 57768
  mAP: (skipped)
  Ground Truth Classes: 15 classes
  Predicted Classes: 15 classes
  Timing: 1h 12m this epoch (avg 1h 25m) | ETA ~2h 50m for 1 epoch(s) left, mAP every 4 epoch(s) and final mAP.

Epoch 36/36
--------------------------------------------------
Epoch 36/36 complete: 6846/6846 batches, loss: 0.6727
  Effective LR: ref=2.500e-05 (0=2.500e-05)

Computing mAP (periodic evaluation: every 4 epoch(s))...
Validation complete: 1561 batches

Computing mAP (this may take a while)...
  Eval filters: score≥0.3000, IoU≥0.50
  Images: 3,121
  Total detections (post score filter): 66,205 (21.2 per image)
  Total ground truths: 57,768 (18.5 per image)
  Warning: Large number of detections may slow down mAP computation
  Consider increasing evaluation.score_threshold (current: 0.3) for faster mAP matching
  Computing AP for baseball-diamond: 389 dets, 364 GTs (141,596 IoU calculations)
  Computing AP for bridge: 1,078 dets, 666 GTs (717,948 IoU calculations)
  WARNING: harbor has 29,742,160 IoU calculations (6,920 dets × 4,298 GTs). This will be slow!
  Computing AP for harbor: 6,920 dets, 4,298 GTs (29,742,160 IoU calculations)
    Using chunked batch IoU computation (GPU-accelerated) for harbor (29,742,160 calculations)
    Processing 6,920 detections in chunks of 1,163
  WARNING: large-vehicle has 103,302,816 IoU calculations (10,992 dets × 9,398 GTs). This will be slow!
  Computing AP for large-vehicle: 10,992 dets, 9,398 GTs (103,302,816 IoU calculations)
    Using chunked batch IoU computation (GPU-accelerated) for large-vehicle (103,302,816 calculations)
    Processing 10,992 detections in chunks of 532
  WARNING: plane has 25,145,265 IoU calculations (5,315 dets × 4,731 GTs). This will be slow!
  Computing AP for plane: 5,315 dets, 4,731 GTs (25,145,265 IoU calculations)
    Using chunked batch IoU computation (GPU-accelerated) for plane (25,145,265 calculations)
    Processing 5,315 detections in chunks of 1,056
  WARNING: ship has 352,998,564 IoU calculations (19,046 dets × 18,534 GTs). This will be slow!
  Computing AP for ship: 19,046 dets, 18,534 GTs (352,998,564 IoU calculations)
    Using chunked batch IoU computation (GPU-accelerated) for ship (352,998,564 calculations)
    Processing 19,046 detections in chunks of 269
  WARNING: small-vehicle has 140,077,238 IoU calculations (12,334 dets × 11,357 GTs). This will be slow!
  Computing AP for small-vehicle: 12,334 dets, 11,357 GTs (140,077,238 IoU calculations)
    Using chunked batch IoU computation (GPU-accelerated) for small-vehicle (140,077,238 calculations)
    Processing 12,334 detections in chunks of 440
  WARNING: storage-tank has 31,413,564 IoU calculations (6,244 dets × 5,031 GTs). This will be slow!
  Computing AP for storage-tank: 6,244 dets, 5,031 GTs (31,413,564 IoU calculations)
    Using chunked batch IoU computation (GPU-accelerated) for storage-tank (31,413,564 calculations)
    Processing 6,244 detections in chunks of 993
  Computing AP for swimming-pool: 961 dets, 693 GTs (665,973 IoU calculations)
  Computing AP for tennis-court: 1,665 dets, 1,529 GTs (2,545,785 IoU calculations)
  mAP computation completed in 27m 29s. mAP: 0.7552
Validation Metrics:
--------------------------------------------------
  Eval thresholds (mAP / matching): score≥0.3000, IoU≥0.50
  Avg Detections per Image (score≥0.3000): 19.49  ↑0.05
  Avg Detections per Image (score≥0.5): 12.88  ↑0.06
  Max detection score: 0.997
  Mean detection score: 0.243
  Time per Step: 1.9489  ↑0.0068
  Accuracy: 0.6630 (66.30%)
  Correct Predictions: 43897/66205 (matched detections)
  Ground Truth objects: 57768
  GT covered pre-eval-threshold: 45637/57768
  GT covered post-eval-threshold: 43932/57768
  GT lost by eval-threshold filtering: 1706
  GT cover rate pre-eval-threshold: 79.00%
  GT cover rate post-eval-threshold: 76.05%
  GT IoU vs raw dets (eval IoU threshold=0.50; per-GT max IoU over all dets / over same-class dets):
    mean best IoU (any class): 0.6546, median: 0.7460
    mean best IoU (correct class): 0.6484, median: 0.7444
    GTs with IoU≥thresh but no same-class hit (wrong-class / misaligned): 437
    GTs with no detection above IoU thresh (missed / poor loc): 11694
    GTs with 0% best IoU vs any detection (no spatial overlap): 1955 (3.38% of GTs)
    histogram best IoU (any class) [0,0.25)/[0.25,0.5)/[0.5,0.75)/[0.75,1]: 6020/5674/17865/28209
    histogram best IoU (correct class) [0,0.25)/[0.25,0.5)/[0.5,0.75)/[0.75,1]: 6448/5683/17684/27953
  Class-agnostic duplicate rate (post score thresh; IoU≥0.50 vs a higher-score box): micro=0.82% (544/66205 boxes), macro mean over images with detections=1.98% (3092 images)
  mAP: 0.7552  ↑0.0013 (75.52%)
  Per-Class AP:
    baseball-diamond: 0.9009  ↓0.0008 (90.09%)
    basketball-court: 0.8932  ↑0.0063 (89.32%)
    bridge: 0.6525  ↑0.0075 (65.25%)
    ground-track-field: 0.8994  ↓0.0010 (89.94%)
    harbor: 0.7395  ↑0.0058 (73.95%)
    helicopter: 0.8149  ↑0.0090 (81.49%)
    large-vehicle: 0.5544  ↑0.0008 (55.44%)
    plane: 0.9060  ↑0.0002 (90.60%)
    roundabout: 0.8098  ↑0.0017 (80.98%)
    ship: 0.6468  ↓0.0105 (64.68%)
    small-vehicle: 0.5858  ↓0.0056 (58.58%)
    soccer-ball-field: 0.7166  ↑0.0017 (71.66%)
    storage-tank: 0.6090  ↑0.0025 (60.90%)
    swimming-pool: 0.6903  ↑0.0012 (69.03%)
    tennis-court: 0.9088  ↓0.0001 (90.88%)
  Ground Truth Classes: 15 classes
  Predicted Classes: 15 classes
  Timing: 1h 42m this epoch (avg 1h 25m) | ETA ~1h 25m for final mAP on best checkpoint.

Computing final mAP using best checkpoint...
  Final mAP IoU backend: exact CPU polygon
Validation complete: 1561 batches

Computing mAP (this may take a while)...
  Eval filters: score≥0.3000, IoU≥0.50
  Images: 3,121
  Total detections (post score filter): 66,618 (21.3 per image)
  Total ground truths: 57,768 (18.5 per image)
  Warning: Large number of detections may slow down mAP computation
  Consider increasing evaluation.score_threshold (current: 0.3) for faster mAP matching
mAP: exact rotated IoU on CPU (backend='shapely'; GPU sampling IoU disabled)
  Computing AP for baseball-diamond: 392 dets, 364 GTs (142,688 IoU calculations)
  Computing AP for bridge: 1,004 dets, 666 GTs (668,664 IoU calculations)
  WARNING: harbor has 28,886,858 IoU calculations (6,721 dets × 4,298 GTs). This will be slow!
  Computing AP for harbor: 6,721 dets, 4,298 GTs (28,886,858 IoU calculations)
    Using chunked batch IoU computation (CPU exact (shapely)) for harbor (28,886,858 calculations)
    Processing 6,721 detections in chunks of 1,163
  WARNING: large-vehicle has 104,599,740 IoU calculations (11,130 dets × 9,398 GTs). This will be slow!
  Computing AP for large-vehicle: 11,130 dets, 9,398 GTs (104,599,740 IoU calculations)
    Using chunked batch IoU computation (CPU exact (shapely)) for large-vehicle (104,599,740 calculations)
    Processing 11,130 detections in chunks of 532
  WARNING: plane has 25,192,575 IoU calculations (5,325 dets × 4,731 GTs). This will be slow!
  Computing AP for plane: 5,325 dets, 4,731 GTs (25,192,575 IoU calculations)
    Using chunked batch IoU computation (CPU exact (shapely)) for plane (25,192,575 calculations)
    Processing 5,325 detections in chunks of 1,056
  WARNING: ship has 352,424,010 IoU calculations (19,015 dets × 18,534 GTs). This will be slow!
  Computing AP for ship: 19,015 dets, 18,534 GTs (352,424,010 IoU calculations)
    Using chunked batch IoU computation (CPU exact (shapely)) for ship (352,424,010 calculations)
    Processing 19,015 detections in chunks of 269
  WARNING: small-vehicle has 144,858,535 IoU calculations (12,755 dets × 11,357 GTs). This will be slow!
  Computing AP for small-vehicle: 12,755 dets, 11,357 GTs (144,858,535 IoU calculations)
    Using chunked batch IoU computation (CPU exact (shapely)) for small-vehicle (144,858,535 calculations)
    Processing 12,755 detections in chunks of 440
  WARNING: storage-tank has 32,359,392 IoU calculations (6,432 dets × 5,031 GTs). This will be slow!
  Computing AP for storage-tank: 6,432 dets, 5,031 GTs (32,359,392 IoU calculations)
    Using chunked batch IoU computation (CPU exact (shapely)) for storage-tank (32,359,392 calculations)
    Processing 6,432 detections in chunks of 993
  Computing AP for swimming-pool: 902 dets, 693 GTs (625,086 IoU calculations)
  Computing AP for tennis-court: 1,675 dets, 1,529 GTs (2,561,075 IoU calculations)
  mAP computation completed in 21m 22s. mAP: 0.7594
Validation Metrics:
--------------------------------------------------
  Eval thresholds (mAP / matching): score≥0.3000, IoU≥0.50
  Avg Detections per Image (score≥0.3000): 19.54
  Avg Detections per Image (score≥0.5): 12.95
  Max detection score: 0.996
  Mean detection score: 0.235
  Time per Step: 1.9441
  Accuracy: 0.6658 (66.58%)
  Correct Predictions: 44353/66618 (matched detections)
  Ground Truth objects: 57768
  GT covered pre-eval-threshold: 46096/57768
  GT covered post-eval-threshold: 44384/57768
  GT lost by eval-threshold filtering: 1712
  GT cover rate pre-eval-threshold: 79.80%
  GT cover rate post-eval-threshold: 76.83%
  GT IoU vs raw dets (eval IoU threshold=0.50; per-GT max IoU over all dets / over same-class dets):
    mean best IoU (any class): 0.6681, median: 0.7597
    mean best IoU (correct class): 0.6614, median: 0.7578
    GTs with IoU≥thresh but no same-class hit (wrong-class / misaligned): 454
    GTs with no detection above IoU thresh (missed / poor loc): 11218
    GTs with 0% best IoU vs any detection (no spatial overlap): 1759 (3.04% of GTs)
    histogram best IoU (any class) [0,0.25)/[0.25,0.5)/[0.5,0.75)/[0.75,1]: 5848/5370/16271/30279
    histogram best IoU (correct class) [0,0.25)/[0.25,0.5)/[0.5,0.75)/[0.75,1]: 6320/5352/16101/29995
  Class-agnostic duplicate rate (post score thresh; IoU≥0.50 vs a higher-score box): micro=1.00% (668/66618 boxes), macro mean over images with detections=2.22% (3094 images)
  mAP: 0.7594 (75.94%)
  Per-Class AP:
    baseball-diamond: 0.8974 (89.74%)
    basketball-court: 0.8880 (88.80%)
    bridge: 0.6464 (64.64%)
    ground-track-field: 0.8981 (89.81%)
    harbor: 0.7452 (74.52%)
    helicopter: 0.8109 (81.09%)
    large-vehicle: 0.5797 (57.97%)
    plane: 0.9056 (90.56%)
    roundabout: 0.8017 (80.17%)
    ship: 0.6523 (65.23%)
    small-vehicle: 0.5889 (58.89%)
    soccer-ball-field: 0.7145 (71.45%)
    storage-tank: 0.6668 (66.68%)
    swimming-pool: 0.6857 (68.57%)
    tennis-court: 0.9090 (90.90%)
  Ground Truth Classes: 15 classes
  Predicted Classes: 15 classes

================================================================================
Training timing summary
================================================================================
  Started:   2026-06-12T12:13:06+00:00
  Finished:  2026-06-14T16:47:18+00:00
  Total wall: 2d 4h 34m (189251.8 s)
  Epochs:    36 completed (mean 1h 25m, min 1h 12m, max 1h 54m)
================================================================================

================================================================================
Training completed successfully!
================================================================================
Experiment directory: /home/jeffaudi/oriented-det/runs/rotated_retinanet/20260612-121232
  Checkpoints saved to: /home/jeffaudi/oriented-det/runs/rotated_retinanet/20260612-121232/checkpoints
  TensorBoard logs saved to: /home/jeffaudi/oriented-det/runs/rotated_retinanet/20260612-121232
  Config saved to: /home/jeffaudi/oriented-det/runs/rotated_retinanet/20260612-121232/config.json

View TensorBoard with:
  tensorboard --logdir /home/jeffaudi/oriented-det/runs/rotated_retinanet
  tensorboard --logdir /home/jeffaudi/oriented-det/runs/rotated_retinanet/20260612-121232
